[2026-09-21 14:53:13,011] {scheduler_job.py:182} INFO - Started process (PID=37) to work on /home/airflow/.local/lib/python3.6/site-packages/airflow/example_dags/example_kubernetes_executor.py
[2026-09-21 14:53:13,013] {scheduler_job.py:629} INFO - Processing file /home/airflow/.local/lib/python3.6/site-packages/airflow/example_dags/example_kubernetes_executor.py for tasks to queue
[2026-09-21 14:53:13,014] {logging_mixin.py:104} INFO - [2026-09-21 14:53:13,014] {dagbag.py:451} INFO - Filling up the DagBag from /home/airflow/.local/lib/python3.6/site-packages/airflow/example_dags/example_kubernetes_executor.py
[2026-09-21 14:53:13,035] {scheduler_job.py:639} INFO - DAG(s) dict_keys(['example_kubernetes_executor']) retrieved from /home/airflow/.local/lib/python3.6/site-packages/airflow/example_dags/example_kubernetes_executor.py
[2026-09-21 14:53:13,077] {logging_mixin.py:104} INFO - [2026-09-21 14:53:13,077] {dag.py:1824} INFO - Sync 1 DAGs
[2026-09-21 14:53:13,100] {logging_mixin.py:104} INFO - [2026-09-21 14:53:13,099] {dag.py:1843} INFO - Creating ORM DAG for example_kubernetes_executor
[2026-09-21 14:53:13,111] {logging_mixin.py:104} INFO - [2026-09-21 14:53:13,110] {dag.py:2280} INFO - Setting next_dagrun for example_kubernetes_executor to None
[2026-09-21 14:53:13,145] {scheduler_job.py:190} INFO - Processing /home/airflow/.local/lib/python3.6/site-packages/airflow/example_dags/example_kubernetes_executor.py took 0.139 seconds
[2026-09-21 14:53:43,690] {scheduler_job.py:182} INFO - Started process (PID=63) to work on /home/airflow/.local/lib/python3.6/site-packages/airflow/example_dags/example_kubernetes_executor.py
[2026-09-21 14:53:43,692] {scheduler_job.py:629} INFO - Processing file /home/airflow/.local/lib/python3.6/site-packages/airflow/example_dags/example_kubernetes_executor.py for tasks to queue
[2026-09-21 14:53:43,693] {logging_mixin.py:104} INFO - [2026-09-21 14:53:43,693] {dagbag.py:451} INFO - Filling up the DagBag from /home/airflow/.local/lib/python3.6/site-packages/airflow/example_dags/example_kubernetes_executor.py
[2026-09-21 14:53:43,725] {scheduler_job.py:639} INFO - DAG(s) dict_keys(['example_kubernetes_executor']) retrieved from /home/airflow/.local/lib/python3.6/site-packages/airflow/example_dags/example_kubernetes_executor.py
[2026-09-21 14:53:43,760] {logging_mixin.py:104} INFO - [2026-09-21 14:53:43,760] {dag.py:1824} INFO - Sync 1 DAGs
[2026-09-21 14:53:43,796] {logging_mixin.py:104} INFO - [2026-09-21 14:53:43,796] {dag.py:2280} INFO - Setting next_dagrun for example_kubernetes_executor to None
[2026-09-21 14:53:43,818] {scheduler_job.py:190} INFO - Processing /home/airflow/.local/lib/python3.6/site-packages/airflow/example_dags/example_kubernetes_executor.py took 0.134 seconds
[2026-09-21 14:54:14,785] {scheduler_job.py:182} INFO - Started process (PID=92) to work on /home/airflow/.local/lib/python3.6/site-packages/airflow/example_dags/example_kubernetes_executor.py
[2026-09-21 14:54:14,787] {scheduler_job.py:629} INFO - Processing file /home/airflow/.local/lib/python3.6/site-packages/airflow/example_dags/example_kubernetes_executor.py for tasks to queue
[2026-09-21 14:54:14,788] {logging_mixin.py:104} INFO - [2026-09-21 14:54:14,788] {dagbag.py:451} INFO - Filling up the DagBag from /home/airflow/.local/lib/python3.6/site-packages/airflow/example_dags/example_kubernetes_executor.py
[2026-09-21 14:54:14,807] {scheduler_job.py:639} INFO - DAG(s) dict_keys(['example_kubernetes_executor']) retrieved from /home/airflow/.local/lib/python3.6/site-packages/airflow/example_dags/example_kubernetes_executor.py
[2026-09-21 14:54:14,837] {logging_mixin.py:104} INFO - [2026-09-21 14:54:14,837] {dag.py:1824} INFO - Sync 1 DAGs
[2026-09-21 14:54:14,859] {logging_mixin.py:104} INFO - [2026-09-21 14:54:14,859] {dag.py:2280} INFO - Setting next_dagrun for example_kubernetes_executor to None
[2026-09-21 14:54:14,878] {scheduler_job.py:190} INFO - Processing /home/airflow/.local/lib/python3.6/site-packages/airflow/example_dags/example_kubernetes_executor.py took 0.098 seconds
[2026-09-21 14:54:44,990] {scheduler_job.py:182} INFO - Started process (PID=120) to work on /home/airflow/.local/lib/python3.6/site-packages/airflow/example_dags/example_kubernetes_executor.py
[2026-09-21 14:54:44,992] {scheduler_job.py:629} INFO - Processing file /home/airflow/.local/lib/python3.6/site-packages/airflow/example_dags/example_kubernetes_executor.py for tasks to queue
[2026-09-21 14:54:44,992] {logging_mixin.py:104} INFO - [2026-09-21 14:54:44,992] {dagbag.py:451} INFO - Filling up the DagBag from /home/airflow/.local/lib/python3.6/site-packages/airflow/example_dags/example_kubernetes_executor.py
[2026-09-21 14:54:45,011] {scheduler_job.py:639} INFO - DAG(s) dict_keys(['example_kubernetes_executor']) retrieved from /home/airflow/.local/lib/python3.6/site-packages/airflow/example_dags/example_kubernetes_executor.py
[2026-09-21 14:54:45,043] {logging_mixin.py:104} INFO - [2026-09-21 14:54:45,043] {dag.py:1824} INFO - Sync 1 DAGs
[2026-09-21 14:54:45,062] {logging_mixin.py:104} INFO - [2026-09-21 14:54:45,062] {dag.py:2280} INFO - Setting next_dagrun for example_kubernetes_executor to None
[2026-09-21 14:54:45,078] {scheduler_job.py:190} INFO - Processing /home/airflow/.local/lib/python3.6/site-packages/airflow/example_dags/example_kubernetes_executor.py took 0.091 seconds
[2026-09-21 14:55:16,042] {scheduler_job.py:182} INFO - Started process (PID=147) to work on /home/airflow/.local/lib/python3.6/site-packages/airflow/example_dags/example_kubernetes_executor.py
[2026-09-21 14:55:16,043] {scheduler_job.py:629} INFO - Processing file /home/airflow/.local/lib/python3.6/site-packages/airflow/example_dags/example_kubernetes_executor.py for tasks to queue
[2026-09-21 14:55:16,044] {logging_mixin.py:104} INFO - [2026-09-21 14:55:16,043] {dagbag.py:451} INFO - Filling up the DagBag from /home/airflow/.local/lib/python3.6/site-packages/airflow/example_dags/example_kubernetes_executor.py
[2026-09-21 14:55:16,059] {scheduler_job.py:639} INFO - DAG(s) dict_keys(['example_kubernetes_executor']) retrieved from /home/airflow/.local/lib/python3.6/site-packages/airflow/example_dags/example_kubernetes_executor.py
[2026-09-21 14:55:16,087] {logging_mixin.py:104} INFO - [2026-09-21 14:55:16,086] {dag.py:1824} INFO - Sync 1 DAGs
[2026-09-21 14:55:16,107] {logging_mixin.py:104} INFO - [2026-09-21 14:55:16,107] {dag.py:2280} INFO - Setting next_dagrun for example_kubernetes_executor to None
[2026-09-21 14:55:16,121] {scheduler_job.py:190} INFO - Processing /home/airflow/.local/lib/python3.6/site-packages/airflow/example_dags/example_kubernetes_executor.py took 0.083 seconds
[2026-09-21 14:55:46,604] {scheduler_job.py:182} INFO - Started process (PID=174) to work on /home/airflow/.local/lib/python3.6/site-packages/airflow/example_dags/example_kubernetes_executor.py
[2026-09-21 14:55:46,605] {scheduler_job.py:629} INFO - Processing file /home/airflow/.local/lib/python3.6/site-packages/airflow/example_dags/example_kubernetes_executor.py for tasks to queue
[2026-09-21 14:55:46,605] {logging_mixin.py:104} INFO - [2026-09-21 14:55:46,605] {dagbag.py:451} INFO - Filling up the DagBag from /home/airflow/.local/lib/python3.6/site-packages/airflow/example_dags/example_kubernetes_executor.py
[2026-09-21 14:55:46,621] {scheduler_job.py:639} INFO - DAG(s) dict_keys(['example_kubernetes_executor']) retrieved from /home/airflow/.local/lib/python3.6/site-packages/airflow/example_dags/example_kubernetes_executor.py
[2026-09-21 14:55:46,650] {logging_mixin.py:104} INFO - [2026-09-21 14:55:46,650] {dag.py:1824} INFO - Sync 1 DAGs
[2026-09-21 14:55:46,669] {logging_mixin.py:104} INFO - [2026-09-21 14:55:46,669] {dag.py:2280} INFO - Setting next_dagrun for example_kubernetes_executor to None
[2026-09-21 14:55:46,685] {scheduler_job.py:190} INFO - Processing /home/airflow/.local/lib/python3.6/site-packages/airflow/example_dags/example_kubernetes_executor.py took 0.085 seconds
[2026-09-21 14:56:17,264] {scheduler_job.py:182} INFO - Started process (PID=201) to work on /home/airflow/.local/lib/python3.6/site-packages/airflow/example_dags/example_kubernetes_executor.py
[2026-09-21 14:56:17,266] {scheduler_job.py:629} INFO - Processing file /home/airflow/.local/lib/python3.6/site-packages/airflow/example_dags/example_kubernetes_executor.py for tasks to queue
[2026-09-21 14:56:17,267] {logging_mixin.py:104} INFO - [2026-09-21 14:56:17,267] {dagbag.py:451} INFO - Filling up the DagBag from /home/airflow/.local/lib/python3.6/site-packages/airflow/example_dags/example_kubernetes_executor.py
[2026-09-21 14:56:17,287] {scheduler_job.py:639} INFO - DAG(s) dict_keys(['example_kubernetes_executor']) retrieved from /home/airflow/.local/lib/python3.6/site-packages/airflow/example_dags/example_kubernetes_executor.py
[2026-09-21 14:56:17,317] {logging_mixin.py:104} INFO - [2026-09-21 14:56:17,317] {dag.py:1824} INFO - Sync 1 DAGs
[2026-09-21 14:56:17,341] {logging_mixin.py:104} INFO - [2026-09-21 14:56:17,341] {dag.py:2280} INFO - Setting next_dagrun for example_kubernetes_executor to None
[2026-09-21 14:56:17,362] {scheduler_job.py:190} INFO - Processing /home/airflow/.local/lib/python3.6/site-packages/airflow/example_dags/example_kubernetes_executor.py took 0.103 seconds
[2026-09-21 14:56:48,163] {scheduler_job.py:182} INFO - Started process (PID=228) to work on /home/airflow/.local/lib/python3.6/site-packages/airflow/example_dags/example_kubernetes_executor.py
[2026-09-21 14:56:48,164] {scheduler_job.py:629} INFO - Processing file /home/airflow/.local/lib/python3.6/site-packages/airflow/example_dags/example_kubernetes_executor.py for tasks to queue
[2026-09-21 14:56:48,165] {logging_mixin.py:104} INFO - [2026-09-21 14:56:48,165] {dagbag.py:451} INFO - Filling up the DagBag from /home/airflow/.local/lib/python3.6/site-packages/airflow/example_dags/example_kubernetes_executor.py
[2026-09-21 14:56:48,183] {scheduler_job.py:639} INFO - DAG(s) dict_keys(['example_kubernetes_executor']) retrieved from /home/airflow/.local/lib/python3.6/site-packages/airflow/example_dags/example_kubernetes_executor.py
[2026-09-21 14:56:48,207] {logging_mixin.py:104} INFO - [2026-09-21 14:56:48,207] {dag.py:1824} INFO - Sync 1 DAGs
[2026-09-21 14:56:48,225] {logging_mixin.py:104} INFO - [2026-09-21 14:56:48,224] {dag.py:2280} INFO - Setting next_dagrun for example_kubernetes_executor to None
[2026-09-21 14:56:48,241] {scheduler_job.py:190} INFO - Processing /home/airflow/.local/lib/python3.6/site-packages/airflow/example_dags/example_kubernetes_executor.py took 0.082 seconds
[2026-09-21 14:57:19,118] {scheduler_job.py:182} INFO - Started process (PID=255) to work on /home/airflow/.local/lib/python3.6/site-packages/airflow/example_dags/example_kubernetes_executor.py
[2026-09-21 14:57:19,121] {scheduler_job.py:629} INFO - Processing file /home/airflow/.local/lib/python3.6/site-packages/airflow/example_dags/example_kubernetes_executor.py for tasks to queue
[2026-09-21 14:57:19,121] {logging_mixin.py:104} INFO - [2026-09-21 14:57:19,121] {dagbag.py:451} INFO - Filling up the DagBag from /home/airflow/.local/lib/python3.6/site-packages/airflow/example_dags/example_kubernetes_executor.py
[2026-09-21 14:57:19,139] {scheduler_job.py:639} INFO - DAG(s) dict_keys(['example_kubernetes_executor']) retrieved from /home/airflow/.local/lib/python3.6/site-packages/airflow/example_dags/example_kubernetes_executor.py
[2026-09-21 14:57:19,171] {logging_mixin.py:104} INFO - [2026-09-21 14:57:19,171] {dag.py:1824} INFO - Sync 1 DAGs
[2026-09-21 14:57:19,197] {logging_mixin.py:104} INFO - [2026-09-21 14:57:19,197] {dag.py:2280} INFO - Setting next_dagrun for example_kubernetes_executor to None
[2026-09-21 14:57:19,218] {scheduler_job.py:190} INFO - Processing /home/airflow/.local/lib/python3.6/site-packages/airflow/example_dags/example_kubernetes_executor.py took 0.104 seconds
[2026-09-21 14:57:49,336] {scheduler_job.py:182} INFO - Started process (PID=282) to work on /home/airflow/.local/lib/python3.6/site-packages/airflow/example_dags/example_kubernetes_executor.py
[2026-09-21 14:57:49,337] {scheduler_job.py:629} INFO - Processing file /home/airflow/.local/lib/python3.6/site-packages/airflow/example_dags/example_kubernetes_executor.py for tasks to queue
[2026-09-21 14:57:49,338] {logging_mixin.py:104} INFO - [2026-09-21 14:57:49,338] {dagbag.py:451} INFO - Filling up the DagBag from /home/airflow/.local/lib/python3.6/site-packages/airflow/example_dags/example_kubernetes_executor.py
[2026-09-21 14:57:49,356] {scheduler_job.py:639} INFO - DAG(s) dict_keys(['example_kubernetes_executor']) retrieved from /home/airflow/.local/lib/python3.6/site-packages/airflow/example_dags/example_kubernetes_executor.py
[2026-09-21 14:57:49,386] {logging_mixin.py:104} INFO - [2026-09-21 14:57:49,385] {dag.py:1824} INFO - Sync 1 DAGs
[2026-09-21 14:57:49,407] {logging_mixin.py:104} INFO - [2026-09-21 14:57:49,407] {dag.py:2280} INFO - Setting next_dagrun for example_kubernetes_executor to None
[2026-09-21 14:57:49,427] {scheduler_job.py:190} INFO - Processing /home/airflow/.local/lib/python3.6/site-packages/airflow/example_dags/example_kubernetes_executor.py took 0.096 seconds
[2026-09-21 14:58:19,659] {scheduler_job.py:182} INFO - Started process (PID=309) to work on /home/airflow/.local/lib/python3.6/site-packages/airflow/example_dags/example_kubernetes_executor.py
[2026-09-21 14:58:19,660] {scheduler_job.py:629} INFO - Processing file /home/airflow/.local/lib/python3.6/site-packages/airflow/example_dags/example_kubernetes_executor.py for tasks to queue
[2026-09-21 14:58:19,661] {logging_mixin.py:104} INFO - [2026-09-21 14:58:19,661] {dagbag.py:451} INFO - Filling up the DagBag from /home/airflow/.local/lib/python3.6/site-packages/airflow/example_dags/example_kubernetes_executor.py
[2026-09-21 14:58:19,677] {scheduler_job.py:639} INFO - DAG(s) dict_keys(['example_kubernetes_executor']) retrieved from /home/airflow/.local/lib/python3.6/site-packages/airflow/example_dags/example_kubernetes_executor.py
[2026-09-21 14:58:19,701] {logging_mixin.py:104} INFO - [2026-09-21 14:58:19,701] {dag.py:1824} INFO - Sync 1 DAGs
[2026-09-21 14:58:19,720] {logging_mixin.py:104} INFO - [2026-09-21 14:58:19,720] {dag.py:2280} INFO - Setting next_dagrun for example_kubernetes_executor to None
[2026-09-21 14:58:19,735] {scheduler_job.py:190} INFO - Processing /home/airflow/.local/lib/python3.6/site-packages/airflow/example_dags/example_kubernetes_executor.py took 0.080 seconds
[2026-09-21 14:58:49,831] {scheduler_job.py:182} INFO - Started process (PID=336) to work on /home/airflow/.local/lib/python3.6/site-packages/airflow/example_dags/example_kubernetes_executor.py
[2026-09-21 14:58:49,833] {scheduler_job.py:629} INFO - Processing file /home/airflow/.local/lib/python3.6/site-packages/airflow/example_dags/example_kubernetes_executor.py for tasks to queue
[2026-09-21 14:58:49,834] {logging_mixin.py:104} INFO - [2026-09-21 14:58:49,834] {dagbag.py:451} INFO - Filling up the DagBag from /home/airflow/.local/lib/python3.6/site-packages/airflow/example_dags/example_kubernetes_executor.py
[2026-09-21 14:58:49,850] {scheduler_job.py:639} INFO - DAG(s) dict_keys(['example_kubernetes_executor']) retrieved from /home/airflow/.local/lib/python3.6/site-packages/airflow/example_dags/example_kubernetes_executor.py
[2026-09-21 14:58:49,876] {logging_mixin.py:104} INFO - [2026-09-21 14:58:49,876] {dag.py:1824} INFO - Sync 1 DAGs
[2026-09-21 14:58:49,894] {logging_mixin.py:104} INFO - [2026-09-21 14:58:49,894] {dag.py:2280} INFO - Setting next_dagrun for example_kubernetes_executor to None
[2026-09-21 14:58:49,910] {scheduler_job.py:190} INFO - Processing /home/airflow/.local/lib/python3.6/site-packages/airflow/example_dags/example_kubernetes_executor.py took 0.082 seconds
[2026-09-21 14:59:20,036] {scheduler_job.py:182} INFO - Started process (PID=363) to work on /home/airflow/.local/lib/python3.6/site-packages/airflow/example_dags/example_kubernetes_executor.py
[2026-09-21 14:59:20,038] {scheduler_job.py:629} INFO - Processing file /home/airflow/.local/lib/python3.6/site-packages/airflow/example_dags/example_kubernetes_executor.py for tasks to queue
[2026-09-21 14:59:20,039] {logging_mixin.py:104} INFO - [2026-09-21 14:59:20,039] {dagbag.py:451} INFO - Filling up the DagBag from /home/airflow/.local/lib/python3.6/site-packages/airflow/example_dags/example_kubernetes_executor.py
[2026-09-21 14:59:20,067] {scheduler_job.py:639} INFO - DAG(s) dict_keys(['example_kubernetes_executor']) retrieved from /home/airflow/.local/lib/python3.6/site-packages/airflow/example_dags/example_kubernetes_executor.py
[2026-09-21 14:59:20,112] {logging_mixin.py:104} INFO - [2026-09-21 14:59:20,111] {dag.py:1824} INFO - Sync 1 DAGs
[2026-09-21 14:59:20,147] {logging_mixin.py:104} INFO - [2026-09-21 14:59:20,146] {dag.py:2280} INFO - Setting next_dagrun for example_kubernetes_executor to None
[2026-09-21 14:59:20,186] {scheduler_job.py:190} INFO - Processing /home/airflow/.local/lib/python3.6/site-packages/airflow/example_dags/example_kubernetes_executor.py took 0.157 seconds
[2026-09-21 14:59:50,891] {scheduler_job.py:182} INFO - Started process (PID=390) to work on /home/airflow/.local/lib/python3.6/site-packages/airflow/example_dags/example_kubernetes_executor.py
[2026-09-21 14:59:50,893] {scheduler_job.py:629} INFO - Processing file /home/airflow/.local/lib/python3.6/site-packages/airflow/example_dags/example_kubernetes_executor.py for tasks to queue
[2026-09-21 14:59:50,894] {logging_mixin.py:104} INFO - [2026-09-21 14:59:50,894] {dagbag.py:451} INFO - Filling up the DagBag from /home/airflow/.local/lib/python3.6/site-packages/airflow/example_dags/example_kubernetes_executor.py
[2026-09-21 14:59:50,912] {scheduler_job.py:639} INFO - DAG(s) dict_keys(['example_kubernetes_executor']) retrieved from /home/airflow/.local/lib/python3.6/site-packages/airflow/example_dags/example_kubernetes_executor.py
[2026-09-21 14:59:50,938] {logging_mixin.py:104} INFO - [2026-09-21 14:59:50,938] {dag.py:1824} INFO - Sync 1 DAGs
[2026-09-21 14:59:50,959] {logging_mixin.py:104} INFO - [2026-09-21 14:59:50,959] {dag.py:2280} INFO - Setting next_dagrun for example_kubernetes_executor to None
[2026-09-21 14:59:50,978] {scheduler_job.py:190} INFO - Processing /home/airflow/.local/lib/python3.6/site-packages/airflow/example_dags/example_kubernetes_executor.py took 0.092 seconds
[2026-09-21 15:00:21,117] {scheduler_job.py:182} INFO - Started process (PID=416) to work on /home/airflow/.local/lib/python3.6/site-packages/airflow/example_dags/example_kubernetes_executor.py
[2026-09-21 15:00:21,118] {scheduler_job.py:629} INFO - Processing file /home/airflow/.local/lib/python3.6/site-packages/airflow/example_dags/example_kubernetes_executor.py for tasks to queue
[2026-09-21 15:00:21,118] {logging_mixin.py:104} INFO - [2026-09-21 15:00:21,118] {dagbag.py:451} INFO - Filling up the DagBag from /home/airflow/.local/lib/python3.6/site-packages/airflow/example_dags/example_kubernetes_executor.py
[2026-09-21 15:00:21,134] {scheduler_job.py:639} INFO - DAG(s) dict_keys(['example_kubernetes_executor']) retrieved from /home/airflow/.local/lib/python3.6/site-packages/airflow/example_dags/example_kubernetes_executor.py
[2026-09-21 15:00:21,160] {logging_mixin.py:104} INFO - [2026-09-21 15:00:21,160] {dag.py:1824} INFO - Sync 1 DAGs
[2026-09-21 15:00:21,179] {logging_mixin.py:104} INFO - [2026-09-21 15:00:21,178] {dag.py:2280} INFO - Setting next_dagrun for example_kubernetes_executor to None
[2026-09-21 15:00:21,195] {scheduler_job.py:190} INFO - Processing /home/airflow/.local/lib/python3.6/site-packages/airflow/example_dags/example_kubernetes_executor.py took 0.082 seconds
[2026-09-21 15:00:51,330] {scheduler_job.py:182} INFO - Started process (PID=443) to work on /home/airflow/.local/lib/python3.6/site-packages/airflow/example_dags/example_kubernetes_executor.py
[2026-09-21 15:00:51,331] {scheduler_job.py:629} INFO - Processing file /home/airflow/.local/lib/python3.6/site-packages/airflow/example_dags/example_kubernetes_executor.py for tasks to queue
[2026-09-21 15:00:51,331] {logging_mixin.py:104} INFO - [2026-09-21 15:00:51,331] {dagbag.py:451} INFO - Filling up the DagBag from /home/airflow/.local/lib/python3.6/site-packages/airflow/example_dags/example_kubernetes_executor.py
[2026-09-21 15:00:51,350] {scheduler_job.py:639} INFO - DAG(s) dict_keys(['example_kubernetes_executor']) retrieved from /home/airflow/.local/lib/python3.6/site-packages/airflow/example_dags/example_kubernetes_executor.py
[2026-09-21 15:00:51,376] {logging_mixin.py:104} INFO - [2026-09-21 15:00:51,375] {dag.py:1824} INFO - Sync 1 DAGs
[2026-09-21 15:00:51,395] {logging_mixin.py:104} INFO - [2026-09-21 15:00:51,395] {dag.py:2280} INFO - Setting next_dagrun for example_kubernetes_executor to None
[2026-09-21 15:00:51,411] {scheduler_job.py:190} INFO - Processing /home/airflow/.local/lib/python3.6/site-packages/airflow/example_dags/example_kubernetes_executor.py took 0.085 seconds
[2026-09-21 15:01:21,890] {scheduler_job.py:182} INFO - Started process (PID=471) to work on /home/airflow/.local/lib/python3.6/site-packages/airflow/example_dags/example_kubernetes_executor.py
[2026-09-21 15:01:21,891] {scheduler_job.py:629} INFO - Processing file /home/airflow/.local/lib/python3.6/site-packages/airflow/example_dags/example_kubernetes_executor.py for tasks to queue
[2026-09-21 15:01:21,892] {logging_mixin.py:104} INFO - [2026-09-21 15:01:21,892] {dagbag.py:451} INFO - Filling up the DagBag from /home/airflow/.local/lib/python3.6/site-packages/airflow/example_dags/example_kubernetes_executor.py
[2026-09-21 15:01:21,910] {scheduler_job.py:639} INFO - DAG(s) dict_keys(['example_kubernetes_executor']) retrieved from /home/airflow/.local/lib/python3.6/site-packages/airflow/example_dags/example_kubernetes_executor.py
[2026-09-21 15:01:21,944] {logging_mixin.py:104} INFO - [2026-09-21 15:01:21,944] {dag.py:1824} INFO - Sync 1 DAGs
[2026-09-21 15:01:21,968] {logging_mixin.py:104} INFO - [2026-09-21 15:01:21,968] {dag.py:2280} INFO - Setting next_dagrun for example_kubernetes_executor to None
[2026-09-21 15:01:21,986] {scheduler_job.py:190} INFO - Processing /home/airflow/.local/lib/python3.6/site-packages/airflow/example_dags/example_kubernetes_executor.py took 0.101 seconds
[2026-09-21 15:01:52,415] {scheduler_job.py:182} INFO - Started process (PID=498) to work on /home/airflow/.local/lib/python3.6/site-packages/airflow/example_dags/example_kubernetes_executor.py
[2026-09-21 15:01:52,417] {scheduler_job.py:629} INFO - Processing file /home/airflow/.local/lib/python3.6/site-packages/airflow/example_dags/example_kubernetes_executor.py for tasks to queue
[2026-09-21 15:01:52,419] {logging_mixin.py:104} INFO - [2026-09-21 15:01:52,418] {dagbag.py:451} INFO - Filling up the DagBag from /home/airflow/.local/lib/python3.6/site-packages/airflow/example_dags/example_kubernetes_executor.py
[2026-09-21 15:01:52,440] {scheduler_job.py:639} INFO - DAG(s) dict_keys(['example_kubernetes_executor']) retrieved from /home/airflow/.local/lib/python3.6/site-packages/airflow/example_dags/example_kubernetes_executor.py
[2026-09-21 15:01:52,472] {logging_mixin.py:104} INFO - [2026-09-21 15:01:52,472] {dag.py:1824} INFO - Sync 1 DAGs
[2026-09-21 15:01:52,495] {logging_mixin.py:104} INFO - [2026-09-21 15:01:52,495] {dag.py:2280} INFO - Setting next_dagrun for example_kubernetes_executor to None
[2026-09-21 15:01:52,513] {scheduler_job.py:190} INFO - Processing /home/airflow/.local/lib/python3.6/site-packages/airflow/example_dags/example_kubernetes_executor.py took 0.102 seconds
[2026-09-21 15:02:22,744] {scheduler_job.py:182} INFO - Started process (PID=522) to work on /home/airflow/.local/lib/python3.6/site-packages/airflow/example_dags/example_kubernetes_executor.py
[2026-09-21 15:02:22,747] {scheduler_job.py:629} INFO - Processing file /home/airflow/.local/lib/python3.6/site-packages/airflow/example_dags/example_kubernetes_executor.py for tasks to queue
[2026-09-21 15:02:22,748] {logging_mixin.py:104} INFO - [2026-09-21 15:02:22,748] {dagbag.py:451} INFO - Filling up the DagBag from /home/airflow/.local/lib/python3.6/site-packages/airflow/example_dags/example_kubernetes_executor.py
[2026-09-21 15:02:22,773] {scheduler_job.py:639} INFO - DAG(s) dict_keys(['example_kubernetes_executor']) retrieved from /home/airflow/.local/lib/python3.6/site-packages/airflow/example_dags/example_kubernetes_executor.py
[2026-09-21 15:02:22,819] {logging_mixin.py:104} INFO - [2026-09-21 15:02:22,819] {dag.py:1824} INFO - Sync 1 DAGs
[2026-09-21 15:02:22,848] {logging_mixin.py:104} INFO - [2026-09-21 15:02:22,848] {dag.py:2280} INFO - Setting next_dagrun for example_kubernetes_executor to None
[2026-09-21 15:02:22,867] {scheduler_job.py:190} INFO - Processing /home/airflow/.local/lib/python3.6/site-packages/airflow/example_dags/example_kubernetes_executor.py took 0.130 seconds
[2026-09-21 15:02:53,958] {scheduler_job.py:182} INFO - Started process (PID=552) to work on /home/airflow/.local/lib/python3.6/site-packages/airflow/example_dags/example_kubernetes_executor.py
[2026-09-21 15:02:53,959] {scheduler_job.py:629} INFO - Processing file /home/airflow/.local/lib/python3.6/site-packages/airflow/example_dags/example_kubernetes_executor.py for tasks to queue
[2026-09-21 15:02:53,960] {logging_mixin.py:104} INFO - [2026-09-21 15:02:53,960] {dagbag.py:451} INFO - Filling up the DagBag from /home/airflow/.local/lib/python3.6/site-packages/airflow/example_dags/example_kubernetes_executor.py
[2026-09-21 15:02:53,977] {scheduler_job.py:639} INFO - DAG(s) dict_keys(['example_kubernetes_executor']) retrieved from /home/airflow/.local/lib/python3.6/site-packages/airflow/example_dags/example_kubernetes_executor.py
[2026-09-21 15:02:54,003] {logging_mixin.py:104} INFO - [2026-09-21 15:02:54,003] {dag.py:1824} INFO - Sync 1 DAGs
[2026-09-21 15:02:54,025] {logging_mixin.py:104} INFO - [2026-09-21 15:02:54,025] {dag.py:2280} INFO - Setting next_dagrun for example_kubernetes_executor to None
[2026-09-21 15:02:54,043] {scheduler_job.py:190} INFO - Processing /home/airflow/.local/lib/python3.6/site-packages/airflow/example_dags/example_kubernetes_executor.py took 0.089 seconds
[2026-09-21 15:03:24,097] {scheduler_job.py:182} INFO - Started process (PID=577) to work on /home/airflow/.local/lib/python3.6/site-packages/airflow/example_dags/example_kubernetes_executor.py
[2026-09-21 15:03:24,098] {scheduler_job.py:629} INFO - Processing file /home/airflow/.local/lib/python3.6/site-packages/airflow/example_dags/example_kubernetes_executor.py for tasks to queue
[2026-09-21 15:03:24,099] {logging_mixin.py:104} INFO - [2026-09-21 15:03:24,099] {dagbag.py:451} INFO - Filling up the DagBag from /home/airflow/.local/lib/python3.6/site-packages/airflow/example_dags/example_kubernetes_executor.py
[2026-09-21 15:03:24,118] {scheduler_job.py:639} INFO - DAG(s) dict_keys(['example_kubernetes_executor']) retrieved from /home/airflow/.local/lib/python3.6/site-packages/airflow/example_dags/example_kubernetes_executor.py
[2026-09-21 15:03:24,148] {logging_mixin.py:104} INFO - [2026-09-21 15:03:24,148] {dag.py:1824} INFO - Sync 1 DAGs
[2026-09-21 15:03:24,175] {logging_mixin.py:104} INFO - [2026-09-21 15:03:24,175] {dag.py:2280} INFO - Setting next_dagrun for example_kubernetes_executor to None
[2026-09-21 15:03:24,193] {scheduler_job.py:190} INFO - Processing /home/airflow/.local/lib/python3.6/site-packages/airflow/example_dags/example_kubernetes_executor.py took 0.102 seconds
[2026-09-21 15:03:55,281] {scheduler_job.py:182} INFO - Started process (PID=606) to work on /home/airflow/.local/lib/python3.6/site-packages/airflow/example_dags/example_kubernetes_executor.py
[2026-09-21 15:03:55,282] {scheduler_job.py:629} INFO - Processing file /home/airflow/.local/lib/python3.6/site-packages/airflow/example_dags/example_kubernetes_executor.py for tasks to queue
[2026-09-21 15:03:55,284] {logging_mixin.py:104} INFO - [2026-09-21 15:03:55,283] {dagbag.py:451} INFO - Filling up the DagBag from /home/airflow/.local/lib/python3.6/site-packages/airflow/example_dags/example_kubernetes_executor.py
[2026-09-21 15:03:55,302] {scheduler_job.py:639} INFO - DAG(s) dict_keys(['example_kubernetes_executor']) retrieved from /home/airflow/.local/lib/python3.6/site-packages/airflow/example_dags/example_kubernetes_executor.py
[2026-09-21 15:03:55,332] {logging_mixin.py:104} INFO - [2026-09-21 15:03:55,332] {dag.py:1824} INFO - Sync 1 DAGs
[2026-09-21 15:03:55,354] {logging_mixin.py:104} INFO - [2026-09-21 15:03:55,353] {dag.py:2280} INFO - Setting next_dagrun for example_kubernetes_executor to None
[2026-09-21 15:03:55,370] {scheduler_job.py:190} INFO - Processing /home/airflow/.local/lib/python3.6/site-packages/airflow/example_dags/example_kubernetes_executor.py took 0.093 seconds
[2026-09-21 15:04:25,413] {scheduler_job.py:182} INFO - Started process (PID=629) to work on /home/airflow/.local/lib/python3.6/site-packages/airflow/example_dags/example_kubernetes_executor.py
[2026-09-21 15:04:25,416] {scheduler_job.py:629} INFO - Processing file /home/airflow/.local/lib/python3.6/site-packages/airflow/example_dags/example_kubernetes_executor.py for tasks to queue
[2026-09-21 15:04:25,417] {logging_mixin.py:104} INFO - [2026-09-21 15:04:25,417] {dagbag.py:451} INFO - Filling up the DagBag from /home/airflow/.local/lib/python3.6/site-packages/airflow/example_dags/example_kubernetes_executor.py
[2026-09-21 15:04:25,440] {scheduler_job.py:639} INFO - DAG(s) dict_keys(['example_kubernetes_executor']) retrieved from /home/airflow/.local/lib/python3.6/site-packages/airflow/example_dags/example_kubernetes_executor.py
[2026-09-21 15:04:25,471] {logging_mixin.py:104} INFO - [2026-09-21 15:04:25,470] {dag.py:1824} INFO - Sync 1 DAGs
[2026-09-21 15:04:25,496] {logging_mixin.py:104} INFO - [2026-09-21 15:04:25,496] {dag.py:2280} INFO - Setting next_dagrun for example_kubernetes_executor to None
[2026-09-21 15:04:25,511] {scheduler_job.py:190} INFO - Processing /home/airflow/.local/lib/python3.6/site-packages/airflow/example_dags/example_kubernetes_executor.py took 0.103 seconds
[2026-09-21 15:04:55,967] {scheduler_job.py:182} INFO - Started process (PID=656) to work on /home/airflow/.local/lib/python3.6/site-packages/airflow/example_dags/example_kubernetes_executor.py
[2026-09-21 15:04:55,968] {scheduler_job.py:629} INFO - Processing file /home/airflow/.local/lib/python3.6/site-packages/airflow/example_dags/example_kubernetes_executor.py for tasks to queue
[2026-09-21 15:04:55,969] {logging_mixin.py:104} INFO - [2026-09-21 15:04:55,969] {dagbag.py:451} INFO - Filling up the DagBag from /home/airflow/.local/lib/python3.6/site-packages/airflow/example_dags/example_kubernetes_executor.py
[2026-09-21 15:04:55,985] {scheduler_job.py:639} INFO - DAG(s) dict_keys(['example_kubernetes_executor']) retrieved from /home/airflow/.local/lib/python3.6/site-packages/airflow/example_dags/example_kubernetes_executor.py
[2026-09-21 15:04:56,010] {logging_mixin.py:104} INFO - [2026-09-21 15:04:56,010] {dag.py:1824} INFO - Sync 1 DAGs
[2026-09-21 15:04:56,030] {logging_mixin.py:104} INFO - [2026-09-21 15:04:56,030] {dag.py:2280} INFO - Setting next_dagrun for example_kubernetes_executor to None
[2026-09-21 15:04:56,045] {scheduler_job.py:190} INFO - Processing /home/airflow/.local/lib/python3.6/site-packages/airflow/example_dags/example_kubernetes_executor.py took 0.082 seconds
[2026-09-21 15:05:26,172] {scheduler_job.py:182} INFO - Started process (PID=683) to work on /home/airflow/.local/lib/python3.6/site-packages/airflow/example_dags/example_kubernetes_executor.py
[2026-09-21 15:05:26,173] {scheduler_job.py:629} INFO - Processing file /home/airflow/.local/lib/python3.6/site-packages/airflow/example_dags/example_kubernetes_executor.py for tasks to queue
[2026-09-21 15:05:26,174] {logging_mixin.py:104} INFO - [2026-09-21 15:05:26,174] {dagbag.py:451} INFO - Filling up the DagBag from /home/airflow/.local/lib/python3.6/site-packages/airflow/example_dags/example_kubernetes_executor.py
[2026-09-21 15:05:26,193] {scheduler_job.py:639} INFO - DAG(s) dict_keys(['example_kubernetes_executor']) retrieved from /home/airflow/.local/lib/python3.6/site-packages/airflow/example_dags/example_kubernetes_executor.py
[2026-09-21 15:05:26,223] {logging_mixin.py:104} INFO - [2026-09-21 15:05:26,223] {dag.py:1824} INFO - Sync 1 DAGs
[2026-09-21 15:05:26,249] {logging_mixin.py:104} INFO - [2026-09-21 15:05:26,249] {dag.py:2280} INFO - Setting next_dagrun for example_kubernetes_executor to None
[2026-09-21 15:05:26,266] {scheduler_job.py:190} INFO - Processing /home/airflow/.local/lib/python3.6/site-packages/airflow/example_dags/example_kubernetes_executor.py took 0.099 seconds
[2026-09-21 15:05:56,395] {scheduler_job.py:182} INFO - Started process (PID=710) to work on /home/airflow/.local/lib/python3.6/site-packages/airflow/example_dags/example_kubernetes_executor.py
[2026-09-21 15:05:56,396] {scheduler_job.py:629} INFO - Processing file /home/airflow/.local/lib/python3.6/site-packages/airflow/example_dags/example_kubernetes_executor.py for tasks to queue
[2026-09-21 15:05:56,397] {logging_mixin.py:104} INFO - [2026-09-21 15:05:56,397] {dagbag.py:451} INFO - Filling up the DagBag from /home/airflow/.local/lib/python3.6/site-packages/airflow/example_dags/example_kubernetes_executor.py
[2026-09-21 15:05:56,415] {scheduler_job.py:639} INFO - DAG(s) dict_keys(['example_kubernetes_executor']) retrieved from /home/airflow/.local/lib/python3.6/site-packages/airflow/example_dags/example_kubernetes_executor.py
[2026-09-21 15:05:56,447] {logging_mixin.py:104} INFO - [2026-09-21 15:05:56,447] {dag.py:1824} INFO - Sync 1 DAGs
[2026-09-21 15:05:56,480] {logging_mixin.py:104} INFO - [2026-09-21 15:05:56,480] {dag.py:2280} INFO - Setting next_dagrun for example_kubernetes_executor to None
[2026-09-21 15:05:56,494] {scheduler_job.py:190} INFO - Processing /home/airflow/.local/lib/python3.6/site-packages/airflow/example_dags/example_kubernetes_executor.py took 0.103 seconds
[2026-09-21 15:06:26,557] {scheduler_job.py:182} INFO - Started process (PID=737) to work on /home/airflow/.local/lib/python3.6/site-packages/airflow/example_dags/example_kubernetes_executor.py
[2026-09-21 15:06:26,559] {scheduler_job.py:629} INFO - Processing file /home/airflow/.local/lib/python3.6/site-packages/airflow/example_dags/example_kubernetes_executor.py for tasks to queue
[2026-09-21 15:06:26,561] {logging_mixin.py:104} INFO - [2026-09-21 15:06:26,560] {dagbag.py:451} INFO - Filling up the DagBag from /home/airflow/.local/lib/python3.6/site-packages/airflow/example_dags/example_kubernetes_executor.py
[2026-09-21 15:06:26,586] {scheduler_job.py:639} INFO - DAG(s) dict_keys(['example_kubernetes_executor']) retrieved from /home/airflow/.local/lib/python3.6/site-packages/airflow/example_dags/example_kubernetes_executor.py
[2026-09-21 15:06:26,624] {logging_mixin.py:104} INFO - [2026-09-21 15:06:26,624] {dag.py:1824} INFO - Sync 1 DAGs
[2026-09-21 15:06:26,657] {logging_mixin.py:104} INFO - [2026-09-21 15:06:26,657] {dag.py:2280} INFO - Setting next_dagrun for example_kubernetes_executor to None
[2026-09-21 15:06:26,681] {scheduler_job.py:190} INFO - Processing /home/airflow/.local/lib/python3.6/site-packages/airflow/example_dags/example_kubernetes_executor.py took 0.129 seconds
[2026-09-21 15:06:56,956] {scheduler_job.py:182} INFO - Started process (PID=764) to work on /home/airflow/.local/lib/python3.6/site-packages/airflow/example_dags/example_kubernetes_executor.py
[2026-09-21 15:06:56,957] {scheduler_job.py:629} INFO - Processing file /home/airflow/.local/lib/python3.6/site-packages/airflow/example_dags/example_kubernetes_executor.py for tasks to queue
[2026-09-21 15:06:56,958] {logging_mixin.py:104} INFO - [2026-09-21 15:06:56,958] {dagbag.py:451} INFO - Filling up the DagBag from /home/airflow/.local/lib/python3.6/site-packages/airflow/example_dags/example_kubernetes_executor.py
[2026-09-21 15:06:56,974] {scheduler_job.py:639} INFO - DAG(s) dict_keys(['example_kubernetes_executor']) retrieved from /home/airflow/.local/lib/python3.6/site-packages/airflow/example_dags/example_kubernetes_executor.py
[2026-09-21 15:06:57,002] {logging_mixin.py:104} INFO - [2026-09-21 15:06:57,002] {dag.py:1824} INFO - Sync 1 DAGs
[2026-09-21 15:06:57,022] {logging_mixin.py:104} INFO - [2026-09-21 15:06:57,022] {dag.py:2280} INFO - Setting next_dagrun for example_kubernetes_executor to None
[2026-09-21 15:06:57,034] {scheduler_job.py:190} INFO - Processing /home/airflow/.local/lib/python3.6/site-packages/airflow/example_dags/example_kubernetes_executor.py took 0.081 seconds
[2026-09-21 15:07:27,233] {scheduler_job.py:182} INFO - Started process (PID=791) to work on /home/airflow/.local/lib/python3.6/site-packages/airflow/example_dags/example_kubernetes_executor.py
[2026-09-21 15:07:27,236] {scheduler_job.py:629} INFO - Processing file /home/airflow/.local/lib/python3.6/site-packages/airflow/example_dags/example_kubernetes_executor.py for tasks to queue
[2026-09-21 15:07:27,237] {logging_mixin.py:104} INFO - [2026-09-21 15:07:27,237] {dagbag.py:451} INFO - Filling up the DagBag from /home/airflow/.local/lib/python3.6/site-packages/airflow/example_dags/example_kubernetes_executor.py
[2026-09-21 15:07:27,267] {scheduler_job.py:639} INFO - DAG(s) dict_keys(['example_kubernetes_executor']) retrieved from /home/airflow/.local/lib/python3.6/site-packages/airflow/example_dags/example_kubernetes_executor.py
[2026-09-21 15:07:27,329] {logging_mixin.py:104} INFO - [2026-09-21 15:07:27,329] {dag.py:1824} INFO - Sync 1 DAGs
[2026-09-21 15:07:27,361] {logging_mixin.py:104} INFO - [2026-09-21 15:07:27,360] {dag.py:2280} INFO - Setting next_dagrun for example_kubernetes_executor to None
[2026-09-21 15:07:27,379] {scheduler_job.py:190} INFO - Processing /home/airflow/.local/lib/python3.6/site-packages/airflow/example_dags/example_kubernetes_executor.py took 0.152 seconds
[2026-09-21 15:07:58,051] {scheduler_job.py:182} INFO - Started process (PID=819) to work on /home/airflow/.local/lib/python3.6/site-packages/airflow/example_dags/example_kubernetes_executor.py
[2026-09-21 15:07:58,053] {scheduler_job.py:629} INFO - Processing file /home/airflow/.local/lib/python3.6/site-packages/airflow/example_dags/example_kubernetes_executor.py for tasks to queue
[2026-09-21 15:07:58,054] {logging_mixin.py:104} INFO - [2026-09-21 15:07:58,054] {dagbag.py:451} INFO - Filling up the DagBag from /home/airflow/.local/lib/python3.6/site-packages/airflow/example_dags/example_kubernetes_executor.py
[2026-09-21 15:07:58,084] {scheduler_job.py:639} INFO - DAG(s) dict_keys(['example_kubernetes_executor']) retrieved from /home/airflow/.local/lib/python3.6/site-packages/airflow/example_dags/example_kubernetes_executor.py
[2026-09-21 15:07:58,128] {logging_mixin.py:104} INFO - [2026-09-21 15:07:58,127] {dag.py:1824} INFO - Sync 1 DAGs
[2026-09-21 15:07:58,161] {logging_mixin.py:104} INFO - [2026-09-21 15:07:58,161] {dag.py:2280} INFO - Setting next_dagrun for example_kubernetes_executor to None
[2026-09-21 15:07:58,189] {scheduler_job.py:190} INFO - Processing /home/airflow/.local/lib/python3.6/site-packages/airflow/example_dags/example_kubernetes_executor.py took 0.145 seconds
[2026-09-21 15:08:28,431] {scheduler_job.py:182} INFO - Started process (PID=846) to work on /home/airflow/.local/lib/python3.6/site-packages/airflow/example_dags/example_kubernetes_executor.py
[2026-09-21 15:08:28,433] {scheduler_job.py:629} INFO - Processing file /home/airflow/.local/lib/python3.6/site-packages/airflow/example_dags/example_kubernetes_executor.py for tasks to queue
[2026-09-21 15:08:28,435] {logging_mixin.py:104} INFO - [2026-09-21 15:08:28,434] {dagbag.py:451} INFO - Filling up the DagBag from /home/airflow/.local/lib/python3.6/site-packages/airflow/example_dags/example_kubernetes_executor.py
[2026-09-21 15:08:28,463] {scheduler_job.py:639} INFO - DAG(s) dict_keys(['example_kubernetes_executor']) retrieved from /home/airflow/.local/lib/python3.6/site-packages/airflow/example_dags/example_kubernetes_executor.py
[2026-09-21 15:08:28,538] {logging_mixin.py:104} INFO - [2026-09-21 15:08:28,538] {dag.py:1824} INFO - Sync 1 DAGs
[2026-09-21 15:08:28,578] {logging_mixin.py:104} INFO - [2026-09-21 15:08:28,578] {dag.py:2280} INFO - Setting next_dagrun for example_kubernetes_executor to None
[2026-09-21 15:08:28,633] {scheduler_job.py:190} INFO - Processing /home/airflow/.local/lib/python3.6/site-packages/airflow/example_dags/example_kubernetes_executor.py took 0.208 seconds
[2026-09-21 15:08:58,809] {scheduler_job.py:182} INFO - Started process (PID=873) to work on /home/airflow/.local/lib/python3.6/site-packages/airflow/example_dags/example_kubernetes_executor.py
[2026-09-21 15:08:58,812] {scheduler_job.py:629} INFO - Processing file /home/airflow/.local/lib/python3.6/site-packages/airflow/example_dags/example_kubernetes_executor.py for tasks to queue
[2026-09-21 15:08:58,817] {logging_mixin.py:104} INFO - [2026-09-21 15:08:58,816] {dagbag.py:451} INFO - Filling up the DagBag from /home/airflow/.local/lib/python3.6/site-packages/airflow/example_dags/example_kubernetes_executor.py
[2026-09-21 15:08:58,887] {scheduler_job.py:639} INFO - DAG(s) dict_keys(['example_kubernetes_executor']) retrieved from /home/airflow/.local/lib/python3.6/site-packages/airflow/example_dags/example_kubernetes_executor.py
[2026-09-21 15:08:58,994] {logging_mixin.py:104} INFO - [2026-09-21 15:08:58,994] {dag.py:1824} INFO - Sync 1 DAGs
[2026-09-21 15:08:59,030] {logging_mixin.py:104} INFO - [2026-09-21 15:08:59,030] {dag.py:2280} INFO - Setting next_dagrun for example_kubernetes_executor to None
[2026-09-21 15:08:59,064] {scheduler_job.py:190} INFO - Processing /home/airflow/.local/lib/python3.6/site-packages/airflow/example_dags/example_kubernetes_executor.py took 0.270 seconds
[2026-09-21 15:09:30,041] {scheduler_job.py:182} INFO - Started process (PID=900) to work on /home/airflow/.local/lib/python3.6/site-packages/airflow/example_dags/example_kubernetes_executor.py
[2026-09-21 15:09:30,044] {scheduler_job.py:629} INFO - Processing file /home/airflow/.local/lib/python3.6/site-packages/airflow/example_dags/example_kubernetes_executor.py for tasks to queue
[2026-09-21 15:09:30,045] {logging_mixin.py:104} INFO - [2026-09-21 15:09:30,045] {dagbag.py:451} INFO - Filling up the DagBag from /home/airflow/.local/lib/python3.6/site-packages/airflow/example_dags/example_kubernetes_executor.py
[2026-09-21 15:09:30,074] {scheduler_job.py:639} INFO - DAG(s) dict_keys(['example_kubernetes_executor']) retrieved from /home/airflow/.local/lib/python3.6/site-packages/airflow/example_dags/example_kubernetes_executor.py
[2026-09-21 15:09:30,115] {logging_mixin.py:104} INFO - [2026-09-21 15:09:30,115] {dag.py:1824} INFO - Sync 1 DAGs
[2026-09-21 15:09:30,148] {logging_mixin.py:104} INFO - [2026-09-21 15:09:30,148] {dag.py:2280} INFO - Setting next_dagrun for example_kubernetes_executor to None
[2026-09-21 15:09:30,176] {scheduler_job.py:190} INFO - Processing /home/airflow/.local/lib/python3.6/site-packages/airflow/example_dags/example_kubernetes_executor.py took 0.140 seconds
[2026-09-21 15:10:00,657] {scheduler_job.py:182} INFO - Started process (PID=928) to work on /home/airflow/.local/lib/python3.6/site-packages/airflow/example_dags/example_kubernetes_executor.py
[2026-09-21 15:10:00,659] {scheduler_job.py:629} INFO - Processing file /home/airflow/.local/lib/python3.6/site-packages/airflow/example_dags/example_kubernetes_executor.py for tasks to queue
[2026-09-21 15:10:00,660] {logging_mixin.py:104} INFO - [2026-09-21 15:10:00,660] {dagbag.py:451} INFO - Filling up the DagBag from /home/airflow/.local/lib/python3.6/site-packages/airflow/example_dags/example_kubernetes_executor.py
[2026-09-21 15:10:00,687] {scheduler_job.py:639} INFO - DAG(s) dict_keys(['example_kubernetes_executor']) retrieved from /home/airflow/.local/lib/python3.6/site-packages/airflow/example_dags/example_kubernetes_executor.py
[2026-09-21 15:10:00,740] {logging_mixin.py:104} INFO - [2026-09-21 15:10:00,740] {dag.py:1824} INFO - Sync 1 DAGs
[2026-09-21 15:10:00,772] {logging_mixin.py:104} INFO - [2026-09-21 15:10:00,772] {dag.py:2280} INFO - Setting next_dagrun for example_kubernetes_executor to None
[2026-09-21 15:10:00,807] {scheduler_job.py:190} INFO - Processing /home/airflow/.local/lib/python3.6/site-packages/airflow/example_dags/example_kubernetes_executor.py took 0.156 seconds
[2026-09-21 15:10:30,892] {scheduler_job.py:182} INFO - Started process (PID=955) to work on /home/airflow/.local/lib/python3.6/site-packages/airflow/example_dags/example_kubernetes_executor.py
[2026-09-21 15:10:30,894] {scheduler_job.py:629} INFO - Processing file /home/airflow/.local/lib/python3.6/site-packages/airflow/example_dags/example_kubernetes_executor.py for tasks to queue
[2026-09-21 15:10:30,895] {logging_mixin.py:104} INFO - [2026-09-21 15:10:30,895] {dagbag.py:451} INFO - Filling up the DagBag from /home/airflow/.local/lib/python3.6/site-packages/airflow/example_dags/example_kubernetes_executor.py
[2026-09-21 15:10:30,923] {scheduler_job.py:639} INFO - DAG(s) dict_keys(['example_kubernetes_executor']) retrieved from /home/airflow/.local/lib/python3.6/site-packages/airflow/example_dags/example_kubernetes_executor.py
[2026-09-21 15:10:30,973] {logging_mixin.py:104} INFO - [2026-09-21 15:10:30,973] {dag.py:1824} INFO - Sync 1 DAGs
[2026-09-21 15:10:31,006] {logging_mixin.py:104} INFO - [2026-09-21 15:10:31,006] {dag.py:2280} INFO - Setting next_dagrun for example_kubernetes_executor to None
[2026-09-21 15:10:31,037] {scheduler_job.py:190} INFO - Processing /home/airflow/.local/lib/python3.6/site-packages/airflow/example_dags/example_kubernetes_executor.py took 0.152 seconds
