[2026-09-21 14:53:15,351] {scheduler_job.py:182} INFO - Started process (PID=49) to work on /home/airflow/.local/lib/python3.6/site-packages/airflow/example_dags/example_dag_decorator.py
[2026-09-21 14:53:15,352] {scheduler_job.py:629} INFO - Processing file /home/airflow/.local/lib/python3.6/site-packages/airflow/example_dags/example_dag_decorator.py for tasks to queue
[2026-09-21 14:53:15,354] {logging_mixin.py:104} INFO - [2026-09-21 14:53:15,353] {dagbag.py:451} INFO - Filling up the DagBag from /home/airflow/.local/lib/python3.6/site-packages/airflow/example_dags/example_dag_decorator.py
[2026-09-21 14:53:15,387] {scheduler_job.py:639} INFO - DAG(s) dict_keys(['example_dag_decorator']) retrieved from /home/airflow/.local/lib/python3.6/site-packages/airflow/example_dags/example_dag_decorator.py
[2026-09-21 14:53:15,425] {logging_mixin.py:104} INFO - [2026-09-21 14:53:15,425] {dag.py:1824} INFO - Sync 1 DAGs
[2026-09-21 14:53:15,440] {logging_mixin.py:104} INFO - [2026-09-21 14:53:15,440] {dag.py:1843} INFO - Creating ORM DAG for example_dag_decorator
[2026-09-21 14:53:15,450] {logging_mixin.py:104} INFO - [2026-09-21 14:53:15,450] {dag.py:2280} INFO - Setting next_dagrun for example_dag_decorator to None
[2026-09-21 14:53:15,480] {scheduler_job.py:190} INFO - Processing /home/airflow/.local/lib/python3.6/site-packages/airflow/example_dags/example_dag_decorator.py took 0.133 seconds
[2026-09-21 14:53:45,536] {scheduler_job.py:182} INFO - Started process (PID=75) to work on /home/airflow/.local/lib/python3.6/site-packages/airflow/example_dags/example_dag_decorator.py
[2026-09-21 14:53:45,537] {scheduler_job.py:629} INFO - Processing file /home/airflow/.local/lib/python3.6/site-packages/airflow/example_dags/example_dag_decorator.py for tasks to queue
[2026-09-21 14:53:45,538] {logging_mixin.py:104} INFO - [2026-09-21 14:53:45,537] {dagbag.py:451} INFO - Filling up the DagBag from /home/airflow/.local/lib/python3.6/site-packages/airflow/example_dags/example_dag_decorator.py
[2026-09-21 14:53:45,557] {scheduler_job.py:639} INFO - DAG(s) dict_keys(['example_dag_decorator']) retrieved from /home/airflow/.local/lib/python3.6/site-packages/airflow/example_dags/example_dag_decorator.py
[2026-09-21 14:53:45,583] {logging_mixin.py:104} INFO - [2026-09-21 14:53:45,583] {dag.py:1824} INFO - Sync 1 DAGs
[2026-09-21 14:53:45,600] {logging_mixin.py:104} INFO - [2026-09-21 14:53:45,600] {dag.py:2280} INFO - Setting next_dagrun for example_dag_decorator to None
[2026-09-21 14:53:45,617] {scheduler_job.py:190} INFO - Processing /home/airflow/.local/lib/python3.6/site-packages/airflow/example_dags/example_dag_decorator.py took 0.085 seconds
[2026-09-21 14:54:16,265] {scheduler_job.py:182} INFO - Started process (PID=100) to work on /home/airflow/.local/lib/python3.6/site-packages/airflow/example_dags/example_dag_decorator.py
[2026-09-21 14:54:16,267] {scheduler_job.py:629} INFO - Processing file /home/airflow/.local/lib/python3.6/site-packages/airflow/example_dags/example_dag_decorator.py for tasks to queue
[2026-09-21 14:54:16,269] {logging_mixin.py:104} INFO - [2026-09-21 14:54:16,269] {dagbag.py:451} INFO - Filling up the DagBag from /home/airflow/.local/lib/python3.6/site-packages/airflow/example_dags/example_dag_decorator.py
[2026-09-21 14:54:16,293] {scheduler_job.py:639} INFO - DAG(s) dict_keys(['example_dag_decorator']) retrieved from /home/airflow/.local/lib/python3.6/site-packages/airflow/example_dags/example_dag_decorator.py
[2026-09-21 14:54:16,331] {logging_mixin.py:104} INFO - [2026-09-21 14:54:16,331] {dag.py:1824} INFO - Sync 1 DAGs
[2026-09-21 14:54:16,360] {logging_mixin.py:104} INFO - [2026-09-21 14:54:16,360] {dag.py:2280} INFO - Setting next_dagrun for example_dag_decorator to None
[2026-09-21 14:54:16,386] {scheduler_job.py:190} INFO - Processing /home/airflow/.local/lib/python3.6/site-packages/airflow/example_dags/example_dag_decorator.py took 0.125 seconds
[2026-09-21 14:54:46,436] {scheduler_job.py:182} INFO - Started process (PID=127) to work on /home/airflow/.local/lib/python3.6/site-packages/airflow/example_dags/example_dag_decorator.py
[2026-09-21 14:54:46,437] {scheduler_job.py:629} INFO - Processing file /home/airflow/.local/lib/python3.6/site-packages/airflow/example_dags/example_dag_decorator.py for tasks to queue
[2026-09-21 14:54:46,438] {logging_mixin.py:104} INFO - [2026-09-21 14:54:46,438] {dagbag.py:451} INFO - Filling up the DagBag from /home/airflow/.local/lib/python3.6/site-packages/airflow/example_dags/example_dag_decorator.py
[2026-09-21 14:54:46,459] {scheduler_job.py:639} INFO - DAG(s) dict_keys(['example_dag_decorator']) retrieved from /home/airflow/.local/lib/python3.6/site-packages/airflow/example_dags/example_dag_decorator.py
[2026-09-21 14:54:46,491] {logging_mixin.py:104} INFO - [2026-09-21 14:54:46,490] {dag.py:1824} INFO - Sync 1 DAGs
[2026-09-21 14:54:46,510] {logging_mixin.py:104} INFO - [2026-09-21 14:54:46,510] {dag.py:2280} INFO - Setting next_dagrun for example_dag_decorator to None
[2026-09-21 14:54:46,528] {scheduler_job.py:190} INFO - Processing /home/airflow/.local/lib/python3.6/site-packages/airflow/example_dags/example_dag_decorator.py took 0.096 seconds
[2026-09-21 14:55:17,362] {scheduler_job.py:182} INFO - Started process (PID=154) to work on /home/airflow/.local/lib/python3.6/site-packages/airflow/example_dags/example_dag_decorator.py
[2026-09-21 14:55:17,363] {scheduler_job.py:629} INFO - Processing file /home/airflow/.local/lib/python3.6/site-packages/airflow/example_dags/example_dag_decorator.py for tasks to queue
[2026-09-21 14:55:17,364] {logging_mixin.py:104} INFO - [2026-09-21 14:55:17,364] {dagbag.py:451} INFO - Filling up the DagBag from /home/airflow/.local/lib/python3.6/site-packages/airflow/example_dags/example_dag_decorator.py
[2026-09-21 14:55:17,384] {scheduler_job.py:639} INFO - DAG(s) dict_keys(['example_dag_decorator']) retrieved from /home/airflow/.local/lib/python3.6/site-packages/airflow/example_dags/example_dag_decorator.py
[2026-09-21 14:55:17,410] {logging_mixin.py:104} INFO - [2026-09-21 14:55:17,410] {dag.py:1824} INFO - Sync 1 DAGs
[2026-09-21 14:55:17,429] {logging_mixin.py:104} INFO - [2026-09-21 14:55:17,429] {dag.py:2280} INFO - Setting next_dagrun for example_dag_decorator to None
[2026-09-21 14:55:17,448] {scheduler_job.py:190} INFO - Processing /home/airflow/.local/lib/python3.6/site-packages/airflow/example_dags/example_dag_decorator.py took 0.090 seconds
[2026-09-21 14:55:47,930] {scheduler_job.py:182} INFO - Started process (PID=181) to work on /home/airflow/.local/lib/python3.6/site-packages/airflow/example_dags/example_dag_decorator.py
[2026-09-21 14:55:47,931] {scheduler_job.py:629} INFO - Processing file /home/airflow/.local/lib/python3.6/site-packages/airflow/example_dags/example_dag_decorator.py for tasks to queue
[2026-09-21 14:55:47,931] {logging_mixin.py:104} INFO - [2026-09-21 14:55:47,931] {dagbag.py:451} INFO - Filling up the DagBag from /home/airflow/.local/lib/python3.6/site-packages/airflow/example_dags/example_dag_decorator.py
[2026-09-21 14:55:47,951] {scheduler_job.py:639} INFO - DAG(s) dict_keys(['example_dag_decorator']) retrieved from /home/airflow/.local/lib/python3.6/site-packages/airflow/example_dags/example_dag_decorator.py
[2026-09-21 14:55:47,978] {logging_mixin.py:104} INFO - [2026-09-21 14:55:47,978] {dag.py:1824} INFO - Sync 1 DAGs
[2026-09-21 14:55:47,996] {logging_mixin.py:104} INFO - [2026-09-21 14:55:47,995] {dag.py:2280} INFO - Setting next_dagrun for example_dag_decorator to None
[2026-09-21 14:55:48,013] {scheduler_job.py:190} INFO - Processing /home/airflow/.local/lib/python3.6/site-packages/airflow/example_dags/example_dag_decorator.py took 0.087 seconds
[2026-09-21 14:56:18,852] {scheduler_job.py:182} INFO - Started process (PID=208) to work on /home/airflow/.local/lib/python3.6/site-packages/airflow/example_dags/example_dag_decorator.py
[2026-09-21 14:56:18,853] {scheduler_job.py:629} INFO - Processing file /home/airflow/.local/lib/python3.6/site-packages/airflow/example_dags/example_dag_decorator.py for tasks to queue
[2026-09-21 14:56:18,854] {logging_mixin.py:104} INFO - [2026-09-21 14:56:18,854] {dagbag.py:451} INFO - Filling up the DagBag from /home/airflow/.local/lib/python3.6/site-packages/airflow/example_dags/example_dag_decorator.py
[2026-09-21 14:56:18,880] {scheduler_job.py:639} INFO - DAG(s) dict_keys(['example_dag_decorator']) retrieved from /home/airflow/.local/lib/python3.6/site-packages/airflow/example_dags/example_dag_decorator.py
[2026-09-21 14:56:18,916] {logging_mixin.py:104} INFO - [2026-09-21 14:56:18,916] {dag.py:1824} INFO - Sync 1 DAGs
[2026-09-21 14:56:18,942] {logging_mixin.py:104} INFO - [2026-09-21 14:56:18,942] {dag.py:2280} INFO - Setting next_dagrun for example_dag_decorator to None
[2026-09-21 14:56:18,972] {scheduler_job.py:190} INFO - Processing /home/airflow/.local/lib/python3.6/site-packages/airflow/example_dags/example_dag_decorator.py took 0.125 seconds
[2026-09-21 14:56:49,601] {scheduler_job.py:182} INFO - Started process (PID=235) to work on /home/airflow/.local/lib/python3.6/site-packages/airflow/example_dags/example_dag_decorator.py
[2026-09-21 14:56:49,602] {scheduler_job.py:629} INFO - Processing file /home/airflow/.local/lib/python3.6/site-packages/airflow/example_dags/example_dag_decorator.py for tasks to queue
[2026-09-21 14:56:49,603] {logging_mixin.py:104} INFO - [2026-09-21 14:56:49,603] {dagbag.py:451} INFO - Filling up the DagBag from /home/airflow/.local/lib/python3.6/site-packages/airflow/example_dags/example_dag_decorator.py
[2026-09-21 14:56:49,622] {scheduler_job.py:639} INFO - DAG(s) dict_keys(['example_dag_decorator']) retrieved from /home/airflow/.local/lib/python3.6/site-packages/airflow/example_dags/example_dag_decorator.py
[2026-09-21 14:56:49,649] {logging_mixin.py:104} INFO - [2026-09-21 14:56:49,649] {dag.py:1824} INFO - Sync 1 DAGs
[2026-09-21 14:56:49,667] {logging_mixin.py:104} INFO - [2026-09-21 14:56:49,667] {dag.py:2280} INFO - Setting next_dagrun for example_dag_decorator to None
[2026-09-21 14:56:49,688] {scheduler_job.py:190} INFO - Processing /home/airflow/.local/lib/python3.6/site-packages/airflow/example_dags/example_dag_decorator.py took 0.091 seconds
[2026-09-21 14:57:20,622] {scheduler_job.py:182} INFO - Started process (PID=262) to work on /home/airflow/.local/lib/python3.6/site-packages/airflow/example_dags/example_dag_decorator.py
[2026-09-21 14:57:20,625] {scheduler_job.py:629} INFO - Processing file /home/airflow/.local/lib/python3.6/site-packages/airflow/example_dags/example_dag_decorator.py for tasks to queue
[2026-09-21 14:57:20,626] {logging_mixin.py:104} INFO - [2026-09-21 14:57:20,626] {dagbag.py:451} INFO - Filling up the DagBag from /home/airflow/.local/lib/python3.6/site-packages/airflow/example_dags/example_dag_decorator.py
[2026-09-21 14:57:20,650] {scheduler_job.py:639} INFO - DAG(s) dict_keys(['example_dag_decorator']) retrieved from /home/airflow/.local/lib/python3.6/site-packages/airflow/example_dags/example_dag_decorator.py
[2026-09-21 14:57:20,683] {logging_mixin.py:104} INFO - [2026-09-21 14:57:20,683] {dag.py:1824} INFO - Sync 1 DAGs
[2026-09-21 14:57:20,703] {logging_mixin.py:104} INFO - [2026-09-21 14:57:20,703] {dag.py:2280} INFO - Setting next_dagrun for example_dag_decorator to None
[2026-09-21 14:57:20,727] {scheduler_job.py:190} INFO - Processing /home/airflow/.local/lib/python3.6/site-packages/airflow/example_dags/example_dag_decorator.py took 0.109 seconds
[2026-09-21 14:57:50,850] {scheduler_job.py:182} INFO - Started process (PID=289) to work on /home/airflow/.local/lib/python3.6/site-packages/airflow/example_dags/example_dag_decorator.py
[2026-09-21 14:57:50,851] {scheduler_job.py:629} INFO - Processing file /home/airflow/.local/lib/python3.6/site-packages/airflow/example_dags/example_dag_decorator.py for tasks to queue
[2026-09-21 14:57:50,852] {logging_mixin.py:104} INFO - [2026-09-21 14:57:50,852] {dagbag.py:451} INFO - Filling up the DagBag from /home/airflow/.local/lib/python3.6/site-packages/airflow/example_dags/example_dag_decorator.py
[2026-09-21 14:57:50,874] {scheduler_job.py:639} INFO - DAG(s) dict_keys(['example_dag_decorator']) retrieved from /home/airflow/.local/lib/python3.6/site-packages/airflow/example_dags/example_dag_decorator.py
[2026-09-21 14:57:50,907] {logging_mixin.py:104} INFO - [2026-09-21 14:57:50,907] {dag.py:1824} INFO - Sync 1 DAGs
[2026-09-21 14:57:50,930] {logging_mixin.py:104} INFO - [2026-09-21 14:57:50,930] {dag.py:2280} INFO - Setting next_dagrun for example_dag_decorator to None
[2026-09-21 14:57:50,952] {scheduler_job.py:190} INFO - Processing /home/airflow/.local/lib/python3.6/site-packages/airflow/example_dags/example_dag_decorator.py took 0.108 seconds
[2026-09-21 14:58:21,077] {scheduler_job.py:182} INFO - Started process (PID=316) to work on /home/airflow/.local/lib/python3.6/site-packages/airflow/example_dags/example_dag_decorator.py
[2026-09-21 14:58:21,078] {scheduler_job.py:629} INFO - Processing file /home/airflow/.local/lib/python3.6/site-packages/airflow/example_dags/example_dag_decorator.py for tasks to queue
[2026-09-21 14:58:21,079] {logging_mixin.py:104} INFO - [2026-09-21 14:58:21,079] {dagbag.py:451} INFO - Filling up the DagBag from /home/airflow/.local/lib/python3.6/site-packages/airflow/example_dags/example_dag_decorator.py
[2026-09-21 14:58:21,098] {scheduler_job.py:639} INFO - DAG(s) dict_keys(['example_dag_decorator']) retrieved from /home/airflow/.local/lib/python3.6/site-packages/airflow/example_dags/example_dag_decorator.py
[2026-09-21 14:58:21,129] {logging_mixin.py:104} INFO - [2026-09-21 14:58:21,128] {dag.py:1824} INFO - Sync 1 DAGs
[2026-09-21 14:58:21,147] {logging_mixin.py:104} INFO - [2026-09-21 14:58:21,147] {dag.py:2280} INFO - Setting next_dagrun for example_dag_decorator to None
[2026-09-21 14:58:21,162] {scheduler_job.py:190} INFO - Processing /home/airflow/.local/lib/python3.6/site-packages/airflow/example_dags/example_dag_decorator.py took 0.089 seconds
[2026-09-21 14:58:51,263] {scheduler_job.py:182} INFO - Started process (PID=343) to work on /home/airflow/.local/lib/python3.6/site-packages/airflow/example_dags/example_dag_decorator.py
[2026-09-21 14:58:51,266] {scheduler_job.py:629} INFO - Processing file /home/airflow/.local/lib/python3.6/site-packages/airflow/example_dags/example_dag_decorator.py for tasks to queue
[2026-09-21 14:58:51,267] {logging_mixin.py:104} INFO - [2026-09-21 14:58:51,267] {dagbag.py:451} INFO - Filling up the DagBag from /home/airflow/.local/lib/python3.6/site-packages/airflow/example_dags/example_dag_decorator.py
[2026-09-21 14:58:51,296] {scheduler_job.py:639} INFO - DAG(s) dict_keys(['example_dag_decorator']) retrieved from /home/airflow/.local/lib/python3.6/site-packages/airflow/example_dags/example_dag_decorator.py
[2026-09-21 14:58:51,327] {logging_mixin.py:104} INFO - [2026-09-21 14:58:51,327] {dag.py:1824} INFO - Sync 1 DAGs
[2026-09-21 14:58:51,350] {logging_mixin.py:104} INFO - [2026-09-21 14:58:51,350] {dag.py:2280} INFO - Setting next_dagrun for example_dag_decorator to None
[2026-09-21 14:58:51,368] {scheduler_job.py:190} INFO - Processing /home/airflow/.local/lib/python3.6/site-packages/airflow/example_dags/example_dag_decorator.py took 0.112 seconds
[2026-09-21 14:59:21,757] {scheduler_job.py:182} INFO - Started process (PID=370) to work on /home/airflow/.local/lib/python3.6/site-packages/airflow/example_dags/example_dag_decorator.py
[2026-09-21 14:59:21,758] {scheduler_job.py:629} INFO - Processing file /home/airflow/.local/lib/python3.6/site-packages/airflow/example_dags/example_dag_decorator.py for tasks to queue
[2026-09-21 14:59:21,759] {logging_mixin.py:104} INFO - [2026-09-21 14:59:21,759] {dagbag.py:451} INFO - Filling up the DagBag from /home/airflow/.local/lib/python3.6/site-packages/airflow/example_dags/example_dag_decorator.py
[2026-09-21 14:59:21,782] {scheduler_job.py:639} INFO - DAG(s) dict_keys(['example_dag_decorator']) retrieved from /home/airflow/.local/lib/python3.6/site-packages/airflow/example_dags/example_dag_decorator.py
[2026-09-21 14:59:21,814] {logging_mixin.py:104} INFO - [2026-09-21 14:59:21,814] {dag.py:1824} INFO - Sync 1 DAGs
[2026-09-21 14:59:21,837] {logging_mixin.py:104} INFO - [2026-09-21 14:59:21,837] {dag.py:2280} INFO - Setting next_dagrun for example_dag_decorator to None
[2026-09-21 14:59:21,862] {scheduler_job.py:190} INFO - Processing /home/airflow/.local/lib/python3.6/site-packages/airflow/example_dags/example_dag_decorator.py took 0.109 seconds
[2026-09-21 14:59:52,331] {scheduler_job.py:182} INFO - Started process (PID=396) to work on /home/airflow/.local/lib/python3.6/site-packages/airflow/example_dags/example_dag_decorator.py
[2026-09-21 14:59:52,332] {scheduler_job.py:629} INFO - Processing file /home/airflow/.local/lib/python3.6/site-packages/airflow/example_dags/example_dag_decorator.py for tasks to queue
[2026-09-21 14:59:52,333] {logging_mixin.py:104} INFO - [2026-09-21 14:59:52,333] {dagbag.py:451} INFO - Filling up the DagBag from /home/airflow/.local/lib/python3.6/site-packages/airflow/example_dags/example_dag_decorator.py
[2026-09-21 14:59:52,353] {scheduler_job.py:639} INFO - DAG(s) dict_keys(['example_dag_decorator']) retrieved from /home/airflow/.local/lib/python3.6/site-packages/airflow/example_dags/example_dag_decorator.py
[2026-09-21 14:59:52,381] {logging_mixin.py:104} INFO - [2026-09-21 14:59:52,381] {dag.py:1824} INFO - Sync 1 DAGs
[2026-09-21 14:59:52,403] {logging_mixin.py:104} INFO - [2026-09-21 14:59:52,403] {dag.py:2280} INFO - Setting next_dagrun for example_dag_decorator to None
[2026-09-21 14:59:52,420] {scheduler_job.py:190} INFO - Processing /home/airflow/.local/lib/python3.6/site-packages/airflow/example_dags/example_dag_decorator.py took 0.093 seconds
[2026-09-21 15:00:22,658] {scheduler_job.py:182} INFO - Started process (PID=424) to work on /home/airflow/.local/lib/python3.6/site-packages/airflow/example_dags/example_dag_decorator.py
[2026-09-21 15:00:22,660] {scheduler_job.py:629} INFO - Processing file /home/airflow/.local/lib/python3.6/site-packages/airflow/example_dags/example_dag_decorator.py for tasks to queue
[2026-09-21 15:00:22,661] {logging_mixin.py:104} INFO - [2026-09-21 15:00:22,661] {dagbag.py:451} INFO - Filling up the DagBag from /home/airflow/.local/lib/python3.6/site-packages/airflow/example_dags/example_dag_decorator.py
[2026-09-21 15:00:22,694] {scheduler_job.py:639} INFO - DAG(s) dict_keys(['example_dag_decorator']) retrieved from /home/airflow/.local/lib/python3.6/site-packages/airflow/example_dags/example_dag_decorator.py
[2026-09-21 15:00:22,739] {logging_mixin.py:104} INFO - [2026-09-21 15:00:22,739] {dag.py:1824} INFO - Sync 1 DAGs
[2026-09-21 15:00:22,770] {logging_mixin.py:104} INFO - [2026-09-21 15:00:22,770] {dag.py:2280} INFO - Setting next_dagrun for example_dag_decorator to None
[2026-09-21 15:00:22,797] {scheduler_job.py:190} INFO - Processing /home/airflow/.local/lib/python3.6/site-packages/airflow/example_dags/example_dag_decorator.py took 0.145 seconds
[2026-09-21 15:00:52,919] {scheduler_job.py:182} INFO - Started process (PID=451) to work on /home/airflow/.local/lib/python3.6/site-packages/airflow/example_dags/example_dag_decorator.py
[2026-09-21 15:00:52,921] {scheduler_job.py:629} INFO - Processing file /home/airflow/.local/lib/python3.6/site-packages/airflow/example_dags/example_dag_decorator.py for tasks to queue
[2026-09-21 15:00:52,923] {logging_mixin.py:104} INFO - [2026-09-21 15:00:52,923] {dagbag.py:451} INFO - Filling up the DagBag from /home/airflow/.local/lib/python3.6/site-packages/airflow/example_dags/example_dag_decorator.py
[2026-09-21 15:00:52,952] {scheduler_job.py:639} INFO - DAG(s) dict_keys(['example_dag_decorator']) retrieved from /home/airflow/.local/lib/python3.6/site-packages/airflow/example_dags/example_dag_decorator.py
[2026-09-21 15:00:53,003] {logging_mixin.py:104} INFO - [2026-09-21 15:00:53,003] {dag.py:1824} INFO - Sync 1 DAGs
[2026-09-21 15:00:53,031] {logging_mixin.py:104} INFO - [2026-09-21 15:00:53,031] {dag.py:2280} INFO - Setting next_dagrun for example_dag_decorator to None
[2026-09-21 15:00:53,064] {scheduler_job.py:190} INFO - Processing /home/airflow/.local/lib/python3.6/site-packages/airflow/example_dags/example_dag_decorator.py took 0.150 seconds
[2026-09-21 15:01:23,231] {scheduler_job.py:182} INFO - Started process (PID=477) to work on /home/airflow/.local/lib/python3.6/site-packages/airflow/example_dags/example_dag_decorator.py
[2026-09-21 15:01:23,232] {scheduler_job.py:629} INFO - Processing file /home/airflow/.local/lib/python3.6/site-packages/airflow/example_dags/example_dag_decorator.py for tasks to queue
[2026-09-21 15:01:23,233] {logging_mixin.py:104} INFO - [2026-09-21 15:01:23,233] {dagbag.py:451} INFO - Filling up the DagBag from /home/airflow/.local/lib/python3.6/site-packages/airflow/example_dags/example_dag_decorator.py
[2026-09-21 15:01:23,254] {scheduler_job.py:639} INFO - DAG(s) dict_keys(['example_dag_decorator']) retrieved from /home/airflow/.local/lib/python3.6/site-packages/airflow/example_dags/example_dag_decorator.py
[2026-09-21 15:01:23,284] {logging_mixin.py:104} INFO - [2026-09-21 15:01:23,284] {dag.py:1824} INFO - Sync 1 DAGs
[2026-09-21 15:01:23,305] {logging_mixin.py:104} INFO - [2026-09-21 15:01:23,305] {dag.py:2280} INFO - Setting next_dagrun for example_dag_decorator to None
[2026-09-21 15:01:23,319] {scheduler_job.py:190} INFO - Processing /home/airflow/.local/lib/python3.6/site-packages/airflow/example_dags/example_dag_decorator.py took 0.092 seconds
[2026-09-21 15:01:53,837] {scheduler_job.py:182} INFO - Started process (PID=504) to work on /home/airflow/.local/lib/python3.6/site-packages/airflow/example_dags/example_dag_decorator.py
[2026-09-21 15:01:53,838] {scheduler_job.py:629} INFO - Processing file /home/airflow/.local/lib/python3.6/site-packages/airflow/example_dags/example_dag_decorator.py for tasks to queue
[2026-09-21 15:01:53,840] {logging_mixin.py:104} INFO - [2026-09-21 15:01:53,839] {dagbag.py:451} INFO - Filling up the DagBag from /home/airflow/.local/lib/python3.6/site-packages/airflow/example_dags/example_dag_decorator.py
[2026-09-21 15:01:53,862] {scheduler_job.py:639} INFO - DAG(s) dict_keys(['example_dag_decorator']) retrieved from /home/airflow/.local/lib/python3.6/site-packages/airflow/example_dags/example_dag_decorator.py
[2026-09-21 15:01:53,897] {logging_mixin.py:104} INFO - [2026-09-21 15:01:53,896] {dag.py:1824} INFO - Sync 1 DAGs
[2026-09-21 15:01:53,920] {logging_mixin.py:104} INFO - [2026-09-21 15:01:53,920] {dag.py:2280} INFO - Setting next_dagrun for example_dag_decorator to None
[2026-09-21 15:01:53,939] {scheduler_job.py:190} INFO - Processing /home/airflow/.local/lib/python3.6/site-packages/airflow/example_dags/example_dag_decorator.py took 0.106 seconds
[2026-09-21 15:02:24,706] {scheduler_job.py:182} INFO - Started process (PID=534) to work on /home/airflow/.local/lib/python3.6/site-packages/airflow/example_dags/example_dag_decorator.py
[2026-09-21 15:02:24,708] {scheduler_job.py:629} INFO - Processing file /home/airflow/.local/lib/python3.6/site-packages/airflow/example_dags/example_dag_decorator.py for tasks to queue
[2026-09-21 15:02:24,709] {logging_mixin.py:104} INFO - [2026-09-21 15:02:24,709] {dagbag.py:451} INFO - Filling up the DagBag from /home/airflow/.local/lib/python3.6/site-packages/airflow/example_dags/example_dag_decorator.py
[2026-09-21 15:02:24,733] {scheduler_job.py:639} INFO - DAG(s) dict_keys(['example_dag_decorator']) retrieved from /home/airflow/.local/lib/python3.6/site-packages/airflow/example_dags/example_dag_decorator.py
[2026-09-21 15:02:24,762] {logging_mixin.py:104} INFO - [2026-09-21 15:02:24,762] {dag.py:1824} INFO - Sync 1 DAGs
[2026-09-21 15:02:24,789] {logging_mixin.py:104} INFO - [2026-09-21 15:02:24,789] {dag.py:2280} INFO - Setting next_dagrun for example_dag_decorator to None
[2026-09-21 15:02:24,824] {scheduler_job.py:190} INFO - Processing /home/airflow/.local/lib/python3.6/site-packages/airflow/example_dags/example_dag_decorator.py took 0.122 seconds
[2026-09-21 15:02:55,425] {scheduler_job.py:182} INFO - Started process (PID=561) to work on /home/airflow/.local/lib/python3.6/site-packages/airflow/example_dags/example_dag_decorator.py
[2026-09-21 15:02:55,426] {scheduler_job.py:629} INFO - Processing file /home/airflow/.local/lib/python3.6/site-packages/airflow/example_dags/example_dag_decorator.py for tasks to queue
[2026-09-21 15:02:55,427] {logging_mixin.py:104} INFO - [2026-09-21 15:02:55,427] {dagbag.py:451} INFO - Filling up the DagBag from /home/airflow/.local/lib/python3.6/site-packages/airflow/example_dags/example_dag_decorator.py
[2026-09-21 15:02:55,451] {scheduler_job.py:639} INFO - DAG(s) dict_keys(['example_dag_decorator']) retrieved from /home/airflow/.local/lib/python3.6/site-packages/airflow/example_dags/example_dag_decorator.py
[2026-09-21 15:02:55,484] {logging_mixin.py:104} INFO - [2026-09-21 15:02:55,484] {dag.py:1824} INFO - Sync 1 DAGs
[2026-09-21 15:02:55,510] {logging_mixin.py:104} INFO - [2026-09-21 15:02:55,510] {dag.py:2280} INFO - Setting next_dagrun for example_dag_decorator to None
[2026-09-21 15:02:55,532] {scheduler_job.py:190} INFO - Processing /home/airflow/.local/lib/python3.6/site-packages/airflow/example_dags/example_dag_decorator.py took 0.111 seconds
[2026-09-21 15:03:26,045] {scheduler_job.py:182} INFO - Started process (PID=588) to work on /home/airflow/.local/lib/python3.6/site-packages/airflow/example_dags/example_dag_decorator.py
[2026-09-21 15:03:26,046] {scheduler_job.py:629} INFO - Processing file /home/airflow/.local/lib/python3.6/site-packages/airflow/example_dags/example_dag_decorator.py for tasks to queue
[2026-09-21 15:03:26,047] {logging_mixin.py:104} INFO - [2026-09-21 15:03:26,047] {dagbag.py:451} INFO - Filling up the DagBag from /home/airflow/.local/lib/python3.6/site-packages/airflow/example_dags/example_dag_decorator.py
[2026-09-21 15:03:26,071] {scheduler_job.py:639} INFO - DAG(s) dict_keys(['example_dag_decorator']) retrieved from /home/airflow/.local/lib/python3.6/site-packages/airflow/example_dags/example_dag_decorator.py
[2026-09-21 15:03:26,100] {logging_mixin.py:104} INFO - [2026-09-21 15:03:26,099] {dag.py:1824} INFO - Sync 1 DAGs
[2026-09-21 15:03:26,121] {logging_mixin.py:104} INFO - [2026-09-21 15:03:26,121] {dag.py:2280} INFO - Setting next_dagrun for example_dag_decorator to None
[2026-09-21 15:03:26,139] {scheduler_job.py:190} INFO - Processing /home/airflow/.local/lib/python3.6/site-packages/airflow/example_dags/example_dag_decorator.py took 0.098 seconds
[2026-09-21 15:03:56,826] {scheduler_job.py:182} INFO - Started process (PID=615) to work on /home/airflow/.local/lib/python3.6/site-packages/airflow/example_dags/example_dag_decorator.py
[2026-09-21 15:03:56,827] {scheduler_job.py:629} INFO - Processing file /home/airflow/.local/lib/python3.6/site-packages/airflow/example_dags/example_dag_decorator.py for tasks to queue
[2026-09-21 15:03:56,829] {logging_mixin.py:104} INFO - [2026-09-21 15:03:56,829] {dagbag.py:451} INFO - Filling up the DagBag from /home/airflow/.local/lib/python3.6/site-packages/airflow/example_dags/example_dag_decorator.py
[2026-09-21 15:03:56,852] {scheduler_job.py:639} INFO - DAG(s) dict_keys(['example_dag_decorator']) retrieved from /home/airflow/.local/lib/python3.6/site-packages/airflow/example_dags/example_dag_decorator.py
[2026-09-21 15:03:56,891] {logging_mixin.py:104} INFO - [2026-09-21 15:03:56,891] {dag.py:1824} INFO - Sync 1 DAGs
[2026-09-21 15:03:56,918] {logging_mixin.py:104} INFO - [2026-09-21 15:03:56,918] {dag.py:2280} INFO - Setting next_dagrun for example_dag_decorator to None
[2026-09-21 15:03:56,937] {scheduler_job.py:190} INFO - Processing /home/airflow/.local/lib/python3.6/site-packages/airflow/example_dags/example_dag_decorator.py took 0.116 seconds
[2026-09-21 15:04:27,566] {scheduler_job.py:182} INFO - Started process (PID=642) to work on /home/airflow/.local/lib/python3.6/site-packages/airflow/example_dags/example_dag_decorator.py
[2026-09-21 15:04:27,567] {scheduler_job.py:629} INFO - Processing file /home/airflow/.local/lib/python3.6/site-packages/airflow/example_dags/example_dag_decorator.py for tasks to queue
[2026-09-21 15:04:27,568] {logging_mixin.py:104} INFO - [2026-09-21 15:04:27,568] {dagbag.py:451} INFO - Filling up the DagBag from /home/airflow/.local/lib/python3.6/site-packages/airflow/example_dags/example_dag_decorator.py
[2026-09-21 15:04:27,588] {scheduler_job.py:639} INFO - DAG(s) dict_keys(['example_dag_decorator']) retrieved from /home/airflow/.local/lib/python3.6/site-packages/airflow/example_dags/example_dag_decorator.py
[2026-09-21 15:04:27,618] {logging_mixin.py:104} INFO - [2026-09-21 15:04:27,618] {dag.py:1824} INFO - Sync 1 DAGs
[2026-09-21 15:04:27,640] {logging_mixin.py:104} INFO - [2026-09-21 15:04:27,640] {dag.py:2280} INFO - Setting next_dagrun for example_dag_decorator to None
[2026-09-21 15:04:27,656] {scheduler_job.py:190} INFO - Processing /home/airflow/.local/lib/python3.6/site-packages/airflow/example_dags/example_dag_decorator.py took 0.095 seconds
[2026-09-21 15:04:57,745] {scheduler_job.py:182} INFO - Started process (PID=669) to work on /home/airflow/.local/lib/python3.6/site-packages/airflow/example_dags/example_dag_decorator.py
[2026-09-21 15:04:57,746] {scheduler_job.py:629} INFO - Processing file /home/airflow/.local/lib/python3.6/site-packages/airflow/example_dags/example_dag_decorator.py for tasks to queue
[2026-09-21 15:04:57,746] {logging_mixin.py:104} INFO - [2026-09-21 15:04:57,746] {dagbag.py:451} INFO - Filling up the DagBag from /home/airflow/.local/lib/python3.6/site-packages/airflow/example_dags/example_dag_decorator.py
[2026-09-21 15:04:57,768] {scheduler_job.py:639} INFO - DAG(s) dict_keys(['example_dag_decorator']) retrieved from /home/airflow/.local/lib/python3.6/site-packages/airflow/example_dags/example_dag_decorator.py
[2026-09-21 15:04:57,798] {logging_mixin.py:104} INFO - [2026-09-21 15:04:57,797] {dag.py:1824} INFO - Sync 1 DAGs
[2026-09-21 15:04:57,816] {logging_mixin.py:104} INFO - [2026-09-21 15:04:57,816] {dag.py:2280} INFO - Setting next_dagrun for example_dag_decorator to None
[2026-09-21 15:04:57,831] {scheduler_job.py:190} INFO - Processing /home/airflow/.local/lib/python3.6/site-packages/airflow/example_dags/example_dag_decorator.py took 0.090 seconds
[2026-09-21 15:05:27,916] {scheduler_job.py:182} INFO - Started process (PID=694) to work on /home/airflow/.local/lib/python3.6/site-packages/airflow/example_dags/example_dag_decorator.py
[2026-09-21 15:05:27,917] {scheduler_job.py:629} INFO - Processing file /home/airflow/.local/lib/python3.6/site-packages/airflow/example_dags/example_dag_decorator.py for tasks to queue
[2026-09-21 15:05:27,918] {logging_mixin.py:104} INFO - [2026-09-21 15:05:27,918] {dagbag.py:451} INFO - Filling up the DagBag from /home/airflow/.local/lib/python3.6/site-packages/airflow/example_dags/example_dag_decorator.py
[2026-09-21 15:05:27,940] {scheduler_job.py:639} INFO - DAG(s) dict_keys(['example_dag_decorator']) retrieved from /home/airflow/.local/lib/python3.6/site-packages/airflow/example_dags/example_dag_decorator.py
[2026-09-21 15:05:27,976] {logging_mixin.py:104} INFO - [2026-09-21 15:05:27,976] {dag.py:1824} INFO - Sync 1 DAGs
[2026-09-21 15:05:27,995] {logging_mixin.py:104} INFO - [2026-09-21 15:05:27,995] {dag.py:2280} INFO - Setting next_dagrun for example_dag_decorator to None
[2026-09-21 15:05:28,013] {scheduler_job.py:190} INFO - Processing /home/airflow/.local/lib/python3.6/site-packages/airflow/example_dags/example_dag_decorator.py took 0.102 seconds
[2026-09-21 15:05:58,370] {scheduler_job.py:182} INFO - Started process (PID=720) to work on /home/airflow/.local/lib/python3.6/site-packages/airflow/example_dags/example_dag_decorator.py
[2026-09-21 15:05:58,371] {scheduler_job.py:629} INFO - Processing file /home/airflow/.local/lib/python3.6/site-packages/airflow/example_dags/example_dag_decorator.py for tasks to queue
[2026-09-21 15:05:58,372] {logging_mixin.py:104} INFO - [2026-09-21 15:05:58,372] {dagbag.py:451} INFO - Filling up the DagBag from /home/airflow/.local/lib/python3.6/site-packages/airflow/example_dags/example_dag_decorator.py
[2026-09-21 15:05:58,391] {scheduler_job.py:639} INFO - DAG(s) dict_keys(['example_dag_decorator']) retrieved from /home/airflow/.local/lib/python3.6/site-packages/airflow/example_dags/example_dag_decorator.py
[2026-09-21 15:05:58,429] {logging_mixin.py:104} INFO - [2026-09-21 15:05:58,428] {dag.py:1824} INFO - Sync 1 DAGs
[2026-09-21 15:05:58,459] {logging_mixin.py:104} INFO - [2026-09-21 15:05:58,459] {dag.py:2280} INFO - Setting next_dagrun for example_dag_decorator to None
[2026-09-21 15:05:58,478] {scheduler_job.py:190} INFO - Processing /home/airflow/.local/lib/python3.6/site-packages/airflow/example_dags/example_dag_decorator.py took 0.112 seconds
[2026-09-21 15:06:29,482] {scheduler_job.py:182} INFO - Started process (PID=750) to work on /home/airflow/.local/lib/python3.6/site-packages/airflow/example_dags/example_dag_decorator.py
[2026-09-21 15:06:29,483] {scheduler_job.py:629} INFO - Processing file /home/airflow/.local/lib/python3.6/site-packages/airflow/example_dags/example_dag_decorator.py for tasks to queue
[2026-09-21 15:06:29,484] {logging_mixin.py:104} INFO - [2026-09-21 15:06:29,484] {dagbag.py:451} INFO - Filling up the DagBag from /home/airflow/.local/lib/python3.6/site-packages/airflow/example_dags/example_dag_decorator.py
[2026-09-21 15:06:29,508] {scheduler_job.py:639} INFO - DAG(s) dict_keys(['example_dag_decorator']) retrieved from /home/airflow/.local/lib/python3.6/site-packages/airflow/example_dags/example_dag_decorator.py
[2026-09-21 15:06:29,546] {logging_mixin.py:104} INFO - [2026-09-21 15:06:29,546] {dag.py:1824} INFO - Sync 1 DAGs
[2026-09-21 15:06:29,571] {logging_mixin.py:104} INFO - [2026-09-21 15:06:29,571] {dag.py:2280} INFO - Setting next_dagrun for example_dag_decorator to None
[2026-09-21 15:06:29,593] {scheduler_job.py:190} INFO - Processing /home/airflow/.local/lib/python3.6/site-packages/airflow/example_dags/example_dag_decorator.py took 0.116 seconds
[2026-09-21 15:06:59,616] {scheduler_job.py:182} INFO - Started process (PID=777) to work on /home/airflow/.local/lib/python3.6/site-packages/airflow/example_dags/example_dag_decorator.py
[2026-09-21 15:06:59,618] {scheduler_job.py:629} INFO - Processing file /home/airflow/.local/lib/python3.6/site-packages/airflow/example_dags/example_dag_decorator.py for tasks to queue
[2026-09-21 15:06:59,618] {logging_mixin.py:104} INFO - [2026-09-21 15:06:59,618] {dagbag.py:451} INFO - Filling up the DagBag from /home/airflow/.local/lib/python3.6/site-packages/airflow/example_dags/example_dag_decorator.py
[2026-09-21 15:06:59,638] {scheduler_job.py:639} INFO - DAG(s) dict_keys(['example_dag_decorator']) retrieved from /home/airflow/.local/lib/python3.6/site-packages/airflow/example_dags/example_dag_decorator.py
[2026-09-21 15:06:59,668] {logging_mixin.py:104} INFO - [2026-09-21 15:06:59,667] {dag.py:1824} INFO - Sync 1 DAGs
[2026-09-21 15:06:59,689] {logging_mixin.py:104} INFO - [2026-09-21 15:06:59,688] {dag.py:2280} INFO - Setting next_dagrun for example_dag_decorator to None
[2026-09-21 15:06:59,705] {scheduler_job.py:190} INFO - Processing /home/airflow/.local/lib/python3.6/site-packages/airflow/example_dags/example_dag_decorator.py took 0.093 seconds
[2026-09-21 15:07:30,191] {scheduler_job.py:182} INFO - Started process (PID=804) to work on /home/airflow/.local/lib/python3.6/site-packages/airflow/example_dags/example_dag_decorator.py
[2026-09-21 15:07:30,193] {scheduler_job.py:629} INFO - Processing file /home/airflow/.local/lib/python3.6/site-packages/airflow/example_dags/example_dag_decorator.py for tasks to queue
[2026-09-21 15:07:30,194] {logging_mixin.py:104} INFO - [2026-09-21 15:07:30,194] {dagbag.py:451} INFO - Filling up the DagBag from /home/airflow/.local/lib/python3.6/site-packages/airflow/example_dags/example_dag_decorator.py
[2026-09-21 15:07:30,228] {scheduler_job.py:639} INFO - DAG(s) dict_keys(['example_dag_decorator']) retrieved from /home/airflow/.local/lib/python3.6/site-packages/airflow/example_dags/example_dag_decorator.py
[2026-09-21 15:07:30,261] {logging_mixin.py:104} INFO - [2026-09-21 15:07:30,261] {dag.py:1824} INFO - Sync 1 DAGs
[2026-09-21 15:07:30,281] {logging_mixin.py:104} INFO - [2026-09-21 15:07:30,281] {dag.py:2280} INFO - Setting next_dagrun for example_dag_decorator to None
[2026-09-21 15:07:30,296] {scheduler_job.py:190} INFO - Processing /home/airflow/.local/lib/python3.6/site-packages/airflow/example_dags/example_dag_decorator.py took 0.109 seconds
[2026-09-21 15:08:01,342] {scheduler_job.py:182} INFO - Started process (PID=831) to work on /home/airflow/.local/lib/python3.6/site-packages/airflow/example_dags/example_dag_decorator.py
[2026-09-21 15:08:01,344] {scheduler_job.py:629} INFO - Processing file /home/airflow/.local/lib/python3.6/site-packages/airflow/example_dags/example_dag_decorator.py for tasks to queue
[2026-09-21 15:08:01,345] {logging_mixin.py:104} INFO - [2026-09-21 15:08:01,344] {dagbag.py:451} INFO - Filling up the DagBag from /home/airflow/.local/lib/python3.6/site-packages/airflow/example_dags/example_dag_decorator.py
[2026-09-21 15:08:01,458] {scheduler_job.py:639} INFO - DAG(s) dict_keys(['example_dag_decorator']) retrieved from /home/airflow/.local/lib/python3.6/site-packages/airflow/example_dags/example_dag_decorator.py
[2026-09-21 15:08:01,572] {logging_mixin.py:104} INFO - [2026-09-21 15:08:01,571] {dag.py:1824} INFO - Sync 1 DAGs
[2026-09-21 15:08:01,607] {logging_mixin.py:104} INFO - [2026-09-21 15:08:01,607] {dag.py:2280} INFO - Setting next_dagrun for example_dag_decorator to None
[2026-09-21 15:08:01,641] {scheduler_job.py:190} INFO - Processing /home/airflow/.local/lib/python3.6/site-packages/airflow/example_dags/example_dag_decorator.py took 0.305 seconds
[2026-09-21 15:08:31,800] {scheduler_job.py:182} INFO - Started process (PID=858) to work on /home/airflow/.local/lib/python3.6/site-packages/airflow/example_dags/example_dag_decorator.py
[2026-09-21 15:08:31,804] {scheduler_job.py:629} INFO - Processing file /home/airflow/.local/lib/python3.6/site-packages/airflow/example_dags/example_dag_decorator.py for tasks to queue
[2026-09-21 15:08:31,806] {logging_mixin.py:104} INFO - [2026-09-21 15:08:31,805] {dagbag.py:451} INFO - Filling up the DagBag from /home/airflow/.local/lib/python3.6/site-packages/airflow/example_dags/example_dag_decorator.py
[2026-09-21 15:08:31,843] {scheduler_job.py:639} INFO - DAG(s) dict_keys(['example_dag_decorator']) retrieved from /home/airflow/.local/lib/python3.6/site-packages/airflow/example_dags/example_dag_decorator.py
[2026-09-21 15:08:32,015] {logging_mixin.py:104} INFO - [2026-09-21 15:08:32,015] {dag.py:1824} INFO - Sync 1 DAGs
[2026-09-21 15:08:32,085] {logging_mixin.py:104} INFO - [2026-09-21 15:08:32,085] {dag.py:2280} INFO - Setting next_dagrun for example_dag_decorator to None
[2026-09-21 15:08:32,118] {scheduler_job.py:190} INFO - Processing /home/airflow/.local/lib/python3.6/site-packages/airflow/example_dags/example_dag_decorator.py took 0.325 seconds
[2026-09-21 15:09:02,265] {scheduler_job.py:182} INFO - Started process (PID=885) to work on /home/airflow/.local/lib/python3.6/site-packages/airflow/example_dags/example_dag_decorator.py
[2026-09-21 15:09:02,269] {scheduler_job.py:629} INFO - Processing file /home/airflow/.local/lib/python3.6/site-packages/airflow/example_dags/example_dag_decorator.py for tasks to queue
[2026-09-21 15:09:02,275] {logging_mixin.py:104} INFO - [2026-09-21 15:09:02,273] {dagbag.py:451} INFO - Filling up the DagBag from /home/airflow/.local/lib/python3.6/site-packages/airflow/example_dags/example_dag_decorator.py
[2026-09-21 15:09:02,379] {scheduler_job.py:639} INFO - DAG(s) dict_keys(['example_dag_decorator']) retrieved from /home/airflow/.local/lib/python3.6/site-packages/airflow/example_dags/example_dag_decorator.py
[2026-09-21 15:09:02,470] {logging_mixin.py:104} INFO - [2026-09-21 15:09:02,470] {dag.py:1824} INFO - Sync 1 DAGs
[2026-09-21 15:09:02,526] {logging_mixin.py:104} INFO - [2026-09-21 15:09:02,526] {dag.py:2280} INFO - Setting next_dagrun for example_dag_decorator to None
[2026-09-21 15:09:02,581] {scheduler_job.py:190} INFO - Processing /home/airflow/.local/lib/python3.6/site-packages/airflow/example_dags/example_dag_decorator.py took 0.327 seconds
[2026-09-21 15:09:32,806] {scheduler_job.py:182} INFO - Started process (PID=908) to work on /home/airflow/.local/lib/python3.6/site-packages/airflow/example_dags/example_dag_decorator.py
[2026-09-21 15:09:32,808] {scheduler_job.py:629} INFO - Processing file /home/airflow/.local/lib/python3.6/site-packages/airflow/example_dags/example_dag_decorator.py for tasks to queue
[2026-09-21 15:09:32,809] {logging_mixin.py:104} INFO - [2026-09-21 15:09:32,809] {dagbag.py:451} INFO - Filling up the DagBag from /home/airflow/.local/lib/python3.6/site-packages/airflow/example_dags/example_dag_decorator.py
[2026-09-21 15:09:32,847] {scheduler_job.py:639} INFO - DAG(s) dict_keys(['example_dag_decorator']) retrieved from /home/airflow/.local/lib/python3.6/site-packages/airflow/example_dags/example_dag_decorator.py
[2026-09-21 15:09:32,907] {logging_mixin.py:104} INFO - [2026-09-21 15:09:32,907] {dag.py:1824} INFO - Sync 1 DAGs
[2026-09-21 15:09:32,943] {logging_mixin.py:104} INFO - [2026-09-21 15:09:32,943] {dag.py:2280} INFO - Setting next_dagrun for example_dag_decorator to None
[2026-09-21 15:09:32,991] {scheduler_job.py:190} INFO - Processing /home/airflow/.local/lib/python3.6/site-packages/airflow/example_dags/example_dag_decorator.py took 0.192 seconds
[2026-09-21 15:10:03,217] {scheduler_job.py:182} INFO - Started process (PID=935) to work on /home/airflow/.local/lib/python3.6/site-packages/airflow/example_dags/example_dag_decorator.py
[2026-09-21 15:10:03,219] {scheduler_job.py:629} INFO - Processing file /home/airflow/.local/lib/python3.6/site-packages/airflow/example_dags/example_dag_decorator.py for tasks to queue
[2026-09-21 15:10:03,220] {logging_mixin.py:104} INFO - [2026-09-21 15:10:03,220] {dagbag.py:451} INFO - Filling up the DagBag from /home/airflow/.local/lib/python3.6/site-packages/airflow/example_dags/example_dag_decorator.py
[2026-09-21 15:10:03,255] {scheduler_job.py:639} INFO - DAG(s) dict_keys(['example_dag_decorator']) retrieved from /home/airflow/.local/lib/python3.6/site-packages/airflow/example_dags/example_dag_decorator.py
[2026-09-21 15:10:03,302] {logging_mixin.py:104} INFO - [2026-09-21 15:10:03,301] {dag.py:1824} INFO - Sync 1 DAGs
[2026-09-21 15:10:03,334] {logging_mixin.py:104} INFO - [2026-09-21 15:10:03,333] {dag.py:2280} INFO - Setting next_dagrun for example_dag_decorator to None
[2026-09-21 15:10:03,360] {scheduler_job.py:190} INFO - Processing /home/airflow/.local/lib/python3.6/site-packages/airflow/example_dags/example_dag_decorator.py took 0.150 seconds
[2026-09-21 15:10:33,704] {scheduler_job.py:182} INFO - Started process (PID=963) to work on /home/airflow/.local/lib/python3.6/site-packages/airflow/example_dags/example_dag_decorator.py
[2026-09-21 15:10:33,706] {scheduler_job.py:629} INFO - Processing file /home/airflow/.local/lib/python3.6/site-packages/airflow/example_dags/example_dag_decorator.py for tasks to queue
[2026-09-21 15:10:33,710] {logging_mixin.py:104} INFO - [2026-09-21 15:10:33,710] {dagbag.py:451} INFO - Filling up the DagBag from /home/airflow/.local/lib/python3.6/site-packages/airflow/example_dags/example_dag_decorator.py
[2026-09-21 15:10:33,746] {scheduler_job.py:639} INFO - DAG(s) dict_keys(['example_dag_decorator']) retrieved from /home/airflow/.local/lib/python3.6/site-packages/airflow/example_dags/example_dag_decorator.py
[2026-09-21 15:10:34,513] {scheduler_job.py:193} ERROR - Got an exception! Propagating...
Traceback (most recent call last):
  File "/home/airflow/.local/lib/python3.6/site-packages/sqlalchemy/engine/base.py", line 2336, in _wrap_pool_connect
    return fn()
  File "/home/airflow/.local/lib/python3.6/site-packages/sqlalchemy/pool/base.py", line 364, in connect
    return _ConnectionFairy._checkout(self)
  File "/home/airflow/.local/lib/python3.6/site-packages/sqlalchemy/pool/base.py", line 778, in _checkout
    fairy = _ConnectionRecord.checkout(pool)
  File "/home/airflow/.local/lib/python3.6/site-packages/sqlalchemy/pool/base.py", line 495, in checkout
    rec = pool._do_get()
  File "/home/airflow/.local/lib/python3.6/site-packages/sqlalchemy/pool/impl.py", line 140, in _do_get
    self._dec_overflow()
  File "/home/airflow/.local/lib/python3.6/site-packages/sqlalchemy/util/langhelpers.py", line 70, in __exit__
    with_traceback=exc_tb,
  File "/home/airflow/.local/lib/python3.6/site-packages/sqlalchemy/util/compat.py", line 182, in raise_
    raise exception
  File "/home/airflow/.local/lib/python3.6/site-packages/sqlalchemy/pool/impl.py", line 137, in _do_get
    return self._create_connection()
  File "/home/airflow/.local/lib/python3.6/site-packages/sqlalchemy/pool/base.py", line 309, in _create_connection
    return _ConnectionRecord(self)
  File "/home/airflow/.local/lib/python3.6/site-packages/sqlalchemy/pool/base.py", line 440, in __init__
    self.__connect(first_connect_check=True)
  File "/home/airflow/.local/lib/python3.6/site-packages/sqlalchemy/pool/base.py", line 661, in __connect
    pool.logger.debug("Error on connect(): %s", e)
  File "/home/airflow/.local/lib/python3.6/site-packages/sqlalchemy/util/langhelpers.py", line 70, in __exit__
    with_traceback=exc_tb,
  File "/home/airflow/.local/lib/python3.6/site-packages/sqlalchemy/util/compat.py", line 182, in raise_
    raise exception
  File "/home/airflow/.local/lib/python3.6/site-packages/sqlalchemy/pool/base.py", line 656, in __connect
    connection = pool._invoke_creator(self)
  File "/home/airflow/.local/lib/python3.6/site-packages/sqlalchemy/engine/strategies.py", line 114, in connect
    return dialect.connect(*cargs, **cparams)
  File "/home/airflow/.local/lib/python3.6/site-packages/sqlalchemy/engine/default.py", line 508, in connect
    return self.dbapi.connect(*cargs, **cparams)
  File "/home/airflow/.local/lib/python3.6/site-packages/psycopg2/__init__.py", line 127, in connect
    conn = _connect(dsn, connection_factory=connection_factory, **kwasync)
psycopg2.OperationalError: could not translate host name "postgres" to address: Temporary failure in name resolution


The above exception was the direct cause of the following exception:

Traceback (most recent call last):
  File "/home/airflow/.local/lib/python3.6/site-packages/airflow/jobs/scheduler_job.py", line 187, in _run_file_processor
    callback_requests=callback_requests,
  File "/home/airflow/.local/lib/python3.6/site-packages/airflow/utils/session.py", line 70, in wrapper
    return func(*args, session=session, **kwargs)
  File "/home/airflow/.local/lib/python3.6/site-packages/airflow/jobs/scheduler_job.py", line 648, in process_file
    dagbag.sync_to_db()
  File "/home/airflow/.local/lib/python3.6/site-packages/airflow/utils/session.py", line 70, in wrapper
    return func(*args, session=session, **kwargs)
  File "/home/airflow/.local/lib/python3.6/site-packages/airflow/models/dagbag.py", line 556, in sync_to_db
    for attempt in run_with_db_retries(logger=self.log):
  File "/home/airflow/.local/lib/python3.6/site-packages/tenacity/__init__.py", line 390, in __iter__
    do = self.iter(retry_state=retry_state)
  File "/home/airflow/.local/lib/python3.6/site-packages/tenacity/__init__.py", line 368, in iter
    raise retry_exc.reraise()
  File "/home/airflow/.local/lib/python3.6/site-packages/tenacity/__init__.py", line 186, in reraise
    raise self.last_attempt.result()
  File "/usr/local/lib/python3.6/concurrent/futures/_base.py", line 425, in result
    return self.__get_result()
  File "/usr/local/lib/python3.6/concurrent/futures/_base.py", line 384, in __get_result
    raise self._exception
  File "/home/airflow/.local/lib/python3.6/site-packages/airflow/models/dagbag.py", line 568, in sync_to_db
    serialize_errors.extend(_serialze_dag_capturing_errors(dag, session))
  File "/home/airflow/.local/lib/python3.6/site-packages/airflow/models/dagbag.py", line 545, in _serialze_dag_capturing_errors
    session=session,
  File "/home/airflow/.local/lib/python3.6/site-packages/airflow/utils/session.py", line 67, in wrapper
    return func(*args, **kwargs)
  File "/home/airflow/.local/lib/python3.6/site-packages/airflow/models/serialized_dag.py", line 121, in write_dag
    (timezone.utcnow() - timedelta(seconds=min_update_interval)) < cls.last_updated,
  File "/home/airflow/.local/lib/python3.6/site-packages/sqlalchemy/orm/query.py", line 3523, in scalar
    ret = self.one()
  File "/home/airflow/.local/lib/python3.6/site-packages/sqlalchemy/orm/query.py", line 3490, in one
    ret = self.one_or_none()
  File "/home/airflow/.local/lib/python3.6/site-packages/sqlalchemy/orm/query.py", line 3459, in one_or_none
    ret = list(self)
  File "/home/airflow/.local/lib/python3.6/site-packages/sqlalchemy/orm/query.py", line 3535, in __iter__
    return self._execute_and_instances(context)
  File "/home/airflow/.local/lib/python3.6/site-packages/sqlalchemy/orm/query.py", line 3557, in _execute_and_instances
    querycontext, self._connection_from_session, close_with_result=True
  File "/home/airflow/.local/lib/python3.6/site-packages/sqlalchemy/orm/query.py", line 3572, in _get_bind_args
    mapper=self._bind_mapper(), clause=querycontext.statement, **kw
  File "/home/airflow/.local/lib/python3.6/site-packages/sqlalchemy/orm/query.py", line 3550, in _connection_from_session
    conn = self.session.connection(**kw)
  File "/home/airflow/.local/lib/python3.6/site-packages/sqlalchemy/orm/session.py", line 1145, in connection
    execution_options=execution_options,
  File "/home/airflow/.local/lib/python3.6/site-packages/sqlalchemy/orm/session.py", line 1151, in _connection_for_bind
    engine, execution_options
  File "/home/airflow/.local/lib/python3.6/site-packages/sqlalchemy/orm/session.py", line 433, in _connection_for_bind
    conn = bind._contextual_connect()
  File "/home/airflow/.local/lib/python3.6/site-packages/sqlalchemy/engine/base.py", line 2302, in _contextual_connect
    self._wrap_pool_connect(self.pool.connect, None),
  File "/home/airflow/.local/lib/python3.6/site-packages/sqlalchemy/engine/base.py", line 2340, in _wrap_pool_connect
    e, dialect, self
  File "/home/airflow/.local/lib/python3.6/site-packages/sqlalchemy/engine/base.py", line 1584, in _handle_dbapi_exception_noconnection
    sqlalchemy_exception, with_traceback=exc_info[2], from_=e
  File "/home/airflow/.local/lib/python3.6/site-packages/sqlalchemy/util/compat.py", line 182, in raise_
    raise exception
  File "/home/airflow/.local/lib/python3.6/site-packages/sqlalchemy/engine/base.py", line 2336, in _wrap_pool_connect
    return fn()
  File "/home/airflow/.local/lib/python3.6/site-packages/sqlalchemy/pool/base.py", line 364, in connect
    return _ConnectionFairy._checkout(self)
  File "/home/airflow/.local/lib/python3.6/site-packages/sqlalchemy/pool/base.py", line 778, in _checkout
    fairy = _ConnectionRecord.checkout(pool)
  File "/home/airflow/.local/lib/python3.6/site-packages/sqlalchemy/pool/base.py", line 495, in checkout
    rec = pool._do_get()
  File "/home/airflow/.local/lib/python3.6/site-packages/sqlalchemy/pool/impl.py", line 140, in _do_get
    self._dec_overflow()
  File "/home/airflow/.local/lib/python3.6/site-packages/sqlalchemy/util/langhelpers.py", line 70, in __exit__
    with_traceback=exc_tb,
  File "/home/airflow/.local/lib/python3.6/site-packages/sqlalchemy/util/compat.py", line 182, in raise_
    raise exception
  File "/home/airflow/.local/lib/python3.6/site-packages/sqlalchemy/pool/impl.py", line 137, in _do_get
    return self._create_connection()
  File "/home/airflow/.local/lib/python3.6/site-packages/sqlalchemy/pool/base.py", line 309, in _create_connection
    return _ConnectionRecord(self)
  File "/home/airflow/.local/lib/python3.6/site-packages/sqlalchemy/pool/base.py", line 440, in __init__
    self.__connect(first_connect_check=True)
  File "/home/airflow/.local/lib/python3.6/site-packages/sqlalchemy/pool/base.py", line 661, in __connect
    pool.logger.debug("Error on connect(): %s", e)
  File "/home/airflow/.local/lib/python3.6/site-packages/sqlalchemy/util/langhelpers.py", line 70, in __exit__
    with_traceback=exc_tb,
  File "/home/airflow/.local/lib/python3.6/site-packages/sqlalchemy/util/compat.py", line 182, in raise_
    raise exception
  File "/home/airflow/.local/lib/python3.6/site-packages/sqlalchemy/pool/base.py", line 656, in __connect
    connection = pool._invoke_creator(self)
  File "/home/airflow/.local/lib/python3.6/site-packages/sqlalchemy/engine/strategies.py", line 114, in connect
    return dialect.connect(*cargs, **cparams)
  File "/home/airflow/.local/lib/python3.6/site-packages/sqlalchemy/engine/default.py", line 508, in connect
    return self.dbapi.connect(*cargs, **cparams)
  File "/home/airflow/.local/lib/python3.6/site-packages/psycopg2/__init__.py", line 127, in connect
    conn = _connect(dsn, connection_factory=connection_factory, **kwasync)
sqlalchemy.exc.OperationalError: (psycopg2.OperationalError) could not translate host name "postgres" to address: Temporary failure in name resolution

(Background on this error at: http://sqlalche.me/e/13/e3q8)
