[2026-09-21 14:53:12,603] {scheduler_job.py:182} INFO - Started process (PID=32) to work on /home/airflow/.local/lib/python3.6/site-packages/airflow/example_dags/example_python_operator.py
[2026-09-21 14:53:12,604] {scheduler_job.py:629} INFO - Processing file /home/airflow/.local/lib/python3.6/site-packages/airflow/example_dags/example_python_operator.py for tasks to queue
[2026-09-21 14:53:12,606] {logging_mixin.py:104} INFO - [2026-09-21 14:53:12,605] {dagbag.py:451} INFO - Filling up the DagBag from /home/airflow/.local/lib/python3.6/site-packages/airflow/example_dags/example_python_operator.py
[2026-09-21 14:53:12,656] {scheduler_job.py:639} INFO - DAG(s) dict_keys(['example_python_operator']) retrieved from /home/airflow/.local/lib/python3.6/site-packages/airflow/example_dags/example_python_operator.py
[2026-09-21 14:53:12,692] {logging_mixin.py:104} INFO - [2026-09-21 14:53:12,692] {dag.py:1824} INFO - Sync 1 DAGs
[2026-09-21 14:53:12,706] {logging_mixin.py:104} INFO - [2026-09-21 14:53:12,706] {dag.py:1843} INFO - Creating ORM DAG for example_python_operator
[2026-09-21 14:53:12,716] {logging_mixin.py:104} INFO - [2026-09-21 14:53:12,716] {dag.py:2280} INFO - Setting next_dagrun for example_python_operator to None
[2026-09-21 14:53:12,746] {scheduler_job.py:190} INFO - Processing /home/airflow/.local/lib/python3.6/site-packages/airflow/example_dags/example_python_operator.py took 0.147 seconds
[2026-09-21 14:53:43,449] {scheduler_job.py:182} INFO - Started process (PID=59) to work on /home/airflow/.local/lib/python3.6/site-packages/airflow/example_dags/example_python_operator.py
[2026-09-21 14:53:43,450] {scheduler_job.py:629} INFO - Processing file /home/airflow/.local/lib/python3.6/site-packages/airflow/example_dags/example_python_operator.py for tasks to queue
[2026-09-21 14:53:43,451] {logging_mixin.py:104} INFO - [2026-09-21 14:53:43,451] {dagbag.py:451} INFO - Filling up the DagBag from /home/airflow/.local/lib/python3.6/site-packages/airflow/example_dags/example_python_operator.py
[2026-09-21 14:53:43,472] {scheduler_job.py:639} INFO - DAG(s) dict_keys(['example_python_operator']) retrieved from /home/airflow/.local/lib/python3.6/site-packages/airflow/example_dags/example_python_operator.py
[2026-09-21 14:53:43,503] {logging_mixin.py:104} INFO - [2026-09-21 14:53:43,502] {dag.py:1824} INFO - Sync 1 DAGs
[2026-09-21 14:53:43,526] {logging_mixin.py:104} INFO - [2026-09-21 14:53:43,525] {dag.py:2280} INFO - Setting next_dagrun for example_python_operator to None
[2026-09-21 14:53:43,545] {scheduler_job.py:190} INFO - Processing /home/airflow/.local/lib/python3.6/site-packages/airflow/example_dags/example_python_operator.py took 0.102 seconds
[2026-09-21 14:54:14,541] {scheduler_job.py:182} INFO - Started process (PID=88) to work on /home/airflow/.local/lib/python3.6/site-packages/airflow/example_dags/example_python_operator.py
[2026-09-21 14:54:14,543] {scheduler_job.py:629} INFO - Processing file /home/airflow/.local/lib/python3.6/site-packages/airflow/example_dags/example_python_operator.py for tasks to queue
[2026-09-21 14:54:14,544] {logging_mixin.py:104} INFO - [2026-09-21 14:54:14,544] {dagbag.py:451} INFO - Filling up the DagBag from /home/airflow/.local/lib/python3.6/site-packages/airflow/example_dags/example_python_operator.py
[2026-09-21 14:54:14,564] {scheduler_job.py:639} INFO - DAG(s) dict_keys(['example_python_operator']) retrieved from /home/airflow/.local/lib/python3.6/site-packages/airflow/example_dags/example_python_operator.py
[2026-09-21 14:54:14,596] {logging_mixin.py:104} INFO - [2026-09-21 14:54:14,596] {dag.py:1824} INFO - Sync 1 DAGs
[2026-09-21 14:54:14,622] {logging_mixin.py:104} INFO - [2026-09-21 14:54:14,622] {dag.py:2280} INFO - Setting next_dagrun for example_python_operator to None
[2026-09-21 14:54:14,638] {scheduler_job.py:190} INFO - Processing /home/airflow/.local/lib/python3.6/site-packages/airflow/example_dags/example_python_operator.py took 0.101 seconds
[2026-09-21 14:54:44,665] {scheduler_job.py:182} INFO - Started process (PID=115) to work on /home/airflow/.local/lib/python3.6/site-packages/airflow/example_dags/example_python_operator.py
[2026-09-21 14:54:44,666] {scheduler_job.py:629} INFO - Processing file /home/airflow/.local/lib/python3.6/site-packages/airflow/example_dags/example_python_operator.py for tasks to queue
[2026-09-21 14:54:44,667] {logging_mixin.py:104} INFO - [2026-09-21 14:54:44,667] {dagbag.py:451} INFO - Filling up the DagBag from /home/airflow/.local/lib/python3.6/site-packages/airflow/example_dags/example_python_operator.py
[2026-09-21 14:54:44,684] {scheduler_job.py:639} INFO - DAG(s) dict_keys(['example_python_operator']) retrieved from /home/airflow/.local/lib/python3.6/site-packages/airflow/example_dags/example_python_operator.py
[2026-09-21 14:54:44,710] {logging_mixin.py:104} INFO - [2026-09-21 14:54:44,710] {dag.py:1824} INFO - Sync 1 DAGs
[2026-09-21 14:54:44,736] {logging_mixin.py:104} INFO - [2026-09-21 14:54:44,736] {dag.py:2280} INFO - Setting next_dagrun for example_python_operator to None
[2026-09-21 14:54:44,749] {scheduler_job.py:190} INFO - Processing /home/airflow/.local/lib/python3.6/site-packages/airflow/example_dags/example_python_operator.py took 0.088 seconds
[2026-09-21 14:55:15,746] {scheduler_job.py:182} INFO - Started process (PID=143) to work on /home/airflow/.local/lib/python3.6/site-packages/airflow/example_dags/example_python_operator.py
[2026-09-21 14:55:15,747] {scheduler_job.py:629} INFO - Processing file /home/airflow/.local/lib/python3.6/site-packages/airflow/example_dags/example_python_operator.py for tasks to queue
[2026-09-21 14:55:15,748] {logging_mixin.py:104} INFO - [2026-09-21 14:55:15,748] {dagbag.py:451} INFO - Filling up the DagBag from /home/airflow/.local/lib/python3.6/site-packages/airflow/example_dags/example_python_operator.py
[2026-09-21 14:55:15,768] {scheduler_job.py:639} INFO - DAG(s) dict_keys(['example_python_operator']) retrieved from /home/airflow/.local/lib/python3.6/site-packages/airflow/example_dags/example_python_operator.py
[2026-09-21 14:55:15,797] {logging_mixin.py:104} INFO - [2026-09-21 14:55:15,797] {dag.py:1824} INFO - Sync 1 DAGs
[2026-09-21 14:55:15,815] {logging_mixin.py:104} INFO - [2026-09-21 14:55:15,815] {dag.py:2280} INFO - Setting next_dagrun for example_python_operator to None
[2026-09-21 14:55:15,829] {scheduler_job.py:190} INFO - Processing /home/airflow/.local/lib/python3.6/site-packages/airflow/example_dags/example_python_operator.py took 0.087 seconds
[2026-09-21 14:55:46,410] {scheduler_job.py:182} INFO - Started process (PID=170) to work on /home/airflow/.local/lib/python3.6/site-packages/airflow/example_dags/example_python_operator.py
[2026-09-21 14:55:46,412] {scheduler_job.py:629} INFO - Processing file /home/airflow/.local/lib/python3.6/site-packages/airflow/example_dags/example_python_operator.py for tasks to queue
[2026-09-21 14:55:46,412] {logging_mixin.py:104} INFO - [2026-09-21 14:55:46,412] {dagbag.py:451} INFO - Filling up the DagBag from /home/airflow/.local/lib/python3.6/site-packages/airflow/example_dags/example_python_operator.py
[2026-09-21 14:55:46,429] {scheduler_job.py:639} INFO - DAG(s) dict_keys(['example_python_operator']) retrieved from /home/airflow/.local/lib/python3.6/site-packages/airflow/example_dags/example_python_operator.py
[2026-09-21 14:55:46,455] {logging_mixin.py:104} INFO - [2026-09-21 14:55:46,455] {dag.py:1824} INFO - Sync 1 DAGs
[2026-09-21 14:55:46,475] {logging_mixin.py:104} INFO - [2026-09-21 14:55:46,475] {dag.py:2280} INFO - Setting next_dagrun for example_python_operator to None
[2026-09-21 14:55:46,488] {scheduler_job.py:190} INFO - Processing /home/airflow/.local/lib/python3.6/site-packages/airflow/example_dags/example_python_operator.py took 0.082 seconds
[2026-09-21 14:56:17,009] {scheduler_job.py:182} INFO - Started process (PID=197) to work on /home/airflow/.local/lib/python3.6/site-packages/airflow/example_dags/example_python_operator.py
[2026-09-21 14:56:17,011] {scheduler_job.py:629} INFO - Processing file /home/airflow/.local/lib/python3.6/site-packages/airflow/example_dags/example_python_operator.py for tasks to queue
[2026-09-21 14:56:17,012] {logging_mixin.py:104} INFO - [2026-09-21 14:56:17,012] {dagbag.py:451} INFO - Filling up the DagBag from /home/airflow/.local/lib/python3.6/site-packages/airflow/example_dags/example_python_operator.py
[2026-09-21 14:56:17,033] {scheduler_job.py:639} INFO - DAG(s) dict_keys(['example_python_operator']) retrieved from /home/airflow/.local/lib/python3.6/site-packages/airflow/example_dags/example_python_operator.py
[2026-09-21 14:56:17,070] {logging_mixin.py:104} INFO - [2026-09-21 14:56:17,070] {dag.py:1824} INFO - Sync 1 DAGs
[2026-09-21 14:56:17,099] {logging_mixin.py:104} INFO - [2026-09-21 14:56:17,098] {dag.py:2280} INFO - Setting next_dagrun for example_python_operator to None
[2026-09-21 14:56:17,116] {scheduler_job.py:190} INFO - Processing /home/airflow/.local/lib/python3.6/site-packages/airflow/example_dags/example_python_operator.py took 0.111 seconds
[2026-09-21 14:56:47,974] {scheduler_job.py:182} INFO - Started process (PID=224) to work on /home/airflow/.local/lib/python3.6/site-packages/airflow/example_dags/example_python_operator.py
[2026-09-21 14:56:47,975] {scheduler_job.py:629} INFO - Processing file /home/airflow/.local/lib/python3.6/site-packages/airflow/example_dags/example_python_operator.py for tasks to queue
[2026-09-21 14:56:47,976] {logging_mixin.py:104} INFO - [2026-09-21 14:56:47,976] {dagbag.py:451} INFO - Filling up the DagBag from /home/airflow/.local/lib/python3.6/site-packages/airflow/example_dags/example_python_operator.py
[2026-09-21 14:56:47,994] {scheduler_job.py:639} INFO - DAG(s) dict_keys(['example_python_operator']) retrieved from /home/airflow/.local/lib/python3.6/site-packages/airflow/example_dags/example_python_operator.py
[2026-09-21 14:56:48,018] {logging_mixin.py:104} INFO - [2026-09-21 14:56:48,018] {dag.py:1824} INFO - Sync 1 DAGs
[2026-09-21 14:56:48,037] {logging_mixin.py:104} INFO - [2026-09-21 14:56:48,037] {dag.py:2280} INFO - Setting next_dagrun for example_python_operator to None
[2026-09-21 14:56:48,049] {scheduler_job.py:190} INFO - Processing /home/airflow/.local/lib/python3.6/site-packages/airflow/example_dags/example_python_operator.py took 0.079 seconds
[2026-09-21 14:57:18,717] {scheduler_job.py:182} INFO - Started process (PID=251) to work on /home/airflow/.local/lib/python3.6/site-packages/airflow/example_dags/example_python_operator.py
[2026-09-21 14:57:18,719] {scheduler_job.py:629} INFO - Processing file /home/airflow/.local/lib/python3.6/site-packages/airflow/example_dags/example_python_operator.py for tasks to queue
[2026-09-21 14:57:18,720] {logging_mixin.py:104} INFO - [2026-09-21 14:57:18,720] {dagbag.py:451} INFO - Filling up the DagBag from /home/airflow/.local/lib/python3.6/site-packages/airflow/example_dags/example_python_operator.py
[2026-09-21 14:57:18,738] {scheduler_job.py:639} INFO - DAG(s) dict_keys(['example_python_operator']) retrieved from /home/airflow/.local/lib/python3.6/site-packages/airflow/example_dags/example_python_operator.py
[2026-09-21 14:57:18,767] {logging_mixin.py:104} INFO - [2026-09-21 14:57:18,767] {dag.py:1824} INFO - Sync 1 DAGs
[2026-09-21 14:57:18,791] {logging_mixin.py:104} INFO - [2026-09-21 14:57:18,790] {dag.py:2280} INFO - Setting next_dagrun for example_python_operator to None
[2026-09-21 14:57:18,807] {scheduler_job.py:190} INFO - Processing /home/airflow/.local/lib/python3.6/site-packages/airflow/example_dags/example_python_operator.py took 0.094 seconds
[2026-09-21 14:57:48,951] {scheduler_job.py:182} INFO - Started process (PID=278) to work on /home/airflow/.local/lib/python3.6/site-packages/airflow/example_dags/example_python_operator.py
[2026-09-21 14:57:48,953] {scheduler_job.py:629} INFO - Processing file /home/airflow/.local/lib/python3.6/site-packages/airflow/example_dags/example_python_operator.py for tasks to queue
[2026-09-21 14:57:48,955] {logging_mixin.py:104} INFO - [2026-09-21 14:57:48,954] {dagbag.py:451} INFO - Filling up the DagBag from /home/airflow/.local/lib/python3.6/site-packages/airflow/example_dags/example_python_operator.py
[2026-09-21 14:57:48,977] {scheduler_job.py:639} INFO - DAG(s) dict_keys(['example_python_operator']) retrieved from /home/airflow/.local/lib/python3.6/site-packages/airflow/example_dags/example_python_operator.py
[2026-09-21 14:57:49,008] {logging_mixin.py:104} INFO - [2026-09-21 14:57:49,008] {dag.py:1824} INFO - Sync 1 DAGs
[2026-09-21 14:57:49,042] {logging_mixin.py:104} INFO - [2026-09-21 14:57:49,041] {dag.py:2280} INFO - Setting next_dagrun for example_python_operator to None
[2026-09-21 14:57:49,062] {scheduler_job.py:190} INFO - Processing /home/airflow/.local/lib/python3.6/site-packages/airflow/example_dags/example_python_operator.py took 0.117 seconds
[2026-09-21 14:58:19,371] {scheduler_job.py:182} INFO - Started process (PID=305) to work on /home/airflow/.local/lib/python3.6/site-packages/airflow/example_dags/example_python_operator.py
[2026-09-21 14:58:19,372] {scheduler_job.py:629} INFO - Processing file /home/airflow/.local/lib/python3.6/site-packages/airflow/example_dags/example_python_operator.py for tasks to queue
[2026-09-21 14:58:19,373] {logging_mixin.py:104} INFO - [2026-09-21 14:58:19,373] {dagbag.py:451} INFO - Filling up the DagBag from /home/airflow/.local/lib/python3.6/site-packages/airflow/example_dags/example_python_operator.py
[2026-09-21 14:58:19,391] {scheduler_job.py:639} INFO - DAG(s) dict_keys(['example_python_operator']) retrieved from /home/airflow/.local/lib/python3.6/site-packages/airflow/example_dags/example_python_operator.py
[2026-09-21 14:58:19,416] {logging_mixin.py:104} INFO - [2026-09-21 14:58:19,416] {dag.py:1824} INFO - Sync 1 DAGs
[2026-09-21 14:58:19,434] {logging_mixin.py:104} INFO - [2026-09-21 14:58:19,434] {dag.py:2280} INFO - Setting next_dagrun for example_python_operator to None
[2026-09-21 14:58:19,447] {scheduler_job.py:190} INFO - Processing /home/airflow/.local/lib/python3.6/site-packages/airflow/example_dags/example_python_operator.py took 0.081 seconds
[2026-09-21 14:58:49,527] {scheduler_job.py:182} INFO - Started process (PID=332) to work on /home/airflow/.local/lib/python3.6/site-packages/airflow/example_dags/example_python_operator.py
[2026-09-21 14:58:49,530] {scheduler_job.py:629} INFO - Processing file /home/airflow/.local/lib/python3.6/site-packages/airflow/example_dags/example_python_operator.py for tasks to queue
[2026-09-21 14:58:49,530] {logging_mixin.py:104} INFO - [2026-09-21 14:58:49,530] {dagbag.py:451} INFO - Filling up the DagBag from /home/airflow/.local/lib/python3.6/site-packages/airflow/example_dags/example_python_operator.py
[2026-09-21 14:58:49,549] {scheduler_job.py:639} INFO - DAG(s) dict_keys(['example_python_operator']) retrieved from /home/airflow/.local/lib/python3.6/site-packages/airflow/example_dags/example_python_operator.py
[2026-09-21 14:58:49,576] {logging_mixin.py:104} INFO - [2026-09-21 14:58:49,576] {dag.py:1824} INFO - Sync 1 DAGs
[2026-09-21 14:58:49,596] {logging_mixin.py:104} INFO - [2026-09-21 14:58:49,596] {dag.py:2280} INFO - Setting next_dagrun for example_python_operator to None
[2026-09-21 14:58:49,609] {scheduler_job.py:190} INFO - Processing /home/airflow/.local/lib/python3.6/site-packages/airflow/example_dags/example_python_operator.py took 0.086 seconds
[2026-09-21 14:59:19,774] {scheduler_job.py:182} INFO - Started process (PID=359) to work on /home/airflow/.local/lib/python3.6/site-packages/airflow/example_dags/example_python_operator.py
[2026-09-21 14:59:19,775] {scheduler_job.py:629} INFO - Processing file /home/airflow/.local/lib/python3.6/site-packages/airflow/example_dags/example_python_operator.py for tasks to queue
[2026-09-21 14:59:19,776] {logging_mixin.py:104} INFO - [2026-09-21 14:59:19,776] {dagbag.py:451} INFO - Filling up the DagBag from /home/airflow/.local/lib/python3.6/site-packages/airflow/example_dags/example_python_operator.py
[2026-09-21 14:59:19,798] {scheduler_job.py:639} INFO - DAG(s) dict_keys(['example_python_operator']) retrieved from /home/airflow/.local/lib/python3.6/site-packages/airflow/example_dags/example_python_operator.py
[2026-09-21 14:59:19,833] {logging_mixin.py:104} INFO - [2026-09-21 14:59:19,833] {dag.py:1824} INFO - Sync 1 DAGs
[2026-09-21 14:59:19,857] {logging_mixin.py:104} INFO - [2026-09-21 14:59:19,857] {dag.py:2280} INFO - Setting next_dagrun for example_python_operator to None
[2026-09-21 14:59:19,873] {scheduler_job.py:190} INFO - Processing /home/airflow/.local/lib/python3.6/site-packages/airflow/example_dags/example_python_operator.py took 0.104 seconds
[2026-09-21 14:59:50,688] {scheduler_job.py:182} INFO - Started process (PID=386) to work on /home/airflow/.local/lib/python3.6/site-packages/airflow/example_dags/example_python_operator.py
[2026-09-21 14:59:50,690] {scheduler_job.py:629} INFO - Processing file /home/airflow/.local/lib/python3.6/site-packages/airflow/example_dags/example_python_operator.py for tasks to queue
[2026-09-21 14:59:50,691] {logging_mixin.py:104} INFO - [2026-09-21 14:59:50,691] {dagbag.py:451} INFO - Filling up the DagBag from /home/airflow/.local/lib/python3.6/site-packages/airflow/example_dags/example_python_operator.py
[2026-09-21 14:59:50,710] {scheduler_job.py:639} INFO - DAG(s) dict_keys(['example_python_operator']) retrieved from /home/airflow/.local/lib/python3.6/site-packages/airflow/example_dags/example_python_operator.py
[2026-09-21 14:59:50,743] {logging_mixin.py:104} INFO - [2026-09-21 14:59:50,742] {dag.py:1824} INFO - Sync 1 DAGs
[2026-09-21 14:59:50,763] {logging_mixin.py:104} INFO - [2026-09-21 14:59:50,763] {dag.py:2280} INFO - Setting next_dagrun for example_python_operator to None
[2026-09-21 14:59:50,776] {scheduler_job.py:190} INFO - Processing /home/airflow/.local/lib/python3.6/site-packages/airflow/example_dags/example_python_operator.py took 0.093 seconds
[2026-09-21 15:00:20,878] {scheduler_job.py:182} INFO - Started process (PID=413) to work on /home/airflow/.local/lib/python3.6/site-packages/airflow/example_dags/example_python_operator.py
[2026-09-21 15:00:20,880] {scheduler_job.py:629} INFO - Processing file /home/airflow/.local/lib/python3.6/site-packages/airflow/example_dags/example_python_operator.py for tasks to queue
[2026-09-21 15:00:20,881] {logging_mixin.py:104} INFO - [2026-09-21 15:00:20,881] {dagbag.py:451} INFO - Filling up the DagBag from /home/airflow/.local/lib/python3.6/site-packages/airflow/example_dags/example_python_operator.py
[2026-09-21 15:00:20,898] {scheduler_job.py:639} INFO - DAG(s) dict_keys(['example_python_operator']) retrieved from /home/airflow/.local/lib/python3.6/site-packages/airflow/example_dags/example_python_operator.py
[2026-09-21 15:00:20,925] {logging_mixin.py:104} INFO - [2026-09-21 15:00:20,924] {dag.py:1824} INFO - Sync 1 DAGs
[2026-09-21 15:00:20,944] {logging_mixin.py:104} INFO - [2026-09-21 15:00:20,944] {dag.py:2280} INFO - Setting next_dagrun for example_python_operator to None
[2026-09-21 15:00:20,964] {scheduler_job.py:190} INFO - Processing /home/airflow/.local/lib/python3.6/site-packages/airflow/example_dags/example_python_operator.py took 0.089 seconds
[2026-09-21 15:00:51,137] {scheduler_job.py:182} INFO - Started process (PID=440) to work on /home/airflow/.local/lib/python3.6/site-packages/airflow/example_dags/example_python_operator.py
[2026-09-21 15:00:51,138] {scheduler_job.py:629} INFO - Processing file /home/airflow/.local/lib/python3.6/site-packages/airflow/example_dags/example_python_operator.py for tasks to queue
[2026-09-21 15:00:51,139] {logging_mixin.py:104} INFO - [2026-09-21 15:00:51,139] {dagbag.py:451} INFO - Filling up the DagBag from /home/airflow/.local/lib/python3.6/site-packages/airflow/example_dags/example_python_operator.py
[2026-09-21 15:00:51,156] {scheduler_job.py:639} INFO - DAG(s) dict_keys(['example_python_operator']) retrieved from /home/airflow/.local/lib/python3.6/site-packages/airflow/example_dags/example_python_operator.py
[2026-09-21 15:00:51,181] {logging_mixin.py:104} INFO - [2026-09-21 15:00:51,181] {dag.py:1824} INFO - Sync 1 DAGs
[2026-09-21 15:00:51,202] {logging_mixin.py:104} INFO - [2026-09-21 15:00:51,201] {dag.py:2280} INFO - Setting next_dagrun for example_python_operator to None
[2026-09-21 15:00:51,215] {scheduler_job.py:190} INFO - Processing /home/airflow/.local/lib/python3.6/site-packages/airflow/example_dags/example_python_operator.py took 0.081 seconds
[2026-09-21 15:01:21,557] {scheduler_job.py:182} INFO - Started process (PID=467) to work on /home/airflow/.local/lib/python3.6/site-packages/airflow/example_dags/example_python_operator.py
[2026-09-21 15:01:21,558] {scheduler_job.py:629} INFO - Processing file /home/airflow/.local/lib/python3.6/site-packages/airflow/example_dags/example_python_operator.py for tasks to queue
[2026-09-21 15:01:21,559] {logging_mixin.py:104} INFO - [2026-09-21 15:01:21,559] {dagbag.py:451} INFO - Filling up the DagBag from /home/airflow/.local/lib/python3.6/site-packages/airflow/example_dags/example_python_operator.py
[2026-09-21 15:01:21,578] {scheduler_job.py:639} INFO - DAG(s) dict_keys(['example_python_operator']) retrieved from /home/airflow/.local/lib/python3.6/site-packages/airflow/example_dags/example_python_operator.py
[2026-09-21 15:01:21,605] {logging_mixin.py:104} INFO - [2026-09-21 15:01:21,605] {dag.py:1824} INFO - Sync 1 DAGs
[2026-09-21 15:01:21,627] {logging_mixin.py:104} INFO - [2026-09-21 15:01:21,627] {dag.py:2280} INFO - Setting next_dagrun for example_python_operator to None
[2026-09-21 15:01:21,640] {scheduler_job.py:190} INFO - Processing /home/airflow/.local/lib/python3.6/site-packages/airflow/example_dags/example_python_operator.py took 0.087 seconds
[2026-09-21 15:01:52,035] {scheduler_job.py:182} INFO - Started process (PID=494) to work on /home/airflow/.local/lib/python3.6/site-packages/airflow/example_dags/example_python_operator.py
[2026-09-21 15:01:52,037] {scheduler_job.py:629} INFO - Processing file /home/airflow/.local/lib/python3.6/site-packages/airflow/example_dags/example_python_operator.py for tasks to queue
[2026-09-21 15:01:52,038] {logging_mixin.py:104} INFO - [2026-09-21 15:01:52,038] {dagbag.py:451} INFO - Filling up the DagBag from /home/airflow/.local/lib/python3.6/site-packages/airflow/example_dags/example_python_operator.py
[2026-09-21 15:01:52,062] {scheduler_job.py:639} INFO - DAG(s) dict_keys(['example_python_operator']) retrieved from /home/airflow/.local/lib/python3.6/site-packages/airflow/example_dags/example_python_operator.py
[2026-09-21 15:01:52,099] {logging_mixin.py:104} INFO - [2026-09-21 15:01:52,099] {dag.py:1824} INFO - Sync 1 DAGs
[2026-09-21 15:01:52,124] {logging_mixin.py:104} INFO - [2026-09-21 15:01:52,123] {dag.py:2280} INFO - Setting next_dagrun for example_python_operator to None
[2026-09-21 15:01:52,138] {scheduler_job.py:190} INFO - Processing /home/airflow/.local/lib/python3.6/site-packages/airflow/example_dags/example_python_operator.py took 0.109 seconds
[2026-09-21 15:02:22,551] {scheduler_job.py:182} INFO - Started process (PID=521) to work on /home/airflow/.local/lib/python3.6/site-packages/airflow/example_dags/example_python_operator.py
[2026-09-21 15:02:22,554] {scheduler_job.py:629} INFO - Processing file /home/airflow/.local/lib/python3.6/site-packages/airflow/example_dags/example_python_operator.py for tasks to queue
[2026-09-21 15:02:22,556] {logging_mixin.py:104} INFO - [2026-09-21 15:02:22,555] {dagbag.py:451} INFO - Filling up the DagBag from /home/airflow/.local/lib/python3.6/site-packages/airflow/example_dags/example_python_operator.py
[2026-09-21 15:02:22,586] {scheduler_job.py:639} INFO - DAG(s) dict_keys(['example_python_operator']) retrieved from /home/airflow/.local/lib/python3.6/site-packages/airflow/example_dags/example_python_operator.py
[2026-09-21 15:02:22,636] {logging_mixin.py:104} INFO - [2026-09-21 15:02:22,635] {dag.py:1824} INFO - Sync 1 DAGs
[2026-09-21 15:02:22,677] {logging_mixin.py:104} INFO - [2026-09-21 15:02:22,676] {dag.py:2280} INFO - Setting next_dagrun for example_python_operator to None
[2026-09-21 15:02:22,704] {scheduler_job.py:190} INFO - Processing /home/airflow/.local/lib/python3.6/site-packages/airflow/example_dags/example_python_operator.py took 0.159 seconds
[2026-09-21 15:02:53,634] {scheduler_job.py:182} INFO - Started process (PID=548) to work on /home/airflow/.local/lib/python3.6/site-packages/airflow/example_dags/example_python_operator.py
[2026-09-21 15:02:53,635] {scheduler_job.py:629} INFO - Processing file /home/airflow/.local/lib/python3.6/site-packages/airflow/example_dags/example_python_operator.py for tasks to queue
[2026-09-21 15:02:53,636] {logging_mixin.py:104} INFO - [2026-09-21 15:02:53,636] {dagbag.py:451} INFO - Filling up the DagBag from /home/airflow/.local/lib/python3.6/site-packages/airflow/example_dags/example_python_operator.py
[2026-09-21 15:02:53,653] {scheduler_job.py:639} INFO - DAG(s) dict_keys(['example_python_operator']) retrieved from /home/airflow/.local/lib/python3.6/site-packages/airflow/example_dags/example_python_operator.py
[2026-09-21 15:02:53,681] {logging_mixin.py:104} INFO - [2026-09-21 15:02:53,681] {dag.py:1824} INFO - Sync 1 DAGs
[2026-09-21 15:02:53,706] {logging_mixin.py:104} INFO - [2026-09-21 15:02:53,705] {dag.py:2280} INFO - Setting next_dagrun for example_python_operator to None
[2026-09-21 15:02:53,722] {scheduler_job.py:190} INFO - Processing /home/airflow/.local/lib/python3.6/site-packages/airflow/example_dags/example_python_operator.py took 0.092 seconds
[2026-09-21 15:03:23,982] {scheduler_job.py:182} INFO - Started process (PID=576) to work on /home/airflow/.local/lib/python3.6/site-packages/airflow/example_dags/example_python_operator.py
[2026-09-21 15:03:23,983] {scheduler_job.py:629} INFO - Processing file /home/airflow/.local/lib/python3.6/site-packages/airflow/example_dags/example_python_operator.py for tasks to queue
[2026-09-21 15:03:23,984] {logging_mixin.py:104} INFO - [2026-09-21 15:03:23,984] {dagbag.py:451} INFO - Filling up the DagBag from /home/airflow/.local/lib/python3.6/site-packages/airflow/example_dags/example_python_operator.py
[2026-09-21 15:03:24,003] {scheduler_job.py:639} INFO - DAG(s) dict_keys(['example_python_operator']) retrieved from /home/airflow/.local/lib/python3.6/site-packages/airflow/example_dags/example_python_operator.py
[2026-09-21 15:03:24,031] {logging_mixin.py:104} INFO - [2026-09-21 15:03:24,031] {dag.py:1824} INFO - Sync 1 DAGs
[2026-09-21 15:03:24,055] {logging_mixin.py:104} INFO - [2026-09-21 15:03:24,055] {dag.py:2280} INFO - Setting next_dagrun for example_python_operator to None
[2026-09-21 15:03:24,073] {scheduler_job.py:190} INFO - Processing /home/airflow/.local/lib/python3.6/site-packages/airflow/example_dags/example_python_operator.py took 0.096 seconds
[2026-09-21 15:03:54,914] {scheduler_job.py:182} INFO - Started process (PID=602) to work on /home/airflow/.local/lib/python3.6/site-packages/airflow/example_dags/example_python_operator.py
[2026-09-21 15:03:54,915] {scheduler_job.py:629} INFO - Processing file /home/airflow/.local/lib/python3.6/site-packages/airflow/example_dags/example_python_operator.py for tasks to queue
[2026-09-21 15:03:54,917] {logging_mixin.py:104} INFO - [2026-09-21 15:03:54,916] {dagbag.py:451} INFO - Filling up the DagBag from /home/airflow/.local/lib/python3.6/site-packages/airflow/example_dags/example_python_operator.py
[2026-09-21 15:03:54,940] {scheduler_job.py:639} INFO - DAG(s) dict_keys(['example_python_operator']) retrieved from /home/airflow/.local/lib/python3.6/site-packages/airflow/example_dags/example_python_operator.py
[2026-09-21 15:03:54,972] {logging_mixin.py:104} INFO - [2026-09-21 15:03:54,972] {dag.py:1824} INFO - Sync 1 DAGs
[2026-09-21 15:03:54,998] {logging_mixin.py:104} INFO - [2026-09-21 15:03:54,998] {dag.py:2280} INFO - Setting next_dagrun for example_python_operator to None
[2026-09-21 15:03:55,014] {scheduler_job.py:190} INFO - Processing /home/airflow/.local/lib/python3.6/site-packages/airflow/example_dags/example_python_operator.py took 0.105 seconds
[2026-09-21 15:04:25,539] {scheduler_job.py:182} INFO - Started process (PID=630) to work on /home/airflow/.local/lib/python3.6/site-packages/airflow/example_dags/example_python_operator.py
[2026-09-21 15:04:25,541] {scheduler_job.py:629} INFO - Processing file /home/airflow/.local/lib/python3.6/site-packages/airflow/example_dags/example_python_operator.py for tasks to queue
[2026-09-21 15:04:25,541] {logging_mixin.py:104} INFO - [2026-09-21 15:04:25,541] {dagbag.py:451} INFO - Filling up the DagBag from /home/airflow/.local/lib/python3.6/site-packages/airflow/example_dags/example_python_operator.py
[2026-09-21 15:04:25,568] {scheduler_job.py:639} INFO - DAG(s) dict_keys(['example_python_operator']) retrieved from /home/airflow/.local/lib/python3.6/site-packages/airflow/example_dags/example_python_operator.py
[2026-09-21 15:04:25,612] {logging_mixin.py:104} INFO - [2026-09-21 15:04:25,612] {dag.py:1824} INFO - Sync 1 DAGs
[2026-09-21 15:04:25,644] {logging_mixin.py:104} INFO - [2026-09-21 15:04:25,643] {dag.py:2280} INFO - Setting next_dagrun for example_python_operator to None
[2026-09-21 15:04:25,657] {scheduler_job.py:190} INFO - Processing /home/airflow/.local/lib/python3.6/site-packages/airflow/example_dags/example_python_operator.py took 0.122 seconds
[2026-09-21 15:04:56,064] {scheduler_job.py:182} INFO - Started process (PID=657) to work on /home/airflow/.local/lib/python3.6/site-packages/airflow/example_dags/example_python_operator.py
[2026-09-21 15:04:56,065] {scheduler_job.py:629} INFO - Processing file /home/airflow/.local/lib/python3.6/site-packages/airflow/example_dags/example_python_operator.py for tasks to queue
[2026-09-21 15:04:56,066] {logging_mixin.py:104} INFO - [2026-09-21 15:04:56,066] {dagbag.py:451} INFO - Filling up the DagBag from /home/airflow/.local/lib/python3.6/site-packages/airflow/example_dags/example_python_operator.py
[2026-09-21 15:04:56,081] {scheduler_job.py:639} INFO - DAG(s) dict_keys(['example_python_operator']) retrieved from /home/airflow/.local/lib/python3.6/site-packages/airflow/example_dags/example_python_operator.py
[2026-09-21 15:04:56,106] {logging_mixin.py:104} INFO - [2026-09-21 15:04:56,105] {dag.py:1824} INFO - Sync 1 DAGs
[2026-09-21 15:04:56,125] {logging_mixin.py:104} INFO - [2026-09-21 15:04:56,125] {dag.py:2280} INFO - Setting next_dagrun for example_python_operator to None
[2026-09-21 15:04:56,140] {scheduler_job.py:190} INFO - Processing /home/airflow/.local/lib/python3.6/site-packages/airflow/example_dags/example_python_operator.py took 0.080 seconds
[2026-09-21 15:05:26,291] {scheduler_job.py:182} INFO - Started process (PID=684) to work on /home/airflow/.local/lib/python3.6/site-packages/airflow/example_dags/example_python_operator.py
[2026-09-21 15:05:26,292] {scheduler_job.py:629} INFO - Processing file /home/airflow/.local/lib/python3.6/site-packages/airflow/example_dags/example_python_operator.py for tasks to queue
[2026-09-21 15:05:26,293] {logging_mixin.py:104} INFO - [2026-09-21 15:05:26,292] {dagbag.py:451} INFO - Filling up the DagBag from /home/airflow/.local/lib/python3.6/site-packages/airflow/example_dags/example_python_operator.py
[2026-09-21 15:05:26,310] {scheduler_job.py:639} INFO - DAG(s) dict_keys(['example_python_operator']) retrieved from /home/airflow/.local/lib/python3.6/site-packages/airflow/example_dags/example_python_operator.py
[2026-09-21 15:05:26,339] {logging_mixin.py:104} INFO - [2026-09-21 15:05:26,339] {dag.py:1824} INFO - Sync 1 DAGs
[2026-09-21 15:05:26,361] {logging_mixin.py:104} INFO - [2026-09-21 15:05:26,361] {dag.py:2280} INFO - Setting next_dagrun for example_python_operator to None
[2026-09-21 15:05:26,380] {scheduler_job.py:190} INFO - Processing /home/airflow/.local/lib/python3.6/site-packages/airflow/example_dags/example_python_operator.py took 0.093 seconds
[2026-09-21 15:05:56,508] {scheduler_job.py:182} INFO - Started process (PID=711) to work on /home/airflow/.local/lib/python3.6/site-packages/airflow/example_dags/example_python_operator.py
[2026-09-21 15:05:56,510] {scheduler_job.py:629} INFO - Processing file /home/airflow/.local/lib/python3.6/site-packages/airflow/example_dags/example_python_operator.py for tasks to queue
[2026-09-21 15:05:56,511] {logging_mixin.py:104} INFO - [2026-09-21 15:05:56,510] {dagbag.py:451} INFO - Filling up the DagBag from /home/airflow/.local/lib/python3.6/site-packages/airflow/example_dags/example_python_operator.py
[2026-09-21 15:05:56,531] {scheduler_job.py:639} INFO - DAG(s) dict_keys(['example_python_operator']) retrieved from /home/airflow/.local/lib/python3.6/site-packages/airflow/example_dags/example_python_operator.py
[2026-09-21 15:05:56,559] {logging_mixin.py:104} INFO - [2026-09-21 15:05:56,559] {dag.py:1824} INFO - Sync 1 DAGs
[2026-09-21 15:05:56,585] {logging_mixin.py:104} INFO - [2026-09-21 15:05:56,585] {dag.py:2280} INFO - Setting next_dagrun for example_python_operator to None
[2026-09-21 15:05:56,599] {scheduler_job.py:190} INFO - Processing /home/airflow/.local/lib/python3.6/site-packages/airflow/example_dags/example_python_operator.py took 0.096 seconds
[2026-09-21 15:06:26,704] {scheduler_job.py:182} INFO - Started process (PID=738) to work on /home/airflow/.local/lib/python3.6/site-packages/airflow/example_dags/example_python_operator.py
[2026-09-21 15:06:26,705] {scheduler_job.py:629} INFO - Processing file /home/airflow/.local/lib/python3.6/site-packages/airflow/example_dags/example_python_operator.py for tasks to queue
[2026-09-21 15:06:26,706] {logging_mixin.py:104} INFO - [2026-09-21 15:06:26,706] {dagbag.py:451} INFO - Filling up the DagBag from /home/airflow/.local/lib/python3.6/site-packages/airflow/example_dags/example_python_operator.py
[2026-09-21 15:06:26,732] {scheduler_job.py:639} INFO - DAG(s) dict_keys(['example_python_operator']) retrieved from /home/airflow/.local/lib/python3.6/site-packages/airflow/example_dags/example_python_operator.py
[2026-09-21 15:06:26,775] {logging_mixin.py:104} INFO - [2026-09-21 15:06:26,775] {dag.py:1824} INFO - Sync 1 DAGs
[2026-09-21 15:06:26,805] {logging_mixin.py:104} INFO - [2026-09-21 15:06:26,805] {dag.py:2280} INFO - Setting next_dagrun for example_python_operator to None
[2026-09-21 15:06:26,832] {scheduler_job.py:190} INFO - Processing /home/airflow/.local/lib/python3.6/site-packages/airflow/example_dags/example_python_operator.py took 0.134 seconds
[2026-09-21 15:06:57,053] {scheduler_job.py:182} INFO - Started process (PID=765) to work on /home/airflow/.local/lib/python3.6/site-packages/airflow/example_dags/example_python_operator.py
[2026-09-21 15:06:57,054] {scheduler_job.py:629} INFO - Processing file /home/airflow/.local/lib/python3.6/site-packages/airflow/example_dags/example_python_operator.py for tasks to queue
[2026-09-21 15:06:57,055] {logging_mixin.py:104} INFO - [2026-09-21 15:06:57,054] {dagbag.py:451} INFO - Filling up the DagBag from /home/airflow/.local/lib/python3.6/site-packages/airflow/example_dags/example_python_operator.py
[2026-09-21 15:06:57,070] {scheduler_job.py:639} INFO - DAG(s) dict_keys(['example_python_operator']) retrieved from /home/airflow/.local/lib/python3.6/site-packages/airflow/example_dags/example_python_operator.py
[2026-09-21 15:06:57,096] {logging_mixin.py:104} INFO - [2026-09-21 15:06:57,096] {dag.py:1824} INFO - Sync 1 DAGs
[2026-09-21 15:06:57,114] {logging_mixin.py:104} INFO - [2026-09-21 15:06:57,114] {dag.py:2280} INFO - Setting next_dagrun for example_python_operator to None
[2026-09-21 15:06:57,129] {scheduler_job.py:190} INFO - Processing /home/airflow/.local/lib/python3.6/site-packages/airflow/example_dags/example_python_operator.py took 0.081 seconds
[2026-09-21 15:07:27,374] {scheduler_job.py:182} INFO - Started process (PID=792) to work on /home/airflow/.local/lib/python3.6/site-packages/airflow/example_dags/example_python_operator.py
[2026-09-21 15:07:27,376] {scheduler_job.py:629} INFO - Processing file /home/airflow/.local/lib/python3.6/site-packages/airflow/example_dags/example_python_operator.py for tasks to queue
[2026-09-21 15:07:27,377] {logging_mixin.py:104} INFO - [2026-09-21 15:07:27,377] {dagbag.py:451} INFO - Filling up the DagBag from /home/airflow/.local/lib/python3.6/site-packages/airflow/example_dags/example_python_operator.py
[2026-09-21 15:07:27,400] {scheduler_job.py:639} INFO - DAG(s) dict_keys(['example_python_operator']) retrieved from /home/airflow/.local/lib/python3.6/site-packages/airflow/example_dags/example_python_operator.py
[2026-09-21 15:07:27,442] {logging_mixin.py:104} INFO - [2026-09-21 15:07:27,442] {dag.py:1824} INFO - Sync 1 DAGs
[2026-09-21 15:07:27,466] {logging_mixin.py:104} INFO - [2026-09-21 15:07:27,466] {dag.py:2280} INFO - Setting next_dagrun for example_python_operator to None
[2026-09-21 15:07:27,485] {scheduler_job.py:190} INFO - Processing /home/airflow/.local/lib/python3.6/site-packages/airflow/example_dags/example_python_operator.py took 0.118 seconds
[2026-09-21 15:07:58,094] {scheduler_job.py:182} INFO - Started process (PID=820) to work on /home/airflow/.local/lib/python3.6/site-packages/airflow/example_dags/example_python_operator.py
[2026-09-21 15:07:58,096] {scheduler_job.py:629} INFO - Processing file /home/airflow/.local/lib/python3.6/site-packages/airflow/example_dags/example_python_operator.py for tasks to queue
[2026-09-21 15:07:58,100] {logging_mixin.py:104} INFO - [2026-09-21 15:07:58,100] {dagbag.py:451} INFO - Filling up the DagBag from /home/airflow/.local/lib/python3.6/site-packages/airflow/example_dags/example_python_operator.py
[2026-09-21 15:07:58,138] {scheduler_job.py:639} INFO - DAG(s) dict_keys(['example_python_operator']) retrieved from /home/airflow/.local/lib/python3.6/site-packages/airflow/example_dags/example_python_operator.py
[2026-09-21 15:07:58,195] {logging_mixin.py:104} INFO - [2026-09-21 15:07:58,195] {dag.py:1824} INFO - Sync 1 DAGs
[2026-09-21 15:07:58,227] {logging_mixin.py:104} INFO - [2026-09-21 15:07:58,226] {dag.py:2280} INFO - Setting next_dagrun for example_python_operator to None
[2026-09-21 15:07:58,258] {scheduler_job.py:190} INFO - Processing /home/airflow/.local/lib/python3.6/site-packages/airflow/example_dags/example_python_operator.py took 0.173 seconds
[2026-09-21 15:08:28,536] {scheduler_job.py:182} INFO - Started process (PID=847) to work on /home/airflow/.local/lib/python3.6/site-packages/airflow/example_dags/example_python_operator.py
[2026-09-21 15:08:28,538] {scheduler_job.py:629} INFO - Processing file /home/airflow/.local/lib/python3.6/site-packages/airflow/example_dags/example_python_operator.py for tasks to queue
[2026-09-21 15:08:28,540] {logging_mixin.py:104} INFO - [2026-09-21 15:08:28,539] {dagbag.py:451} INFO - Filling up the DagBag from /home/airflow/.local/lib/python3.6/site-packages/airflow/example_dags/example_python_operator.py
[2026-09-21 15:08:28,577] {scheduler_job.py:639} INFO - DAG(s) dict_keys(['example_python_operator']) retrieved from /home/airflow/.local/lib/python3.6/site-packages/airflow/example_dags/example_python_operator.py
[2026-09-21 15:08:28,711] {logging_mixin.py:104} INFO - [2026-09-21 15:08:28,711] {dag.py:1824} INFO - Sync 1 DAGs
[2026-09-21 15:08:28,768] {logging_mixin.py:104} INFO - [2026-09-21 15:08:28,768] {dag.py:2280} INFO - Setting next_dagrun for example_python_operator to None
[2026-09-21 15:08:28,800] {scheduler_job.py:190} INFO - Processing /home/airflow/.local/lib/python3.6/site-packages/airflow/example_dags/example_python_operator.py took 0.272 seconds
[2026-09-21 15:08:59,398] {scheduler_job.py:182} INFO - Started process (PID=876) to work on /home/airflow/.local/lib/python3.6/site-packages/airflow/example_dags/example_python_operator.py
[2026-09-21 15:08:59,400] {scheduler_job.py:629} INFO - Processing file /home/airflow/.local/lib/python3.6/site-packages/airflow/example_dags/example_python_operator.py for tasks to queue
[2026-09-21 15:08:59,411] {logging_mixin.py:104} INFO - [2026-09-21 15:08:59,411] {dagbag.py:451} INFO - Filling up the DagBag from /home/airflow/.local/lib/python3.6/site-packages/airflow/example_dags/example_python_operator.py
[2026-09-21 15:08:59,531] {scheduler_job.py:639} INFO - DAG(s) dict_keys(['example_python_operator']) retrieved from /home/airflow/.local/lib/python3.6/site-packages/airflow/example_dags/example_python_operator.py
[2026-09-21 15:08:59,591] {logging_mixin.py:104} INFO - [2026-09-21 15:08:59,591] {dag.py:1824} INFO - Sync 1 DAGs
[2026-09-21 15:08:59,630] {logging_mixin.py:104} INFO - [2026-09-21 15:08:59,630] {dag.py:2280} INFO - Setting next_dagrun for example_python_operator to None
[2026-09-21 15:08:59,657] {scheduler_job.py:190} INFO - Processing /home/airflow/.local/lib/python3.6/site-packages/airflow/example_dags/example_python_operator.py took 0.287 seconds
[2026-09-21 15:09:30,239] {scheduler_job.py:182} INFO - Started process (PID=901) to work on /home/airflow/.local/lib/python3.6/site-packages/airflow/example_dags/example_python_operator.py
[2026-09-21 15:09:30,242] {scheduler_job.py:629} INFO - Processing file /home/airflow/.local/lib/python3.6/site-packages/airflow/example_dags/example_python_operator.py for tasks to queue
[2026-09-21 15:09:30,243] {logging_mixin.py:104} INFO - [2026-09-21 15:09:30,243] {dagbag.py:451} INFO - Filling up the DagBag from /home/airflow/.local/lib/python3.6/site-packages/airflow/example_dags/example_python_operator.py
[2026-09-21 15:09:30,273] {scheduler_job.py:639} INFO - DAG(s) dict_keys(['example_python_operator']) retrieved from /home/airflow/.local/lib/python3.6/site-packages/airflow/example_dags/example_python_operator.py
[2026-09-21 15:09:30,331] {logging_mixin.py:104} INFO - [2026-09-21 15:09:30,331] {dag.py:1824} INFO - Sync 1 DAGs
[2026-09-21 15:09:30,363] {logging_mixin.py:104} INFO - [2026-09-21 15:09:30,363] {dag.py:2280} INFO - Setting next_dagrun for example_python_operator to None
[2026-09-21 15:09:30,390] {scheduler_job.py:190} INFO - Processing /home/airflow/.local/lib/python3.6/site-packages/airflow/example_dags/example_python_operator.py took 0.162 seconds
[2026-09-21 15:10:00,711] {scheduler_job.py:182} INFO - Started process (PID=929) to work on /home/airflow/.local/lib/python3.6/site-packages/airflow/example_dags/example_python_operator.py
[2026-09-21 15:10:00,712] {scheduler_job.py:629} INFO - Processing file /home/airflow/.local/lib/python3.6/site-packages/airflow/example_dags/example_python_operator.py for tasks to queue
[2026-09-21 15:10:00,714] {logging_mixin.py:104} INFO - [2026-09-21 15:10:00,713] {dagbag.py:451} INFO - Filling up the DagBag from /home/airflow/.local/lib/python3.6/site-packages/airflow/example_dags/example_python_operator.py
[2026-09-21 15:10:00,742] {scheduler_job.py:639} INFO - DAG(s) dict_keys(['example_python_operator']) retrieved from /home/airflow/.local/lib/python3.6/site-packages/airflow/example_dags/example_python_operator.py
[2026-09-21 15:10:00,781] {logging_mixin.py:104} INFO - [2026-09-21 15:10:00,780] {dag.py:1824} INFO - Sync 1 DAGs
[2026-09-21 15:10:00,819] {logging_mixin.py:104} INFO - [2026-09-21 15:10:00,819] {dag.py:2280} INFO - Setting next_dagrun for example_python_operator to None
[2026-09-21 15:10:00,843] {scheduler_job.py:190} INFO - Processing /home/airflow/.local/lib/python3.6/site-packages/airflow/example_dags/example_python_operator.py took 0.138 seconds
[2026-09-21 15:10:31,104] {scheduler_job.py:182} INFO - Started process (PID=956) to work on /home/airflow/.local/lib/python3.6/site-packages/airflow/example_dags/example_python_operator.py
[2026-09-21 15:10:31,108] {scheduler_job.py:629} INFO - Processing file /home/airflow/.local/lib/python3.6/site-packages/airflow/example_dags/example_python_operator.py for tasks to queue
[2026-09-21 15:10:31,111] {logging_mixin.py:104} INFO - [2026-09-21 15:10:31,111] {dagbag.py:451} INFO - Filling up the DagBag from /home/airflow/.local/lib/python3.6/site-packages/airflow/example_dags/example_python_operator.py
[2026-09-21 15:10:31,149] {scheduler_job.py:639} INFO - DAG(s) dict_keys(['example_python_operator']) retrieved from /home/airflow/.local/lib/python3.6/site-packages/airflow/example_dags/example_python_operator.py
[2026-09-21 15:10:31,193] {logging_mixin.py:104} INFO - [2026-09-21 15:10:31,193] {dag.py:1824} INFO - Sync 1 DAGs
[2026-09-21 15:10:31,224] {logging_mixin.py:104} INFO - [2026-09-21 15:10:31,224] {dag.py:2280} INFO - Setting next_dagrun for example_python_operator to None
[2026-09-21 15:10:31,246] {scheduler_job.py:190} INFO - Processing /home/airflow/.local/lib/python3.6/site-packages/airflow/example_dags/example_python_operator.py took 0.160 seconds
