[2026-09-21 14:53:12,832] {scheduler_job.py:182} INFO - Started process (PID=35) to work on /home/airflow/.local/lib/python3.6/site-packages/airflow/example_dags/example_nested_branch_dag.py
[2026-09-21 14:53:12,834] {scheduler_job.py:629} INFO - Processing file /home/airflow/.local/lib/python3.6/site-packages/airflow/example_dags/example_nested_branch_dag.py for tasks to queue
[2026-09-21 14:53:12,835] {logging_mixin.py:104} INFO - [2026-09-21 14:53:12,835] {dagbag.py:451} INFO - Filling up the DagBag from /home/airflow/.local/lib/python3.6/site-packages/airflow/example_dags/example_nested_branch_dag.py
[2026-09-21 14:53:12,866] {scheduler_job.py:639} INFO - DAG(s) dict_keys(['example_nested_branch_dag']) retrieved from /home/airflow/.local/lib/python3.6/site-packages/airflow/example_dags/example_nested_branch_dag.py
[2026-09-21 14:53:12,911] {logging_mixin.py:104} INFO - [2026-09-21 14:53:12,910] {dag.py:1824} INFO - Sync 1 DAGs
[2026-09-21 14:53:12,927] {logging_mixin.py:104} INFO - [2026-09-21 14:53:12,927] {dag.py:1843} INFO - Creating ORM DAG for example_nested_branch_dag
[2026-09-21 14:53:12,952] {logging_mixin.py:104} INFO - [2026-09-21 14:53:12,952] {dag.py:2280} INFO - Setting next_dagrun for example_nested_branch_dag to 2026-09-19 00:00:00+00:00
[2026-09-21 14:53:12,982] {scheduler_job.py:190} INFO - Processing /home/airflow/.local/lib/python3.6/site-packages/airflow/example_dags/example_nested_branch_dag.py took 0.154 seconds
[2026-09-21 14:53:43,608] {scheduler_job.py:182} INFO - Started process (PID=62) to work on /home/airflow/.local/lib/python3.6/site-packages/airflow/example_dags/example_nested_branch_dag.py
[2026-09-21 14:53:43,609] {scheduler_job.py:629} INFO - Processing file /home/airflow/.local/lib/python3.6/site-packages/airflow/example_dags/example_nested_branch_dag.py for tasks to queue
[2026-09-21 14:53:43,610] {logging_mixin.py:104} INFO - [2026-09-21 14:53:43,610] {dagbag.py:451} INFO - Filling up the DagBag from /home/airflow/.local/lib/python3.6/site-packages/airflow/example_dags/example_nested_branch_dag.py
[2026-09-21 14:53:43,642] {scheduler_job.py:639} INFO - DAG(s) dict_keys(['example_nested_branch_dag']) retrieved from /home/airflow/.local/lib/python3.6/site-packages/airflow/example_dags/example_nested_branch_dag.py
[2026-09-21 14:53:43,683] {logging_mixin.py:104} INFO - [2026-09-21 14:53:43,683] {dag.py:1824} INFO - Sync 1 DAGs
[2026-09-21 14:53:43,731] {logging_mixin.py:104} INFO - [2026-09-21 14:53:43,731] {dag.py:2280} INFO - Setting next_dagrun for example_nested_branch_dag to 2026-09-19 00:00:00+00:00
[2026-09-21 14:53:43,753] {scheduler_job.py:190} INFO - Processing /home/airflow/.local/lib/python3.6/site-packages/airflow/example_dags/example_nested_branch_dag.py took 0.149 seconds
[2026-09-21 14:54:14,710] {scheduler_job.py:182} INFO - Started process (PID=91) to work on /home/airflow/.local/lib/python3.6/site-packages/airflow/example_dags/example_nested_branch_dag.py
[2026-09-21 14:54:14,712] {scheduler_job.py:629} INFO - Processing file /home/airflow/.local/lib/python3.6/site-packages/airflow/example_dags/example_nested_branch_dag.py for tasks to queue
[2026-09-21 14:54:14,713] {logging_mixin.py:104} INFO - [2026-09-21 14:54:14,713] {dagbag.py:451} INFO - Filling up the DagBag from /home/airflow/.local/lib/python3.6/site-packages/airflow/example_dags/example_nested_branch_dag.py
[2026-09-21 14:54:14,736] {scheduler_job.py:639} INFO - DAG(s) dict_keys(['example_nested_branch_dag']) retrieved from /home/airflow/.local/lib/python3.6/site-packages/airflow/example_dags/example_nested_branch_dag.py
[2026-09-21 14:54:14,767] {logging_mixin.py:104} INFO - [2026-09-21 14:54:14,767] {dag.py:1824} INFO - Sync 1 DAGs
[2026-09-21 14:54:14,801] {logging_mixin.py:104} INFO - [2026-09-21 14:54:14,800] {dag.py:2280} INFO - Setting next_dagrun for example_nested_branch_dag to 2026-09-19 00:00:00+00:00
[2026-09-21 14:54:14,822] {scheduler_job.py:190} INFO - Processing /home/airflow/.local/lib/python3.6/site-packages/airflow/example_dags/example_nested_branch_dag.py took 0.118 seconds
[2026-09-21 14:54:44,865] {scheduler_job.py:182} INFO - Started process (PID=118) to work on /home/airflow/.local/lib/python3.6/site-packages/airflow/example_dags/example_nested_branch_dag.py
[2026-09-21 14:54:44,866] {scheduler_job.py:629} INFO - Processing file /home/airflow/.local/lib/python3.6/site-packages/airflow/example_dags/example_nested_branch_dag.py for tasks to queue
[2026-09-21 14:54:44,866] {logging_mixin.py:104} INFO - [2026-09-21 14:54:44,866] {dagbag.py:451} INFO - Filling up the DagBag from /home/airflow/.local/lib/python3.6/site-packages/airflow/example_dags/example_nested_branch_dag.py
[2026-09-21 14:54:44,887] {scheduler_job.py:639} INFO - DAG(s) dict_keys(['example_nested_branch_dag']) retrieved from /home/airflow/.local/lib/python3.6/site-packages/airflow/example_dags/example_nested_branch_dag.py
[2026-09-21 14:54:44,924] {logging_mixin.py:104} INFO - [2026-09-21 14:54:44,924] {dag.py:1824} INFO - Sync 1 DAGs
[2026-09-21 14:54:44,955] {logging_mixin.py:104} INFO - [2026-09-21 14:54:44,955] {dag.py:2280} INFO - Setting next_dagrun for example_nested_branch_dag to 2026-09-19 00:00:00+00:00
[2026-09-21 14:54:44,968] {scheduler_job.py:190} INFO - Processing /home/airflow/.local/lib/python3.6/site-packages/airflow/example_dags/example_nested_branch_dag.py took 0.108 seconds
[2026-09-21 14:55:15,939] {scheduler_job.py:182} INFO - Started process (PID=146) to work on /home/airflow/.local/lib/python3.6/site-packages/airflow/example_dags/example_nested_branch_dag.py
[2026-09-21 14:55:15,940] {scheduler_job.py:629} INFO - Processing file /home/airflow/.local/lib/python3.6/site-packages/airflow/example_dags/example_nested_branch_dag.py for tasks to queue
[2026-09-21 14:55:15,941] {logging_mixin.py:104} INFO - [2026-09-21 14:55:15,941] {dagbag.py:451} INFO - Filling up the DagBag from /home/airflow/.local/lib/python3.6/site-packages/airflow/example_dags/example_nested_branch_dag.py
[2026-09-21 14:55:15,959] {scheduler_job.py:639} INFO - DAG(s) dict_keys(['example_nested_branch_dag']) retrieved from /home/airflow/.local/lib/python3.6/site-packages/airflow/example_dags/example_nested_branch_dag.py
[2026-09-21 14:55:15,983] {logging_mixin.py:104} INFO - [2026-09-21 14:55:15,983] {dag.py:1824} INFO - Sync 1 DAGs
[2026-09-21 14:55:16,008] {logging_mixin.py:104} INFO - [2026-09-21 14:55:16,008] {dag.py:2280} INFO - Setting next_dagrun for example_nested_branch_dag to 2026-09-19 00:00:00+00:00
[2026-09-21 14:55:16,023] {scheduler_job.py:190} INFO - Processing /home/airflow/.local/lib/python3.6/site-packages/airflow/example_dags/example_nested_branch_dag.py took 0.088 seconds
[2026-09-21 14:55:46,595] {scheduler_job.py:182} INFO - Started process (PID=173) to work on /home/airflow/.local/lib/python3.6/site-packages/airflow/example_dags/example_nested_branch_dag.py
[2026-09-21 14:55:46,596] {scheduler_job.py:629} INFO - Processing file /home/airflow/.local/lib/python3.6/site-packages/airflow/example_dags/example_nested_branch_dag.py for tasks to queue
[2026-09-21 14:55:46,597] {logging_mixin.py:104} INFO - [2026-09-21 14:55:46,597] {dagbag.py:451} INFO - Filling up the DagBag from /home/airflow/.local/lib/python3.6/site-packages/airflow/example_dags/example_nested_branch_dag.py
[2026-09-21 14:55:46,617] {scheduler_job.py:639} INFO - DAG(s) dict_keys(['example_nested_branch_dag']) retrieved from /home/airflow/.local/lib/python3.6/site-packages/airflow/example_dags/example_nested_branch_dag.py
[2026-09-21 14:55:46,647] {logging_mixin.py:104} INFO - [2026-09-21 14:55:46,647] {dag.py:1824} INFO - Sync 1 DAGs
[2026-09-21 14:55:46,677] {logging_mixin.py:104} INFO - [2026-09-21 14:55:46,677] {dag.py:2280} INFO - Setting next_dagrun for example_nested_branch_dag to 2026-09-19 00:00:00+00:00
[2026-09-21 14:55:46,689] {scheduler_job.py:190} INFO - Processing /home/airflow/.local/lib/python3.6/site-packages/airflow/example_dags/example_nested_branch_dag.py took 0.098 seconds
[2026-09-21 14:56:17,252] {scheduler_job.py:182} INFO - Started process (PID=200) to work on /home/airflow/.local/lib/python3.6/site-packages/airflow/example_dags/example_nested_branch_dag.py
[2026-09-21 14:56:17,254] {scheduler_job.py:629} INFO - Processing file /home/airflow/.local/lib/python3.6/site-packages/airflow/example_dags/example_nested_branch_dag.py for tasks to queue
[2026-09-21 14:56:17,255] {logging_mixin.py:104} INFO - [2026-09-21 14:56:17,255] {dagbag.py:451} INFO - Filling up the DagBag from /home/airflow/.local/lib/python3.6/site-packages/airflow/example_dags/example_nested_branch_dag.py
[2026-09-21 14:56:17,279] {scheduler_job.py:639} INFO - DAG(s) dict_keys(['example_nested_branch_dag']) retrieved from /home/airflow/.local/lib/python3.6/site-packages/airflow/example_dags/example_nested_branch_dag.py
[2026-09-21 14:56:17,310] {logging_mixin.py:104} INFO - [2026-09-21 14:56:17,309] {dag.py:1824} INFO - Sync 1 DAGs
[2026-09-21 14:56:17,346] {logging_mixin.py:104} INFO - [2026-09-21 14:56:17,346] {dag.py:2280} INFO - Setting next_dagrun for example_nested_branch_dag to 2026-09-19 00:00:00+00:00
[2026-09-21 14:56:17,366] {scheduler_job.py:190} INFO - Processing /home/airflow/.local/lib/python3.6/site-packages/airflow/example_dags/example_nested_branch_dag.py took 0.119 seconds
[2026-09-21 14:56:48,156] {scheduler_job.py:182} INFO - Started process (PID=227) to work on /home/airflow/.local/lib/python3.6/site-packages/airflow/example_dags/example_nested_branch_dag.py
[2026-09-21 14:56:48,157] {scheduler_job.py:629} INFO - Processing file /home/airflow/.local/lib/python3.6/site-packages/airflow/example_dags/example_nested_branch_dag.py for tasks to queue
[2026-09-21 14:56:48,157] {logging_mixin.py:104} INFO - [2026-09-21 14:56:48,157] {dagbag.py:451} INFO - Filling up the DagBag from /home/airflow/.local/lib/python3.6/site-packages/airflow/example_dags/example_nested_branch_dag.py
[2026-09-21 14:56:48,178] {scheduler_job.py:639} INFO - DAG(s) dict_keys(['example_nested_branch_dag']) retrieved from /home/airflow/.local/lib/python3.6/site-packages/airflow/example_dags/example_nested_branch_dag.py
[2026-09-21 14:56:48,203] {logging_mixin.py:104} INFO - [2026-09-21 14:56:48,203] {dag.py:1824} INFO - Sync 1 DAGs
[2026-09-21 14:56:48,229] {logging_mixin.py:104} INFO - [2026-09-21 14:56:48,229] {dag.py:2280} INFO - Setting next_dagrun for example_nested_branch_dag to 2026-09-19 00:00:00+00:00
[2026-09-21 14:56:48,242] {scheduler_job.py:190} INFO - Processing /home/airflow/.local/lib/python3.6/site-packages/airflow/example_dags/example_nested_branch_dag.py took 0.090 seconds
[2026-09-21 14:57:18,956] {scheduler_job.py:182} INFO - Started process (PID=254) to work on /home/airflow/.local/lib/python3.6/site-packages/airflow/example_dags/example_nested_branch_dag.py
[2026-09-21 14:57:18,959] {scheduler_job.py:629} INFO - Processing file /home/airflow/.local/lib/python3.6/site-packages/airflow/example_dags/example_nested_branch_dag.py for tasks to queue
[2026-09-21 14:57:18,960] {logging_mixin.py:104} INFO - [2026-09-21 14:57:18,960] {dagbag.py:451} INFO - Filling up the DagBag from /home/airflow/.local/lib/python3.6/site-packages/airflow/example_dags/example_nested_branch_dag.py
[2026-09-21 14:57:18,980] {scheduler_job.py:639} INFO - DAG(s) dict_keys(['example_nested_branch_dag']) retrieved from /home/airflow/.local/lib/python3.6/site-packages/airflow/example_dags/example_nested_branch_dag.py
[2026-09-21 14:57:19,023] {logging_mixin.py:104} INFO - [2026-09-21 14:57:19,023] {dag.py:1824} INFO - Sync 1 DAGs
[2026-09-21 14:57:19,069] {logging_mixin.py:104} INFO - [2026-09-21 14:57:19,069] {dag.py:2280} INFO - Setting next_dagrun for example_nested_branch_dag to 2026-09-19 00:00:00+00:00
[2026-09-21 14:57:19,092] {scheduler_job.py:190} INFO - Processing /home/airflow/.local/lib/python3.6/site-packages/airflow/example_dags/example_nested_branch_dag.py took 0.140 seconds
[2026-09-21 14:57:49,210] {scheduler_job.py:182} INFO - Started process (PID=281) to work on /home/airflow/.local/lib/python3.6/site-packages/airflow/example_dags/example_nested_branch_dag.py
[2026-09-21 14:57:49,211] {scheduler_job.py:629} INFO - Processing file /home/airflow/.local/lib/python3.6/site-packages/airflow/example_dags/example_nested_branch_dag.py for tasks to queue
[2026-09-21 14:57:49,212] {logging_mixin.py:104} INFO - [2026-09-21 14:57:49,212] {dagbag.py:451} INFO - Filling up the DagBag from /home/airflow/.local/lib/python3.6/site-packages/airflow/example_dags/example_nested_branch_dag.py
[2026-09-21 14:57:49,233] {scheduler_job.py:639} INFO - DAG(s) dict_keys(['example_nested_branch_dag']) retrieved from /home/airflow/.local/lib/python3.6/site-packages/airflow/example_dags/example_nested_branch_dag.py
[2026-09-21 14:57:49,261] {logging_mixin.py:104} INFO - [2026-09-21 14:57:49,261] {dag.py:1824} INFO - Sync 1 DAGs
[2026-09-21 14:57:49,296] {logging_mixin.py:104} INFO - [2026-09-21 14:57:49,295] {dag.py:2280} INFO - Setting next_dagrun for example_nested_branch_dag to 2026-09-19 00:00:00+00:00
[2026-09-21 14:57:49,315] {scheduler_job.py:190} INFO - Processing /home/airflow/.local/lib/python3.6/site-packages/airflow/example_dags/example_nested_branch_dag.py took 0.110 seconds
[2026-09-21 14:58:19,555] {scheduler_job.py:182} INFO - Started process (PID=308) to work on /home/airflow/.local/lib/python3.6/site-packages/airflow/example_dags/example_nested_branch_dag.py
[2026-09-21 14:58:19,556] {scheduler_job.py:629} INFO - Processing file /home/airflow/.local/lib/python3.6/site-packages/airflow/example_dags/example_nested_branch_dag.py for tasks to queue
[2026-09-21 14:58:19,556] {logging_mixin.py:104} INFO - [2026-09-21 14:58:19,556] {dagbag.py:451} INFO - Filling up the DagBag from /home/airflow/.local/lib/python3.6/site-packages/airflow/example_dags/example_nested_branch_dag.py
[2026-09-21 14:58:19,574] {scheduler_job.py:639} INFO - DAG(s) dict_keys(['example_nested_branch_dag']) retrieved from /home/airflow/.local/lib/python3.6/site-packages/airflow/example_dags/example_nested_branch_dag.py
[2026-09-21 14:58:19,598] {logging_mixin.py:104} INFO - [2026-09-21 14:58:19,597] {dag.py:1824} INFO - Sync 1 DAGs
[2026-09-21 14:58:19,624] {logging_mixin.py:104} INFO - [2026-09-21 14:58:19,624] {dag.py:2280} INFO - Setting next_dagrun for example_nested_branch_dag to 2026-09-19 00:00:00+00:00
[2026-09-21 14:58:19,636] {scheduler_job.py:190} INFO - Processing /home/airflow/.local/lib/python3.6/site-packages/airflow/example_dags/example_nested_branch_dag.py took 0.085 seconds
[2026-09-21 14:58:49,722] {scheduler_job.py:182} INFO - Started process (PID=335) to work on /home/airflow/.local/lib/python3.6/site-packages/airflow/example_dags/example_nested_branch_dag.py
[2026-09-21 14:58:49,724] {scheduler_job.py:629} INFO - Processing file /home/airflow/.local/lib/python3.6/site-packages/airflow/example_dags/example_nested_branch_dag.py for tasks to queue
[2026-09-21 14:58:49,725] {logging_mixin.py:104} INFO - [2026-09-21 14:58:49,725] {dagbag.py:451} INFO - Filling up the DagBag from /home/airflow/.local/lib/python3.6/site-packages/airflow/example_dags/example_nested_branch_dag.py
[2026-09-21 14:58:49,743] {scheduler_job.py:639} INFO - DAG(s) dict_keys(['example_nested_branch_dag']) retrieved from /home/airflow/.local/lib/python3.6/site-packages/airflow/example_dags/example_nested_branch_dag.py
[2026-09-21 14:58:49,769] {logging_mixin.py:104} INFO - [2026-09-21 14:58:49,768] {dag.py:1824} INFO - Sync 1 DAGs
[2026-09-21 14:58:49,796] {logging_mixin.py:104} INFO - [2026-09-21 14:58:49,795] {dag.py:2280} INFO - Setting next_dagrun for example_nested_branch_dag to 2026-09-19 00:00:00+00:00
[2026-09-21 14:58:49,811] {scheduler_job.py:190} INFO - Processing /home/airflow/.local/lib/python3.6/site-packages/airflow/example_dags/example_nested_branch_dag.py took 0.093 seconds
[2026-09-21 14:59:20,023] {scheduler_job.py:182} INFO - Started process (PID=362) to work on /home/airflow/.local/lib/python3.6/site-packages/airflow/example_dags/example_nested_branch_dag.py
[2026-09-21 14:59:20,025] {scheduler_job.py:629} INFO - Processing file /home/airflow/.local/lib/python3.6/site-packages/airflow/example_dags/example_nested_branch_dag.py for tasks to queue
[2026-09-21 14:59:20,026] {logging_mixin.py:104} INFO - [2026-09-21 14:59:20,025] {dagbag.py:451} INFO - Filling up the DagBag from /home/airflow/.local/lib/python3.6/site-packages/airflow/example_dags/example_nested_branch_dag.py
[2026-09-21 14:59:20,062] {scheduler_job.py:639} INFO - DAG(s) dict_keys(['example_nested_branch_dag']) retrieved from /home/airflow/.local/lib/python3.6/site-packages/airflow/example_dags/example_nested_branch_dag.py
[2026-09-21 14:59:20,116] {logging_mixin.py:104} INFO - [2026-09-21 14:59:20,116] {dag.py:1824} INFO - Sync 1 DAGs
[2026-09-21 14:59:20,165] {logging_mixin.py:104} INFO - [2026-09-21 14:59:20,164] {dag.py:2280} INFO - Setting next_dagrun for example_nested_branch_dag to 2026-09-19 00:00:00+00:00
[2026-09-21 14:59:20,188] {scheduler_job.py:190} INFO - Processing /home/airflow/.local/lib/python3.6/site-packages/airflow/example_dags/example_nested_branch_dag.py took 0.171 seconds
[2026-09-21 14:59:50,883] {scheduler_job.py:182} INFO - Started process (PID=389) to work on /home/airflow/.local/lib/python3.6/site-packages/airflow/example_dags/example_nested_branch_dag.py
[2026-09-21 14:59:50,885] {scheduler_job.py:629} INFO - Processing file /home/airflow/.local/lib/python3.6/site-packages/airflow/example_dags/example_nested_branch_dag.py for tasks to queue
[2026-09-21 14:59:50,885] {logging_mixin.py:104} INFO - [2026-09-21 14:59:50,885] {dagbag.py:451} INFO - Filling up the DagBag from /home/airflow/.local/lib/python3.6/site-packages/airflow/example_dags/example_nested_branch_dag.py
[2026-09-21 14:59:50,910] {scheduler_job.py:639} INFO - DAG(s) dict_keys(['example_nested_branch_dag']) retrieved from /home/airflow/.local/lib/python3.6/site-packages/airflow/example_dags/example_nested_branch_dag.py
[2026-09-21 14:59:50,937] {logging_mixin.py:104} INFO - [2026-09-21 14:59:50,937] {dag.py:1824} INFO - Sync 1 DAGs
[2026-09-21 14:59:50,972] {logging_mixin.py:104} INFO - [2026-09-21 14:59:50,972] {dag.py:2280} INFO - Setting next_dagrun for example_nested_branch_dag to 2026-09-19 00:00:00+00:00
[2026-09-21 14:59:50,985] {scheduler_job.py:190} INFO - Processing /home/airflow/.local/lib/python3.6/site-packages/airflow/example_dags/example_nested_branch_dag.py took 0.106 seconds
[2026-09-21 15:00:21,215] {scheduler_job.py:182} INFO - Started process (PID=417) to work on /home/airflow/.local/lib/python3.6/site-packages/airflow/example_dags/example_nested_branch_dag.py
[2026-09-21 15:00:21,216] {scheduler_job.py:629} INFO - Processing file /home/airflow/.local/lib/python3.6/site-packages/airflow/example_dags/example_nested_branch_dag.py for tasks to queue
[2026-09-21 15:00:21,217] {logging_mixin.py:104} INFO - [2026-09-21 15:00:21,217] {dagbag.py:451} INFO - Filling up the DagBag from /home/airflow/.local/lib/python3.6/site-packages/airflow/example_dags/example_nested_branch_dag.py
[2026-09-21 15:00:21,237] {scheduler_job.py:639} INFO - DAG(s) dict_keys(['example_nested_branch_dag']) retrieved from /home/airflow/.local/lib/python3.6/site-packages/airflow/example_dags/example_nested_branch_dag.py
[2026-09-21 15:00:21,264] {logging_mixin.py:104} INFO - [2026-09-21 15:00:21,264] {dag.py:1824} INFO - Sync 1 DAGs
[2026-09-21 15:00:21,291] {logging_mixin.py:104} INFO - [2026-09-21 15:00:21,290] {dag.py:2280} INFO - Setting next_dagrun for example_nested_branch_dag to 2026-09-19 00:00:00+00:00
[2026-09-21 15:00:21,306] {scheduler_job.py:190} INFO - Processing /home/airflow/.local/lib/python3.6/site-packages/airflow/example_dags/example_nested_branch_dag.py took 0.096 seconds
[2026-09-21 15:00:51,339] {scheduler_job.py:182} INFO - Started process (PID=444) to work on /home/airflow/.local/lib/python3.6/site-packages/airflow/example_dags/example_nested_branch_dag.py
[2026-09-21 15:00:51,340] {scheduler_job.py:629} INFO - Processing file /home/airflow/.local/lib/python3.6/site-packages/airflow/example_dags/example_nested_branch_dag.py for tasks to queue
[2026-09-21 15:00:51,341] {logging_mixin.py:104} INFO - [2026-09-21 15:00:51,341] {dagbag.py:451} INFO - Filling up the DagBag from /home/airflow/.local/lib/python3.6/site-packages/airflow/example_dags/example_nested_branch_dag.py
[2026-09-21 15:00:51,362] {scheduler_job.py:639} INFO - DAG(s) dict_keys(['example_nested_branch_dag']) retrieved from /home/airflow/.local/lib/python3.6/site-packages/airflow/example_dags/example_nested_branch_dag.py
[2026-09-21 15:00:51,391] {logging_mixin.py:104} INFO - [2026-09-21 15:00:51,391] {dag.py:1824} INFO - Sync 1 DAGs
[2026-09-21 15:00:51,418] {logging_mixin.py:104} INFO - [2026-09-21 15:00:51,418] {dag.py:2280} INFO - Setting next_dagrun for example_nested_branch_dag to 2026-09-19 00:00:00+00:00
[2026-09-21 15:00:51,432] {scheduler_job.py:190} INFO - Processing /home/airflow/.local/lib/python3.6/site-packages/airflow/example_dags/example_nested_branch_dag.py took 0.097 seconds
[2026-09-21 15:01:22,042] {scheduler_job.py:182} INFO - Started process (PID=474) to work on /home/airflow/.local/lib/python3.6/site-packages/airflow/example_dags/example_nested_branch_dag.py
[2026-09-21 15:01:22,043] {scheduler_job.py:629} INFO - Processing file /home/airflow/.local/lib/python3.6/site-packages/airflow/example_dags/example_nested_branch_dag.py for tasks to queue
[2026-09-21 15:01:22,044] {logging_mixin.py:104} INFO - [2026-09-21 15:01:22,044] {dagbag.py:451} INFO - Filling up the DagBag from /home/airflow/.local/lib/python3.6/site-packages/airflow/example_dags/example_nested_branch_dag.py
[2026-09-21 15:01:22,070] {scheduler_job.py:639} INFO - DAG(s) dict_keys(['example_nested_branch_dag']) retrieved from /home/airflow/.local/lib/python3.6/site-packages/airflow/example_dags/example_nested_branch_dag.py
[2026-09-21 15:01:22,095] {logging_mixin.py:104} INFO - [2026-09-21 15:01:22,095] {dag.py:1824} INFO - Sync 1 DAGs
[2026-09-21 15:01:22,124] {logging_mixin.py:104} INFO - [2026-09-21 15:01:22,124] {dag.py:2280} INFO - Setting next_dagrun for example_nested_branch_dag to 2026-09-19 00:00:00+00:00
[2026-09-21 15:01:22,137] {scheduler_job.py:190} INFO - Processing /home/airflow/.local/lib/python3.6/site-packages/airflow/example_dags/example_nested_branch_dag.py took 0.100 seconds
[2026-09-21 15:01:52,814] {scheduler_job.py:182} INFO - Started process (PID=503) to work on /home/airflow/.local/lib/python3.6/site-packages/airflow/example_dags/example_nested_branch_dag.py
[2026-09-21 15:01:52,817] {scheduler_job.py:629} INFO - Processing file /home/airflow/.local/lib/python3.6/site-packages/airflow/example_dags/example_nested_branch_dag.py for tasks to queue
[2026-09-21 15:01:52,818] {logging_mixin.py:104} INFO - [2026-09-21 15:01:52,818] {dagbag.py:451} INFO - Filling up the DagBag from /home/airflow/.local/lib/python3.6/site-packages/airflow/example_dags/example_nested_branch_dag.py
[2026-09-21 15:01:52,840] {scheduler_job.py:639} INFO - DAG(s) dict_keys(['example_nested_branch_dag']) retrieved from /home/airflow/.local/lib/python3.6/site-packages/airflow/example_dags/example_nested_branch_dag.py
[2026-09-21 15:01:52,869] {logging_mixin.py:104} INFO - [2026-09-21 15:01:52,869] {dag.py:1824} INFO - Sync 1 DAGs
[2026-09-21 15:01:52,899] {logging_mixin.py:104} INFO - [2026-09-21 15:01:52,899] {dag.py:2280} INFO - Setting next_dagrun for example_nested_branch_dag to 2026-09-19 00:00:00+00:00
[2026-09-21 15:01:52,919] {scheduler_job.py:190} INFO - Processing /home/airflow/.local/lib/python3.6/site-packages/airflow/example_dags/example_nested_branch_dag.py took 0.110 seconds
[2026-09-21 15:02:23,439] {scheduler_job.py:182} INFO - Started process (PID=530) to work on /home/airflow/.local/lib/python3.6/site-packages/airflow/example_dags/example_nested_branch_dag.py
[2026-09-21 15:02:23,441] {scheduler_job.py:629} INFO - Processing file /home/airflow/.local/lib/python3.6/site-packages/airflow/example_dags/example_nested_branch_dag.py for tasks to queue
[2026-09-21 15:02:23,442] {logging_mixin.py:104} INFO - [2026-09-21 15:02:23,442] {dagbag.py:451} INFO - Filling up the DagBag from /home/airflow/.local/lib/python3.6/site-packages/airflow/example_dags/example_nested_branch_dag.py
[2026-09-21 15:02:23,473] {scheduler_job.py:639} INFO - DAG(s) dict_keys(['example_nested_branch_dag']) retrieved from /home/airflow/.local/lib/python3.6/site-packages/airflow/example_dags/example_nested_branch_dag.py
[2026-09-21 15:02:23,518] {logging_mixin.py:104} INFO - [2026-09-21 15:02:23,518] {dag.py:1824} INFO - Sync 1 DAGs
[2026-09-21 15:02:23,569] {logging_mixin.py:104} INFO - [2026-09-21 15:02:23,569] {dag.py:2280} INFO - Setting next_dagrun for example_nested_branch_dag to 2026-09-19 00:00:00+00:00
[2026-09-21 15:02:23,590] {scheduler_job.py:190} INFO - Processing /home/airflow/.local/lib/python3.6/site-packages/airflow/example_dags/example_nested_branch_dag.py took 0.157 seconds
[2026-09-21 15:02:53,860] {scheduler_job.py:182} INFO - Started process (PID=551) to work on /home/airflow/.local/lib/python3.6/site-packages/airflow/example_dags/example_nested_branch_dag.py
[2026-09-21 15:02:53,861] {scheduler_job.py:629} INFO - Processing file /home/airflow/.local/lib/python3.6/site-packages/airflow/example_dags/example_nested_branch_dag.py for tasks to queue
[2026-09-21 15:02:53,862] {logging_mixin.py:104} INFO - [2026-09-21 15:02:53,862] {dagbag.py:451} INFO - Filling up the DagBag from /home/airflow/.local/lib/python3.6/site-packages/airflow/example_dags/example_nested_branch_dag.py
[2026-09-21 15:02:53,885] {scheduler_job.py:639} INFO - DAG(s) dict_keys(['example_nested_branch_dag']) retrieved from /home/airflow/.local/lib/python3.6/site-packages/airflow/example_dags/example_nested_branch_dag.py
[2026-09-21 15:02:53,913] {logging_mixin.py:104} INFO - [2026-09-21 15:02:53,913] {dag.py:1824} INFO - Sync 1 DAGs
[2026-09-21 15:02:53,944] {logging_mixin.py:104} INFO - [2026-09-21 15:02:53,944] {dag.py:2280} INFO - Setting next_dagrun for example_nested_branch_dag to 2026-09-19 00:00:00+00:00
[2026-09-21 15:02:53,958] {scheduler_job.py:190} INFO - Processing /home/airflow/.local/lib/python3.6/site-packages/airflow/example_dags/example_nested_branch_dag.py took 0.103 seconds
[2026-09-21 15:03:24,334] {scheduler_job.py:182} INFO - Started process (PID=580) to work on /home/airflow/.local/lib/python3.6/site-packages/airflow/example_dags/example_nested_branch_dag.py
[2026-09-21 15:03:24,336] {scheduler_job.py:629} INFO - Processing file /home/airflow/.local/lib/python3.6/site-packages/airflow/example_dags/example_nested_branch_dag.py for tasks to queue
[2026-09-21 15:03:24,337] {logging_mixin.py:104} INFO - [2026-09-21 15:03:24,337] {dagbag.py:451} INFO - Filling up the DagBag from /home/airflow/.local/lib/python3.6/site-packages/airflow/example_dags/example_nested_branch_dag.py
[2026-09-21 15:03:24,364] {scheduler_job.py:639} INFO - DAG(s) dict_keys(['example_nested_branch_dag']) retrieved from /home/airflow/.local/lib/python3.6/site-packages/airflow/example_dags/example_nested_branch_dag.py
[2026-09-21 15:03:24,410] {logging_mixin.py:104} INFO - [2026-09-21 15:03:24,410] {dag.py:1824} INFO - Sync 1 DAGs
[2026-09-21 15:03:24,457] {logging_mixin.py:104} INFO - [2026-09-21 15:03:24,457] {dag.py:2280} INFO - Setting next_dagrun for example_nested_branch_dag to 2026-09-19 00:00:00+00:00
[2026-09-21 15:03:24,478] {scheduler_job.py:190} INFO - Processing /home/airflow/.local/lib/python3.6/site-packages/airflow/example_dags/example_nested_branch_dag.py took 0.148 seconds
[2026-09-21 15:03:55,175] {scheduler_job.py:182} INFO - Started process (PID=605) to work on /home/airflow/.local/lib/python3.6/site-packages/airflow/example_dags/example_nested_branch_dag.py
[2026-09-21 15:03:55,176] {scheduler_job.py:629} INFO - Processing file /home/airflow/.local/lib/python3.6/site-packages/airflow/example_dags/example_nested_branch_dag.py for tasks to queue
[2026-09-21 15:03:55,178] {logging_mixin.py:104} INFO - [2026-09-21 15:03:55,177] {dagbag.py:451} INFO - Filling up the DagBag from /home/airflow/.local/lib/python3.6/site-packages/airflow/example_dags/example_nested_branch_dag.py
[2026-09-21 15:03:55,199] {scheduler_job.py:639} INFO - DAG(s) dict_keys(['example_nested_branch_dag']) retrieved from /home/airflow/.local/lib/python3.6/site-packages/airflow/example_dags/example_nested_branch_dag.py
[2026-09-21 15:03:55,229] {logging_mixin.py:104} INFO - [2026-09-21 15:03:55,229] {dag.py:1824} INFO - Sync 1 DAGs
[2026-09-21 15:03:55,264] {logging_mixin.py:104} INFO - [2026-09-21 15:03:55,264] {dag.py:2280} INFO - Setting next_dagrun for example_nested_branch_dag to 2026-09-19 00:00:00+00:00
[2026-09-21 15:03:55,278] {scheduler_job.py:190} INFO - Processing /home/airflow/.local/lib/python3.6/site-packages/airflow/example_dags/example_nested_branch_dag.py took 0.108 seconds
[2026-09-21 15:04:25,964] {scheduler_job.py:182} INFO - Started process (PID=634) to work on /home/airflow/.local/lib/python3.6/site-packages/airflow/example_dags/example_nested_branch_dag.py
[2026-09-21 15:04:25,966] {scheduler_job.py:629} INFO - Processing file /home/airflow/.local/lib/python3.6/site-packages/airflow/example_dags/example_nested_branch_dag.py for tasks to queue
[2026-09-21 15:04:25,967] {logging_mixin.py:104} INFO - [2026-09-21 15:04:25,967] {dagbag.py:451} INFO - Filling up the DagBag from /home/airflow/.local/lib/python3.6/site-packages/airflow/example_dags/example_nested_branch_dag.py
[2026-09-21 15:04:25,992] {scheduler_job.py:639} INFO - DAG(s) dict_keys(['example_nested_branch_dag']) retrieved from /home/airflow/.local/lib/python3.6/site-packages/airflow/example_dags/example_nested_branch_dag.py
[2026-09-21 15:04:26,027] {logging_mixin.py:104} INFO - [2026-09-21 15:04:26,027] {dag.py:1824} INFO - Sync 1 DAGs
[2026-09-21 15:04:26,061] {logging_mixin.py:104} INFO - [2026-09-21 15:04:26,060] {dag.py:2280} INFO - Setting next_dagrun for example_nested_branch_dag to 2026-09-19 00:00:00+00:00
[2026-09-21 15:04:26,079] {scheduler_job.py:190} INFO - Processing /home/airflow/.local/lib/python3.6/site-packages/airflow/example_dags/example_nested_branch_dag.py took 0.120 seconds
[2026-09-21 15:04:56,391] {scheduler_job.py:182} INFO - Started process (PID=662) to work on /home/airflow/.local/lib/python3.6/site-packages/airflow/example_dags/example_nested_branch_dag.py
[2026-09-21 15:04:56,392] {scheduler_job.py:629} INFO - Processing file /home/airflow/.local/lib/python3.6/site-packages/airflow/example_dags/example_nested_branch_dag.py for tasks to queue
[2026-09-21 15:04:56,393] {logging_mixin.py:104} INFO - [2026-09-21 15:04:56,393] {dagbag.py:451} INFO - Filling up the DagBag from /home/airflow/.local/lib/python3.6/site-packages/airflow/example_dags/example_nested_branch_dag.py
[2026-09-21 15:04:56,413] {scheduler_job.py:639} INFO - DAG(s) dict_keys(['example_nested_branch_dag']) retrieved from /home/airflow/.local/lib/python3.6/site-packages/airflow/example_dags/example_nested_branch_dag.py
[2026-09-21 15:04:56,444] {logging_mixin.py:104} INFO - [2026-09-21 15:04:56,444] {dag.py:1824} INFO - Sync 1 DAGs
[2026-09-21 15:04:56,484] {logging_mixin.py:104} INFO - [2026-09-21 15:04:56,484] {dag.py:2280} INFO - Setting next_dagrun for example_nested_branch_dag to 2026-09-19 00:00:00+00:00
[2026-09-21 15:04:56,498] {scheduler_job.py:190} INFO - Processing /home/airflow/.local/lib/python3.6/site-packages/airflow/example_dags/example_nested_branch_dag.py took 0.111 seconds
[2026-09-21 15:05:26,785] {scheduler_job.py:182} INFO - Started process (PID=691) to work on /home/airflow/.local/lib/python3.6/site-packages/airflow/example_dags/example_nested_branch_dag.py
[2026-09-21 15:05:26,787] {scheduler_job.py:629} INFO - Processing file /home/airflow/.local/lib/python3.6/site-packages/airflow/example_dags/example_nested_branch_dag.py for tasks to queue
[2026-09-21 15:05:26,788] {logging_mixin.py:104} INFO - [2026-09-21 15:05:26,787] {dagbag.py:451} INFO - Filling up the DagBag from /home/airflow/.local/lib/python3.6/site-packages/airflow/example_dags/example_nested_branch_dag.py
[2026-09-21 15:05:26,810] {scheduler_job.py:639} INFO - DAG(s) dict_keys(['example_nested_branch_dag']) retrieved from /home/airflow/.local/lib/python3.6/site-packages/airflow/example_dags/example_nested_branch_dag.py
[2026-09-21 15:05:26,841] {logging_mixin.py:104} INFO - [2026-09-21 15:05:26,841] {dag.py:1824} INFO - Sync 1 DAGs
[2026-09-21 15:05:26,875] {logging_mixin.py:104} INFO - [2026-09-21 15:05:26,874] {dag.py:2280} INFO - Setting next_dagrun for example_nested_branch_dag to 2026-09-19 00:00:00+00:00
[2026-09-21 15:05:26,887] {scheduler_job.py:190} INFO - Processing /home/airflow/.local/lib/python3.6/site-packages/airflow/example_dags/example_nested_branch_dag.py took 0.107 seconds
[2026-09-21 15:05:57,175] {scheduler_job.py:182} INFO - Started process (PID=718) to work on /home/airflow/.local/lib/python3.6/site-packages/airflow/example_dags/example_nested_branch_dag.py
[2026-09-21 15:05:57,177] {scheduler_job.py:629} INFO - Processing file /home/airflow/.local/lib/python3.6/site-packages/airflow/example_dags/example_nested_branch_dag.py for tasks to queue
[2026-09-21 15:05:57,178] {logging_mixin.py:104} INFO - [2026-09-21 15:05:57,178] {dagbag.py:451} INFO - Filling up the DagBag from /home/airflow/.local/lib/python3.6/site-packages/airflow/example_dags/example_nested_branch_dag.py
[2026-09-21 15:05:57,208] {scheduler_job.py:639} INFO - DAG(s) dict_keys(['example_nested_branch_dag']) retrieved from /home/airflow/.local/lib/python3.6/site-packages/airflow/example_dags/example_nested_branch_dag.py
[2026-09-21 15:05:57,261] {logging_mixin.py:104} INFO - [2026-09-21 15:05:57,261] {dag.py:1824} INFO - Sync 1 DAGs
[2026-09-21 15:05:57,329] {logging_mixin.py:104} INFO - [2026-09-21 15:05:57,328] {dag.py:2280} INFO - Setting next_dagrun for example_nested_branch_dag to 2026-09-19 00:00:00+00:00
[2026-09-21 15:05:57,346] {scheduler_job.py:190} INFO - Processing /home/airflow/.local/lib/python3.6/site-packages/airflow/example_dags/example_nested_branch_dag.py took 0.178 seconds
[2026-09-21 15:06:28,246] {scheduler_job.py:182} INFO - Started process (PID=746) to work on /home/airflow/.local/lib/python3.6/site-packages/airflow/example_dags/example_nested_branch_dag.py
[2026-09-21 15:06:28,248] {scheduler_job.py:629} INFO - Processing file /home/airflow/.local/lib/python3.6/site-packages/airflow/example_dags/example_nested_branch_dag.py for tasks to queue
[2026-09-21 15:06:28,250] {logging_mixin.py:104} INFO - [2026-09-21 15:06:28,249] {dagbag.py:451} INFO - Filling up the DagBag from /home/airflow/.local/lib/python3.6/site-packages/airflow/example_dags/example_nested_branch_dag.py
[2026-09-21 15:06:28,282] {scheduler_job.py:639} INFO - DAG(s) dict_keys(['example_nested_branch_dag']) retrieved from /home/airflow/.local/lib/python3.6/site-packages/airflow/example_dags/example_nested_branch_dag.py
[2026-09-21 15:06:28,337] {logging_mixin.py:104} INFO - [2026-09-21 15:06:28,337] {dag.py:1824} INFO - Sync 1 DAGs
[2026-09-21 15:06:28,385] {logging_mixin.py:104} INFO - [2026-09-21 15:06:28,384] {dag.py:2280} INFO - Setting next_dagrun for example_nested_branch_dag to 2026-09-19 00:00:00+00:00
[2026-09-21 15:06:28,410] {scheduler_job.py:190} INFO - Processing /home/airflow/.local/lib/python3.6/site-packages/airflow/example_dags/example_nested_branch_dag.py took 0.170 seconds
[2026-09-21 15:06:58,474] {scheduler_job.py:182} INFO - Started process (PID=773) to work on /home/airflow/.local/lib/python3.6/site-packages/airflow/example_dags/example_nested_branch_dag.py
[2026-09-21 15:06:58,476] {scheduler_job.py:629} INFO - Processing file /home/airflow/.local/lib/python3.6/site-packages/airflow/example_dags/example_nested_branch_dag.py for tasks to queue
[2026-09-21 15:06:58,477] {logging_mixin.py:104} INFO - [2026-09-21 15:06:58,477] {dagbag.py:451} INFO - Filling up the DagBag from /home/airflow/.local/lib/python3.6/site-packages/airflow/example_dags/example_nested_branch_dag.py
[2026-09-21 15:06:58,495] {scheduler_job.py:639} INFO - DAG(s) dict_keys(['example_nested_branch_dag']) retrieved from /home/airflow/.local/lib/python3.6/site-packages/airflow/example_dags/example_nested_branch_dag.py
[2026-09-21 15:06:58,521] {logging_mixin.py:104} INFO - [2026-09-21 15:06:58,521] {dag.py:1824} INFO - Sync 1 DAGs
[2026-09-21 15:06:58,547] {logging_mixin.py:104} INFO - [2026-09-21 15:06:58,547] {dag.py:2280} INFO - Setting next_dagrun for example_nested_branch_dag to 2026-09-19 00:00:00+00:00
[2026-09-21 15:06:58,561] {scheduler_job.py:190} INFO - Processing /home/airflow/.local/lib/python3.6/site-packages/airflow/example_dags/example_nested_branch_dag.py took 0.091 seconds
[2026-09-21 15:07:28,991] {scheduler_job.py:182} INFO - Started process (PID=800) to work on /home/airflow/.local/lib/python3.6/site-packages/airflow/example_dags/example_nested_branch_dag.py
[2026-09-21 15:07:28,993] {scheduler_job.py:629} INFO - Processing file /home/airflow/.local/lib/python3.6/site-packages/airflow/example_dags/example_nested_branch_dag.py for tasks to queue
[2026-09-21 15:07:28,994] {logging_mixin.py:104} INFO - [2026-09-21 15:07:28,994] {dagbag.py:451} INFO - Filling up the DagBag from /home/airflow/.local/lib/python3.6/site-packages/airflow/example_dags/example_nested_branch_dag.py
[2026-09-21 15:07:29,025] {scheduler_job.py:639} INFO - DAG(s) dict_keys(['example_nested_branch_dag']) retrieved from /home/airflow/.local/lib/python3.6/site-packages/airflow/example_dags/example_nested_branch_dag.py
[2026-09-21 15:07:29,068] {logging_mixin.py:104} INFO - [2026-09-21 15:07:29,067] {dag.py:1824} INFO - Sync 1 DAGs
[2026-09-21 15:07:29,103] {logging_mixin.py:104} INFO - [2026-09-21 15:07:29,103] {dag.py:2280} INFO - Setting next_dagrun for example_nested_branch_dag to 2026-09-19 00:00:00+00:00
[2026-09-21 15:07:29,120] {scheduler_job.py:190} INFO - Processing /home/airflow/.local/lib/python3.6/site-packages/airflow/example_dags/example_nested_branch_dag.py took 0.136 seconds
[2026-09-21 15:07:59,915] {scheduler_job.py:182} INFO - Started process (PID=827) to work on /home/airflow/.local/lib/python3.6/site-packages/airflow/example_dags/example_nested_branch_dag.py
[2026-09-21 15:07:59,918] {scheduler_job.py:629} INFO - Processing file /home/airflow/.local/lib/python3.6/site-packages/airflow/example_dags/example_nested_branch_dag.py for tasks to queue
[2026-09-21 15:07:59,920] {logging_mixin.py:104} INFO - [2026-09-21 15:07:59,919] {dagbag.py:451} INFO - Filling up the DagBag from /home/airflow/.local/lib/python3.6/site-packages/airflow/example_dags/example_nested_branch_dag.py
[2026-09-21 15:07:59,955] {scheduler_job.py:639} INFO - DAG(s) dict_keys(['example_nested_branch_dag']) retrieved from /home/airflow/.local/lib/python3.6/site-packages/airflow/example_dags/example_nested_branch_dag.py
[2026-09-21 15:08:00,014] {logging_mixin.py:104} INFO - [2026-09-21 15:08:00,014] {dag.py:1824} INFO - Sync 1 DAGs
[2026-09-21 15:08:00,086] {logging_mixin.py:104} INFO - [2026-09-21 15:08:00,086] {dag.py:2280} INFO - Setting next_dagrun for example_nested_branch_dag to 2026-09-19 00:00:00+00:00
[2026-09-21 15:08:00,110] {scheduler_job.py:190} INFO - Processing /home/airflow/.local/lib/python3.6/site-packages/airflow/example_dags/example_nested_branch_dag.py took 0.202 seconds
[2026-09-21 15:08:31,023] {scheduler_job.py:182} INFO - Started process (PID=854) to work on /home/airflow/.local/lib/python3.6/site-packages/airflow/example_dags/example_nested_branch_dag.py
[2026-09-21 15:08:31,025] {scheduler_job.py:629} INFO - Processing file /home/airflow/.local/lib/python3.6/site-packages/airflow/example_dags/example_nested_branch_dag.py for tasks to queue
[2026-09-21 15:08:31,026] {logging_mixin.py:104} INFO - [2026-09-21 15:08:31,026] {dagbag.py:451} INFO - Filling up the DagBag from /home/airflow/.local/lib/python3.6/site-packages/airflow/example_dags/example_nested_branch_dag.py
[2026-09-21 15:08:31,076] {scheduler_job.py:639} INFO - DAG(s) dict_keys(['example_nested_branch_dag']) retrieved from /home/airflow/.local/lib/python3.6/site-packages/airflow/example_dags/example_nested_branch_dag.py
[2026-09-21 15:08:31,162] {logging_mixin.py:104} INFO - [2026-09-21 15:08:31,162] {dag.py:1824} INFO - Sync 1 DAGs
[2026-09-21 15:08:31,215] {logging_mixin.py:104} INFO - [2026-09-21 15:08:31,215] {dag.py:2280} INFO - Setting next_dagrun for example_nested_branch_dag to 2026-09-19 00:00:00+00:00
[2026-09-21 15:08:31,241] {scheduler_job.py:190} INFO - Processing /home/airflow/.local/lib/python3.6/site-packages/airflow/example_dags/example_nested_branch_dag.py took 0.226 seconds
[2026-09-21 15:09:01,644] {scheduler_job.py:182} INFO - Started process (PID=882) to work on /home/airflow/.local/lib/python3.6/site-packages/airflow/example_dags/example_nested_branch_dag.py
[2026-09-21 15:09:01,651] {scheduler_job.py:629} INFO - Processing file /home/airflow/.local/lib/python3.6/site-packages/airflow/example_dags/example_nested_branch_dag.py for tasks to queue
[2026-09-21 15:09:01,657] {logging_mixin.py:104} INFO - [2026-09-21 15:09:01,656] {dagbag.py:451} INFO - Filling up the DagBag from /home/airflow/.local/lib/python3.6/site-packages/airflow/example_dags/example_nested_branch_dag.py
[2026-09-21 15:09:01,712] {scheduler_job.py:639} INFO - DAG(s) dict_keys(['example_nested_branch_dag']) retrieved from /home/airflow/.local/lib/python3.6/site-packages/airflow/example_dags/example_nested_branch_dag.py
[2026-09-21 15:09:01,819] {logging_mixin.py:104} INFO - [2026-09-21 15:09:01,819] {dag.py:1824} INFO - Sync 1 DAGs
[2026-09-21 15:09:01,878] {logging_mixin.py:104} INFO - [2026-09-21 15:09:01,878] {dag.py:2280} INFO - Setting next_dagrun for example_nested_branch_dag to 2026-09-19 00:00:00+00:00
[2026-09-21 15:09:01,911] {scheduler_job.py:190} INFO - Processing /home/airflow/.local/lib/python3.6/site-packages/airflow/example_dags/example_nested_branch_dag.py took 0.280 seconds
[2026-09-21 15:09:33,286] {scheduler_job.py:182} INFO - Started process (PID=912) to work on /home/airflow/.local/lib/python3.6/site-packages/airflow/example_dags/example_nested_branch_dag.py
[2026-09-21 15:09:33,288] {scheduler_job.py:629} INFO - Processing file /home/airflow/.local/lib/python3.6/site-packages/airflow/example_dags/example_nested_branch_dag.py for tasks to queue
[2026-09-21 15:09:33,289] {logging_mixin.py:104} INFO - [2026-09-21 15:09:33,289] {dagbag.py:451} INFO - Filling up the DagBag from /home/airflow/.local/lib/python3.6/site-packages/airflow/example_dags/example_nested_branch_dag.py
[2026-09-21 15:09:33,326] {scheduler_job.py:639} INFO - DAG(s) dict_keys(['example_nested_branch_dag']) retrieved from /home/airflow/.local/lib/python3.6/site-packages/airflow/example_dags/example_nested_branch_dag.py
[2026-09-21 15:09:33,377] {logging_mixin.py:104} INFO - [2026-09-21 15:09:33,377] {dag.py:1824} INFO - Sync 1 DAGs
[2026-09-21 15:09:33,441] {logging_mixin.py:104} INFO - [2026-09-21 15:09:33,441] {dag.py:2280} INFO - Setting next_dagrun for example_nested_branch_dag to 2026-09-19 00:00:00+00:00
[2026-09-21 15:09:33,487] {scheduler_job.py:190} INFO - Processing /home/airflow/.local/lib/python3.6/site-packages/airflow/example_dags/example_nested_branch_dag.py took 0.207 seconds
[2026-09-21 15:10:03,586] {scheduler_job.py:182} INFO - Started process (PID=939) to work on /home/airflow/.local/lib/python3.6/site-packages/airflow/example_dags/example_nested_branch_dag.py
[2026-09-21 15:10:03,588] {scheduler_job.py:629} INFO - Processing file /home/airflow/.local/lib/python3.6/site-packages/airflow/example_dags/example_nested_branch_dag.py for tasks to queue
[2026-09-21 15:10:03,589] {logging_mixin.py:104} INFO - [2026-09-21 15:10:03,589] {dagbag.py:451} INFO - Filling up the DagBag from /home/airflow/.local/lib/python3.6/site-packages/airflow/example_dags/example_nested_branch_dag.py
[2026-09-21 15:10:03,621] {scheduler_job.py:639} INFO - DAG(s) dict_keys(['example_nested_branch_dag']) retrieved from /home/airflow/.local/lib/python3.6/site-packages/airflow/example_dags/example_nested_branch_dag.py
[2026-09-21 15:10:03,660] {logging_mixin.py:104} INFO - [2026-09-21 15:10:03,660] {dag.py:1824} INFO - Sync 1 DAGs
[2026-09-21 15:10:03,709] {logging_mixin.py:104} INFO - [2026-09-21 15:10:03,709] {dag.py:2280} INFO - Setting next_dagrun for example_nested_branch_dag to 2026-09-19 00:00:00+00:00
[2026-09-21 15:10:03,730] {scheduler_job.py:190} INFO - Processing /home/airflow/.local/lib/python3.6/site-packages/airflow/example_dags/example_nested_branch_dag.py took 0.150 seconds
