[2026-09-21 14:53:13,179] {scheduler_job.py:182} INFO - Started process (PID=39) to work on /home/airflow/.local/lib/python3.6/site-packages/airflow/example_dags/example_task_group.py
[2026-09-21 14:53:13,181] {scheduler_job.py:629} INFO - Processing file /home/airflow/.local/lib/python3.6/site-packages/airflow/example_dags/example_task_group.py for tasks to queue
[2026-09-21 14:53:13,183] {logging_mixin.py:104} INFO - [2026-09-21 14:53:13,182] {dagbag.py:451} INFO - Filling up the DagBag from /home/airflow/.local/lib/python3.6/site-packages/airflow/example_dags/example_task_group.py
[2026-09-21 14:53:13,210] {scheduler_job.py:639} INFO - DAG(s) dict_keys(['example_task_group']) retrieved from /home/airflow/.local/lib/python3.6/site-packages/airflow/example_dags/example_task_group.py
[2026-09-21 14:53:13,271] {logging_mixin.py:104} INFO - [2026-09-21 14:53:13,270] {dag.py:1824} INFO - Sync 1 DAGs
[2026-09-21 14:53:13,293] {logging_mixin.py:104} INFO - [2026-09-21 14:53:13,293] {dag.py:1843} INFO - Creating ORM DAG for example_task_group
[2026-09-21 14:53:13,308] {logging_mixin.py:104} INFO - [2026-09-21 14:53:13,308] {dag.py:2280} INFO - Setting next_dagrun for example_task_group to 2026-09-19 00:00:00+00:00
[2026-09-21 14:53:13,351] {scheduler_job.py:190} INFO - Processing /home/airflow/.local/lib/python3.6/site-packages/airflow/example_dags/example_task_group.py took 0.178 seconds
[2026-09-21 14:53:43,786] {scheduler_job.py:182} INFO - Started process (PID=64) to work on /home/airflow/.local/lib/python3.6/site-packages/airflow/example_dags/example_task_group.py
[2026-09-21 14:53:43,788] {scheduler_job.py:629} INFO - Processing file /home/airflow/.local/lib/python3.6/site-packages/airflow/example_dags/example_task_group.py for tasks to queue
[2026-09-21 14:53:43,789] {logging_mixin.py:104} INFO - [2026-09-21 14:53:43,789] {dagbag.py:451} INFO - Filling up the DagBag from /home/airflow/.local/lib/python3.6/site-packages/airflow/example_dags/example_task_group.py
[2026-09-21 14:53:43,811] {scheduler_job.py:639} INFO - DAG(s) dict_keys(['example_task_group']) retrieved from /home/airflow/.local/lib/python3.6/site-packages/airflow/example_dags/example_task_group.py
[2026-09-21 14:53:43,852] {logging_mixin.py:104} INFO - [2026-09-21 14:53:43,852] {dag.py:1824} INFO - Sync 1 DAGs
[2026-09-21 14:53:43,881] {logging_mixin.py:104} INFO - [2026-09-21 14:53:43,881] {dag.py:2280} INFO - Setting next_dagrun for example_task_group to 2026-09-19 00:00:00+00:00
[2026-09-21 14:53:43,902] {scheduler_job.py:190} INFO - Processing /home/airflow/.local/lib/python3.6/site-packages/airflow/example_dags/example_task_group.py took 0.124 seconds
[2026-09-21 14:54:14,903] {scheduler_job.py:182} INFO - Started process (PID=94) to work on /home/airflow/.local/lib/python3.6/site-packages/airflow/example_dags/example_task_group.py
[2026-09-21 14:54:14,905] {scheduler_job.py:629} INFO - Processing file /home/airflow/.local/lib/python3.6/site-packages/airflow/example_dags/example_task_group.py for tasks to queue
[2026-09-21 14:54:14,906] {logging_mixin.py:104} INFO - [2026-09-21 14:54:14,906] {dagbag.py:451} INFO - Filling up the DagBag from /home/airflow/.local/lib/python3.6/site-packages/airflow/example_dags/example_task_group.py
[2026-09-21 14:54:14,924] {scheduler_job.py:639} INFO - DAG(s) dict_keys(['example_task_group']) retrieved from /home/airflow/.local/lib/python3.6/site-packages/airflow/example_dags/example_task_group.py
[2026-09-21 14:54:14,955] {logging_mixin.py:104} INFO - [2026-09-21 14:54:14,955] {dag.py:1824} INFO - Sync 1 DAGs
[2026-09-21 14:54:14,981] {logging_mixin.py:104} INFO - [2026-09-21 14:54:14,981] {dag.py:2280} INFO - Setting next_dagrun for example_task_group to 2026-09-19 00:00:00+00:00
[2026-09-21 14:54:15,001] {scheduler_job.py:190} INFO - Processing /home/airflow/.local/lib/python3.6/site-packages/airflow/example_dags/example_task_group.py took 0.103 seconds
[2026-09-21 14:54:45,082] {scheduler_job.py:182} INFO - Started process (PID=121) to work on /home/airflow/.local/lib/python3.6/site-packages/airflow/example_dags/example_task_group.py
[2026-09-21 14:54:45,084] {scheduler_job.py:629} INFO - Processing file /home/airflow/.local/lib/python3.6/site-packages/airflow/example_dags/example_task_group.py for tasks to queue
[2026-09-21 14:54:45,084] {logging_mixin.py:104} INFO - [2026-09-21 14:54:45,084] {dagbag.py:451} INFO - Filling up the DagBag from /home/airflow/.local/lib/python3.6/site-packages/airflow/example_dags/example_task_group.py
[2026-09-21 14:54:45,103] {scheduler_job.py:639} INFO - DAG(s) dict_keys(['example_task_group']) retrieved from /home/airflow/.local/lib/python3.6/site-packages/airflow/example_dags/example_task_group.py
[2026-09-21 14:54:45,129] {logging_mixin.py:104} INFO - [2026-09-21 14:54:45,129] {dag.py:1824} INFO - Sync 1 DAGs
[2026-09-21 14:54:45,149] {logging_mixin.py:104} INFO - [2026-09-21 14:54:45,149] {dag.py:2280} INFO - Setting next_dagrun for example_task_group to 2026-09-19 00:00:00+00:00
[2026-09-21 14:54:45,161] {scheduler_job.py:190} INFO - Processing /home/airflow/.local/lib/python3.6/site-packages/airflow/example_dags/example_task_group.py took 0.083 seconds
[2026-09-21 14:55:16,143] {scheduler_job.py:182} INFO - Started process (PID=149) to work on /home/airflow/.local/lib/python3.6/site-packages/airflow/example_dags/example_task_group.py
[2026-09-21 14:55:16,144] {scheduler_job.py:629} INFO - Processing file /home/airflow/.local/lib/python3.6/site-packages/airflow/example_dags/example_task_group.py for tasks to queue
[2026-09-21 14:55:16,145] {logging_mixin.py:104} INFO - [2026-09-21 14:55:16,145] {dagbag.py:451} INFO - Filling up the DagBag from /home/airflow/.local/lib/python3.6/site-packages/airflow/example_dags/example_task_group.py
[2026-09-21 14:55:16,160] {scheduler_job.py:639} INFO - DAG(s) dict_keys(['example_task_group']) retrieved from /home/airflow/.local/lib/python3.6/site-packages/airflow/example_dags/example_task_group.py
[2026-09-21 14:55:16,184] {logging_mixin.py:104} INFO - [2026-09-21 14:55:16,184] {dag.py:1824} INFO - Sync 1 DAGs
[2026-09-21 14:55:16,202] {logging_mixin.py:104} INFO - [2026-09-21 14:55:16,201] {dag.py:2280} INFO - Setting next_dagrun for example_task_group to 2026-09-19 00:00:00+00:00
[2026-09-21 14:55:16,217] {scheduler_job.py:190} INFO - Processing /home/airflow/.local/lib/python3.6/site-packages/airflow/example_dags/example_task_group.py took 0.078 seconds
[2026-09-21 14:55:46,704] {scheduler_job.py:182} INFO - Started process (PID=175) to work on /home/airflow/.local/lib/python3.6/site-packages/airflow/example_dags/example_task_group.py
[2026-09-21 14:55:46,705] {scheduler_job.py:629} INFO - Processing file /home/airflow/.local/lib/python3.6/site-packages/airflow/example_dags/example_task_group.py for tasks to queue
[2026-09-21 14:55:46,706] {logging_mixin.py:104} INFO - [2026-09-21 14:55:46,706] {dagbag.py:451} INFO - Filling up the DagBag from /home/airflow/.local/lib/python3.6/site-packages/airflow/example_dags/example_task_group.py
[2026-09-21 14:55:46,721] {scheduler_job.py:639} INFO - DAG(s) dict_keys(['example_task_group']) retrieved from /home/airflow/.local/lib/python3.6/site-packages/airflow/example_dags/example_task_group.py
[2026-09-21 14:55:46,746] {logging_mixin.py:104} INFO - [2026-09-21 14:55:46,746] {dag.py:1824} INFO - Sync 1 DAGs
[2026-09-21 14:55:46,765] {logging_mixin.py:104} INFO - [2026-09-21 14:55:46,764] {dag.py:2280} INFO - Setting next_dagrun for example_task_group to 2026-09-19 00:00:00+00:00
[2026-09-21 14:55:46,781] {scheduler_job.py:190} INFO - Processing /home/airflow/.local/lib/python3.6/site-packages/airflow/example_dags/example_task_group.py took 0.080 seconds
[2026-09-21 14:56:17,387] {scheduler_job.py:182} INFO - Started process (PID=202) to work on /home/airflow/.local/lib/python3.6/site-packages/airflow/example_dags/example_task_group.py
[2026-09-21 14:56:17,389] {scheduler_job.py:629} INFO - Processing file /home/airflow/.local/lib/python3.6/site-packages/airflow/example_dags/example_task_group.py for tasks to queue
[2026-09-21 14:56:17,390] {logging_mixin.py:104} INFO - [2026-09-21 14:56:17,390] {dagbag.py:451} INFO - Filling up the DagBag from /home/airflow/.local/lib/python3.6/site-packages/airflow/example_dags/example_task_group.py
[2026-09-21 14:56:17,407] {scheduler_job.py:639} INFO - DAG(s) dict_keys(['example_task_group']) retrieved from /home/airflow/.local/lib/python3.6/site-packages/airflow/example_dags/example_task_group.py
[2026-09-21 14:56:17,438] {logging_mixin.py:104} INFO - [2026-09-21 14:56:17,438] {dag.py:1824} INFO - Sync 1 DAGs
[2026-09-21 14:56:17,463] {logging_mixin.py:104} INFO - [2026-09-21 14:56:17,463] {dag.py:2280} INFO - Setting next_dagrun for example_task_group to 2026-09-19 00:00:00+00:00
[2026-09-21 14:56:17,484] {scheduler_job.py:190} INFO - Processing /home/airflow/.local/lib/python3.6/site-packages/airflow/example_dags/example_task_group.py took 0.102 seconds
[2026-09-21 14:56:48,352] {scheduler_job.py:182} INFO - Started process (PID=230) to work on /home/airflow/.local/lib/python3.6/site-packages/airflow/example_dags/example_task_group.py
[2026-09-21 14:56:48,354] {scheduler_job.py:629} INFO - Processing file /home/airflow/.local/lib/python3.6/site-packages/airflow/example_dags/example_task_group.py for tasks to queue
[2026-09-21 14:56:48,354] {logging_mixin.py:104} INFO - [2026-09-21 14:56:48,354] {dagbag.py:451} INFO - Filling up the DagBag from /home/airflow/.local/lib/python3.6/site-packages/airflow/example_dags/example_task_group.py
[2026-09-21 14:56:48,370] {scheduler_job.py:639} INFO - DAG(s) dict_keys(['example_task_group']) retrieved from /home/airflow/.local/lib/python3.6/site-packages/airflow/example_dags/example_task_group.py
[2026-09-21 14:56:48,399] {logging_mixin.py:104} INFO - [2026-09-21 14:56:48,399] {dag.py:1824} INFO - Sync 1 DAGs
[2026-09-21 14:56:48,426] {logging_mixin.py:104} INFO - [2026-09-21 14:56:48,426] {dag.py:2280} INFO - Setting next_dagrun for example_task_group to 2026-09-19 00:00:00+00:00
[2026-09-21 14:56:48,445] {scheduler_job.py:190} INFO - Processing /home/airflow/.local/lib/python3.6/site-packages/airflow/example_dags/example_task_group.py took 0.097 seconds
[2026-09-21 14:57:19,125] {scheduler_job.py:182} INFO - Started process (PID=256) to work on /home/airflow/.local/lib/python3.6/site-packages/airflow/example_dags/example_task_group.py
[2026-09-21 14:57:19,127] {scheduler_job.py:629} INFO - Processing file /home/airflow/.local/lib/python3.6/site-packages/airflow/example_dags/example_task_group.py for tasks to queue
[2026-09-21 14:57:19,128] {logging_mixin.py:104} INFO - [2026-09-21 14:57:19,128] {dagbag.py:451} INFO - Filling up the DagBag from /home/airflow/.local/lib/python3.6/site-packages/airflow/example_dags/example_task_group.py
[2026-09-21 14:57:19,145] {scheduler_job.py:639} INFO - DAG(s) dict_keys(['example_task_group']) retrieved from /home/airflow/.local/lib/python3.6/site-packages/airflow/example_dags/example_task_group.py
[2026-09-21 14:57:19,176] {logging_mixin.py:104} INFO - [2026-09-21 14:57:19,176] {dag.py:1824} INFO - Sync 1 DAGs
[2026-09-21 14:57:19,198] {logging_mixin.py:104} INFO - [2026-09-21 14:57:19,198] {dag.py:2280} INFO - Setting next_dagrun for example_task_group to 2026-09-19 00:00:00+00:00
[2026-09-21 14:57:19,216] {scheduler_job.py:190} INFO - Processing /home/airflow/.local/lib/python3.6/site-packages/airflow/example_dags/example_task_group.py took 0.096 seconds
[2026-09-21 14:57:49,342] {scheduler_job.py:182} INFO - Started process (PID=283) to work on /home/airflow/.local/lib/python3.6/site-packages/airflow/example_dags/example_task_group.py
[2026-09-21 14:57:49,344] {scheduler_job.py:629} INFO - Processing file /home/airflow/.local/lib/python3.6/site-packages/airflow/example_dags/example_task_group.py for tasks to queue
[2026-09-21 14:57:49,344] {logging_mixin.py:104} INFO - [2026-09-21 14:57:49,344] {dagbag.py:451} INFO - Filling up the DagBag from /home/airflow/.local/lib/python3.6/site-packages/airflow/example_dags/example_task_group.py
[2026-09-21 14:57:49,362] {scheduler_job.py:639} INFO - DAG(s) dict_keys(['example_task_group']) retrieved from /home/airflow/.local/lib/python3.6/site-packages/airflow/example_dags/example_task_group.py
[2026-09-21 14:57:49,392] {logging_mixin.py:104} INFO - [2026-09-21 14:57:49,392] {dag.py:1824} INFO - Sync 1 DAGs
[2026-09-21 14:57:49,414] {logging_mixin.py:104} INFO - [2026-09-21 14:57:49,414] {dag.py:2280} INFO - Setting next_dagrun for example_task_group to 2026-09-19 00:00:00+00:00
[2026-09-21 14:57:49,429] {scheduler_job.py:190} INFO - Processing /home/airflow/.local/lib/python3.6/site-packages/airflow/example_dags/example_task_group.py took 0.091 seconds
[2026-09-21 14:58:19,664] {scheduler_job.py:182} INFO - Started process (PID=310) to work on /home/airflow/.local/lib/python3.6/site-packages/airflow/example_dags/example_task_group.py
[2026-09-21 14:58:19,665] {scheduler_job.py:629} INFO - Processing file /home/airflow/.local/lib/python3.6/site-packages/airflow/example_dags/example_task_group.py for tasks to queue
[2026-09-21 14:58:19,666] {logging_mixin.py:104} INFO - [2026-09-21 14:58:19,665] {dagbag.py:451} INFO - Filling up the DagBag from /home/airflow/.local/lib/python3.6/site-packages/airflow/example_dags/example_task_group.py
[2026-09-21 14:58:19,681] {scheduler_job.py:639} INFO - DAG(s) dict_keys(['example_task_group']) retrieved from /home/airflow/.local/lib/python3.6/site-packages/airflow/example_dags/example_task_group.py
[2026-09-21 14:58:19,705] {logging_mixin.py:104} INFO - [2026-09-21 14:58:19,704] {dag.py:1824} INFO - Sync 1 DAGs
[2026-09-21 14:58:19,722] {logging_mixin.py:104} INFO - [2026-09-21 14:58:19,722] {dag.py:2280} INFO - Setting next_dagrun for example_task_group to 2026-09-19 00:00:00+00:00
[2026-09-21 14:58:19,738] {scheduler_job.py:190} INFO - Processing /home/airflow/.local/lib/python3.6/site-packages/airflow/example_dags/example_task_group.py took 0.078 seconds
[2026-09-21 14:58:49,836] {scheduler_job.py:182} INFO - Started process (PID=337) to work on /home/airflow/.local/lib/python3.6/site-packages/airflow/example_dags/example_task_group.py
[2026-09-21 14:58:49,838] {scheduler_job.py:629} INFO - Processing file /home/airflow/.local/lib/python3.6/site-packages/airflow/example_dags/example_task_group.py for tasks to queue
[2026-09-21 14:58:49,838] {logging_mixin.py:104} INFO - [2026-09-21 14:58:49,838] {dagbag.py:451} INFO - Filling up the DagBag from /home/airflow/.local/lib/python3.6/site-packages/airflow/example_dags/example_task_group.py
[2026-09-21 14:58:49,853] {scheduler_job.py:639} INFO - DAG(s) dict_keys(['example_task_group']) retrieved from /home/airflow/.local/lib/python3.6/site-packages/airflow/example_dags/example_task_group.py
[2026-09-21 14:58:49,879] {logging_mixin.py:104} INFO - [2026-09-21 14:58:49,879] {dag.py:1824} INFO - Sync 1 DAGs
[2026-09-21 14:58:49,897] {logging_mixin.py:104} INFO - [2026-09-21 14:58:49,897] {dag.py:2280} INFO - Setting next_dagrun for example_task_group to 2026-09-19 00:00:00+00:00
[2026-09-21 14:58:49,911] {scheduler_job.py:190} INFO - Processing /home/airflow/.local/lib/python3.6/site-packages/airflow/example_dags/example_task_group.py took 0.079 seconds
[2026-09-21 14:59:20,220] {scheduler_job.py:182} INFO - Started process (PID=364) to work on /home/airflow/.local/lib/python3.6/site-packages/airflow/example_dags/example_task_group.py
[2026-09-21 14:59:20,222] {scheduler_job.py:629} INFO - Processing file /home/airflow/.local/lib/python3.6/site-packages/airflow/example_dags/example_task_group.py for tasks to queue
[2026-09-21 14:59:20,223] {logging_mixin.py:104} INFO - [2026-09-21 14:59:20,223] {dagbag.py:451} INFO - Filling up the DagBag from /home/airflow/.local/lib/python3.6/site-packages/airflow/example_dags/example_task_group.py
[2026-09-21 14:59:20,247] {scheduler_job.py:639} INFO - DAG(s) dict_keys(['example_task_group']) retrieved from /home/airflow/.local/lib/python3.6/site-packages/airflow/example_dags/example_task_group.py
[2026-09-21 14:59:20,291] {logging_mixin.py:104} INFO - [2026-09-21 14:59:20,291] {dag.py:1824} INFO - Sync 1 DAGs
[2026-09-21 14:59:20,326] {logging_mixin.py:104} INFO - [2026-09-21 14:59:20,326] {dag.py:2280} INFO - Setting next_dagrun for example_task_group to 2026-09-19 00:00:00+00:00
[2026-09-21 14:59:20,353] {scheduler_job.py:190} INFO - Processing /home/airflow/.local/lib/python3.6/site-packages/airflow/example_dags/example_task_group.py took 0.140 seconds
[2026-09-21 14:59:50,998] {scheduler_job.py:182} INFO - Started process (PID=391) to work on /home/airflow/.local/lib/python3.6/site-packages/airflow/example_dags/example_task_group.py
[2026-09-21 14:59:50,999] {scheduler_job.py:629} INFO - Processing file /home/airflow/.local/lib/python3.6/site-packages/airflow/example_dags/example_task_group.py for tasks to queue
[2026-09-21 14:59:51,000] {logging_mixin.py:104} INFO - [2026-09-21 14:59:51,000] {dagbag.py:451} INFO - Filling up the DagBag from /home/airflow/.local/lib/python3.6/site-packages/airflow/example_dags/example_task_group.py
[2026-09-21 14:59:51,015] {scheduler_job.py:639} INFO - DAG(s) dict_keys(['example_task_group']) retrieved from /home/airflow/.local/lib/python3.6/site-packages/airflow/example_dags/example_task_group.py
[2026-09-21 14:59:51,044] {logging_mixin.py:104} INFO - [2026-09-21 14:59:51,044] {dag.py:1824} INFO - Sync 1 DAGs
[2026-09-21 14:59:51,075] {logging_mixin.py:104} INFO - [2026-09-21 14:59:51,075] {dag.py:2280} INFO - Setting next_dagrun for example_task_group to 2026-09-19 00:00:00+00:00
[2026-09-21 14:59:51,097] {scheduler_job.py:190} INFO - Processing /home/airflow/.local/lib/python3.6/site-packages/airflow/example_dags/example_task_group.py took 0.103 seconds
[2026-09-21 15:00:21,533] {scheduler_job.py:182} INFO - Started process (PID=421) to work on /home/airflow/.local/lib/python3.6/site-packages/airflow/example_dags/example_task_group.py
[2026-09-21 15:00:21,534] {scheduler_job.py:629} INFO - Processing file /home/airflow/.local/lib/python3.6/site-packages/airflow/example_dags/example_task_group.py for tasks to queue
[2026-09-21 15:00:21,535] {logging_mixin.py:104} INFO - [2026-09-21 15:00:21,535] {dagbag.py:451} INFO - Filling up the DagBag from /home/airflow/.local/lib/python3.6/site-packages/airflow/example_dags/example_task_group.py
[2026-09-21 15:00:21,550] {scheduler_job.py:639} INFO - DAG(s) dict_keys(['example_task_group']) retrieved from /home/airflow/.local/lib/python3.6/site-packages/airflow/example_dags/example_task_group.py
[2026-09-21 15:00:21,574] {logging_mixin.py:104} INFO - [2026-09-21 15:00:21,574] {dag.py:1824} INFO - Sync 1 DAGs
[2026-09-21 15:00:21,592] {logging_mixin.py:104} INFO - [2026-09-21 15:00:21,592] {dag.py:2280} INFO - Setting next_dagrun for example_task_group to 2026-09-19 00:00:00+00:00
[2026-09-21 15:00:21,608] {scheduler_job.py:190} INFO - Processing /home/airflow/.local/lib/python3.6/site-packages/airflow/example_dags/example_task_group.py took 0.078 seconds
[2026-09-21 15:00:51,692] {scheduler_job.py:182} INFO - Started process (PID=448) to work on /home/airflow/.local/lib/python3.6/site-packages/airflow/example_dags/example_task_group.py
[2026-09-21 15:00:51,693] {scheduler_job.py:629} INFO - Processing file /home/airflow/.local/lib/python3.6/site-packages/airflow/example_dags/example_task_group.py for tasks to queue
[2026-09-21 15:00:51,694] {logging_mixin.py:104} INFO - [2026-09-21 15:00:51,694] {dagbag.py:451} INFO - Filling up the DagBag from /home/airflow/.local/lib/python3.6/site-packages/airflow/example_dags/example_task_group.py
[2026-09-21 15:00:51,716] {scheduler_job.py:639} INFO - DAG(s) dict_keys(['example_task_group']) retrieved from /home/airflow/.local/lib/python3.6/site-packages/airflow/example_dags/example_task_group.py
[2026-09-21 15:00:51,746] {logging_mixin.py:104} INFO - [2026-09-21 15:00:51,745] {dag.py:1824} INFO - Sync 1 DAGs
[2026-09-21 15:00:51,766] {logging_mixin.py:104} INFO - [2026-09-21 15:00:51,766] {dag.py:2280} INFO - Setting next_dagrun for example_task_group to 2026-09-19 00:00:00+00:00
[2026-09-21 15:00:51,783] {scheduler_job.py:190} INFO - Processing /home/airflow/.local/lib/python3.6/site-packages/airflow/example_dags/example_task_group.py took 0.097 seconds
[2026-09-21 15:01:22,157] {scheduler_job.py:182} INFO - Started process (PID=476) to work on /home/airflow/.local/lib/python3.6/site-packages/airflow/example_dags/example_task_group.py
[2026-09-21 15:01:22,158] {scheduler_job.py:629} INFO - Processing file /home/airflow/.local/lib/python3.6/site-packages/airflow/example_dags/example_task_group.py for tasks to queue
[2026-09-21 15:01:22,160] {logging_mixin.py:104} INFO - [2026-09-21 15:01:22,159] {dagbag.py:451} INFO - Filling up the DagBag from /home/airflow/.local/lib/python3.6/site-packages/airflow/example_dags/example_task_group.py
[2026-09-21 15:01:22,176] {scheduler_job.py:639} INFO - DAG(s) dict_keys(['example_task_group']) retrieved from /home/airflow/.local/lib/python3.6/site-packages/airflow/example_dags/example_task_group.py
[2026-09-21 15:01:22,204] {logging_mixin.py:104} INFO - [2026-09-21 15:01:22,204] {dag.py:1824} INFO - Sync 1 DAGs
[2026-09-21 15:01:22,225] {logging_mixin.py:104} INFO - [2026-09-21 15:01:22,224] {dag.py:2280} INFO - Setting next_dagrun for example_task_group to 2026-09-19 00:00:00+00:00
[2026-09-21 15:01:22,237] {scheduler_job.py:190} INFO - Processing /home/airflow/.local/lib/python3.6/site-packages/airflow/example_dags/example_task_group.py took 0.084 seconds
[2026-09-21 15:01:52,422] {scheduler_job.py:182} INFO - Started process (PID=499) to work on /home/airflow/.local/lib/python3.6/site-packages/airflow/example_dags/example_task_group.py
[2026-09-21 15:01:52,424] {scheduler_job.py:629} INFO - Processing file /home/airflow/.local/lib/python3.6/site-packages/airflow/example_dags/example_task_group.py for tasks to queue
[2026-09-21 15:01:52,425] {logging_mixin.py:104} INFO - [2026-09-21 15:01:52,425] {dagbag.py:451} INFO - Filling up the DagBag from /home/airflow/.local/lib/python3.6/site-packages/airflow/example_dags/example_task_group.py
[2026-09-21 15:01:52,445] {scheduler_job.py:639} INFO - DAG(s) dict_keys(['example_task_group']) retrieved from /home/airflow/.local/lib/python3.6/site-packages/airflow/example_dags/example_task_group.py
[2026-09-21 15:01:52,476] {logging_mixin.py:104} INFO - [2026-09-21 15:01:52,476] {dag.py:1824} INFO - Sync 1 DAGs
[2026-09-21 15:01:52,498] {logging_mixin.py:104} INFO - [2026-09-21 15:01:52,498] {dag.py:2280} INFO - Setting next_dagrun for example_task_group to 2026-09-19 00:00:00+00:00
[2026-09-21 15:01:52,517] {scheduler_job.py:190} INFO - Processing /home/airflow/.local/lib/python3.6/site-packages/airflow/example_dags/example_task_group.py took 0.099 seconds
[2026-09-21 15:02:22,922] {scheduler_job.py:182} INFO - Started process (PID=523) to work on /home/airflow/.local/lib/python3.6/site-packages/airflow/example_dags/example_task_group.py
[2026-09-21 15:02:22,924] {scheduler_job.py:629} INFO - Processing file /home/airflow/.local/lib/python3.6/site-packages/airflow/example_dags/example_task_group.py for tasks to queue
[2026-09-21 15:02:22,925] {logging_mixin.py:104} INFO - [2026-09-21 15:02:22,925] {dagbag.py:451} INFO - Filling up the DagBag from /home/airflow/.local/lib/python3.6/site-packages/airflow/example_dags/example_task_group.py
[2026-09-21 15:02:22,949] {scheduler_job.py:639} INFO - DAG(s) dict_keys(['example_task_group']) retrieved from /home/airflow/.local/lib/python3.6/site-packages/airflow/example_dags/example_task_group.py
[2026-09-21 15:02:22,997] {logging_mixin.py:104} INFO - [2026-09-21 15:02:22,997] {dag.py:1824} INFO - Sync 1 DAGs
[2026-09-21 15:02:23,027] {logging_mixin.py:104} INFO - [2026-09-21 15:02:23,027] {dag.py:2280} INFO - Setting next_dagrun for example_task_group to 2026-09-19 00:00:00+00:00
[2026-09-21 15:02:23,049] {scheduler_job.py:190} INFO - Processing /home/airflow/.local/lib/python3.6/site-packages/airflow/example_dags/example_task_group.py took 0.134 seconds
[2026-09-21 15:02:54,067] {scheduler_job.py:182} INFO - Started process (PID=554) to work on /home/airflow/.local/lib/python3.6/site-packages/airflow/example_dags/example_task_group.py
[2026-09-21 15:02:54,069] {scheduler_job.py:629} INFO - Processing file /home/airflow/.local/lib/python3.6/site-packages/airflow/example_dags/example_task_group.py for tasks to queue
[2026-09-21 15:02:54,070] {logging_mixin.py:104} INFO - [2026-09-21 15:02:54,070] {dagbag.py:451} INFO - Filling up the DagBag from /home/airflow/.local/lib/python3.6/site-packages/airflow/example_dags/example_task_group.py
[2026-09-21 15:02:54,089] {scheduler_job.py:639} INFO - DAG(s) dict_keys(['example_task_group']) retrieved from /home/airflow/.local/lib/python3.6/site-packages/airflow/example_dags/example_task_group.py
[2026-09-21 15:02:54,117] {logging_mixin.py:104} INFO - [2026-09-21 15:02:54,117] {dag.py:1824} INFO - Sync 1 DAGs
[2026-09-21 15:02:54,142] {logging_mixin.py:104} INFO - [2026-09-21 15:02:54,142] {dag.py:2280} INFO - Setting next_dagrun for example_task_group to 2026-09-19 00:00:00+00:00
[2026-09-21 15:02:54,164] {scheduler_job.py:190} INFO - Processing /home/airflow/.local/lib/python3.6/site-packages/airflow/example_dags/example_task_group.py took 0.102 seconds
[2026-09-21 15:03:24,750] {scheduler_job.py:182} INFO - Started process (PID=584) to work on /home/airflow/.local/lib/python3.6/site-packages/airflow/example_dags/example_task_group.py
[2026-09-21 15:03:24,753] {scheduler_job.py:629} INFO - Processing file /home/airflow/.local/lib/python3.6/site-packages/airflow/example_dags/example_task_group.py for tasks to queue
[2026-09-21 15:03:24,754] {logging_mixin.py:104} INFO - [2026-09-21 15:03:24,754] {dagbag.py:451} INFO - Filling up the DagBag from /home/airflow/.local/lib/python3.6/site-packages/airflow/example_dags/example_task_group.py
[2026-09-21 15:03:24,780] {scheduler_job.py:639} INFO - DAG(s) dict_keys(['example_task_group']) retrieved from /home/airflow/.local/lib/python3.6/site-packages/airflow/example_dags/example_task_group.py
[2026-09-21 15:03:24,827] {logging_mixin.py:104} INFO - [2026-09-21 15:03:24,827] {dag.py:1824} INFO - Sync 1 DAGs
[2026-09-21 15:03:24,860] {logging_mixin.py:104} INFO - [2026-09-21 15:03:24,860] {dag.py:2280} INFO - Setting next_dagrun for example_task_group to 2026-09-19 00:00:00+00:00
[2026-09-21 15:03:24,894] {scheduler_job.py:190} INFO - Processing /home/airflow/.local/lib/python3.6/site-packages/airflow/example_dags/example_task_group.py took 0.150 seconds
[2026-09-21 15:03:55,652] {scheduler_job.py:182} INFO - Started process (PID=611) to work on /home/airflow/.local/lib/python3.6/site-packages/airflow/example_dags/example_task_group.py
[2026-09-21 15:03:55,653] {scheduler_job.py:629} INFO - Processing file /home/airflow/.local/lib/python3.6/site-packages/airflow/example_dags/example_task_group.py for tasks to queue
[2026-09-21 15:03:55,654] {logging_mixin.py:104} INFO - [2026-09-21 15:03:55,654] {dagbag.py:451} INFO - Filling up the DagBag from /home/airflow/.local/lib/python3.6/site-packages/airflow/example_dags/example_task_group.py
[2026-09-21 15:03:55,678] {scheduler_job.py:639} INFO - DAG(s) dict_keys(['example_task_group']) retrieved from /home/airflow/.local/lib/python3.6/site-packages/airflow/example_dags/example_task_group.py
[2026-09-21 15:03:55,719] {logging_mixin.py:104} INFO - [2026-09-21 15:03:55,719] {dag.py:1824} INFO - Sync 1 DAGs
[2026-09-21 15:03:55,757] {logging_mixin.py:104} INFO - [2026-09-21 15:03:55,757] {dag.py:2280} INFO - Setting next_dagrun for example_task_group to 2026-09-19 00:00:00+00:00
[2026-09-21 15:03:55,788] {scheduler_job.py:190} INFO - Processing /home/airflow/.local/lib/python3.6/site-packages/airflow/example_dags/example_task_group.py took 0.140 seconds
[2026-09-21 15:04:26,288] {scheduler_job.py:182} INFO - Started process (PID=638) to work on /home/airflow/.local/lib/python3.6/site-packages/airflow/example_dags/example_task_group.py
[2026-09-21 15:04:26,289] {scheduler_job.py:629} INFO - Processing file /home/airflow/.local/lib/python3.6/site-packages/airflow/example_dags/example_task_group.py for tasks to queue
[2026-09-21 15:04:26,290] {logging_mixin.py:104} INFO - [2026-09-21 15:04:26,290] {dagbag.py:451} INFO - Filling up the DagBag from /home/airflow/.local/lib/python3.6/site-packages/airflow/example_dags/example_task_group.py
[2026-09-21 15:04:26,309] {scheduler_job.py:639} INFO - DAG(s) dict_keys(['example_task_group']) retrieved from /home/airflow/.local/lib/python3.6/site-packages/airflow/example_dags/example_task_group.py
[2026-09-21 15:04:26,348] {logging_mixin.py:104} INFO - [2026-09-21 15:04:26,348] {dag.py:1824} INFO - Sync 1 DAGs
[2026-09-21 15:04:26,376] {logging_mixin.py:104} INFO - [2026-09-21 15:04:26,376] {dag.py:2280} INFO - Setting next_dagrun for example_task_group to 2026-09-19 00:00:00+00:00
[2026-09-21 15:04:26,392] {scheduler_job.py:190} INFO - Processing /home/airflow/.local/lib/python3.6/site-packages/airflow/example_dags/example_task_group.py took 0.110 seconds
[2026-09-21 15:04:56,622] {scheduler_job.py:182} INFO - Started process (PID=665) to work on /home/airflow/.local/lib/python3.6/site-packages/airflow/example_dags/example_task_group.py
[2026-09-21 15:04:56,623] {scheduler_job.py:629} INFO - Processing file /home/airflow/.local/lib/python3.6/site-packages/airflow/example_dags/example_task_group.py for tasks to queue
[2026-09-21 15:04:56,624] {logging_mixin.py:104} INFO - [2026-09-21 15:04:56,624] {dagbag.py:451} INFO - Filling up the DagBag from /home/airflow/.local/lib/python3.6/site-packages/airflow/example_dags/example_task_group.py
[2026-09-21 15:04:56,638] {scheduler_job.py:639} INFO - DAG(s) dict_keys(['example_task_group']) retrieved from /home/airflow/.local/lib/python3.6/site-packages/airflow/example_dags/example_task_group.py
[2026-09-21 15:04:56,663] {logging_mixin.py:104} INFO - [2026-09-21 15:04:56,663] {dag.py:1824} INFO - Sync 1 DAGs
[2026-09-21 15:04:56,683] {logging_mixin.py:104} INFO - [2026-09-21 15:04:56,683] {dag.py:2280} INFO - Setting next_dagrun for example_task_group to 2026-09-19 00:00:00+00:00
[2026-09-21 15:04:56,701] {scheduler_job.py:190} INFO - Processing /home/airflow/.local/lib/python3.6/site-packages/airflow/example_dags/example_task_group.py took 0.083 seconds
[2026-09-21 15:05:26,882] {scheduler_job.py:182} INFO - Started process (PID=692) to work on /home/airflow/.local/lib/python3.6/site-packages/airflow/example_dags/example_task_group.py
[2026-09-21 15:05:26,884] {scheduler_job.py:629} INFO - Processing file /home/airflow/.local/lib/python3.6/site-packages/airflow/example_dags/example_task_group.py for tasks to queue
[2026-09-21 15:05:26,885] {logging_mixin.py:104} INFO - [2026-09-21 15:05:26,884] {dagbag.py:451} INFO - Filling up the DagBag from /home/airflow/.local/lib/python3.6/site-packages/airflow/example_dags/example_task_group.py
[2026-09-21 15:05:26,901] {scheduler_job.py:639} INFO - DAG(s) dict_keys(['example_task_group']) retrieved from /home/airflow/.local/lib/python3.6/site-packages/airflow/example_dags/example_task_group.py
[2026-09-21 15:05:26,927] {logging_mixin.py:104} INFO - [2026-09-21 15:05:26,927] {dag.py:1824} INFO - Sync 1 DAGs
[2026-09-21 15:05:26,947] {logging_mixin.py:104} INFO - [2026-09-21 15:05:26,947] {dag.py:2280} INFO - Setting next_dagrun for example_task_group to 2026-09-19 00:00:00+00:00
[2026-09-21 15:05:26,962] {scheduler_job.py:190} INFO - Processing /home/airflow/.local/lib/python3.6/site-packages/airflow/example_dags/example_task_group.py took 0.084 seconds
[2026-09-21 15:05:57,298] {scheduler_job.py:182} INFO - Started process (PID=719) to work on /home/airflow/.local/lib/python3.6/site-packages/airflow/example_dags/example_task_group.py
[2026-09-21 15:05:57,299] {scheduler_job.py:629} INFO - Processing file /home/airflow/.local/lib/python3.6/site-packages/airflow/example_dags/example_task_group.py for tasks to queue
[2026-09-21 15:05:57,301] {logging_mixin.py:104} INFO - [2026-09-21 15:05:57,300] {dagbag.py:451} INFO - Filling up the DagBag from /home/airflow/.local/lib/python3.6/site-packages/airflow/example_dags/example_task_group.py
[2026-09-21 15:05:57,327] {scheduler_job.py:639} INFO - DAG(s) dict_keys(['example_task_group']) retrieved from /home/airflow/.local/lib/python3.6/site-packages/airflow/example_dags/example_task_group.py
[2026-09-21 15:05:57,361] {logging_mixin.py:104} INFO - [2026-09-21 15:05:57,361] {dag.py:1824} INFO - Sync 1 DAGs
[2026-09-21 15:05:57,392] {logging_mixin.py:104} INFO - [2026-09-21 15:05:57,392] {dag.py:2280} INFO - Setting next_dagrun for example_task_group to 2026-09-19 00:00:00+00:00
[2026-09-21 15:05:57,412] {scheduler_job.py:190} INFO - Processing /home/airflow/.local/lib/python3.6/site-packages/airflow/example_dags/example_task_group.py took 0.122 seconds
[2026-09-21 15:06:28,010] {scheduler_job.py:182} INFO - Started process (PID=742) to work on /home/airflow/.local/lib/python3.6/site-packages/airflow/example_dags/example_task_group.py
[2026-09-21 15:06:28,011] {scheduler_job.py:629} INFO - Processing file /home/airflow/.local/lib/python3.6/site-packages/airflow/example_dags/example_task_group.py for tasks to queue
[2026-09-21 15:06:28,012] {logging_mixin.py:104} INFO - [2026-09-21 15:06:28,012] {dagbag.py:451} INFO - Filling up the DagBag from /home/airflow/.local/lib/python3.6/site-packages/airflow/example_dags/example_task_group.py
[2026-09-21 15:06:28,029] {scheduler_job.py:639} INFO - DAG(s) dict_keys(['example_task_group']) retrieved from /home/airflow/.local/lib/python3.6/site-packages/airflow/example_dags/example_task_group.py
[2026-09-21 15:06:28,060] {logging_mixin.py:104} INFO - [2026-09-21 15:06:28,059] {dag.py:1824} INFO - Sync 1 DAGs
[2026-09-21 15:06:28,084] {logging_mixin.py:104} INFO - [2026-09-21 15:06:28,084] {dag.py:2280} INFO - Setting next_dagrun for example_task_group to 2026-09-19 00:00:00+00:00
[2026-09-21 15:06:28,102] {scheduler_job.py:190} INFO - Processing /home/airflow/.local/lib/python3.6/site-packages/airflow/example_dags/example_task_group.py took 0.096 seconds
[2026-09-21 15:06:58,374] {scheduler_job.py:182} INFO - Started process (PID=771) to work on /home/airflow/.local/lib/python3.6/site-packages/airflow/example_dags/example_task_group.py
[2026-09-21 15:06:58,375] {scheduler_job.py:629} INFO - Processing file /home/airflow/.local/lib/python3.6/site-packages/airflow/example_dags/example_task_group.py for tasks to queue
[2026-09-21 15:06:58,376] {logging_mixin.py:104} INFO - [2026-09-21 15:06:58,376] {dagbag.py:451} INFO - Filling up the DagBag from /home/airflow/.local/lib/python3.6/site-packages/airflow/example_dags/example_task_group.py
[2026-09-21 15:06:58,390] {scheduler_job.py:639} INFO - DAG(s) dict_keys(['example_task_group']) retrieved from /home/airflow/.local/lib/python3.6/site-packages/airflow/example_dags/example_task_group.py
[2026-09-21 15:06:58,415] {logging_mixin.py:104} INFO - [2026-09-21 15:06:58,415] {dag.py:1824} INFO - Sync 1 DAGs
[2026-09-21 15:06:58,438] {logging_mixin.py:104} INFO - [2026-09-21 15:06:58,438] {dag.py:2280} INFO - Setting next_dagrun for example_task_group to 2026-09-19 00:00:00+00:00
[2026-09-21 15:06:58,454] {scheduler_job.py:190} INFO - Processing /home/airflow/.local/lib/python3.6/site-packages/airflow/example_dags/example_task_group.py took 0.084 seconds
[2026-09-21 15:07:28,671] {scheduler_job.py:182} INFO - Started process (PID=796) to work on /home/airflow/.local/lib/python3.6/site-packages/airflow/example_dags/example_task_group.py
[2026-09-21 15:07:28,673] {scheduler_job.py:629} INFO - Processing file /home/airflow/.local/lib/python3.6/site-packages/airflow/example_dags/example_task_group.py for tasks to queue
[2026-09-21 15:07:28,674] {logging_mixin.py:104} INFO - [2026-09-21 15:07:28,674] {dagbag.py:451} INFO - Filling up the DagBag from /home/airflow/.local/lib/python3.6/site-packages/airflow/example_dags/example_task_group.py
[2026-09-21 15:07:28,699] {scheduler_job.py:639} INFO - DAG(s) dict_keys(['example_task_group']) retrieved from /home/airflow/.local/lib/python3.6/site-packages/airflow/example_dags/example_task_group.py
[2026-09-21 15:07:28,746] {logging_mixin.py:104} INFO - [2026-09-21 15:07:28,746] {dag.py:1824} INFO - Sync 1 DAGs
[2026-09-21 15:07:28,781] {logging_mixin.py:104} INFO - [2026-09-21 15:07:28,781] {dag.py:2280} INFO - Setting next_dagrun for example_task_group to 2026-09-19 00:00:00+00:00
[2026-09-21 15:07:28,810] {scheduler_job.py:190} INFO - Processing /home/airflow/.local/lib/python3.6/site-packages/airflow/example_dags/example_task_group.py took 0.145 seconds
[2026-09-21 15:07:59,493] {scheduler_job.py:182} INFO - Started process (PID=823) to work on /home/airflow/.local/lib/python3.6/site-packages/airflow/example_dags/example_task_group.py
[2026-09-21 15:07:59,495] {scheduler_job.py:629} INFO - Processing file /home/airflow/.local/lib/python3.6/site-packages/airflow/example_dags/example_task_group.py for tasks to queue
[2026-09-21 15:07:59,497] {logging_mixin.py:104} INFO - [2026-09-21 15:07:59,497] {dagbag.py:451} INFO - Filling up the DagBag from /home/airflow/.local/lib/python3.6/site-packages/airflow/example_dags/example_task_group.py
[2026-09-21 15:07:59,524] {scheduler_job.py:639} INFO - DAG(s) dict_keys(['example_task_group']) retrieved from /home/airflow/.local/lib/python3.6/site-packages/airflow/example_dags/example_task_group.py
[2026-09-21 15:07:59,576] {logging_mixin.py:104} INFO - [2026-09-21 15:07:59,576] {dag.py:1824} INFO - Sync 1 DAGs
[2026-09-21 15:07:59,611] {logging_mixin.py:104} INFO - [2026-09-21 15:07:59,610] {dag.py:2280} INFO - Setting next_dagrun for example_task_group to 2026-09-19 00:00:00+00:00
[2026-09-21 15:07:59,632] {scheduler_job.py:190} INFO - Processing /home/airflow/.local/lib/python3.6/site-packages/airflow/example_dags/example_task_group.py took 0.145 seconds
[2026-09-21 15:08:30,831] {scheduler_job.py:182} INFO - Started process (PID=853) to work on /home/airflow/.local/lib/python3.6/site-packages/airflow/example_dags/example_task_group.py
[2026-09-21 15:08:30,835] {scheduler_job.py:629} INFO - Processing file /home/airflow/.local/lib/python3.6/site-packages/airflow/example_dags/example_task_group.py for tasks to queue
[2026-09-21 15:08:30,845] {logging_mixin.py:104} INFO - [2026-09-21 15:08:30,845] {dagbag.py:451} INFO - Filling up the DagBag from /home/airflow/.local/lib/python3.6/site-packages/airflow/example_dags/example_task_group.py
[2026-09-21 15:08:30,938] {scheduler_job.py:639} INFO - DAG(s) dict_keys(['example_task_group']) retrieved from /home/airflow/.local/lib/python3.6/site-packages/airflow/example_dags/example_task_group.py
[2026-09-21 15:08:31,048] {logging_mixin.py:104} INFO - [2026-09-21 15:08:31,048] {dag.py:1824} INFO - Sync 1 DAGs
[2026-09-21 15:08:31,075] {logging_mixin.py:104} INFO - [2026-09-21 15:08:31,074] {dag.py:2280} INFO - Setting next_dagrun for example_task_group to 2026-09-19 00:00:00+00:00
[2026-09-21 15:08:31,099] {scheduler_job.py:190} INFO - Processing /home/airflow/.local/lib/python3.6/site-packages/airflow/example_dags/example_task_group.py took 0.293 seconds
[2026-09-21 15:09:01,262] {scheduler_job.py:182} INFO - Started process (PID=880) to work on /home/airflow/.local/lib/python3.6/site-packages/airflow/example_dags/example_task_group.py
[2026-09-21 15:09:01,267] {scheduler_job.py:629} INFO - Processing file /home/airflow/.local/lib/python3.6/site-packages/airflow/example_dags/example_task_group.py for tasks to queue
[2026-09-21 15:09:01,270] {logging_mixin.py:104} INFO - [2026-09-21 15:09:01,269] {dagbag.py:451} INFO - Filling up the DagBag from /home/airflow/.local/lib/python3.6/site-packages/airflow/example_dags/example_task_group.py
[2026-09-21 15:09:01,311] {scheduler_job.py:639} INFO - DAG(s) dict_keys(['example_task_group']) retrieved from /home/airflow/.local/lib/python3.6/site-packages/airflow/example_dags/example_task_group.py
[2026-09-21 15:09:01,363] {logging_mixin.py:104} INFO - [2026-09-21 15:09:01,363] {dag.py:1824} INFO - Sync 1 DAGs
[2026-09-21 15:09:01,405] {logging_mixin.py:104} INFO - [2026-09-21 15:09:01,405] {dag.py:2280} INFO - Setting next_dagrun for example_task_group to 2026-09-19 00:00:00+00:00
[2026-09-21 15:09:01,450] {scheduler_job.py:190} INFO - Processing /home/airflow/.local/lib/python3.6/site-packages/airflow/example_dags/example_task_group.py took 0.199 seconds
[2026-09-21 15:09:31,633] {scheduler_job.py:182} INFO - Started process (PID=906) to work on /home/airflow/.local/lib/python3.6/site-packages/airflow/example_dags/example_task_group.py
[2026-09-21 15:09:31,635] {scheduler_job.py:629} INFO - Processing file /home/airflow/.local/lib/python3.6/site-packages/airflow/example_dags/example_task_group.py for tasks to queue
[2026-09-21 15:09:31,636] {logging_mixin.py:104} INFO - [2026-09-21 15:09:31,636] {dagbag.py:451} INFO - Filling up the DagBag from /home/airflow/.local/lib/python3.6/site-packages/airflow/example_dags/example_task_group.py
[2026-09-21 15:09:31,663] {scheduler_job.py:639} INFO - DAG(s) dict_keys(['example_task_group']) retrieved from /home/airflow/.local/lib/python3.6/site-packages/airflow/example_dags/example_task_group.py
[2026-09-21 15:09:31,703] {logging_mixin.py:104} INFO - [2026-09-21 15:09:31,703] {dag.py:1824} INFO - Sync 1 DAGs
[2026-09-21 15:09:31,736] {logging_mixin.py:104} INFO - [2026-09-21 15:09:31,736] {dag.py:2280} INFO - Setting next_dagrun for example_task_group to 2026-09-19 00:00:00+00:00
[2026-09-21 15:09:31,764] {scheduler_job.py:190} INFO - Processing /home/airflow/.local/lib/python3.6/site-packages/airflow/example_dags/example_task_group.py took 0.138 seconds
[2026-09-21 15:10:02,071] {scheduler_job.py:182} INFO - Started process (PID=934) to work on /home/airflow/.local/lib/python3.6/site-packages/airflow/example_dags/example_task_group.py
[2026-09-21 15:10:02,072] {scheduler_job.py:629} INFO - Processing file /home/airflow/.local/lib/python3.6/site-packages/airflow/example_dags/example_task_group.py for tasks to queue
[2026-09-21 15:10:02,073] {logging_mixin.py:104} INFO - [2026-09-21 15:10:02,073] {dagbag.py:451} INFO - Filling up the DagBag from /home/airflow/.local/lib/python3.6/site-packages/airflow/example_dags/example_task_group.py
[2026-09-21 15:10:02,098] {scheduler_job.py:639} INFO - DAG(s) dict_keys(['example_task_group']) retrieved from /home/airflow/.local/lib/python3.6/site-packages/airflow/example_dags/example_task_group.py
[2026-09-21 15:10:02,135] {logging_mixin.py:104} INFO - [2026-09-21 15:10:02,135] {dag.py:1824} INFO - Sync 1 DAGs
[2026-09-21 15:10:02,163] {logging_mixin.py:104} INFO - [2026-09-21 15:10:02,163] {dag.py:2280} INFO - Setting next_dagrun for example_task_group to 2026-09-19 00:00:00+00:00
[2026-09-21 15:10:02,182] {scheduler_job.py:190} INFO - Processing /home/airflow/.local/lib/python3.6/site-packages/airflow/example_dags/example_task_group.py took 0.116 seconds
[2026-09-21 15:10:32,523] {scheduler_job.py:182} INFO - Started process (PID=961) to work on /home/airflow/.local/lib/python3.6/site-packages/airflow/example_dags/example_task_group.py
[2026-09-21 15:10:32,524] {scheduler_job.py:629} INFO - Processing file /home/airflow/.local/lib/python3.6/site-packages/airflow/example_dags/example_task_group.py for tasks to queue
[2026-09-21 15:10:32,526] {logging_mixin.py:104} INFO - [2026-09-21 15:10:32,525] {dagbag.py:451} INFO - Filling up the DagBag from /home/airflow/.local/lib/python3.6/site-packages/airflow/example_dags/example_task_group.py
[2026-09-21 15:10:32,552] {scheduler_job.py:639} INFO - DAG(s) dict_keys(['example_task_group']) retrieved from /home/airflow/.local/lib/python3.6/site-packages/airflow/example_dags/example_task_group.py
[2026-09-21 15:10:32,592] {logging_mixin.py:104} INFO - [2026-09-21 15:10:32,592] {dag.py:1824} INFO - Sync 1 DAGs
[2026-09-21 15:10:32,632] {logging_mixin.py:104} INFO - [2026-09-21 15:10:32,632] {dag.py:2280} INFO - Setting next_dagrun for example_task_group to 2026-09-19 00:00:00+00:00
[2026-09-21 15:10:32,650] {scheduler_job.py:190} INFO - Processing /home/airflow/.local/lib/python3.6/site-packages/airflow/example_dags/example_task_group.py took 0.133 seconds
