[2026-09-21 14:53:13,077] {scheduler_job.py:182} INFO - Started process (PID=38) to work on /home/airflow/.local/lib/python3.6/site-packages/airflow/example_dags/example_bash_operator.py
[2026-09-21 14:53:13,079] {scheduler_job.py:629} INFO - Processing file /home/airflow/.local/lib/python3.6/site-packages/airflow/example_dags/example_bash_operator.py for tasks to queue
[2026-09-21 14:53:13,080] {logging_mixin.py:104} INFO - [2026-09-21 14:53:13,080] {dagbag.py:451} INFO - Filling up the DagBag from /home/airflow/.local/lib/python3.6/site-packages/airflow/example_dags/example_bash_operator.py
[2026-09-21 14:53:13,110] {scheduler_job.py:639} INFO - DAG(s) dict_keys(['example_bash_operator']) retrieved from /home/airflow/.local/lib/python3.6/site-packages/airflow/example_dags/example_bash_operator.py
[2026-09-21 14:53:13,161] {logging_mixin.py:104} INFO - [2026-09-21 14:53:13,161] {dag.py:1824} INFO - Sync 1 DAGs
[2026-09-21 14:53:13,184] {logging_mixin.py:104} INFO - [2026-09-21 14:53:13,183] {dag.py:1843} INFO - Creating ORM DAG for example_bash_operator
[2026-09-21 14:53:13,216] {logging_mixin.py:104} INFO - [2026-09-21 14:53:13,216] {dag.py:2280} INFO - Setting next_dagrun for example_bash_operator to 2026-09-19 00:00:00+00:00
[2026-09-21 14:53:13,254] {scheduler_job.py:190} INFO - Processing /home/airflow/.local/lib/python3.6/site-packages/airflow/example_dags/example_bash_operator.py took 0.183 seconds
[2026-09-21 14:53:43,924] {scheduler_job.py:182} INFO - Started process (PID=66) to work on /home/airflow/.local/lib/python3.6/site-packages/airflow/example_dags/example_bash_operator.py
[2026-09-21 14:53:43,926] {scheduler_job.py:629} INFO - Processing file /home/airflow/.local/lib/python3.6/site-packages/airflow/example_dags/example_bash_operator.py for tasks to queue
[2026-09-21 14:53:43,927] {logging_mixin.py:104} INFO - [2026-09-21 14:53:43,927] {dagbag.py:451} INFO - Filling up the DagBag from /home/airflow/.local/lib/python3.6/site-packages/airflow/example_dags/example_bash_operator.py
[2026-09-21 14:53:43,947] {scheduler_job.py:639} INFO - DAG(s) dict_keys(['example_bash_operator']) retrieved from /home/airflow/.local/lib/python3.6/site-packages/airflow/example_dags/example_bash_operator.py
[2026-09-21 14:53:43,976] {logging_mixin.py:104} INFO - [2026-09-21 14:53:43,976] {dag.py:1824} INFO - Sync 1 DAGs
[2026-09-21 14:53:44,017] {logging_mixin.py:104} INFO - [2026-09-21 14:53:44,017] {dag.py:2280} INFO - Setting next_dagrun for example_bash_operator to 2026-09-19 00:00:00+00:00
[2026-09-21 14:53:44,035] {scheduler_job.py:190} INFO - Processing /home/airflow/.local/lib/python3.6/site-packages/airflow/example_dags/example_bash_operator.py took 0.114 seconds
[2026-09-21 14:54:15,116] {scheduler_job.py:182} INFO - Started process (PID=97) to work on /home/airflow/.local/lib/python3.6/site-packages/airflow/example_dags/example_bash_operator.py
[2026-09-21 14:54:15,119] {scheduler_job.py:629} INFO - Processing file /home/airflow/.local/lib/python3.6/site-packages/airflow/example_dags/example_bash_operator.py for tasks to queue
[2026-09-21 14:54:15,120] {logging_mixin.py:104} INFO - [2026-09-21 14:54:15,119] {dagbag.py:451} INFO - Filling up the DagBag from /home/airflow/.local/lib/python3.6/site-packages/airflow/example_dags/example_bash_operator.py
[2026-09-21 14:54:15,139] {scheduler_job.py:639} INFO - DAG(s) dict_keys(['example_bash_operator']) retrieved from /home/airflow/.local/lib/python3.6/site-packages/airflow/example_dags/example_bash_operator.py
[2026-09-21 14:54:15,171] {logging_mixin.py:104} INFO - [2026-09-21 14:54:15,171] {dag.py:1824} INFO - Sync 1 DAGs
[2026-09-21 14:54:15,212] {logging_mixin.py:104} INFO - [2026-09-21 14:54:15,211] {dag.py:2280} INFO - Setting next_dagrun for example_bash_operator to 2026-09-19 00:00:00+00:00
[2026-09-21 14:54:15,228] {scheduler_job.py:190} INFO - Processing /home/airflow/.local/lib/python3.6/site-packages/airflow/example_dags/example_bash_operator.py took 0.116 seconds
[2026-09-21 14:54:45,312] {scheduler_job.py:182} INFO - Started process (PID=124) to work on /home/airflow/.local/lib/python3.6/site-packages/airflow/example_dags/example_bash_operator.py
[2026-09-21 14:54:45,313] {scheduler_job.py:629} INFO - Processing file /home/airflow/.local/lib/python3.6/site-packages/airflow/example_dags/example_bash_operator.py for tasks to queue
[2026-09-21 14:54:45,314] {logging_mixin.py:104} INFO - [2026-09-21 14:54:45,314] {dagbag.py:451} INFO - Filling up the DagBag from /home/airflow/.local/lib/python3.6/site-packages/airflow/example_dags/example_bash_operator.py
[2026-09-21 14:54:45,332] {scheduler_job.py:639} INFO - DAG(s) dict_keys(['example_bash_operator']) retrieved from /home/airflow/.local/lib/python3.6/site-packages/airflow/example_dags/example_bash_operator.py
[2026-09-21 14:54:45,359] {logging_mixin.py:104} INFO - [2026-09-21 14:54:45,359] {dag.py:1824} INFO - Sync 1 DAGs
[2026-09-21 14:54:45,388] {logging_mixin.py:104} INFO - [2026-09-21 14:54:45,387] {dag.py:2280} INFO - Setting next_dagrun for example_bash_operator to 2026-09-19 00:00:00+00:00
[2026-09-21 14:54:45,400] {scheduler_job.py:190} INFO - Processing /home/airflow/.local/lib/python3.6/site-packages/airflow/example_dags/example_bash_operator.py took 0.092 seconds
[2026-09-21 14:55:16,349] {scheduler_job.py:182} INFO - Started process (PID=152) to work on /home/airflow/.local/lib/python3.6/site-packages/airflow/example_dags/example_bash_operator.py
[2026-09-21 14:55:16,350] {scheduler_job.py:629} INFO - Processing file /home/airflow/.local/lib/python3.6/site-packages/airflow/example_dags/example_bash_operator.py for tasks to queue
[2026-09-21 14:55:16,351] {logging_mixin.py:104} INFO - [2026-09-21 14:55:16,351] {dagbag.py:451} INFO - Filling up the DagBag from /home/airflow/.local/lib/python3.6/site-packages/airflow/example_dags/example_bash_operator.py
[2026-09-21 14:55:16,366] {scheduler_job.py:639} INFO - DAG(s) dict_keys(['example_bash_operator']) retrieved from /home/airflow/.local/lib/python3.6/site-packages/airflow/example_dags/example_bash_operator.py
[2026-09-21 14:55:16,389] {logging_mixin.py:104} INFO - [2026-09-21 14:55:16,389] {dag.py:1824} INFO - Sync 1 DAGs
[2026-09-21 14:55:16,415] {logging_mixin.py:104} INFO - [2026-09-21 14:55:16,414] {dag.py:2280} INFO - Setting next_dagrun for example_bash_operator to 2026-09-19 00:00:00+00:00
[2026-09-21 14:55:16,431] {scheduler_job.py:190} INFO - Processing /home/airflow/.local/lib/python3.6/site-packages/airflow/example_dags/example_bash_operator.py took 0.086 seconds
[2026-09-21 14:55:46,916] {scheduler_job.py:182} INFO - Started process (PID=179) to work on /home/airflow/.local/lib/python3.6/site-packages/airflow/example_dags/example_bash_operator.py
[2026-09-21 14:55:46,917] {scheduler_job.py:629} INFO - Processing file /home/airflow/.local/lib/python3.6/site-packages/airflow/example_dags/example_bash_operator.py for tasks to queue
[2026-09-21 14:55:46,918] {logging_mixin.py:104} INFO - [2026-09-21 14:55:46,918] {dagbag.py:451} INFO - Filling up the DagBag from /home/airflow/.local/lib/python3.6/site-packages/airflow/example_dags/example_bash_operator.py
[2026-09-21 14:55:46,934] {scheduler_job.py:639} INFO - DAG(s) dict_keys(['example_bash_operator']) retrieved from /home/airflow/.local/lib/python3.6/site-packages/airflow/example_dags/example_bash_operator.py
[2026-09-21 14:55:46,959] {logging_mixin.py:104} INFO - [2026-09-21 14:55:46,959] {dag.py:1824} INFO - Sync 1 DAGs
[2026-09-21 14:55:46,988] {logging_mixin.py:104} INFO - [2026-09-21 14:55:46,988] {dag.py:2280} INFO - Setting next_dagrun for example_bash_operator to 2026-09-19 00:00:00+00:00
[2026-09-21 14:55:47,006] {scheduler_job.py:190} INFO - Processing /home/airflow/.local/lib/python3.6/site-packages/airflow/example_dags/example_bash_operator.py took 0.094 seconds
[2026-09-21 14:56:17,815] {scheduler_job.py:182} INFO - Started process (PID=206) to work on /home/airflow/.local/lib/python3.6/site-packages/airflow/example_dags/example_bash_operator.py
[2026-09-21 14:56:17,817] {scheduler_job.py:629} INFO - Processing file /home/airflow/.local/lib/python3.6/site-packages/airflow/example_dags/example_bash_operator.py for tasks to queue
[2026-09-21 14:56:17,818] {logging_mixin.py:104} INFO - [2026-09-21 14:56:17,818] {dagbag.py:451} INFO - Filling up the DagBag from /home/airflow/.local/lib/python3.6/site-packages/airflow/example_dags/example_bash_operator.py
[2026-09-21 14:56:17,838] {scheduler_job.py:639} INFO - DAG(s) dict_keys(['example_bash_operator']) retrieved from /home/airflow/.local/lib/python3.6/site-packages/airflow/example_dags/example_bash_operator.py
[2026-09-21 14:56:17,865] {logging_mixin.py:104} INFO - [2026-09-21 14:56:17,865] {dag.py:1824} INFO - Sync 1 DAGs
[2026-09-21 14:56:17,895] {logging_mixin.py:104} INFO - [2026-09-21 14:56:17,895] {dag.py:2280} INFO - Setting next_dagrun for example_bash_operator to 2026-09-19 00:00:00+00:00
[2026-09-21 14:56:17,913] {scheduler_job.py:190} INFO - Processing /home/airflow/.local/lib/python3.6/site-packages/airflow/example_dags/example_bash_operator.py took 0.104 seconds
[2026-09-21 14:56:48,492] {scheduler_job.py:182} INFO - Started process (PID=233) to work on /home/airflow/.local/lib/python3.6/site-packages/airflow/example_dags/example_bash_operator.py
[2026-09-21 14:56:48,493] {scheduler_job.py:629} INFO - Processing file /home/airflow/.local/lib/python3.6/site-packages/airflow/example_dags/example_bash_operator.py for tasks to queue
[2026-09-21 14:56:48,494] {logging_mixin.py:104} INFO - [2026-09-21 14:56:48,494] {dagbag.py:451} INFO - Filling up the DagBag from /home/airflow/.local/lib/python3.6/site-packages/airflow/example_dags/example_bash_operator.py
[2026-09-21 14:56:48,514] {scheduler_job.py:639} INFO - DAG(s) dict_keys(['example_bash_operator']) retrieved from /home/airflow/.local/lib/python3.6/site-packages/airflow/example_dags/example_bash_operator.py
[2026-09-21 14:56:48,546] {logging_mixin.py:104} INFO - [2026-09-21 14:56:48,545] {dag.py:1824} INFO - Sync 1 DAGs
[2026-09-21 14:56:48,575] {logging_mixin.py:104} INFO - [2026-09-21 14:56:48,574] {dag.py:2280} INFO - Setting next_dagrun for example_bash_operator to 2026-09-19 00:00:00+00:00
[2026-09-21 14:56:48,588] {scheduler_job.py:190} INFO - Processing /home/airflow/.local/lib/python3.6/site-packages/airflow/example_dags/example_bash_operator.py took 0.101 seconds
[2026-09-21 14:57:19,491] {scheduler_job.py:182} INFO - Started process (PID=260) to work on /home/airflow/.local/lib/python3.6/site-packages/airflow/example_dags/example_bash_operator.py
[2026-09-21 14:57:19,494] {scheduler_job.py:629} INFO - Processing file /home/airflow/.local/lib/python3.6/site-packages/airflow/example_dags/example_bash_operator.py for tasks to queue
[2026-09-21 14:57:19,494] {logging_mixin.py:104} INFO - [2026-09-21 14:57:19,494] {dagbag.py:451} INFO - Filling up the DagBag from /home/airflow/.local/lib/python3.6/site-packages/airflow/example_dags/example_bash_operator.py
[2026-09-21 14:57:19,515] {scheduler_job.py:639} INFO - DAG(s) dict_keys(['example_bash_operator']) retrieved from /home/airflow/.local/lib/python3.6/site-packages/airflow/example_dags/example_bash_operator.py
[2026-09-21 14:57:19,544] {logging_mixin.py:104} INFO - [2026-09-21 14:57:19,543] {dag.py:1824} INFO - Sync 1 DAGs
[2026-09-21 14:57:19,578] {logging_mixin.py:104} INFO - [2026-09-21 14:57:19,577] {dag.py:2280} INFO - Setting next_dagrun for example_bash_operator to 2026-09-19 00:00:00+00:00
[2026-09-21 14:57:19,594] {scheduler_job.py:190} INFO - Processing /home/airflow/.local/lib/python3.6/site-packages/airflow/example_dags/example_bash_operator.py took 0.108 seconds
[2026-09-21 14:57:49,710] {scheduler_job.py:182} INFO - Started process (PID=287) to work on /home/airflow/.local/lib/python3.6/site-packages/airflow/example_dags/example_bash_operator.py
[2026-09-21 14:57:49,712] {scheduler_job.py:629} INFO - Processing file /home/airflow/.local/lib/python3.6/site-packages/airflow/example_dags/example_bash_operator.py for tasks to queue
[2026-09-21 14:57:49,713] {logging_mixin.py:104} INFO - [2026-09-21 14:57:49,713] {dagbag.py:451} INFO - Filling up the DagBag from /home/airflow/.local/lib/python3.6/site-packages/airflow/example_dags/example_bash_operator.py
[2026-09-21 14:57:49,733] {scheduler_job.py:639} INFO - DAG(s) dict_keys(['example_bash_operator']) retrieved from /home/airflow/.local/lib/python3.6/site-packages/airflow/example_dags/example_bash_operator.py
[2026-09-21 14:57:49,764] {logging_mixin.py:104} INFO - [2026-09-21 14:57:49,764] {dag.py:1824} INFO - Sync 1 DAGs
[2026-09-21 14:57:49,800] {logging_mixin.py:104} INFO - [2026-09-21 14:57:49,799] {dag.py:2280} INFO - Setting next_dagrun for example_bash_operator to 2026-09-19 00:00:00+00:00
[2026-09-21 14:57:49,819] {scheduler_job.py:190} INFO - Processing /home/airflow/.local/lib/python3.6/site-packages/airflow/example_dags/example_bash_operator.py took 0.113 seconds
[2026-09-21 14:58:19,963] {scheduler_job.py:182} INFO - Started process (PID=314) to work on /home/airflow/.local/lib/python3.6/site-packages/airflow/example_dags/example_bash_operator.py
[2026-09-21 14:58:19,964] {scheduler_job.py:629} INFO - Processing file /home/airflow/.local/lib/python3.6/site-packages/airflow/example_dags/example_bash_operator.py for tasks to queue
[2026-09-21 14:58:19,965] {logging_mixin.py:104} INFO - [2026-09-21 14:58:19,964] {dagbag.py:451} INFO - Filling up the DagBag from /home/airflow/.local/lib/python3.6/site-packages/airflow/example_dags/example_bash_operator.py
[2026-09-21 14:58:19,981] {scheduler_job.py:639} INFO - DAG(s) dict_keys(['example_bash_operator']) retrieved from /home/airflow/.local/lib/python3.6/site-packages/airflow/example_dags/example_bash_operator.py
[2026-09-21 14:58:20,007] {logging_mixin.py:104} INFO - [2026-09-21 14:58:20,007] {dag.py:1824} INFO - Sync 1 DAGs
[2026-09-21 14:58:20,034] {logging_mixin.py:104} INFO - [2026-09-21 14:58:20,034] {dag.py:2280} INFO - Setting next_dagrun for example_bash_operator to 2026-09-19 00:00:00+00:00
[2026-09-21 14:58:20,051] {scheduler_job.py:190} INFO - Processing /home/airflow/.local/lib/python3.6/site-packages/airflow/example_dags/example_bash_operator.py took 0.092 seconds
[2026-09-21 14:58:50,129] {scheduler_job.py:182} INFO - Started process (PID=341) to work on /home/airflow/.local/lib/python3.6/site-packages/airflow/example_dags/example_bash_operator.py
[2026-09-21 14:58:50,132] {scheduler_job.py:629} INFO - Processing file /home/airflow/.local/lib/python3.6/site-packages/airflow/example_dags/example_bash_operator.py for tasks to queue
[2026-09-21 14:58:50,132] {logging_mixin.py:104} INFO - [2026-09-21 14:58:50,132] {dagbag.py:451} INFO - Filling up the DagBag from /home/airflow/.local/lib/python3.6/site-packages/airflow/example_dags/example_bash_operator.py
[2026-09-21 14:58:50,148] {scheduler_job.py:639} INFO - DAG(s) dict_keys(['example_bash_operator']) retrieved from /home/airflow/.local/lib/python3.6/site-packages/airflow/example_dags/example_bash_operator.py
[2026-09-21 14:58:50,174] {logging_mixin.py:104} INFO - [2026-09-21 14:58:50,174] {dag.py:1824} INFO - Sync 1 DAGs
[2026-09-21 14:58:50,212] {logging_mixin.py:104} INFO - [2026-09-21 14:58:50,212] {dag.py:2280} INFO - Setting next_dagrun for example_bash_operator to 2026-09-19 00:00:00+00:00
[2026-09-21 14:58:50,232] {scheduler_job.py:190} INFO - Processing /home/airflow/.local/lib/python3.6/site-packages/airflow/example_dags/example_bash_operator.py took 0.107 seconds
[2026-09-21 14:59:20,746] {scheduler_job.py:182} INFO - Started process (PID=368) to work on /home/airflow/.local/lib/python3.6/site-packages/airflow/example_dags/example_bash_operator.py
[2026-09-21 14:59:20,748] {scheduler_job.py:629} INFO - Processing file /home/airflow/.local/lib/python3.6/site-packages/airflow/example_dags/example_bash_operator.py for tasks to queue
[2026-09-21 14:59:20,749] {logging_mixin.py:104} INFO - [2026-09-21 14:59:20,748] {dagbag.py:451} INFO - Filling up the DagBag from /home/airflow/.local/lib/python3.6/site-packages/airflow/example_dags/example_bash_operator.py
[2026-09-21 14:59:20,773] {scheduler_job.py:639} INFO - DAG(s) dict_keys(['example_bash_operator']) retrieved from /home/airflow/.local/lib/python3.6/site-packages/airflow/example_dags/example_bash_operator.py
[2026-09-21 14:59:20,813] {logging_mixin.py:104} INFO - [2026-09-21 14:59:20,812] {dag.py:1824} INFO - Sync 1 DAGs
[2026-09-21 14:59:20,857] {logging_mixin.py:104} INFO - [2026-09-21 14:59:20,857] {dag.py:2280} INFO - Setting next_dagrun for example_bash_operator to 2026-09-19 00:00:00+00:00
[2026-09-21 14:59:20,887] {scheduler_job.py:190} INFO - Processing /home/airflow/.local/lib/python3.6/site-packages/airflow/example_dags/example_bash_operator.py took 0.147 seconds
[2026-09-21 14:59:51,320] {scheduler_job.py:182} INFO - Started process (PID=395) to work on /home/airflow/.local/lib/python3.6/site-packages/airflow/example_dags/example_bash_operator.py
[2026-09-21 14:59:51,322] {scheduler_job.py:629} INFO - Processing file /home/airflow/.local/lib/python3.6/site-packages/airflow/example_dags/example_bash_operator.py for tasks to queue
[2026-09-21 14:59:51,323] {logging_mixin.py:104} INFO - [2026-09-21 14:59:51,323] {dagbag.py:451} INFO - Filling up the DagBag from /home/airflow/.local/lib/python3.6/site-packages/airflow/example_dags/example_bash_operator.py
[2026-09-21 14:59:51,347] {scheduler_job.py:639} INFO - DAG(s) dict_keys(['example_bash_operator']) retrieved from /home/airflow/.local/lib/python3.6/site-packages/airflow/example_dags/example_bash_operator.py
[2026-09-21 14:59:51,387] {logging_mixin.py:104} INFO - [2026-09-21 14:59:51,387] {dag.py:1824} INFO - Sync 1 DAGs
[2026-09-21 14:59:51,435] {logging_mixin.py:104} INFO - [2026-09-21 14:59:51,435] {dag.py:2280} INFO - Setting next_dagrun for example_bash_operator to 2026-09-19 00:00:00+00:00
[2026-09-21 14:59:51,456] {scheduler_job.py:190} INFO - Processing /home/airflow/.local/lib/python3.6/site-packages/airflow/example_dags/example_bash_operator.py took 0.142 seconds
[2026-09-21 15:00:21,628] {scheduler_job.py:182} INFO - Started process (PID=422) to work on /home/airflow/.local/lib/python3.6/site-packages/airflow/example_dags/example_bash_operator.py
[2026-09-21 15:00:21,630] {scheduler_job.py:629} INFO - Processing file /home/airflow/.local/lib/python3.6/site-packages/airflow/example_dags/example_bash_operator.py for tasks to queue
[2026-09-21 15:00:21,630] {logging_mixin.py:104} INFO - [2026-09-21 15:00:21,630] {dagbag.py:451} INFO - Filling up the DagBag from /home/airflow/.local/lib/python3.6/site-packages/airflow/example_dags/example_bash_operator.py
[2026-09-21 15:00:21,646] {scheduler_job.py:639} INFO - DAG(s) dict_keys(['example_bash_operator']) retrieved from /home/airflow/.local/lib/python3.6/site-packages/airflow/example_dags/example_bash_operator.py
[2026-09-21 15:00:21,674] {logging_mixin.py:104} INFO - [2026-09-21 15:00:21,674] {dag.py:1824} INFO - Sync 1 DAGs
[2026-09-21 15:00:21,701] {logging_mixin.py:104} INFO - [2026-09-21 15:00:21,701] {dag.py:2280} INFO - Setting next_dagrun for example_bash_operator to 2026-09-19 00:00:00+00:00
[2026-09-21 15:00:21,717] {scheduler_job.py:190} INFO - Processing /home/airflow/.local/lib/python3.6/site-packages/airflow/example_dags/example_bash_operator.py took 0.092 seconds
[2026-09-21 15:00:51,805] {scheduler_job.py:182} INFO - Started process (PID=449) to work on /home/airflow/.local/lib/python3.6/site-packages/airflow/example_dags/example_bash_operator.py
[2026-09-21 15:00:51,807] {scheduler_job.py:629} INFO - Processing file /home/airflow/.local/lib/python3.6/site-packages/airflow/example_dags/example_bash_operator.py for tasks to queue
[2026-09-21 15:00:51,807] {logging_mixin.py:104} INFO - [2026-09-21 15:00:51,807] {dagbag.py:451} INFO - Filling up the DagBag from /home/airflow/.local/lib/python3.6/site-packages/airflow/example_dags/example_bash_operator.py
[2026-09-21 15:00:51,825] {scheduler_job.py:639} INFO - DAG(s) dict_keys(['example_bash_operator']) retrieved from /home/airflow/.local/lib/python3.6/site-packages/airflow/example_dags/example_bash_operator.py
[2026-09-21 15:00:51,852] {logging_mixin.py:104} INFO - [2026-09-21 15:00:51,852] {dag.py:1824} INFO - Sync 1 DAGs
[2026-09-21 15:00:51,880] {logging_mixin.py:104} INFO - [2026-09-21 15:00:51,880] {dag.py:2280} INFO - Setting next_dagrun for example_bash_operator to 2026-09-19 00:00:00+00:00
[2026-09-21 15:00:51,896] {scheduler_job.py:190} INFO - Processing /home/airflow/.local/lib/python3.6/site-packages/airflow/example_dags/example_bash_operator.py took 0.095 seconds
[2026-09-21 15:01:22,117] {scheduler_job.py:182} INFO - Started process (PID=475) to work on /home/airflow/.local/lib/python3.6/site-packages/airflow/example_dags/example_bash_operator.py
[2026-09-21 15:01:22,119] {scheduler_job.py:629} INFO - Processing file /home/airflow/.local/lib/python3.6/site-packages/airflow/example_dags/example_bash_operator.py for tasks to queue
[2026-09-21 15:01:22,119] {logging_mixin.py:104} INFO - [2026-09-21 15:01:22,119] {dagbag.py:451} INFO - Filling up the DagBag from /home/airflow/.local/lib/python3.6/site-packages/airflow/example_dags/example_bash_operator.py
[2026-09-21 15:01:22,136] {scheduler_job.py:639} INFO - DAG(s) dict_keys(['example_bash_operator']) retrieved from /home/airflow/.local/lib/python3.6/site-packages/airflow/example_dags/example_bash_operator.py
[2026-09-21 15:01:22,162] {logging_mixin.py:104} INFO - [2026-09-21 15:01:22,162] {dag.py:1824} INFO - Sync 1 DAGs
[2026-09-21 15:01:22,193] {logging_mixin.py:104} INFO - [2026-09-21 15:01:22,193] {dag.py:2280} INFO - Setting next_dagrun for example_bash_operator to 2026-09-19 00:00:00+00:00
[2026-09-21 15:01:22,207] {scheduler_job.py:190} INFO - Processing /home/airflow/.local/lib/python3.6/site-packages/airflow/example_dags/example_bash_operator.py took 0.094 seconds
[2026-09-21 15:01:52,684] {scheduler_job.py:182} INFO - Started process (PID=502) to work on /home/airflow/.local/lib/python3.6/site-packages/airflow/example_dags/example_bash_operator.py
[2026-09-21 15:01:52,686] {scheduler_job.py:629} INFO - Processing file /home/airflow/.local/lib/python3.6/site-packages/airflow/example_dags/example_bash_operator.py for tasks to queue
[2026-09-21 15:01:52,687] {logging_mixin.py:104} INFO - [2026-09-21 15:01:52,687] {dagbag.py:451} INFO - Filling up the DagBag from /home/airflow/.local/lib/python3.6/site-packages/airflow/example_dags/example_bash_operator.py
[2026-09-21 15:01:52,710] {scheduler_job.py:639} INFO - DAG(s) dict_keys(['example_bash_operator']) retrieved from /home/airflow/.local/lib/python3.6/site-packages/airflow/example_dags/example_bash_operator.py
[2026-09-21 15:01:52,750] {logging_mixin.py:104} INFO - [2026-09-21 15:01:52,749] {dag.py:1824} INFO - Sync 1 DAGs
[2026-09-21 15:01:52,792] {logging_mixin.py:104} INFO - [2026-09-21 15:01:52,792] {dag.py:2280} INFO - Setting next_dagrun for example_bash_operator to 2026-09-19 00:00:00+00:00
[2026-09-21 15:01:52,808] {scheduler_job.py:190} INFO - Processing /home/airflow/.local/lib/python3.6/site-packages/airflow/example_dags/example_bash_operator.py took 0.129 seconds
[2026-09-21 15:02:23,396] {scheduler_job.py:182} INFO - Started process (PID=529) to work on /home/airflow/.local/lib/python3.6/site-packages/airflow/example_dags/example_bash_operator.py
[2026-09-21 15:02:23,398] {scheduler_job.py:629} INFO - Processing file /home/airflow/.local/lib/python3.6/site-packages/airflow/example_dags/example_bash_operator.py for tasks to queue
[2026-09-21 15:02:23,399] {logging_mixin.py:104} INFO - [2026-09-21 15:02:23,399] {dagbag.py:451} INFO - Filling up the DagBag from /home/airflow/.local/lib/python3.6/site-packages/airflow/example_dags/example_bash_operator.py
[2026-09-21 15:02:23,424] {scheduler_job.py:639} INFO - DAG(s) dict_keys(['example_bash_operator']) retrieved from /home/airflow/.local/lib/python3.6/site-packages/airflow/example_dags/example_bash_operator.py
[2026-09-21 15:02:23,467] {logging_mixin.py:104} INFO - [2026-09-21 15:02:23,466] {dag.py:1824} INFO - Sync 1 DAGs
[2026-09-21 15:02:23,525] {logging_mixin.py:104} INFO - [2026-09-21 15:02:23,525] {dag.py:2280} INFO - Setting next_dagrun for example_bash_operator to 2026-09-19 00:00:00+00:00
[2026-09-21 15:02:23,551] {scheduler_job.py:190} INFO - Processing /home/airflow/.local/lib/python3.6/site-packages/airflow/example_dags/example_bash_operator.py took 0.160 seconds
[2026-09-21 15:02:54,225] {scheduler_job.py:182} INFO - Started process (PID=557) to work on /home/airflow/.local/lib/python3.6/site-packages/airflow/example_dags/example_bash_operator.py
[2026-09-21 15:02:54,226] {scheduler_job.py:629} INFO - Processing file /home/airflow/.local/lib/python3.6/site-packages/airflow/example_dags/example_bash_operator.py for tasks to queue
[2026-09-21 15:02:54,227] {logging_mixin.py:104} INFO - [2026-09-21 15:02:54,227] {dagbag.py:451} INFO - Filling up the DagBag from /home/airflow/.local/lib/python3.6/site-packages/airflow/example_dags/example_bash_operator.py
[2026-09-21 15:02:54,243] {scheduler_job.py:639} INFO - DAG(s) dict_keys(['example_bash_operator']) retrieved from /home/airflow/.local/lib/python3.6/site-packages/airflow/example_dags/example_bash_operator.py
[2026-09-21 15:02:54,269] {logging_mixin.py:104} INFO - [2026-09-21 15:02:54,269] {dag.py:1824} INFO - Sync 1 DAGs
[2026-09-21 15:02:54,297] {logging_mixin.py:104} INFO - [2026-09-21 15:02:54,297] {dag.py:2280} INFO - Setting next_dagrun for example_bash_operator to 2026-09-19 00:00:00+00:00
[2026-09-21 15:02:54,311] {scheduler_job.py:190} INFO - Processing /home/airflow/.local/lib/python3.6/site-packages/airflow/example_dags/example_bash_operator.py took 0.090 seconds
[2026-09-21 15:03:24,729] {scheduler_job.py:182} INFO - Started process (PID=583) to work on /home/airflow/.local/lib/python3.6/site-packages/airflow/example_dags/example_bash_operator.py
[2026-09-21 15:03:24,730] {scheduler_job.py:629} INFO - Processing file /home/airflow/.local/lib/python3.6/site-packages/airflow/example_dags/example_bash_operator.py for tasks to queue
[2026-09-21 15:03:24,732] {logging_mixin.py:104} INFO - [2026-09-21 15:03:24,731] {dagbag.py:451} INFO - Filling up the DagBag from /home/airflow/.local/lib/python3.6/site-packages/airflow/example_dags/example_bash_operator.py
[2026-09-21 15:03:24,758] {scheduler_job.py:639} INFO - DAG(s) dict_keys(['example_bash_operator']) retrieved from /home/airflow/.local/lib/python3.6/site-packages/airflow/example_dags/example_bash_operator.py
[2026-09-21 15:03:24,800] {logging_mixin.py:104} INFO - [2026-09-21 15:03:24,800] {dag.py:1824} INFO - Sync 1 DAGs
[2026-09-21 15:03:24,851] {logging_mixin.py:104} INFO - [2026-09-21 15:03:24,850] {dag.py:2280} INFO - Setting next_dagrun for example_bash_operator to 2026-09-19 00:00:00+00:00
[2026-09-21 15:03:24,875] {scheduler_job.py:190} INFO - Processing /home/airflow/.local/lib/python3.6/site-packages/airflow/example_dags/example_bash_operator.py took 0.152 seconds
[2026-09-21 15:03:55,532] {scheduler_job.py:182} INFO - Started process (PID=610) to work on /home/airflow/.local/lib/python3.6/site-packages/airflow/example_dags/example_bash_operator.py
[2026-09-21 15:03:55,534] {scheduler_job.py:629} INFO - Processing file /home/airflow/.local/lib/python3.6/site-packages/airflow/example_dags/example_bash_operator.py for tasks to queue
[2026-09-21 15:03:55,535] {logging_mixin.py:104} INFO - [2026-09-21 15:03:55,535] {dagbag.py:451} INFO - Filling up the DagBag from /home/airflow/.local/lib/python3.6/site-packages/airflow/example_dags/example_bash_operator.py
[2026-09-21 15:03:55,551] {scheduler_job.py:639} INFO - DAG(s) dict_keys(['example_bash_operator']) retrieved from /home/airflow/.local/lib/python3.6/site-packages/airflow/example_dags/example_bash_operator.py
[2026-09-21 15:03:55,578] {logging_mixin.py:104} INFO - [2026-09-21 15:03:55,578] {dag.py:1824} INFO - Sync 1 DAGs
[2026-09-21 15:03:55,614] {logging_mixin.py:104} INFO - [2026-09-21 15:03:55,614] {dag.py:2280} INFO - Setting next_dagrun for example_bash_operator to 2026-09-19 00:00:00+00:00
[2026-09-21 15:03:55,630] {scheduler_job.py:190} INFO - Processing /home/airflow/.local/lib/python3.6/site-packages/airflow/example_dags/example_bash_operator.py took 0.102 seconds
[2026-09-21 15:04:26,271] {scheduler_job.py:182} INFO - Started process (PID=637) to work on /home/airflow/.local/lib/python3.6/site-packages/airflow/example_dags/example_bash_operator.py
[2026-09-21 15:04:26,272] {scheduler_job.py:629} INFO - Processing file /home/airflow/.local/lib/python3.6/site-packages/airflow/example_dags/example_bash_operator.py for tasks to queue
[2026-09-21 15:04:26,273] {logging_mixin.py:104} INFO - [2026-09-21 15:04:26,273] {dagbag.py:451} INFO - Filling up the DagBag from /home/airflow/.local/lib/python3.6/site-packages/airflow/example_dags/example_bash_operator.py
[2026-09-21 15:04:26,295] {scheduler_job.py:639} INFO - DAG(s) dict_keys(['example_bash_operator']) retrieved from /home/airflow/.local/lib/python3.6/site-packages/airflow/example_dags/example_bash_operator.py
[2026-09-21 15:04:26,329] {logging_mixin.py:104} INFO - [2026-09-21 15:04:26,328] {dag.py:1824} INFO - Sync 1 DAGs
[2026-09-21 15:04:26,372] {logging_mixin.py:104} INFO - [2026-09-21 15:04:26,372] {dag.py:2280} INFO - Setting next_dagrun for example_bash_operator to 2026-09-19 00:00:00+00:00
[2026-09-21 15:04:26,389] {scheduler_job.py:190} INFO - Processing /home/airflow/.local/lib/python3.6/site-packages/airflow/example_dags/example_bash_operator.py took 0.124 seconds
[2026-09-21 15:04:56,518] {scheduler_job.py:182} INFO - Started process (PID=664) to work on /home/airflow/.local/lib/python3.6/site-packages/airflow/example_dags/example_bash_operator.py
[2026-09-21 15:04:56,519] {scheduler_job.py:629} INFO - Processing file /home/airflow/.local/lib/python3.6/site-packages/airflow/example_dags/example_bash_operator.py for tasks to queue
[2026-09-21 15:04:56,520] {logging_mixin.py:104} INFO - [2026-09-21 15:04:56,520] {dagbag.py:451} INFO - Filling up the DagBag from /home/airflow/.local/lib/python3.6/site-packages/airflow/example_dags/example_bash_operator.py
[2026-09-21 15:04:56,537] {scheduler_job.py:639} INFO - DAG(s) dict_keys(['example_bash_operator']) retrieved from /home/airflow/.local/lib/python3.6/site-packages/airflow/example_dags/example_bash_operator.py
[2026-09-21 15:04:56,563] {logging_mixin.py:104} INFO - [2026-09-21 15:04:56,563] {dag.py:1824} INFO - Sync 1 DAGs
[2026-09-21 15:04:56,591] {logging_mixin.py:104} INFO - [2026-09-21 15:04:56,591] {dag.py:2280} INFO - Setting next_dagrun for example_bash_operator to 2026-09-19 00:00:00+00:00
[2026-09-21 15:04:56,605] {scheduler_job.py:190} INFO - Processing /home/airflow/.local/lib/python3.6/site-packages/airflow/example_dags/example_bash_operator.py took 0.091 seconds
[2026-09-21 15:05:26,753] {scheduler_job.py:182} INFO - Started process (PID=690) to work on /home/airflow/.local/lib/python3.6/site-packages/airflow/example_dags/example_bash_operator.py
[2026-09-21 15:05:26,754] {scheduler_job.py:629} INFO - Processing file /home/airflow/.local/lib/python3.6/site-packages/airflow/example_dags/example_bash_operator.py for tasks to queue
[2026-09-21 15:05:26,755] {logging_mixin.py:104} INFO - [2026-09-21 15:05:26,755] {dagbag.py:451} INFO - Filling up the DagBag from /home/airflow/.local/lib/python3.6/site-packages/airflow/example_dags/example_bash_operator.py
[2026-09-21 15:05:26,783] {scheduler_job.py:639} INFO - DAG(s) dict_keys(['example_bash_operator']) retrieved from /home/airflow/.local/lib/python3.6/site-packages/airflow/example_dags/example_bash_operator.py
[2026-09-21 15:05:26,812] {logging_mixin.py:104} INFO - [2026-09-21 15:05:26,812] {dag.py:1824} INFO - Sync 1 DAGs
[2026-09-21 15:05:26,847] {logging_mixin.py:104} INFO - [2026-09-21 15:05:26,847] {dag.py:2280} INFO - Setting next_dagrun for example_bash_operator to 2026-09-19 00:00:00+00:00
[2026-09-21 15:05:26,861] {scheduler_job.py:190} INFO - Processing /home/airflow/.local/lib/python3.6/site-packages/airflow/example_dags/example_bash_operator.py took 0.112 seconds
[2026-09-21 15:05:57,108] {scheduler_job.py:182} INFO - Started process (PID=717) to work on /home/airflow/.local/lib/python3.6/site-packages/airflow/example_dags/example_bash_operator.py
[2026-09-21 15:05:57,109] {scheduler_job.py:629} INFO - Processing file /home/airflow/.local/lib/python3.6/site-packages/airflow/example_dags/example_bash_operator.py for tasks to queue
[2026-09-21 15:05:57,110] {logging_mixin.py:104} INFO - [2026-09-21 15:05:57,110] {dagbag.py:451} INFO - Filling up the DagBag from /home/airflow/.local/lib/python3.6/site-packages/airflow/example_dags/example_bash_operator.py
[2026-09-21 15:05:57,136] {scheduler_job.py:639} INFO - DAG(s) dict_keys(['example_bash_operator']) retrieved from /home/airflow/.local/lib/python3.6/site-packages/airflow/example_dags/example_bash_operator.py
[2026-09-21 15:05:57,178] {logging_mixin.py:104} INFO - [2026-09-21 15:05:57,178] {dag.py:1824} INFO - Sync 1 DAGs
[2026-09-21 15:05:57,230] {logging_mixin.py:104} INFO - [2026-09-21 15:05:57,229] {dag.py:2280} INFO - Setting next_dagrun for example_bash_operator to 2026-09-19 00:00:00+00:00
[2026-09-21 15:05:57,251] {scheduler_job.py:190} INFO - Processing /home/airflow/.local/lib/python3.6/site-packages/airflow/example_dags/example_bash_operator.py took 0.149 seconds
[2026-09-21 15:06:28,156] {scheduler_job.py:182} INFO - Started process (PID=745) to work on /home/airflow/.local/lib/python3.6/site-packages/airflow/example_dags/example_bash_operator.py
[2026-09-21 15:06:28,157] {scheduler_job.py:629} INFO - Processing file /home/airflow/.local/lib/python3.6/site-packages/airflow/example_dags/example_bash_operator.py for tasks to queue
[2026-09-21 15:06:28,158] {logging_mixin.py:104} INFO - [2026-09-21 15:06:28,158] {dagbag.py:451} INFO - Filling up the DagBag from /home/airflow/.local/lib/python3.6/site-packages/airflow/example_dags/example_bash_operator.py
[2026-09-21 15:06:28,176] {scheduler_job.py:639} INFO - DAG(s) dict_keys(['example_bash_operator']) retrieved from /home/airflow/.local/lib/python3.6/site-packages/airflow/example_dags/example_bash_operator.py
[2026-09-21 15:06:28,203] {logging_mixin.py:104} INFO - [2026-09-21 15:06:28,202] {dag.py:1824} INFO - Sync 1 DAGs
[2026-09-21 15:06:28,251] {logging_mixin.py:104} INFO - [2026-09-21 15:06:28,251] {dag.py:2280} INFO - Setting next_dagrun for example_bash_operator to 2026-09-19 00:00:00+00:00
[2026-09-21 15:06:28,284] {scheduler_job.py:190} INFO - Processing /home/airflow/.local/lib/python3.6/site-packages/airflow/example_dags/example_bash_operator.py took 0.132 seconds
[2026-09-21 15:06:58,393] {scheduler_job.py:182} INFO - Started process (PID=772) to work on /home/airflow/.local/lib/python3.6/site-packages/airflow/example_dags/example_bash_operator.py
[2026-09-21 15:06:58,395] {scheduler_job.py:629} INFO - Processing file /home/airflow/.local/lib/python3.6/site-packages/airflow/example_dags/example_bash_operator.py for tasks to queue
[2026-09-21 15:06:58,396] {logging_mixin.py:104} INFO - [2026-09-21 15:06:58,396] {dagbag.py:451} INFO - Filling up the DagBag from /home/airflow/.local/lib/python3.6/site-packages/airflow/example_dags/example_bash_operator.py
[2026-09-21 15:06:58,412] {scheduler_job.py:639} INFO - DAG(s) dict_keys(['example_bash_operator']) retrieved from /home/airflow/.local/lib/python3.6/site-packages/airflow/example_dags/example_bash_operator.py
[2026-09-21 15:06:58,439] {logging_mixin.py:104} INFO - [2026-09-21 15:06:58,439] {dag.py:1824} INFO - Sync 1 DAGs
[2026-09-21 15:06:58,468] {logging_mixin.py:104} INFO - [2026-09-21 15:06:58,468] {dag.py:2280} INFO - Setting next_dagrun for example_bash_operator to 2026-09-19 00:00:00+00:00
[2026-09-21 15:06:58,481] {scheduler_job.py:190} INFO - Processing /home/airflow/.local/lib/python3.6/site-packages/airflow/example_dags/example_bash_operator.py took 0.092 seconds
[2026-09-21 15:07:28,890] {scheduler_job.py:182} INFO - Started process (PID=799) to work on /home/airflow/.local/lib/python3.6/site-packages/airflow/example_dags/example_bash_operator.py
[2026-09-21 15:07:28,892] {scheduler_job.py:629} INFO - Processing file /home/airflow/.local/lib/python3.6/site-packages/airflow/example_dags/example_bash_operator.py for tasks to queue
[2026-09-21 15:07:28,893] {logging_mixin.py:104} INFO - [2026-09-21 15:07:28,893] {dagbag.py:451} INFO - Filling up the DagBag from /home/airflow/.local/lib/python3.6/site-packages/airflow/example_dags/example_bash_operator.py
[2026-09-21 15:07:28,919] {scheduler_job.py:639} INFO - DAG(s) dict_keys(['example_bash_operator']) retrieved from /home/airflow/.local/lib/python3.6/site-packages/airflow/example_dags/example_bash_operator.py
[2026-09-21 15:07:28,973] {logging_mixin.py:104} INFO - [2026-09-21 15:07:28,973] {dag.py:1824} INFO - Sync 1 DAGs
[2026-09-21 15:07:29,020] {logging_mixin.py:104} INFO - [2026-09-21 15:07:29,020] {dag.py:2280} INFO - Setting next_dagrun for example_bash_operator to 2026-09-19 00:00:00+00:00
[2026-09-21 15:07:29,046] {scheduler_job.py:190} INFO - Processing /home/airflow/.local/lib/python3.6/site-packages/airflow/example_dags/example_bash_operator.py took 0.162 seconds
[2026-09-21 15:07:59,762] {scheduler_job.py:182} INFO - Started process (PID=826) to work on /home/airflow/.local/lib/python3.6/site-packages/airflow/example_dags/example_bash_operator.py
[2026-09-21 15:07:59,765] {scheduler_job.py:629} INFO - Processing file /home/airflow/.local/lib/python3.6/site-packages/airflow/example_dags/example_bash_operator.py for tasks to queue
[2026-09-21 15:07:59,766] {logging_mixin.py:104} INFO - [2026-09-21 15:07:59,766] {dagbag.py:451} INFO - Filling up the DagBag from /home/airflow/.local/lib/python3.6/site-packages/airflow/example_dags/example_bash_operator.py
[2026-09-21 15:07:59,794] {scheduler_job.py:639} INFO - DAG(s) dict_keys(['example_bash_operator']) retrieved from /home/airflow/.local/lib/python3.6/site-packages/airflow/example_dags/example_bash_operator.py
[2026-09-21 15:07:59,856] {logging_mixin.py:104} INFO - [2026-09-21 15:07:59,856] {dag.py:1824} INFO - Sync 1 DAGs
[2026-09-21 15:07:59,912] {logging_mixin.py:104} INFO - [2026-09-21 15:07:59,912] {dag.py:2280} INFO - Setting next_dagrun for example_bash_operator to 2026-09-19 00:00:00+00:00
[2026-09-21 15:07:59,943] {scheduler_job.py:190} INFO - Processing /home/airflow/.local/lib/python3.6/site-packages/airflow/example_dags/example_bash_operator.py took 0.193 seconds
[2026-09-21 15:08:30,420] {scheduler_job.py:182} INFO - Started process (PID=852) to work on /home/airflow/.local/lib/python3.6/site-packages/airflow/example_dags/example_bash_operator.py
[2026-09-21 15:08:30,422] {scheduler_job.py:629} INFO - Processing file /home/airflow/.local/lib/python3.6/site-packages/airflow/example_dags/example_bash_operator.py for tasks to queue
[2026-09-21 15:08:30,423] {logging_mixin.py:104} INFO - [2026-09-21 15:08:30,423] {dagbag.py:451} INFO - Filling up the DagBag from /home/airflow/.local/lib/python3.6/site-packages/airflow/example_dags/example_bash_operator.py
[2026-09-21 15:08:30,451] {scheduler_job.py:639} INFO - DAG(s) dict_keys(['example_bash_operator']) retrieved from /home/airflow/.local/lib/python3.6/site-packages/airflow/example_dags/example_bash_operator.py
[2026-09-21 15:08:30,598] {logging_mixin.py:104} INFO - [2026-09-21 15:08:30,598] {dag.py:1824} INFO - Sync 1 DAGs
[2026-09-21 15:08:30,807] {logging_mixin.py:104} INFO - [2026-09-21 15:08:30,807] {dag.py:2280} INFO - Setting next_dagrun for example_bash_operator to 2026-09-19 00:00:00+00:00
[2026-09-21 15:08:30,887] {scheduler_job.py:190} INFO - Processing /home/airflow/.local/lib/python3.6/site-packages/airflow/example_dags/example_bash_operator.py took 0.474 seconds
[2026-09-21 15:09:01,243] {scheduler_job.py:182} INFO - Started process (PID=879) to work on /home/airflow/.local/lib/python3.6/site-packages/airflow/example_dags/example_bash_operator.py
[2026-09-21 15:09:01,248] {scheduler_job.py:629} INFO - Processing file /home/airflow/.local/lib/python3.6/site-packages/airflow/example_dags/example_bash_operator.py for tasks to queue
[2026-09-21 15:09:01,249] {logging_mixin.py:104} INFO - [2026-09-21 15:09:01,249] {dagbag.py:451} INFO - Filling up the DagBag from /home/airflow/.local/lib/python3.6/site-packages/airflow/example_dags/example_bash_operator.py
[2026-09-21 15:09:01,343] {scheduler_job.py:639} INFO - DAG(s) dict_keys(['example_bash_operator']) retrieved from /home/airflow/.local/lib/python3.6/site-packages/airflow/example_dags/example_bash_operator.py
[2026-09-21 15:09:01,456] {logging_mixin.py:104} INFO - [2026-09-21 15:09:01,456] {dag.py:1824} INFO - Sync 1 DAGs
[2026-09-21 15:09:01,510] {logging_mixin.py:104} INFO - [2026-09-21 15:09:01,510] {dag.py:2280} INFO - Setting next_dagrun for example_bash_operator to 2026-09-19 00:00:00+00:00
[2026-09-21 15:09:01,583] {scheduler_job.py:190} INFO - Processing /home/airflow/.local/lib/python3.6/site-packages/airflow/example_dags/example_bash_operator.py took 0.360 seconds
[2026-09-21 15:09:31,677] {scheduler_job.py:182} INFO - Started process (PID=907) to work on /home/airflow/.local/lib/python3.6/site-packages/airflow/example_dags/example_bash_operator.py
[2026-09-21 15:09:31,678] {scheduler_job.py:629} INFO - Processing file /home/airflow/.local/lib/python3.6/site-packages/airflow/example_dags/example_bash_operator.py for tasks to queue
[2026-09-21 15:09:31,679] {logging_mixin.py:104} INFO - [2026-09-21 15:09:31,679] {dagbag.py:451} INFO - Filling up the DagBag from /home/airflow/.local/lib/python3.6/site-packages/airflow/example_dags/example_bash_operator.py
[2026-09-21 15:09:31,707] {scheduler_job.py:639} INFO - DAG(s) dict_keys(['example_bash_operator']) retrieved from /home/airflow/.local/lib/python3.6/site-packages/airflow/example_dags/example_bash_operator.py
[2026-09-21 15:09:31,754] {logging_mixin.py:104} INFO - [2026-09-21 15:09:31,754] {dag.py:1824} INFO - Sync 1 DAGs
[2026-09-21 15:09:31,799] {logging_mixin.py:104} INFO - [2026-09-21 15:09:31,799] {dag.py:2280} INFO - Setting next_dagrun for example_bash_operator to 2026-09-19 00:00:00+00:00
[2026-09-21 15:09:31,819] {scheduler_job.py:190} INFO - Processing /home/airflow/.local/lib/python3.6/site-packages/airflow/example_dags/example_bash_operator.py took 0.148 seconds
[2026-09-21 15:10:02,039] {scheduler_job.py:182} INFO - Started process (PID=933) to work on /home/airflow/.local/lib/python3.6/site-packages/airflow/example_dags/example_bash_operator.py
[2026-09-21 15:10:02,041] {scheduler_job.py:629} INFO - Processing file /home/airflow/.local/lib/python3.6/site-packages/airflow/example_dags/example_bash_operator.py for tasks to queue
[2026-09-21 15:10:02,042] {logging_mixin.py:104} INFO - [2026-09-21 15:10:02,042] {dagbag.py:451} INFO - Filling up the DagBag from /home/airflow/.local/lib/python3.6/site-packages/airflow/example_dags/example_bash_operator.py
[2026-09-21 15:10:02,068] {scheduler_job.py:639} INFO - DAG(s) dict_keys(['example_bash_operator']) retrieved from /home/airflow/.local/lib/python3.6/site-packages/airflow/example_dags/example_bash_operator.py
[2026-09-21 15:10:02,105] {logging_mixin.py:104} INFO - [2026-09-21 15:10:02,104] {dag.py:1824} INFO - Sync 1 DAGs
[2026-09-21 15:10:02,152] {logging_mixin.py:104} INFO - [2026-09-21 15:10:02,152] {dag.py:2280} INFO - Setting next_dagrun for example_bash_operator to 2026-09-19 00:00:00+00:00
[2026-09-21 15:10:02,174] {scheduler_job.py:190} INFO - Processing /home/airflow/.local/lib/python3.6/site-packages/airflow/example_dags/example_bash_operator.py took 0.140 seconds
[2026-09-21 15:10:32,484] {scheduler_job.py:182} INFO - Started process (PID=960) to work on /home/airflow/.local/lib/python3.6/site-packages/airflow/example_dags/example_bash_operator.py
[2026-09-21 15:10:32,486] {scheduler_job.py:629} INFO - Processing file /home/airflow/.local/lib/python3.6/site-packages/airflow/example_dags/example_bash_operator.py for tasks to queue
[2026-09-21 15:10:32,487] {logging_mixin.py:104} INFO - [2026-09-21 15:10:32,486] {dagbag.py:451} INFO - Filling up the DagBag from /home/airflow/.local/lib/python3.6/site-packages/airflow/example_dags/example_bash_operator.py
[2026-09-21 15:10:32,514] {scheduler_job.py:639} INFO - DAG(s) dict_keys(['example_bash_operator']) retrieved from /home/airflow/.local/lib/python3.6/site-packages/airflow/example_dags/example_bash_operator.py
[2026-09-21 15:10:32,553] {logging_mixin.py:104} INFO - [2026-09-21 15:10:32,553] {dag.py:1824} INFO - Sync 1 DAGs
[2026-09-21 15:10:32,602] {logging_mixin.py:104} INFO - [2026-09-21 15:10:32,601] {dag.py:2280} INFO - Setting next_dagrun for example_bash_operator to 2026-09-19 00:00:00+00:00
[2026-09-21 15:10:32,628] {scheduler_job.py:190} INFO - Processing /home/airflow/.local/lib/python3.6/site-packages/airflow/example_dags/example_bash_operator.py took 0.150 seconds
