[2026-09-21 14:53:15,795] {scheduler_job.py:182} INFO - Started process (PID=52) to work on /home/airflow/.local/lib/python3.6/site-packages/airflow/example_dags/example_skip_dag.py
[2026-09-21 14:53:15,796] {scheduler_job.py:629} INFO - Processing file /home/airflow/.local/lib/python3.6/site-packages/airflow/example_dags/example_skip_dag.py for tasks to queue
[2026-09-21 14:53:15,797] {logging_mixin.py:104} INFO - [2026-09-21 14:53:15,796] {dagbag.py:451} INFO - Filling up the DagBag from /home/airflow/.local/lib/python3.6/site-packages/airflow/example_dags/example_skip_dag.py
[2026-09-21 14:53:15,815] {scheduler_job.py:639} INFO - DAG(s) dict_keys(['example_skip_dag']) retrieved from /home/airflow/.local/lib/python3.6/site-packages/airflow/example_dags/example_skip_dag.py
[2026-09-21 14:53:15,861] {logging_mixin.py:104} INFO - [2026-09-21 14:53:15,860] {dag.py:1824} INFO - Sync 1 DAGs
[2026-09-21 14:53:15,880] {logging_mixin.py:104} INFO - [2026-09-21 14:53:15,880] {dag.py:1843} INFO - Creating ORM DAG for example_skip_dag
[2026-09-21 14:53:15,892] {logging_mixin.py:104} INFO - [2026-09-21 14:53:15,891] {dag.py:2280} INFO - Setting next_dagrun for example_skip_dag to 2026-09-19 00:00:00+00:00
[2026-09-21 14:53:15,932] {scheduler_job.py:190} INFO - Processing /home/airflow/.local/lib/python3.6/site-packages/airflow/example_dags/example_skip_dag.py took 0.142 seconds
[2026-09-21 14:53:46,891] {scheduler_job.py:182} INFO - Started process (PID=80) to work on /home/airflow/.local/lib/python3.6/site-packages/airflow/example_dags/example_skip_dag.py
[2026-09-21 14:53:46,892] {scheduler_job.py:629} INFO - Processing file /home/airflow/.local/lib/python3.6/site-packages/airflow/example_dags/example_skip_dag.py for tasks to queue
[2026-09-21 14:53:46,893] {logging_mixin.py:104} INFO - [2026-09-21 14:53:46,893] {dagbag.py:451} INFO - Filling up the DagBag from /home/airflow/.local/lib/python3.6/site-packages/airflow/example_dags/example_skip_dag.py
[2026-09-21 14:53:46,910] {scheduler_job.py:639} INFO - DAG(s) dict_keys(['example_skip_dag']) retrieved from /home/airflow/.local/lib/python3.6/site-packages/airflow/example_dags/example_skip_dag.py
[2026-09-21 14:53:46,937] {logging_mixin.py:104} INFO - [2026-09-21 14:53:46,937] {dag.py:1824} INFO - Sync 1 DAGs
[2026-09-21 14:53:46,958] {logging_mixin.py:104} INFO - [2026-09-21 14:53:46,957] {dag.py:2280} INFO - Setting next_dagrun for example_skip_dag to 2026-09-19 00:00:00+00:00
[2026-09-21 14:53:46,972] {scheduler_job.py:190} INFO - Processing /home/airflow/.local/lib/python3.6/site-packages/airflow/example_dags/example_skip_dag.py took 0.086 seconds
[2026-09-21 14:54:17,891] {scheduler_job.py:182} INFO - Started process (PID=107) to work on /home/airflow/.local/lib/python3.6/site-packages/airflow/example_dags/example_skip_dag.py
[2026-09-21 14:54:17,893] {scheduler_job.py:629} INFO - Processing file /home/airflow/.local/lib/python3.6/site-packages/airflow/example_dags/example_skip_dag.py for tasks to queue
[2026-09-21 14:54:17,894] {logging_mixin.py:104} INFO - [2026-09-21 14:54:17,894] {dagbag.py:451} INFO - Filling up the DagBag from /home/airflow/.local/lib/python3.6/site-packages/airflow/example_dags/example_skip_dag.py
[2026-09-21 14:54:17,914] {scheduler_job.py:639} INFO - DAG(s) dict_keys(['example_skip_dag']) retrieved from /home/airflow/.local/lib/python3.6/site-packages/airflow/example_dags/example_skip_dag.py
[2026-09-21 14:54:17,951] {logging_mixin.py:104} INFO - [2026-09-21 14:54:17,951] {dag.py:1824} INFO - Sync 1 DAGs
[2026-09-21 14:54:17,978] {logging_mixin.py:104} INFO - [2026-09-21 14:54:17,978] {dag.py:2280} INFO - Setting next_dagrun for example_skip_dag to 2026-09-19 00:00:00+00:00
[2026-09-21 14:54:18,002] {scheduler_job.py:190} INFO - Processing /home/airflow/.local/lib/python3.6/site-packages/airflow/example_dags/example_skip_dag.py took 0.117 seconds
[2026-09-21 14:54:48,043] {scheduler_job.py:182} INFO - Started process (PID=133) to work on /home/airflow/.local/lib/python3.6/site-packages/airflow/example_dags/example_skip_dag.py
[2026-09-21 14:54:48,044] {scheduler_job.py:629} INFO - Processing file /home/airflow/.local/lib/python3.6/site-packages/airflow/example_dags/example_skip_dag.py for tasks to queue
[2026-09-21 14:54:48,045] {logging_mixin.py:104} INFO - [2026-09-21 14:54:48,045] {dagbag.py:451} INFO - Filling up the DagBag from /home/airflow/.local/lib/python3.6/site-packages/airflow/example_dags/example_skip_dag.py
[2026-09-21 14:54:48,058] {scheduler_job.py:639} INFO - DAG(s) dict_keys(['example_skip_dag']) retrieved from /home/airflow/.local/lib/python3.6/site-packages/airflow/example_dags/example_skip_dag.py
[2026-09-21 14:54:48,082] {logging_mixin.py:104} INFO - [2026-09-21 14:54:48,082] {dag.py:1824} INFO - Sync 1 DAGs
[2026-09-21 14:54:48,101] {logging_mixin.py:104} INFO - [2026-09-21 14:54:48,101] {dag.py:2280} INFO - Setting next_dagrun for example_skip_dag to 2026-09-19 00:00:00+00:00
[2026-09-21 14:54:48,114] {scheduler_job.py:190} INFO - Processing /home/airflow/.local/lib/python3.6/site-packages/airflow/example_dags/example_skip_dag.py took 0.075 seconds
[2026-09-21 14:55:18,568] {scheduler_job.py:182} INFO - Started process (PID=158) to work on /home/airflow/.local/lib/python3.6/site-packages/airflow/example_dags/example_skip_dag.py
[2026-09-21 14:55:18,569] {scheduler_job.py:629} INFO - Processing file /home/airflow/.local/lib/python3.6/site-packages/airflow/example_dags/example_skip_dag.py for tasks to queue
[2026-09-21 14:55:18,570] {logging_mixin.py:104} INFO - [2026-09-21 14:55:18,570] {dagbag.py:451} INFO - Filling up the DagBag from /home/airflow/.local/lib/python3.6/site-packages/airflow/example_dags/example_skip_dag.py
[2026-09-21 14:55:18,583] {scheduler_job.py:639} INFO - DAG(s) dict_keys(['example_skip_dag']) retrieved from /home/airflow/.local/lib/python3.6/site-packages/airflow/example_dags/example_skip_dag.py
[2026-09-21 14:55:18,606] {logging_mixin.py:104} INFO - [2026-09-21 14:55:18,606] {dag.py:1824} INFO - Sync 1 DAGs
[2026-09-21 14:55:18,626] {logging_mixin.py:104} INFO - [2026-09-21 14:55:18,626] {dag.py:2280} INFO - Setting next_dagrun for example_skip_dag to 2026-09-19 00:00:00+00:00
[2026-09-21 14:55:18,641] {scheduler_job.py:190} INFO - Processing /home/airflow/.local/lib/python3.6/site-packages/airflow/example_dags/example_skip_dag.py took 0.076 seconds
[2026-09-21 14:55:49,136] {scheduler_job.py:182} INFO - Started process (PID=185) to work on /home/airflow/.local/lib/python3.6/site-packages/airflow/example_dags/example_skip_dag.py
[2026-09-21 14:55:49,137] {scheduler_job.py:629} INFO - Processing file /home/airflow/.local/lib/python3.6/site-packages/airflow/example_dags/example_skip_dag.py for tasks to queue
[2026-09-21 14:55:49,138] {logging_mixin.py:104} INFO - [2026-09-21 14:55:49,138] {dagbag.py:451} INFO - Filling up the DagBag from /home/airflow/.local/lib/python3.6/site-packages/airflow/example_dags/example_skip_dag.py
[2026-09-21 14:55:49,151] {scheduler_job.py:639} INFO - DAG(s) dict_keys(['example_skip_dag']) retrieved from /home/airflow/.local/lib/python3.6/site-packages/airflow/example_dags/example_skip_dag.py
[2026-09-21 14:55:49,178] {logging_mixin.py:104} INFO - [2026-09-21 14:55:49,177] {dag.py:1824} INFO - Sync 1 DAGs
[2026-09-21 14:55:49,196] {logging_mixin.py:104} INFO - [2026-09-21 14:55:49,196] {dag.py:2280} INFO - Setting next_dagrun for example_skip_dag to 2026-09-19 00:00:00+00:00
[2026-09-21 14:55:49,212] {scheduler_job.py:190} INFO - Processing /home/airflow/.local/lib/python3.6/site-packages/airflow/example_dags/example_skip_dag.py took 0.080 seconds
[2026-09-21 14:56:20,131] {scheduler_job.py:182} INFO - Started process (PID=212) to work on /home/airflow/.local/lib/python3.6/site-packages/airflow/example_dags/example_skip_dag.py
[2026-09-21 14:56:20,132] {scheduler_job.py:629} INFO - Processing file /home/airflow/.local/lib/python3.6/site-packages/airflow/example_dags/example_skip_dag.py for tasks to queue
[2026-09-21 14:56:20,133] {logging_mixin.py:104} INFO - [2026-09-21 14:56:20,133] {dagbag.py:451} INFO - Filling up the DagBag from /home/airflow/.local/lib/python3.6/site-packages/airflow/example_dags/example_skip_dag.py
[2026-09-21 14:56:20,147] {scheduler_job.py:639} INFO - DAG(s) dict_keys(['example_skip_dag']) retrieved from /home/airflow/.local/lib/python3.6/site-packages/airflow/example_dags/example_skip_dag.py
[2026-09-21 14:56:20,173] {logging_mixin.py:104} INFO - [2026-09-21 14:56:20,173] {dag.py:1824} INFO - Sync 1 DAGs
[2026-09-21 14:56:20,193] {logging_mixin.py:104} INFO - [2026-09-21 14:56:20,193] {dag.py:2280} INFO - Setting next_dagrun for example_skip_dag to 2026-09-19 00:00:00+00:00
[2026-09-21 14:56:20,206] {scheduler_job.py:190} INFO - Processing /home/airflow/.local/lib/python3.6/site-packages/airflow/example_dags/example_skip_dag.py took 0.079 seconds
[2026-09-21 14:56:50,813] {scheduler_job.py:182} INFO - Started process (PID=239) to work on /home/airflow/.local/lib/python3.6/site-packages/airflow/example_dags/example_skip_dag.py
[2026-09-21 14:56:50,814] {scheduler_job.py:629} INFO - Processing file /home/airflow/.local/lib/python3.6/site-packages/airflow/example_dags/example_skip_dag.py for tasks to queue
[2026-09-21 14:56:50,815] {logging_mixin.py:104} INFO - [2026-09-21 14:56:50,815] {dagbag.py:451} INFO - Filling up the DagBag from /home/airflow/.local/lib/python3.6/site-packages/airflow/example_dags/example_skip_dag.py
[2026-09-21 14:56:50,828] {scheduler_job.py:639} INFO - DAG(s) dict_keys(['example_skip_dag']) retrieved from /home/airflow/.local/lib/python3.6/site-packages/airflow/example_dags/example_skip_dag.py
[2026-09-21 14:56:50,855] {logging_mixin.py:104} INFO - [2026-09-21 14:56:50,855] {dag.py:1824} INFO - Sync 1 DAGs
[2026-09-21 14:56:50,882] {logging_mixin.py:104} INFO - [2026-09-21 14:56:50,881] {dag.py:2280} INFO - Setting next_dagrun for example_skip_dag to 2026-09-19 00:00:00+00:00
[2026-09-21 14:56:50,899] {scheduler_job.py:190} INFO - Processing /home/airflow/.local/lib/python3.6/site-packages/airflow/example_dags/example_skip_dag.py took 0.091 seconds
[2026-09-21 14:57:20,963] {scheduler_job.py:182} INFO - Started process (PID=265) to work on /home/airflow/.local/lib/python3.6/site-packages/airflow/example_dags/example_skip_dag.py
[2026-09-21 14:57:20,965] {scheduler_job.py:629} INFO - Processing file /home/airflow/.local/lib/python3.6/site-packages/airflow/example_dags/example_skip_dag.py for tasks to queue
[2026-09-21 14:57:20,966] {logging_mixin.py:104} INFO - [2026-09-21 14:57:20,965] {dagbag.py:451} INFO - Filling up the DagBag from /home/airflow/.local/lib/python3.6/site-packages/airflow/example_dags/example_skip_dag.py
[2026-09-21 14:57:20,981] {scheduler_job.py:639} INFO - DAG(s) dict_keys(['example_skip_dag']) retrieved from /home/airflow/.local/lib/python3.6/site-packages/airflow/example_dags/example_skip_dag.py
[2026-09-21 14:57:21,010] {logging_mixin.py:104} INFO - [2026-09-21 14:57:21,010] {dag.py:1824} INFO - Sync 1 DAGs
[2026-09-21 14:57:21,031] {logging_mixin.py:104} INFO - [2026-09-21 14:57:21,031] {dag.py:2280} INFO - Setting next_dagrun for example_skip_dag to 2026-09-19 00:00:00+00:00
[2026-09-21 14:57:21,048] {scheduler_job.py:190} INFO - Processing /home/airflow/.local/lib/python3.6/site-packages/airflow/example_dags/example_skip_dag.py took 0.091 seconds
[2026-09-21 14:57:51,196] {scheduler_job.py:182} INFO - Started process (PID=292) to work on /home/airflow/.local/lib/python3.6/site-packages/airflow/example_dags/example_skip_dag.py
[2026-09-21 14:57:51,198] {scheduler_job.py:629} INFO - Processing file /home/airflow/.local/lib/python3.6/site-packages/airflow/example_dags/example_skip_dag.py for tasks to queue
[2026-09-21 14:57:51,199] {logging_mixin.py:104} INFO - [2026-09-21 14:57:51,199] {dagbag.py:451} INFO - Filling up the DagBag from /home/airflow/.local/lib/python3.6/site-packages/airflow/example_dags/example_skip_dag.py
[2026-09-21 14:57:51,216] {scheduler_job.py:639} INFO - DAG(s) dict_keys(['example_skip_dag']) retrieved from /home/airflow/.local/lib/python3.6/site-packages/airflow/example_dags/example_skip_dag.py
[2026-09-21 14:57:51,252] {logging_mixin.py:104} INFO - [2026-09-21 14:57:51,252] {dag.py:1824} INFO - Sync 1 DAGs
[2026-09-21 14:57:51,282] {logging_mixin.py:104} INFO - [2026-09-21 14:57:51,281] {dag.py:2280} INFO - Setting next_dagrun for example_skip_dag to 2026-09-19 00:00:00+00:00
[2026-09-21 14:57:51,299] {scheduler_job.py:190} INFO - Processing /home/airflow/.local/lib/python3.6/site-packages/airflow/example_dags/example_skip_dag.py took 0.107 seconds
[2026-09-21 14:58:21,357] {scheduler_job.py:182} INFO - Started process (PID=319) to work on /home/airflow/.local/lib/python3.6/site-packages/airflow/example_dags/example_skip_dag.py
[2026-09-21 14:58:21,358] {scheduler_job.py:629} INFO - Processing file /home/airflow/.local/lib/python3.6/site-packages/airflow/example_dags/example_skip_dag.py for tasks to queue
[2026-09-21 14:58:21,359] {logging_mixin.py:104} INFO - [2026-09-21 14:58:21,359] {dagbag.py:451} INFO - Filling up the DagBag from /home/airflow/.local/lib/python3.6/site-packages/airflow/example_dags/example_skip_dag.py
[2026-09-21 14:58:21,374] {scheduler_job.py:639} INFO - DAG(s) dict_keys(['example_skip_dag']) retrieved from /home/airflow/.local/lib/python3.6/site-packages/airflow/example_dags/example_skip_dag.py
[2026-09-21 14:58:21,399] {logging_mixin.py:104} INFO - [2026-09-21 14:58:21,399] {dag.py:1824} INFO - Sync 1 DAGs
[2026-09-21 14:58:21,418] {logging_mixin.py:104} INFO - [2026-09-21 14:58:21,418] {dag.py:2280} INFO - Setting next_dagrun for example_skip_dag to 2026-09-19 00:00:00+00:00
[2026-09-21 14:58:21,435] {scheduler_job.py:190} INFO - Processing /home/airflow/.local/lib/python3.6/site-packages/airflow/example_dags/example_skip_dag.py took 0.082 seconds
[2026-09-21 14:58:51,630] {scheduler_job.py:182} INFO - Started process (PID=346) to work on /home/airflow/.local/lib/python3.6/site-packages/airflow/example_dags/example_skip_dag.py
[2026-09-21 14:58:51,632] {scheduler_job.py:629} INFO - Processing file /home/airflow/.local/lib/python3.6/site-packages/airflow/example_dags/example_skip_dag.py for tasks to queue
[2026-09-21 14:58:51,634] {logging_mixin.py:104} INFO - [2026-09-21 14:58:51,634] {dagbag.py:451} INFO - Filling up the DagBag from /home/airflow/.local/lib/python3.6/site-packages/airflow/example_dags/example_skip_dag.py
[2026-09-21 14:58:51,651] {scheduler_job.py:639} INFO - DAG(s) dict_keys(['example_skip_dag']) retrieved from /home/airflow/.local/lib/python3.6/site-packages/airflow/example_dags/example_skip_dag.py
[2026-09-21 14:58:51,688] {logging_mixin.py:104} INFO - [2026-09-21 14:58:51,688] {dag.py:1824} INFO - Sync 1 DAGs
[2026-09-21 14:58:51,719] {logging_mixin.py:104} INFO - [2026-09-21 14:58:51,719] {dag.py:2280} INFO - Setting next_dagrun for example_skip_dag to 2026-09-19 00:00:00+00:00
[2026-09-21 14:58:51,740] {scheduler_job.py:190} INFO - Processing /home/airflow/.local/lib/python3.6/site-packages/airflow/example_dags/example_skip_dag.py took 0.115 seconds
[2026-09-21 14:59:22,101] {scheduler_job.py:182} INFO - Started process (PID=374) to work on /home/airflow/.local/lib/python3.6/site-packages/airflow/example_dags/example_skip_dag.py
[2026-09-21 14:59:22,102] {scheduler_job.py:629} INFO - Processing file /home/airflow/.local/lib/python3.6/site-packages/airflow/example_dags/example_skip_dag.py for tasks to queue
[2026-09-21 14:59:22,103] {logging_mixin.py:104} INFO - [2026-09-21 14:59:22,103] {dagbag.py:451} INFO - Filling up the DagBag from /home/airflow/.local/lib/python3.6/site-packages/airflow/example_dags/example_skip_dag.py
[2026-09-21 14:59:22,118] {scheduler_job.py:639} INFO - DAG(s) dict_keys(['example_skip_dag']) retrieved from /home/airflow/.local/lib/python3.6/site-packages/airflow/example_dags/example_skip_dag.py
[2026-09-21 14:59:22,147] {logging_mixin.py:104} INFO - [2026-09-21 14:59:22,147] {dag.py:1824} INFO - Sync 1 DAGs
[2026-09-21 14:59:22,170] {logging_mixin.py:104} INFO - [2026-09-21 14:59:22,170] {dag.py:2280} INFO - Setting next_dagrun for example_skip_dag to 2026-09-19 00:00:00+00:00
[2026-09-21 14:59:22,185] {scheduler_job.py:190} INFO - Processing /home/airflow/.local/lib/python3.6/site-packages/airflow/example_dags/example_skip_dag.py took 0.090 seconds
[2026-09-21 14:59:52,535] {scheduler_job.py:182} INFO - Started process (PID=400) to work on /home/airflow/.local/lib/python3.6/site-packages/airflow/example_dags/example_skip_dag.py
[2026-09-21 14:59:52,536] {scheduler_job.py:629} INFO - Processing file /home/airflow/.local/lib/python3.6/site-packages/airflow/example_dags/example_skip_dag.py for tasks to queue
[2026-09-21 14:59:52,537] {logging_mixin.py:104} INFO - [2026-09-21 14:59:52,537] {dagbag.py:451} INFO - Filling up the DagBag from /home/airflow/.local/lib/python3.6/site-packages/airflow/example_dags/example_skip_dag.py
[2026-09-21 14:59:52,551] {scheduler_job.py:639} INFO - DAG(s) dict_keys(['example_skip_dag']) retrieved from /home/airflow/.local/lib/python3.6/site-packages/airflow/example_dags/example_skip_dag.py
[2026-09-21 14:59:52,593] {logging_mixin.py:104} INFO - [2026-09-21 14:59:52,592] {dag.py:1824} INFO - Sync 1 DAGs
[2026-09-21 14:59:52,618] {logging_mixin.py:104} INFO - [2026-09-21 14:59:52,618] {dag.py:2280} INFO - Setting next_dagrun for example_skip_dag to 2026-09-19 00:00:00+00:00
[2026-09-21 14:59:52,636] {scheduler_job.py:190} INFO - Processing /home/airflow/.local/lib/python3.6/site-packages/airflow/example_dags/example_skip_dag.py took 0.104 seconds
[2026-09-21 15:00:22,943] {scheduler_job.py:182} INFO - Started process (PID=427) to work on /home/airflow/.local/lib/python3.6/site-packages/airflow/example_dags/example_skip_dag.py
[2026-09-21 15:00:22,944] {scheduler_job.py:629} INFO - Processing file /home/airflow/.local/lib/python3.6/site-packages/airflow/example_dags/example_skip_dag.py for tasks to queue
[2026-09-21 15:00:22,945] {logging_mixin.py:104} INFO - [2026-09-21 15:00:22,945] {dagbag.py:451} INFO - Filling up the DagBag from /home/airflow/.local/lib/python3.6/site-packages/airflow/example_dags/example_skip_dag.py
[2026-09-21 15:00:22,963] {scheduler_job.py:639} INFO - DAG(s) dict_keys(['example_skip_dag']) retrieved from /home/airflow/.local/lib/python3.6/site-packages/airflow/example_dags/example_skip_dag.py
[2026-09-21 15:00:23,002] {logging_mixin.py:104} INFO - [2026-09-21 15:00:23,002] {dag.py:1824} INFO - Sync 1 DAGs
[2026-09-21 15:00:23,032] {logging_mixin.py:104} INFO - [2026-09-21 15:00:23,032] {dag.py:2280} INFO - Setting next_dagrun for example_skip_dag to 2026-09-19 00:00:00+00:00
[2026-09-21 15:00:23,052] {scheduler_job.py:190} INFO - Processing /home/airflow/.local/lib/python3.6/site-packages/airflow/example_dags/example_skip_dag.py took 0.114 seconds
[2026-09-21 15:00:53,104] {scheduler_job.py:182} INFO - Started process (PID=453) to work on /home/airflow/.local/lib/python3.6/site-packages/airflow/example_dags/example_skip_dag.py
[2026-09-21 15:00:53,105] {scheduler_job.py:629} INFO - Processing file /home/airflow/.local/lib/python3.6/site-packages/airflow/example_dags/example_skip_dag.py for tasks to queue
[2026-09-21 15:00:53,107] {logging_mixin.py:104} INFO - [2026-09-21 15:00:53,106] {dagbag.py:451} INFO - Filling up the DagBag from /home/airflow/.local/lib/python3.6/site-packages/airflow/example_dags/example_skip_dag.py
[2026-09-21 15:00:53,130] {scheduler_job.py:639} INFO - DAG(s) dict_keys(['example_skip_dag']) retrieved from /home/airflow/.local/lib/python3.6/site-packages/airflow/example_dags/example_skip_dag.py
[2026-09-21 15:00:53,177] {logging_mixin.py:104} INFO - [2026-09-21 15:00:53,177] {dag.py:1824} INFO - Sync 1 DAGs
[2026-09-21 15:00:53,209] {logging_mixin.py:104} INFO - [2026-09-21 15:00:53,209] {dag.py:2280} INFO - Setting next_dagrun for example_skip_dag to 2026-09-19 00:00:00+00:00
[2026-09-21 15:00:53,233] {scheduler_job.py:190} INFO - Processing /home/airflow/.local/lib/python3.6/site-packages/airflow/example_dags/example_skip_dag.py took 0.135 seconds
[2026-09-21 15:01:23,447] {scheduler_job.py:182} INFO - Started process (PID=480) to work on /home/airflow/.local/lib/python3.6/site-packages/airflow/example_dags/example_skip_dag.py
[2026-09-21 15:01:23,448] {scheduler_job.py:629} INFO - Processing file /home/airflow/.local/lib/python3.6/site-packages/airflow/example_dags/example_skip_dag.py for tasks to queue
[2026-09-21 15:01:23,449] {logging_mixin.py:104} INFO - [2026-09-21 15:01:23,449] {dagbag.py:451} INFO - Filling up the DagBag from /home/airflow/.local/lib/python3.6/site-packages/airflow/example_dags/example_skip_dag.py
[2026-09-21 15:01:23,462] {scheduler_job.py:639} INFO - DAG(s) dict_keys(['example_skip_dag']) retrieved from /home/airflow/.local/lib/python3.6/site-packages/airflow/example_dags/example_skip_dag.py
[2026-09-21 15:01:23,489] {logging_mixin.py:104} INFO - [2026-09-21 15:01:23,489] {dag.py:1824} INFO - Sync 1 DAGs
[2026-09-21 15:01:23,508] {logging_mixin.py:104} INFO - [2026-09-21 15:01:23,508] {dag.py:2280} INFO - Setting next_dagrun for example_skip_dag to 2026-09-19 00:00:00+00:00
[2026-09-21 15:01:23,524] {scheduler_job.py:190} INFO - Processing /home/airflow/.local/lib/python3.6/site-packages/airflow/example_dags/example_skip_dag.py took 0.081 seconds
[2026-09-21 15:01:54,067] {scheduler_job.py:182} INFO - Started process (PID=508) to work on /home/airflow/.local/lib/python3.6/site-packages/airflow/example_dags/example_skip_dag.py
[2026-09-21 15:01:54,069] {scheduler_job.py:629} INFO - Processing file /home/airflow/.local/lib/python3.6/site-packages/airflow/example_dags/example_skip_dag.py for tasks to queue
[2026-09-21 15:01:54,070] {logging_mixin.py:104} INFO - [2026-09-21 15:01:54,070] {dagbag.py:451} INFO - Filling up the DagBag from /home/airflow/.local/lib/python3.6/site-packages/airflow/example_dags/example_skip_dag.py
[2026-09-21 15:01:54,084] {scheduler_job.py:639} INFO - DAG(s) dict_keys(['example_skip_dag']) retrieved from /home/airflow/.local/lib/python3.6/site-packages/airflow/example_dags/example_skip_dag.py
[2026-09-21 15:01:54,112] {logging_mixin.py:104} INFO - [2026-09-21 15:01:54,112] {dag.py:1824} INFO - Sync 1 DAGs
[2026-09-21 15:01:54,136] {logging_mixin.py:104} INFO - [2026-09-21 15:01:54,136] {dag.py:2280} INFO - Setting next_dagrun for example_skip_dag to 2026-09-19 00:00:00+00:00
[2026-09-21 15:01:54,155] {scheduler_job.py:190} INFO - Processing /home/airflow/.local/lib/python3.6/site-packages/airflow/example_dags/example_skip_dag.py took 0.093 seconds
[2026-09-21 15:02:24,948] {scheduler_job.py:182} INFO - Started process (PID=537) to work on /home/airflow/.local/lib/python3.6/site-packages/airflow/example_dags/example_skip_dag.py
[2026-09-21 15:02:24,949] {scheduler_job.py:629} INFO - Processing file /home/airflow/.local/lib/python3.6/site-packages/airflow/example_dags/example_skip_dag.py for tasks to queue
[2026-09-21 15:02:24,950] {logging_mixin.py:104} INFO - [2026-09-21 15:02:24,950] {dagbag.py:451} INFO - Filling up the DagBag from /home/airflow/.local/lib/python3.6/site-packages/airflow/example_dags/example_skip_dag.py
[2026-09-21 15:02:24,967] {scheduler_job.py:639} INFO - DAG(s) dict_keys(['example_skip_dag']) retrieved from /home/airflow/.local/lib/python3.6/site-packages/airflow/example_dags/example_skip_dag.py
[2026-09-21 15:02:25,001] {logging_mixin.py:104} INFO - [2026-09-21 15:02:25,001] {dag.py:1824} INFO - Sync 1 DAGs
[2026-09-21 15:02:25,025] {logging_mixin.py:104} INFO - [2026-09-21 15:02:25,025] {dag.py:2280} INFO - Setting next_dagrun for example_skip_dag to 2026-09-19 00:00:00+00:00
[2026-09-21 15:02:25,039] {scheduler_job.py:190} INFO - Processing /home/airflow/.local/lib/python3.6/site-packages/airflow/example_dags/example_skip_dag.py took 0.095 seconds
[2026-09-21 15:02:55,632] {scheduler_job.py:182} INFO - Started process (PID=564) to work on /home/airflow/.local/lib/python3.6/site-packages/airflow/example_dags/example_skip_dag.py
[2026-09-21 15:02:55,634] {scheduler_job.py:629} INFO - Processing file /home/airflow/.local/lib/python3.6/site-packages/airflow/example_dags/example_skip_dag.py for tasks to queue
[2026-09-21 15:02:55,635] {logging_mixin.py:104} INFO - [2026-09-21 15:02:55,635] {dagbag.py:451} INFO - Filling up the DagBag from /home/airflow/.local/lib/python3.6/site-packages/airflow/example_dags/example_skip_dag.py
[2026-09-21 15:02:55,658] {scheduler_job.py:639} INFO - DAG(s) dict_keys(['example_skip_dag']) retrieved from /home/airflow/.local/lib/python3.6/site-packages/airflow/example_dags/example_skip_dag.py
[2026-09-21 15:02:55,696] {logging_mixin.py:104} INFO - [2026-09-21 15:02:55,696] {dag.py:1824} INFO - Sync 1 DAGs
[2026-09-21 15:02:55,728] {logging_mixin.py:104} INFO - [2026-09-21 15:02:55,727] {dag.py:2280} INFO - Setting next_dagrun for example_skip_dag to 2026-09-19 00:00:00+00:00
[2026-09-21 15:02:55,753] {scheduler_job.py:190} INFO - Processing /home/airflow/.local/lib/python3.6/site-packages/airflow/example_dags/example_skip_dag.py took 0.128 seconds
[2026-09-21 15:03:26,254] {scheduler_job.py:182} INFO - Started process (PID=591) to work on /home/airflow/.local/lib/python3.6/site-packages/airflow/example_dags/example_skip_dag.py
[2026-09-21 15:03:26,255] {scheduler_job.py:629} INFO - Processing file /home/airflow/.local/lib/python3.6/site-packages/airflow/example_dags/example_skip_dag.py for tasks to queue
[2026-09-21 15:03:26,256] {logging_mixin.py:104} INFO - [2026-09-21 15:03:26,256] {dagbag.py:451} INFO - Filling up the DagBag from /home/airflow/.local/lib/python3.6/site-packages/airflow/example_dags/example_skip_dag.py
[2026-09-21 15:03:26,272] {scheduler_job.py:639} INFO - DAG(s) dict_keys(['example_skip_dag']) retrieved from /home/airflow/.local/lib/python3.6/site-packages/airflow/example_dags/example_skip_dag.py
[2026-09-21 15:03:26,299] {logging_mixin.py:104} INFO - [2026-09-21 15:03:26,299] {dag.py:1824} INFO - Sync 1 DAGs
[2026-09-21 15:03:26,322] {logging_mixin.py:104} INFO - [2026-09-21 15:03:26,322] {dag.py:2280} INFO - Setting next_dagrun for example_skip_dag to 2026-09-19 00:00:00+00:00
[2026-09-21 15:03:26,346] {scheduler_job.py:190} INFO - Processing /home/airflow/.local/lib/python3.6/site-packages/airflow/example_dags/example_skip_dag.py took 0.097 seconds
[2026-09-21 15:03:57,055] {scheduler_job.py:182} INFO - Started process (PID=618) to work on /home/airflow/.local/lib/python3.6/site-packages/airflow/example_dags/example_skip_dag.py
[2026-09-21 15:03:57,057] {scheduler_job.py:629} INFO - Processing file /home/airflow/.local/lib/python3.6/site-packages/airflow/example_dags/example_skip_dag.py for tasks to queue
[2026-09-21 15:03:57,059] {logging_mixin.py:104} INFO - [2026-09-21 15:03:57,058] {dagbag.py:451} INFO - Filling up the DagBag from /home/airflow/.local/lib/python3.6/site-packages/airflow/example_dags/example_skip_dag.py
[2026-09-21 15:03:57,076] {scheduler_job.py:639} INFO - DAG(s) dict_keys(['example_skip_dag']) retrieved from /home/airflow/.local/lib/python3.6/site-packages/airflow/example_dags/example_skip_dag.py
[2026-09-21 15:03:57,115] {logging_mixin.py:104} INFO - [2026-09-21 15:03:57,114] {dag.py:1824} INFO - Sync 1 DAGs
[2026-09-21 15:03:57,145] {logging_mixin.py:104} INFO - [2026-09-21 15:03:57,145] {dag.py:2280} INFO - Setting next_dagrun for example_skip_dag to 2026-09-19 00:00:00+00:00
[2026-09-21 15:03:57,163] {scheduler_job.py:190} INFO - Processing /home/airflow/.local/lib/python3.6/site-packages/airflow/example_dags/example_skip_dag.py took 0.113 seconds
[2026-09-21 15:04:27,744] {scheduler_job.py:182} INFO - Started process (PID=645) to work on /home/airflow/.local/lib/python3.6/site-packages/airflow/example_dags/example_skip_dag.py
[2026-09-21 15:04:27,746] {scheduler_job.py:629} INFO - Processing file /home/airflow/.local/lib/python3.6/site-packages/airflow/example_dags/example_skip_dag.py for tasks to queue
[2026-09-21 15:04:27,747] {logging_mixin.py:104} INFO - [2026-09-21 15:04:27,747] {dagbag.py:451} INFO - Filling up the DagBag from /home/airflow/.local/lib/python3.6/site-packages/airflow/example_dags/example_skip_dag.py
[2026-09-21 15:04:27,764] {scheduler_job.py:639} INFO - DAG(s) dict_keys(['example_skip_dag']) retrieved from /home/airflow/.local/lib/python3.6/site-packages/airflow/example_dags/example_skip_dag.py
[2026-09-21 15:04:27,791] {logging_mixin.py:104} INFO - [2026-09-21 15:04:27,791] {dag.py:1824} INFO - Sync 1 DAGs
[2026-09-21 15:04:27,815] {logging_mixin.py:104} INFO - [2026-09-21 15:04:27,815] {dag.py:2280} INFO - Setting next_dagrun for example_skip_dag to 2026-09-19 00:00:00+00:00
[2026-09-21 15:04:27,832] {scheduler_job.py:190} INFO - Processing /home/airflow/.local/lib/python3.6/site-packages/airflow/example_dags/example_skip_dag.py took 0.092 seconds
[2026-09-21 15:04:57,936] {scheduler_job.py:182} INFO - Started process (PID=672) to work on /home/airflow/.local/lib/python3.6/site-packages/airflow/example_dags/example_skip_dag.py
[2026-09-21 15:04:57,938] {scheduler_job.py:629} INFO - Processing file /home/airflow/.local/lib/python3.6/site-packages/airflow/example_dags/example_skip_dag.py for tasks to queue
[2026-09-21 15:04:57,939] {logging_mixin.py:104} INFO - [2026-09-21 15:04:57,939] {dagbag.py:451} INFO - Filling up the DagBag from /home/airflow/.local/lib/python3.6/site-packages/airflow/example_dags/example_skip_dag.py
[2026-09-21 15:04:57,955] {scheduler_job.py:639} INFO - DAG(s) dict_keys(['example_skip_dag']) retrieved from /home/airflow/.local/lib/python3.6/site-packages/airflow/example_dags/example_skip_dag.py
[2026-09-21 15:04:57,983] {logging_mixin.py:104} INFO - [2026-09-21 15:04:57,983] {dag.py:1824} INFO - Sync 1 DAGs
[2026-09-21 15:04:58,007] {logging_mixin.py:104} INFO - [2026-09-21 15:04:58,006] {dag.py:2280} INFO - Setting next_dagrun for example_skip_dag to 2026-09-19 00:00:00+00:00
[2026-09-21 15:04:58,023] {scheduler_job.py:190} INFO - Processing /home/airflow/.local/lib/python3.6/site-packages/airflow/example_dags/example_skip_dag.py took 0.091 seconds
[2026-09-21 15:05:28,226] {scheduler_job.py:182} INFO - Started process (PID=698) to work on /home/airflow/.local/lib/python3.6/site-packages/airflow/example_dags/example_skip_dag.py
[2026-09-21 15:05:28,227] {scheduler_job.py:629} INFO - Processing file /home/airflow/.local/lib/python3.6/site-packages/airflow/example_dags/example_skip_dag.py for tasks to queue
[2026-09-21 15:05:28,228] {logging_mixin.py:104} INFO - [2026-09-21 15:05:28,228] {dagbag.py:451} INFO - Filling up the DagBag from /home/airflow/.local/lib/python3.6/site-packages/airflow/example_dags/example_skip_dag.py
[2026-09-21 15:05:28,242] {scheduler_job.py:639} INFO - DAG(s) dict_keys(['example_skip_dag']) retrieved from /home/airflow/.local/lib/python3.6/site-packages/airflow/example_dags/example_skip_dag.py
[2026-09-21 15:05:28,267] {logging_mixin.py:104} INFO - [2026-09-21 15:05:28,267] {dag.py:1824} INFO - Sync 1 DAGs
[2026-09-21 15:05:28,289] {logging_mixin.py:104} INFO - [2026-09-21 15:05:28,289] {dag.py:2280} INFO - Setting next_dagrun for example_skip_dag to 2026-09-19 00:00:00+00:00
[2026-09-21 15:05:28,301] {scheduler_job.py:190} INFO - Processing /home/airflow/.local/lib/python3.6/site-packages/airflow/example_dags/example_skip_dag.py took 0.080 seconds
[2026-09-21 15:05:58,625] {scheduler_job.py:182} INFO - Started process (PID=723) to work on /home/airflow/.local/lib/python3.6/site-packages/airflow/example_dags/example_skip_dag.py
[2026-09-21 15:05:58,627] {scheduler_job.py:629} INFO - Processing file /home/airflow/.local/lib/python3.6/site-packages/airflow/example_dags/example_skip_dag.py for tasks to queue
[2026-09-21 15:05:58,628] {logging_mixin.py:104} INFO - [2026-09-21 15:05:58,628] {dagbag.py:451} INFO - Filling up the DagBag from /home/airflow/.local/lib/python3.6/site-packages/airflow/example_dags/example_skip_dag.py
[2026-09-21 15:05:58,644] {scheduler_job.py:639} INFO - DAG(s) dict_keys(['example_skip_dag']) retrieved from /home/airflow/.local/lib/python3.6/site-packages/airflow/example_dags/example_skip_dag.py
[2026-09-21 15:05:58,678] {logging_mixin.py:104} INFO - [2026-09-21 15:05:58,678] {dag.py:1824} INFO - Sync 1 DAGs
[2026-09-21 15:05:58,705] {logging_mixin.py:104} INFO - [2026-09-21 15:05:58,705] {dag.py:2280} INFO - Setting next_dagrun for example_skip_dag to 2026-09-19 00:00:00+00:00
[2026-09-21 15:05:58,718] {scheduler_job.py:190} INFO - Processing /home/airflow/.local/lib/python3.6/site-packages/airflow/example_dags/example_skip_dag.py took 0.097 seconds
[2026-09-21 15:06:29,694] {scheduler_job.py:182} INFO - Started process (PID=753) to work on /home/airflow/.local/lib/python3.6/site-packages/airflow/example_dags/example_skip_dag.py
[2026-09-21 15:06:29,696] {scheduler_job.py:629} INFO - Processing file /home/airflow/.local/lib/python3.6/site-packages/airflow/example_dags/example_skip_dag.py for tasks to queue
[2026-09-21 15:06:29,697] {logging_mixin.py:104} INFO - [2026-09-21 15:06:29,697] {dagbag.py:451} INFO - Filling up the DagBag from /home/airflow/.local/lib/python3.6/site-packages/airflow/example_dags/example_skip_dag.py
[2026-09-21 15:06:29,715] {scheduler_job.py:639} INFO - DAG(s) dict_keys(['example_skip_dag']) retrieved from /home/airflow/.local/lib/python3.6/site-packages/airflow/example_dags/example_skip_dag.py
[2026-09-21 15:06:29,749] {logging_mixin.py:104} INFO - [2026-09-21 15:06:29,748] {dag.py:1824} INFO - Sync 1 DAGs
[2026-09-21 15:06:29,773] {logging_mixin.py:104} INFO - [2026-09-21 15:06:29,773] {dag.py:2280} INFO - Setting next_dagrun for example_skip_dag to 2026-09-19 00:00:00+00:00
[2026-09-21 15:06:29,792] {scheduler_job.py:190} INFO - Processing /home/airflow/.local/lib/python3.6/site-packages/airflow/example_dags/example_skip_dag.py took 0.104 seconds
[2026-09-21 15:06:59,901] {scheduler_job.py:182} INFO - Started process (PID=780) to work on /home/airflow/.local/lib/python3.6/site-packages/airflow/example_dags/example_skip_dag.py
[2026-09-21 15:06:59,902] {scheduler_job.py:629} INFO - Processing file /home/airflow/.local/lib/python3.6/site-packages/airflow/example_dags/example_skip_dag.py for tasks to queue
[2026-09-21 15:06:59,903] {logging_mixin.py:104} INFO - [2026-09-21 15:06:59,903] {dagbag.py:451} INFO - Filling up the DagBag from /home/airflow/.local/lib/python3.6/site-packages/airflow/example_dags/example_skip_dag.py
[2026-09-21 15:06:59,922] {scheduler_job.py:639} INFO - DAG(s) dict_keys(['example_skip_dag']) retrieved from /home/airflow/.local/lib/python3.6/site-packages/airflow/example_dags/example_skip_dag.py
[2026-09-21 15:06:59,950] {logging_mixin.py:104} INFO - [2026-09-21 15:06:59,949] {dag.py:1824} INFO - Sync 1 DAGs
[2026-09-21 15:06:59,970] {logging_mixin.py:104} INFO - [2026-09-21 15:06:59,970] {dag.py:2280} INFO - Setting next_dagrun for example_skip_dag to 2026-09-19 00:00:00+00:00
[2026-09-21 15:06:59,984] {scheduler_job.py:190} INFO - Processing /home/airflow/.local/lib/python3.6/site-packages/airflow/example_dags/example_skip_dag.py took 0.087 seconds
[2026-09-21 15:07:30,367] {scheduler_job.py:182} INFO - Started process (PID=807) to work on /home/airflow/.local/lib/python3.6/site-packages/airflow/example_dags/example_skip_dag.py
[2026-09-21 15:07:30,369] {scheduler_job.py:629} INFO - Processing file /home/airflow/.local/lib/python3.6/site-packages/airflow/example_dags/example_skip_dag.py for tasks to queue
[2026-09-21 15:07:30,370] {logging_mixin.py:104} INFO - [2026-09-21 15:07:30,370] {dagbag.py:451} INFO - Filling up the DagBag from /home/airflow/.local/lib/python3.6/site-packages/airflow/example_dags/example_skip_dag.py
[2026-09-21 15:07:30,384] {scheduler_job.py:639} INFO - DAG(s) dict_keys(['example_skip_dag']) retrieved from /home/airflow/.local/lib/python3.6/site-packages/airflow/example_dags/example_skip_dag.py
[2026-09-21 15:07:30,412] {logging_mixin.py:104} INFO - [2026-09-21 15:07:30,412] {dag.py:1824} INFO - Sync 1 DAGs
[2026-09-21 15:07:30,433] {logging_mixin.py:104} INFO - [2026-09-21 15:07:30,433] {dag.py:2280} INFO - Setting next_dagrun for example_skip_dag to 2026-09-19 00:00:00+00:00
[2026-09-21 15:07:30,449] {scheduler_job.py:190} INFO - Processing /home/airflow/.local/lib/python3.6/site-packages/airflow/example_dags/example_skip_dag.py took 0.086 seconds
[2026-09-21 15:08:01,782] {scheduler_job.py:182} INFO - Started process (PID=834) to work on /home/airflow/.local/lib/python3.6/site-packages/airflow/example_dags/example_skip_dag.py
[2026-09-21 15:08:01,783] {scheduler_job.py:629} INFO - Processing file /home/airflow/.local/lib/python3.6/site-packages/airflow/example_dags/example_skip_dag.py for tasks to queue
[2026-09-21 15:08:01,785] {logging_mixin.py:104} INFO - [2026-09-21 15:08:01,784] {dagbag.py:451} INFO - Filling up the DagBag from /home/airflow/.local/lib/python3.6/site-packages/airflow/example_dags/example_skip_dag.py
[2026-09-21 15:08:01,818] {scheduler_job.py:639} INFO - DAG(s) dict_keys(['example_skip_dag']) retrieved from /home/airflow/.local/lib/python3.6/site-packages/airflow/example_dags/example_skip_dag.py
[2026-09-21 15:08:01,875] {logging_mixin.py:104} INFO - [2026-09-21 15:08:01,874] {dag.py:1824} INFO - Sync 1 DAGs
[2026-09-21 15:08:01,911] {logging_mixin.py:104} INFO - [2026-09-21 15:08:01,911] {dag.py:2280} INFO - Setting next_dagrun for example_skip_dag to 2026-09-19 00:00:00+00:00
[2026-09-21 15:08:01,944] {scheduler_job.py:190} INFO - Processing /home/airflow/.local/lib/python3.6/site-packages/airflow/example_dags/example_skip_dag.py took 0.169 seconds
[2026-09-21 15:08:32,169] {scheduler_job.py:182} INFO - Started process (PID=860) to work on /home/airflow/.local/lib/python3.6/site-packages/airflow/example_dags/example_skip_dag.py
[2026-09-21 15:08:32,171] {scheduler_job.py:629} INFO - Processing file /home/airflow/.local/lib/python3.6/site-packages/airflow/example_dags/example_skip_dag.py for tasks to queue
[2026-09-21 15:08:32,179] {logging_mixin.py:104} INFO - [2026-09-21 15:08:32,172] {dagbag.py:451} INFO - Filling up the DagBag from /home/airflow/.local/lib/python3.6/site-packages/airflow/example_dags/example_skip_dag.py
[2026-09-21 15:08:32,234] {scheduler_job.py:639} INFO - DAG(s) dict_keys(['example_skip_dag']) retrieved from /home/airflow/.local/lib/python3.6/site-packages/airflow/example_dags/example_skip_dag.py
[2026-09-21 15:08:32,294] {logging_mixin.py:104} INFO - [2026-09-21 15:08:32,293] {dag.py:1824} INFO - Sync 1 DAGs
[2026-09-21 15:08:32,348] {logging_mixin.py:104} INFO - [2026-09-21 15:08:32,348] {dag.py:2280} INFO - Setting next_dagrun for example_skip_dag to 2026-09-19 00:00:00+00:00
[2026-09-21 15:08:32,371] {scheduler_job.py:190} INFO - Processing /home/airflow/.local/lib/python3.6/site-packages/airflow/example_dags/example_skip_dag.py took 0.208 seconds
[2026-09-21 15:09:02,563] {scheduler_job.py:182} INFO - Started process (PID=886) to work on /home/airflow/.local/lib/python3.6/site-packages/airflow/example_dags/example_skip_dag.py
[2026-09-21 15:09:02,568] {scheduler_job.py:629} INFO - Processing file /home/airflow/.local/lib/python3.6/site-packages/airflow/example_dags/example_skip_dag.py for tasks to queue
[2026-09-21 15:09:02,571] {logging_mixin.py:104} INFO - [2026-09-21 15:09:02,569] {dagbag.py:451} INFO - Filling up the DagBag from /home/airflow/.local/lib/python3.6/site-packages/airflow/example_dags/example_skip_dag.py
[2026-09-21 15:09:02,594] {scheduler_job.py:639} INFO - DAG(s) dict_keys(['example_skip_dag']) retrieved from /home/airflow/.local/lib/python3.6/site-packages/airflow/example_dags/example_skip_dag.py
[2026-09-21 15:09:02,667] {logging_mixin.py:104} INFO - [2026-09-21 15:09:02,667] {dag.py:1824} INFO - Sync 1 DAGs
[2026-09-21 15:09:02,730] {logging_mixin.py:104} INFO - [2026-09-21 15:09:02,730] {dag.py:2280} INFO - Setting next_dagrun for example_skip_dag to 2026-09-19 00:00:00+00:00
[2026-09-21 15:09:02,770] {scheduler_job.py:190} INFO - Processing /home/airflow/.local/lib/python3.6/site-packages/airflow/example_dags/example_skip_dag.py took 0.229 seconds
[2026-09-21 15:09:33,765] {scheduler_job.py:182} INFO - Started process (PID=915) to work on /home/airflow/.local/lib/python3.6/site-packages/airflow/example_dags/example_skip_dag.py
[2026-09-21 15:09:33,771] {scheduler_job.py:629} INFO - Processing file /home/airflow/.local/lib/python3.6/site-packages/airflow/example_dags/example_skip_dag.py for tasks to queue
[2026-09-21 15:09:33,772] {logging_mixin.py:104} INFO - [2026-09-21 15:09:33,772] {dagbag.py:451} INFO - Filling up the DagBag from /home/airflow/.local/lib/python3.6/site-packages/airflow/example_dags/example_skip_dag.py
[2026-09-21 15:09:33,815] {scheduler_job.py:639} INFO - DAG(s) dict_keys(['example_skip_dag']) retrieved from /home/airflow/.local/lib/python3.6/site-packages/airflow/example_dags/example_skip_dag.py
[2026-09-21 15:09:33,874] {logging_mixin.py:104} INFO - [2026-09-21 15:09:33,874] {dag.py:1824} INFO - Sync 1 DAGs
[2026-09-21 15:09:33,910] {logging_mixin.py:104} INFO - [2026-09-21 15:09:33,909] {dag.py:2280} INFO - Setting next_dagrun for example_skip_dag to 2026-09-19 00:00:00+00:00
[2026-09-21 15:09:33,934] {scheduler_job.py:190} INFO - Processing /home/airflow/.local/lib/python3.6/site-packages/airflow/example_dags/example_skip_dag.py took 0.181 seconds
[2026-09-21 15:10:04,781] {scheduler_job.py:182} INFO - Started process (PID=942) to work on /home/airflow/.local/lib/python3.6/site-packages/airflow/example_dags/example_skip_dag.py
[2026-09-21 15:10:04,783] {scheduler_job.py:629} INFO - Processing file /home/airflow/.local/lib/python3.6/site-packages/airflow/example_dags/example_skip_dag.py for tasks to queue
[2026-09-21 15:10:04,785] {logging_mixin.py:104} INFO - [2026-09-21 15:10:04,785] {dagbag.py:451} INFO - Filling up the DagBag from /home/airflow/.local/lib/python3.6/site-packages/airflow/example_dags/example_skip_dag.py
[2026-09-21 15:10:04,809] {scheduler_job.py:639} INFO - DAG(s) dict_keys(['example_skip_dag']) retrieved from /home/airflow/.local/lib/python3.6/site-packages/airflow/example_dags/example_skip_dag.py
[2026-09-21 15:10:04,892] {logging_mixin.py:104} INFO - [2026-09-21 15:10:04,891] {dag.py:1824} INFO - Sync 1 DAGs
[2026-09-21 15:10:04,925] {logging_mixin.py:104} INFO - [2026-09-21 15:10:04,924] {dag.py:2280} INFO - Setting next_dagrun for example_skip_dag to 2026-09-19 00:00:00+00:00
[2026-09-21 15:10:04,966] {scheduler_job.py:190} INFO - Processing /home/airflow/.local/lib/python3.6/site-packages/airflow/example_dags/example_skip_dag.py took 0.190 seconds
