[2026-09-21 14:53:15,659] {scheduler_job.py:182} INFO - Started process (PID=51) to work on /home/airflow/.local/lib/python3.6/site-packages/airflow/example_dags/example_xcom.py
[2026-09-21 14:53:15,660] {scheduler_job.py:629} INFO - Processing file /home/airflow/.local/lib/python3.6/site-packages/airflow/example_dags/example_xcom.py for tasks to queue
[2026-09-21 14:53:15,661] {logging_mixin.py:104} INFO - [2026-09-21 14:53:15,661] {dagbag.py:451} INFO - Filling up the DagBag from /home/airflow/.local/lib/python3.6/site-packages/airflow/example_dags/example_xcom.py
[2026-09-21 14:53:15,679] {scheduler_job.py:639} INFO - DAG(s) dict_keys(['example_xcom']) retrieved from /home/airflow/.local/lib/python3.6/site-packages/airflow/example_dags/example_xcom.py
[2026-09-21 14:53:15,715] {logging_mixin.py:104} INFO - [2026-09-21 14:53:15,715] {dag.py:1824} INFO - Sync 1 DAGs
[2026-09-21 14:53:15,734] {logging_mixin.py:104} INFO - [2026-09-21 14:53:15,734] {dag.py:1843} INFO - Creating ORM DAG for example_xcom
[2026-09-21 14:53:15,744] {logging_mixin.py:104} INFO - [2026-09-21 14:53:15,744] {dag.py:2280} INFO - Setting next_dagrun for example_xcom to 2026-09-19 00:00:00+00:00
[2026-09-21 14:53:15,769] {scheduler_job.py:190} INFO - Processing /home/airflow/.local/lib/python3.6/site-packages/airflow/example_dags/example_xcom.py took 0.116 seconds
[2026-09-21 14:53:46,766] {scheduler_job.py:182} INFO - Started process (PID=79) to work on /home/airflow/.local/lib/python3.6/site-packages/airflow/example_dags/example_xcom.py
[2026-09-21 14:53:46,768] {scheduler_job.py:629} INFO - Processing file /home/airflow/.local/lib/python3.6/site-packages/airflow/example_dags/example_xcom.py for tasks to queue
[2026-09-21 14:53:46,769] {logging_mixin.py:104} INFO - [2026-09-21 14:53:46,769] {dagbag.py:451} INFO - Filling up the DagBag from /home/airflow/.local/lib/python3.6/site-packages/airflow/example_dags/example_xcom.py
[2026-09-21 14:53:46,787] {scheduler_job.py:639} INFO - DAG(s) dict_keys(['example_xcom']) retrieved from /home/airflow/.local/lib/python3.6/site-packages/airflow/example_dags/example_xcom.py
[2026-09-21 14:53:46,824] {logging_mixin.py:104} INFO - [2026-09-21 14:53:46,824] {dag.py:1824} INFO - Sync 1 DAGs
[2026-09-21 14:53:46,847] {logging_mixin.py:104} INFO - [2026-09-21 14:53:46,846] {dag.py:2280} INFO - Setting next_dagrun for example_xcom to 2026-09-19 00:00:00+00:00
[2026-09-21 14:53:46,866] {scheduler_job.py:190} INFO - Processing /home/airflow/.local/lib/python3.6/site-packages/airflow/example_dags/example_xcom.py took 0.104 seconds
[2026-09-21 14:54:17,774] {scheduler_job.py:182} INFO - Started process (PID=106) to work on /home/airflow/.local/lib/python3.6/site-packages/airflow/example_dags/example_xcom.py
[2026-09-21 14:54:17,776] {scheduler_job.py:629} INFO - Processing file /home/airflow/.local/lib/python3.6/site-packages/airflow/example_dags/example_xcom.py for tasks to queue
[2026-09-21 14:54:17,777] {logging_mixin.py:104} INFO - [2026-09-21 14:54:17,777] {dagbag.py:451} INFO - Filling up the DagBag from /home/airflow/.local/lib/python3.6/site-packages/airflow/example_dags/example_xcom.py
[2026-09-21 14:54:17,793] {scheduler_job.py:639} INFO - DAG(s) dict_keys(['example_xcom']) retrieved from /home/airflow/.local/lib/python3.6/site-packages/airflow/example_dags/example_xcom.py
[2026-09-21 14:54:17,822] {logging_mixin.py:104} INFO - [2026-09-21 14:54:17,822] {dag.py:1824} INFO - Sync 1 DAGs
[2026-09-21 14:54:17,845] {logging_mixin.py:104} INFO - [2026-09-21 14:54:17,845] {dag.py:2280} INFO - Setting next_dagrun for example_xcom to 2026-09-19 00:00:00+00:00
[2026-09-21 14:54:17,864] {scheduler_job.py:190} INFO - Processing /home/airflow/.local/lib/python3.6/site-packages/airflow/example_dags/example_xcom.py took 0.095 seconds
[2026-09-21 14:54:47,951] {scheduler_job.py:182} INFO - Started process (PID=132) to work on /home/airflow/.local/lib/python3.6/site-packages/airflow/example_dags/example_xcom.py
[2026-09-21 14:54:47,952] {scheduler_job.py:629} INFO - Processing file /home/airflow/.local/lib/python3.6/site-packages/airflow/example_dags/example_xcom.py for tasks to queue
[2026-09-21 14:54:47,953] {logging_mixin.py:104} INFO - [2026-09-21 14:54:47,953] {dagbag.py:451} INFO - Filling up the DagBag from /home/airflow/.local/lib/python3.6/site-packages/airflow/example_dags/example_xcom.py
[2026-09-21 14:54:47,967] {scheduler_job.py:639} INFO - DAG(s) dict_keys(['example_xcom']) retrieved from /home/airflow/.local/lib/python3.6/site-packages/airflow/example_dags/example_xcom.py
[2026-09-21 14:54:47,991] {logging_mixin.py:104} INFO - [2026-09-21 14:54:47,991] {dag.py:1824} INFO - Sync 1 DAGs
[2026-09-21 14:54:48,009] {logging_mixin.py:104} INFO - [2026-09-21 14:54:48,009] {dag.py:2280} INFO - Setting next_dagrun for example_xcom to 2026-09-19 00:00:00+00:00
[2026-09-21 14:54:48,024] {scheduler_job.py:190} INFO - Processing /home/airflow/.local/lib/python3.6/site-packages/airflow/example_dags/example_xcom.py took 0.077 seconds
[2026-09-21 14:55:18,751] {scheduler_job.py:182} INFO - Started process (PID=160) to work on /home/airflow/.local/lib/python3.6/site-packages/airflow/example_dags/example_xcom.py
[2026-09-21 14:55:18,753] {scheduler_job.py:629} INFO - Processing file /home/airflow/.local/lib/python3.6/site-packages/airflow/example_dags/example_xcom.py for tasks to queue
[2026-09-21 14:55:18,753] {logging_mixin.py:104} INFO - [2026-09-21 14:55:18,753] {dagbag.py:451} INFO - Filling up the DagBag from /home/airflow/.local/lib/python3.6/site-packages/airflow/example_dags/example_xcom.py
[2026-09-21 14:55:18,771] {scheduler_job.py:639} INFO - DAG(s) dict_keys(['example_xcom']) retrieved from /home/airflow/.local/lib/python3.6/site-packages/airflow/example_dags/example_xcom.py
[2026-09-21 14:55:18,796] {logging_mixin.py:104} INFO - [2026-09-21 14:55:18,795] {dag.py:1824} INFO - Sync 1 DAGs
[2026-09-21 14:55:18,813] {logging_mixin.py:104} INFO - [2026-09-21 14:55:18,813] {dag.py:2280} INFO - Setting next_dagrun for example_xcom to 2026-09-19 00:00:00+00:00
[2026-09-21 14:55:18,829] {scheduler_job.py:190} INFO - Processing /home/airflow/.local/lib/python3.6/site-packages/airflow/example_dags/example_xcom.py took 0.081 seconds
[2026-09-21 14:55:49,318] {scheduler_job.py:182} INFO - Started process (PID=187) to work on /home/airflow/.local/lib/python3.6/site-packages/airflow/example_dags/example_xcom.py
[2026-09-21 14:55:49,320] {scheduler_job.py:629} INFO - Processing file /home/airflow/.local/lib/python3.6/site-packages/airflow/example_dags/example_xcom.py for tasks to queue
[2026-09-21 14:55:49,320] {logging_mixin.py:104} INFO - [2026-09-21 14:55:49,320] {dagbag.py:451} INFO - Filling up the DagBag from /home/airflow/.local/lib/python3.6/site-packages/airflow/example_dags/example_xcom.py
[2026-09-21 14:55:49,335] {scheduler_job.py:639} INFO - DAG(s) dict_keys(['example_xcom']) retrieved from /home/airflow/.local/lib/python3.6/site-packages/airflow/example_dags/example_xcom.py
[2026-09-21 14:55:49,358] {logging_mixin.py:104} INFO - [2026-09-21 14:55:49,357] {dag.py:1824} INFO - Sync 1 DAGs
[2026-09-21 14:55:49,376] {logging_mixin.py:104} INFO - [2026-09-21 14:55:49,375] {dag.py:2280} INFO - Setting next_dagrun for example_xcom to 2026-09-19 00:00:00+00:00
[2026-09-21 14:55:49,393] {scheduler_job.py:190} INFO - Processing /home/airflow/.local/lib/python3.6/site-packages/airflow/example_dags/example_xcom.py took 0.078 seconds
[2026-09-21 14:56:20,310] {scheduler_job.py:182} INFO - Started process (PID=214) to work on /home/airflow/.local/lib/python3.6/site-packages/airflow/example_dags/example_xcom.py
[2026-09-21 14:56:20,311] {scheduler_job.py:629} INFO - Processing file /home/airflow/.local/lib/python3.6/site-packages/airflow/example_dags/example_xcom.py for tasks to queue
[2026-09-21 14:56:20,312] {logging_mixin.py:104} INFO - [2026-09-21 14:56:20,311] {dagbag.py:451} INFO - Filling up the DagBag from /home/airflow/.local/lib/python3.6/site-packages/airflow/example_dags/example_xcom.py
[2026-09-21 14:56:20,326] {scheduler_job.py:639} INFO - DAG(s) dict_keys(['example_xcom']) retrieved from /home/airflow/.local/lib/python3.6/site-packages/airflow/example_dags/example_xcom.py
[2026-09-21 14:56:20,354] {logging_mixin.py:104} INFO - [2026-09-21 14:56:20,354] {dag.py:1824} INFO - Sync 1 DAGs
[2026-09-21 14:56:20,373] {logging_mixin.py:104} INFO - [2026-09-21 14:56:20,372] {dag.py:2280} INFO - Setting next_dagrun for example_xcom to 2026-09-19 00:00:00+00:00
[2026-09-21 14:56:20,387] {scheduler_job.py:190} INFO - Processing /home/airflow/.local/lib/python3.6/site-packages/airflow/example_dags/example_xcom.py took 0.082 seconds
[2026-09-21 14:56:50,922] {scheduler_job.py:182} INFO - Started process (PID=241) to work on /home/airflow/.local/lib/python3.6/site-packages/airflow/example_dags/example_xcom.py
[2026-09-21 14:56:50,923] {scheduler_job.py:629} INFO - Processing file /home/airflow/.local/lib/python3.6/site-packages/airflow/example_dags/example_xcom.py for tasks to queue
[2026-09-21 14:56:50,924] {logging_mixin.py:104} INFO - [2026-09-21 14:56:50,924] {dagbag.py:451} INFO - Filling up the DagBag from /home/airflow/.local/lib/python3.6/site-packages/airflow/example_dags/example_xcom.py
[2026-09-21 14:56:50,943] {scheduler_job.py:639} INFO - DAG(s) dict_keys(['example_xcom']) retrieved from /home/airflow/.local/lib/python3.6/site-packages/airflow/example_dags/example_xcom.py
[2026-09-21 14:56:50,976] {logging_mixin.py:104} INFO - [2026-09-21 14:56:50,976] {dag.py:1824} INFO - Sync 1 DAGs
[2026-09-21 14:56:50,996] {logging_mixin.py:104} INFO - [2026-09-21 14:56:50,996] {dag.py:2280} INFO - Setting next_dagrun for example_xcom to 2026-09-19 00:00:00+00:00
[2026-09-21 14:56:51,010] {scheduler_job.py:190} INFO - Processing /home/airflow/.local/lib/python3.6/site-packages/airflow/example_dags/example_xcom.py took 0.094 seconds
[2026-09-21 14:57:21,087] {scheduler_job.py:182} INFO - Started process (PID=268) to work on /home/airflow/.local/lib/python3.6/site-packages/airflow/example_dags/example_xcom.py
[2026-09-21 14:57:21,090] {scheduler_job.py:629} INFO - Processing file /home/airflow/.local/lib/python3.6/site-packages/airflow/example_dags/example_xcom.py for tasks to queue
[2026-09-21 14:57:21,091] {logging_mixin.py:104} INFO - [2026-09-21 14:57:21,091] {dagbag.py:451} INFO - Filling up the DagBag from /home/airflow/.local/lib/python3.6/site-packages/airflow/example_dags/example_xcom.py
[2026-09-21 14:57:21,110] {scheduler_job.py:639} INFO - DAG(s) dict_keys(['example_xcom']) retrieved from /home/airflow/.local/lib/python3.6/site-packages/airflow/example_dags/example_xcom.py
[2026-09-21 14:57:21,138] {logging_mixin.py:104} INFO - [2026-09-21 14:57:21,138] {dag.py:1824} INFO - Sync 1 DAGs
[2026-09-21 14:57:21,165] {logging_mixin.py:104} INFO - [2026-09-21 14:57:21,165] {dag.py:2280} INFO - Setting next_dagrun for example_xcom to 2026-09-19 00:00:00+00:00
[2026-09-21 14:57:21,180] {scheduler_job.py:190} INFO - Processing /home/airflow/.local/lib/python3.6/site-packages/airflow/example_dags/example_xcom.py took 0.097 seconds
[2026-09-21 14:57:51,323] {scheduler_job.py:182} INFO - Started process (PID=295) to work on /home/airflow/.local/lib/python3.6/site-packages/airflow/example_dags/example_xcom.py
[2026-09-21 14:57:51,325] {scheduler_job.py:629} INFO - Processing file /home/airflow/.local/lib/python3.6/site-packages/airflow/example_dags/example_xcom.py for tasks to queue
[2026-09-21 14:57:51,326] {logging_mixin.py:104} INFO - [2026-09-21 14:57:51,325] {dagbag.py:451} INFO - Filling up the DagBag from /home/airflow/.local/lib/python3.6/site-packages/airflow/example_dags/example_xcom.py
[2026-09-21 14:57:51,343] {scheduler_job.py:639} INFO - DAG(s) dict_keys(['example_xcom']) retrieved from /home/airflow/.local/lib/python3.6/site-packages/airflow/example_dags/example_xcom.py
[2026-09-21 14:57:51,373] {logging_mixin.py:104} INFO - [2026-09-21 14:57:51,373] {dag.py:1824} INFO - Sync 1 DAGs
[2026-09-21 14:57:51,397] {logging_mixin.py:104} INFO - [2026-09-21 14:57:51,397] {dag.py:2280} INFO - Setting next_dagrun for example_xcom to 2026-09-19 00:00:00+00:00
[2026-09-21 14:57:51,411] {scheduler_job.py:190} INFO - Processing /home/airflow/.local/lib/python3.6/site-packages/airflow/example_dags/example_xcom.py took 0.092 seconds
[2026-09-21 14:58:21,544] {scheduler_job.py:182} INFO - Started process (PID=322) to work on /home/airflow/.local/lib/python3.6/site-packages/airflow/example_dags/example_xcom.py
[2026-09-21 14:58:21,545] {scheduler_job.py:629} INFO - Processing file /home/airflow/.local/lib/python3.6/site-packages/airflow/example_dags/example_xcom.py for tasks to queue
[2026-09-21 14:58:21,546] {logging_mixin.py:104} INFO - [2026-09-21 14:58:21,546] {dagbag.py:451} INFO - Filling up the DagBag from /home/airflow/.local/lib/python3.6/site-packages/airflow/example_dags/example_xcom.py
[2026-09-21 14:58:21,560] {scheduler_job.py:639} INFO - DAG(s) dict_keys(['example_xcom']) retrieved from /home/airflow/.local/lib/python3.6/site-packages/airflow/example_dags/example_xcom.py
[2026-09-21 14:58:21,582] {logging_mixin.py:104} INFO - [2026-09-21 14:58:21,582] {dag.py:1824} INFO - Sync 1 DAGs
[2026-09-21 14:58:21,600] {logging_mixin.py:104} INFO - [2026-09-21 14:58:21,599] {dag.py:2280} INFO - Setting next_dagrun for example_xcom to 2026-09-19 00:00:00+00:00
[2026-09-21 14:58:21,610] {scheduler_job.py:190} INFO - Processing /home/airflow/.local/lib/python3.6/site-packages/airflow/example_dags/example_xcom.py took 0.070 seconds
[2026-09-21 14:58:51,868] {scheduler_job.py:182} INFO - Started process (PID=349) to work on /home/airflow/.local/lib/python3.6/site-packages/airflow/example_dags/example_xcom.py
[2026-09-21 14:58:51,870] {scheduler_job.py:629} INFO - Processing file /home/airflow/.local/lib/python3.6/site-packages/airflow/example_dags/example_xcom.py for tasks to queue
[2026-09-21 14:58:51,871] {logging_mixin.py:104} INFO - [2026-09-21 14:58:51,871] {dagbag.py:451} INFO - Filling up the DagBag from /home/airflow/.local/lib/python3.6/site-packages/airflow/example_dags/example_xcom.py
[2026-09-21 14:58:51,888] {scheduler_job.py:639} INFO - DAG(s) dict_keys(['example_xcom']) retrieved from /home/airflow/.local/lib/python3.6/site-packages/airflow/example_dags/example_xcom.py
[2026-09-21 14:58:51,916] {logging_mixin.py:104} INFO - [2026-09-21 14:58:51,916] {dag.py:1824} INFO - Sync 1 DAGs
[2026-09-21 14:58:51,937] {logging_mixin.py:104} INFO - [2026-09-21 14:58:51,937] {dag.py:2280} INFO - Setting next_dagrun for example_xcom to 2026-09-19 00:00:00+00:00
[2026-09-21 14:58:51,956] {scheduler_job.py:190} INFO - Processing /home/airflow/.local/lib/python3.6/site-packages/airflow/example_dags/example_xcom.py took 0.092 seconds
[2026-09-21 14:59:22,297] {scheduler_job.py:182} INFO - Started process (PID=376) to work on /home/airflow/.local/lib/python3.6/site-packages/airflow/example_dags/example_xcom.py
[2026-09-21 14:59:22,299] {scheduler_job.py:629} INFO - Processing file /home/airflow/.local/lib/python3.6/site-packages/airflow/example_dags/example_xcom.py for tasks to queue
[2026-09-21 14:59:22,300] {logging_mixin.py:104} INFO - [2026-09-21 14:59:22,300] {dagbag.py:451} INFO - Filling up the DagBag from /home/airflow/.local/lib/python3.6/site-packages/airflow/example_dags/example_xcom.py
[2026-09-21 14:59:22,316] {scheduler_job.py:639} INFO - DAG(s) dict_keys(['example_xcom']) retrieved from /home/airflow/.local/lib/python3.6/site-packages/airflow/example_dags/example_xcom.py
[2026-09-21 14:59:22,342] {logging_mixin.py:104} INFO - [2026-09-21 14:59:22,342] {dag.py:1824} INFO - Sync 1 DAGs
[2026-09-21 14:59:22,362] {logging_mixin.py:104} INFO - [2026-09-21 14:59:22,362] {dag.py:2280} INFO - Setting next_dagrun for example_xcom to 2026-09-19 00:00:00+00:00
[2026-09-21 14:59:22,380] {scheduler_job.py:190} INFO - Processing /home/airflow/.local/lib/python3.6/site-packages/airflow/example_dags/example_xcom.py took 0.086 seconds
[2026-09-21 14:59:52,766] {scheduler_job.py:182} INFO - Started process (PID=403) to work on /home/airflow/.local/lib/python3.6/site-packages/airflow/example_dags/example_xcom.py
[2026-09-21 14:59:52,768] {scheduler_job.py:629} INFO - Processing file /home/airflow/.local/lib/python3.6/site-packages/airflow/example_dags/example_xcom.py for tasks to queue
[2026-09-21 14:59:52,769] {logging_mixin.py:104} INFO - [2026-09-21 14:59:52,768] {dagbag.py:451} INFO - Filling up the DagBag from /home/airflow/.local/lib/python3.6/site-packages/airflow/example_dags/example_xcom.py
[2026-09-21 14:59:52,785] {scheduler_job.py:639} INFO - DAG(s) dict_keys(['example_xcom']) retrieved from /home/airflow/.local/lib/python3.6/site-packages/airflow/example_dags/example_xcom.py
[2026-09-21 14:59:52,811] {logging_mixin.py:104} INFO - [2026-09-21 14:59:52,811] {dag.py:1824} INFO - Sync 1 DAGs
[2026-09-21 14:59:52,829] {logging_mixin.py:104} INFO - [2026-09-21 14:59:52,829] {dag.py:2280} INFO - Setting next_dagrun for example_xcom to 2026-09-19 00:00:00+00:00
[2026-09-21 14:59:52,844] {scheduler_job.py:190} INFO - Processing /home/airflow/.local/lib/python3.6/site-packages/airflow/example_dags/example_xcom.py took 0.082 seconds
[2026-09-21 15:00:23,133] {scheduler_job.py:182} INFO - Started process (PID=430) to work on /home/airflow/.local/lib/python3.6/site-packages/airflow/example_dags/example_xcom.py
[2026-09-21 15:00:23,135] {scheduler_job.py:629} INFO - Processing file /home/airflow/.local/lib/python3.6/site-packages/airflow/example_dags/example_xcom.py for tasks to queue
[2026-09-21 15:00:23,136] {logging_mixin.py:104} INFO - [2026-09-21 15:00:23,135] {dagbag.py:451} INFO - Filling up the DagBag from /home/airflow/.local/lib/python3.6/site-packages/airflow/example_dags/example_xcom.py
[2026-09-21 15:00:23,158] {scheduler_job.py:639} INFO - DAG(s) dict_keys(['example_xcom']) retrieved from /home/airflow/.local/lib/python3.6/site-packages/airflow/example_dags/example_xcom.py
[2026-09-21 15:00:23,192] {logging_mixin.py:104} INFO - [2026-09-21 15:00:23,191] {dag.py:1824} INFO - Sync 1 DAGs
[2026-09-21 15:00:23,218] {logging_mixin.py:104} INFO - [2026-09-21 15:00:23,218] {dag.py:2280} INFO - Setting next_dagrun for example_xcom to 2026-09-19 00:00:00+00:00
[2026-09-21 15:00:23,232] {scheduler_job.py:190} INFO - Processing /home/airflow/.local/lib/python3.6/site-packages/airflow/example_dags/example_xcom.py took 0.104 seconds
[2026-09-21 15:00:53,451] {scheduler_job.py:182} INFO - Started process (PID=457) to work on /home/airflow/.local/lib/python3.6/site-packages/airflow/example_dags/example_xcom.py
[2026-09-21 15:00:53,454] {scheduler_job.py:629} INFO - Processing file /home/airflow/.local/lib/python3.6/site-packages/airflow/example_dags/example_xcom.py for tasks to queue
[2026-09-21 15:00:53,455] {logging_mixin.py:104} INFO - [2026-09-21 15:00:53,455] {dagbag.py:451} INFO - Filling up the DagBag from /home/airflow/.local/lib/python3.6/site-packages/airflow/example_dags/example_xcom.py
[2026-09-21 15:00:53,480] {scheduler_job.py:639} INFO - DAG(s) dict_keys(['example_xcom']) retrieved from /home/airflow/.local/lib/python3.6/site-packages/airflow/example_dags/example_xcom.py
[2026-09-21 15:00:53,521] {logging_mixin.py:104} INFO - [2026-09-21 15:00:53,521] {dag.py:1824} INFO - Sync 1 DAGs
[2026-09-21 15:00:53,554] {logging_mixin.py:104} INFO - [2026-09-21 15:00:53,554] {dag.py:2280} INFO - Setting next_dagrun for example_xcom to 2026-09-19 00:00:00+00:00
[2026-09-21 15:00:53,580] {scheduler_job.py:190} INFO - Processing /home/airflow/.local/lib/python3.6/site-packages/airflow/example_dags/example_xcom.py took 0.136 seconds
[2026-09-21 15:01:23,867] {scheduler_job.py:182} INFO - Started process (PID=484) to work on /home/airflow/.local/lib/python3.6/site-packages/airflow/example_dags/example_xcom.py
[2026-09-21 15:01:23,868] {scheduler_job.py:629} INFO - Processing file /home/airflow/.local/lib/python3.6/site-packages/airflow/example_dags/example_xcom.py for tasks to queue
[2026-09-21 15:01:23,869] {logging_mixin.py:104} INFO - [2026-09-21 15:01:23,869] {dagbag.py:451} INFO - Filling up the DagBag from /home/airflow/.local/lib/python3.6/site-packages/airflow/example_dags/example_xcom.py
[2026-09-21 15:01:23,893] {scheduler_job.py:639} INFO - DAG(s) dict_keys(['example_xcom']) retrieved from /home/airflow/.local/lib/python3.6/site-packages/airflow/example_dags/example_xcom.py
[2026-09-21 15:01:23,932] {logging_mixin.py:104} INFO - [2026-09-21 15:01:23,932] {dag.py:1824} INFO - Sync 1 DAGs
[2026-09-21 15:01:23,962] {logging_mixin.py:104} INFO - [2026-09-21 15:01:23,962] {dag.py:2280} INFO - Setting next_dagrun for example_xcom to 2026-09-19 00:00:00+00:00
[2026-09-21 15:01:23,981] {scheduler_job.py:190} INFO - Processing /home/airflow/.local/lib/python3.6/site-packages/airflow/example_dags/example_xcom.py took 0.119 seconds
[2026-09-21 15:01:54,320] {scheduler_job.py:182} INFO - Started process (PID=511) to work on /home/airflow/.local/lib/python3.6/site-packages/airflow/example_dags/example_xcom.py
[2026-09-21 15:01:54,323] {scheduler_job.py:629} INFO - Processing file /home/airflow/.local/lib/python3.6/site-packages/airflow/example_dags/example_xcom.py for tasks to queue
[2026-09-21 15:01:54,324] {logging_mixin.py:104} INFO - [2026-09-21 15:01:54,324] {dagbag.py:451} INFO - Filling up the DagBag from /home/airflow/.local/lib/python3.6/site-packages/airflow/example_dags/example_xcom.py
[2026-09-21 15:01:54,350] {scheduler_job.py:639} INFO - DAG(s) dict_keys(['example_xcom']) retrieved from /home/airflow/.local/lib/python3.6/site-packages/airflow/example_dags/example_xcom.py
[2026-09-21 15:01:54,393] {logging_mixin.py:104} INFO - [2026-09-21 15:01:54,393] {dag.py:1824} INFO - Sync 1 DAGs
[2026-09-21 15:01:54,427] {logging_mixin.py:104} INFO - [2026-09-21 15:01:54,426] {dag.py:2280} INFO - Setting next_dagrun for example_xcom to 2026-09-19 00:00:00+00:00
[2026-09-21 15:01:54,452] {scheduler_job.py:190} INFO - Processing /home/airflow/.local/lib/python3.6/site-packages/airflow/example_dags/example_xcom.py took 0.140 seconds
[2026-09-21 15:02:24,873] {scheduler_job.py:182} INFO - Started process (PID=536) to work on /home/airflow/.local/lib/python3.6/site-packages/airflow/example_dags/example_xcom.py
[2026-09-21 15:02:24,875] {scheduler_job.py:629} INFO - Processing file /home/airflow/.local/lib/python3.6/site-packages/airflow/example_dags/example_xcom.py for tasks to queue
[2026-09-21 15:02:24,878] {logging_mixin.py:104} INFO - [2026-09-21 15:02:24,878] {dagbag.py:451} INFO - Filling up the DagBag from /home/airflow/.local/lib/python3.6/site-packages/airflow/example_dags/example_xcom.py
[2026-09-21 15:02:24,905] {scheduler_job.py:639} INFO - DAG(s) dict_keys(['example_xcom']) retrieved from /home/airflow/.local/lib/python3.6/site-packages/airflow/example_dags/example_xcom.py
[2026-09-21 15:02:24,941] {logging_mixin.py:104} INFO - [2026-09-21 15:02:24,941] {dag.py:1824} INFO - Sync 1 DAGs
[2026-09-21 15:02:24,970] {logging_mixin.py:104} INFO - [2026-09-21 15:02:24,969] {dag.py:2280} INFO - Setting next_dagrun for example_xcom to 2026-09-19 00:00:00+00:00
[2026-09-21 15:02:24,991] {scheduler_job.py:190} INFO - Processing /home/airflow/.local/lib/python3.6/site-packages/airflow/example_dags/example_xcom.py took 0.124 seconds
[2026-09-21 15:02:55,558] {scheduler_job.py:182} INFO - Started process (PID=563) to work on /home/airflow/.local/lib/python3.6/site-packages/airflow/example_dags/example_xcom.py
[2026-09-21 15:02:55,559] {scheduler_job.py:629} INFO - Processing file /home/airflow/.local/lib/python3.6/site-packages/airflow/example_dags/example_xcom.py for tasks to queue
[2026-09-21 15:02:55,560] {logging_mixin.py:104} INFO - [2026-09-21 15:02:55,560] {dagbag.py:451} INFO - Filling up the DagBag from /home/airflow/.local/lib/python3.6/site-packages/airflow/example_dags/example_xcom.py
[2026-09-21 15:02:55,576] {scheduler_job.py:639} INFO - DAG(s) dict_keys(['example_xcom']) retrieved from /home/airflow/.local/lib/python3.6/site-packages/airflow/example_dags/example_xcom.py
[2026-09-21 15:02:55,608] {logging_mixin.py:104} INFO - [2026-09-21 15:02:55,608] {dag.py:1824} INFO - Sync 1 DAGs
[2026-09-21 15:02:55,634] {logging_mixin.py:104} INFO - [2026-09-21 15:02:55,634] {dag.py:2280} INFO - Setting next_dagrun for example_xcom to 2026-09-19 00:00:00+00:00
[2026-09-21 15:02:55,652] {scheduler_job.py:190} INFO - Processing /home/airflow/.local/lib/python3.6/site-packages/airflow/example_dags/example_xcom.py took 0.099 seconds
[2026-09-21 15:03:26,160] {scheduler_job.py:182} INFO - Started process (PID=590) to work on /home/airflow/.local/lib/python3.6/site-packages/airflow/example_dags/example_xcom.py
[2026-09-21 15:03:26,161] {scheduler_job.py:629} INFO - Processing file /home/airflow/.local/lib/python3.6/site-packages/airflow/example_dags/example_xcom.py for tasks to queue
[2026-09-21 15:03:26,162] {logging_mixin.py:104} INFO - [2026-09-21 15:03:26,162] {dagbag.py:451} INFO - Filling up the DagBag from /home/airflow/.local/lib/python3.6/site-packages/airflow/example_dags/example_xcom.py
[2026-09-21 15:03:26,181] {scheduler_job.py:639} INFO - DAG(s) dict_keys(['example_xcom']) retrieved from /home/airflow/.local/lib/python3.6/site-packages/airflow/example_dags/example_xcom.py
[2026-09-21 15:03:26,213] {logging_mixin.py:104} INFO - [2026-09-21 15:03:26,212] {dag.py:1824} INFO - Sync 1 DAGs
[2026-09-21 15:03:26,242] {logging_mixin.py:104} INFO - [2026-09-21 15:03:26,242] {dag.py:2280} INFO - Setting next_dagrun for example_xcom to 2026-09-19 00:00:00+00:00
[2026-09-21 15:03:26,256] {scheduler_job.py:190} INFO - Processing /home/airflow/.local/lib/python3.6/site-packages/airflow/example_dags/example_xcom.py took 0.100 seconds
[2026-09-21 15:03:56,961] {scheduler_job.py:182} INFO - Started process (PID=617) to work on /home/airflow/.local/lib/python3.6/site-packages/airflow/example_dags/example_xcom.py
[2026-09-21 15:03:56,963] {scheduler_job.py:629} INFO - Processing file /home/airflow/.local/lib/python3.6/site-packages/airflow/example_dags/example_xcom.py for tasks to queue
[2026-09-21 15:03:56,964] {logging_mixin.py:104} INFO - [2026-09-21 15:03:56,964] {dagbag.py:451} INFO - Filling up the DagBag from /home/airflow/.local/lib/python3.6/site-packages/airflow/example_dags/example_xcom.py
[2026-09-21 15:03:56,982] {scheduler_job.py:639} INFO - DAG(s) dict_keys(['example_xcom']) retrieved from /home/airflow/.local/lib/python3.6/site-packages/airflow/example_dags/example_xcom.py
[2026-09-21 15:03:57,014] {logging_mixin.py:104} INFO - [2026-09-21 15:03:57,013] {dag.py:1824} INFO - Sync 1 DAGs
[2026-09-21 15:03:57,044] {logging_mixin.py:104} INFO - [2026-09-21 15:03:57,044] {dag.py:2280} INFO - Setting next_dagrun for example_xcom to 2026-09-19 00:00:00+00:00
[2026-09-21 15:03:57,063] {scheduler_job.py:190} INFO - Processing /home/airflow/.local/lib/python3.6/site-packages/airflow/example_dags/example_xcom.py took 0.107 seconds
[2026-09-21 15:04:27,677] {scheduler_job.py:182} INFO - Started process (PID=644) to work on /home/airflow/.local/lib/python3.6/site-packages/airflow/example_dags/example_xcom.py
[2026-09-21 15:04:27,678] {scheduler_job.py:629} INFO - Processing file /home/airflow/.local/lib/python3.6/site-packages/airflow/example_dags/example_xcom.py for tasks to queue
[2026-09-21 15:04:27,679] {logging_mixin.py:104} INFO - [2026-09-21 15:04:27,679] {dagbag.py:451} INFO - Filling up the DagBag from /home/airflow/.local/lib/python3.6/site-packages/airflow/example_dags/example_xcom.py
[2026-09-21 15:04:27,695] {scheduler_job.py:639} INFO - DAG(s) dict_keys(['example_xcom']) retrieved from /home/airflow/.local/lib/python3.6/site-packages/airflow/example_dags/example_xcom.py
[2026-09-21 15:04:27,720] {logging_mixin.py:104} INFO - [2026-09-21 15:04:27,720] {dag.py:1824} INFO - Sync 1 DAGs
[2026-09-21 15:04:27,742] {logging_mixin.py:104} INFO - [2026-09-21 15:04:27,742] {dag.py:2280} INFO - Setting next_dagrun for example_xcom to 2026-09-19 00:00:00+00:00
[2026-09-21 15:04:27,757] {scheduler_job.py:190} INFO - Processing /home/airflow/.local/lib/python3.6/site-packages/airflow/example_dags/example_xcom.py took 0.085 seconds
[2026-09-21 15:04:57,852] {scheduler_job.py:182} INFO - Started process (PID=671) to work on /home/airflow/.local/lib/python3.6/site-packages/airflow/example_dags/example_xcom.py
[2026-09-21 15:04:57,853] {scheduler_job.py:629} INFO - Processing file /home/airflow/.local/lib/python3.6/site-packages/airflow/example_dags/example_xcom.py for tasks to queue
[2026-09-21 15:04:57,854] {logging_mixin.py:104} INFO - [2026-09-21 15:04:57,854] {dagbag.py:451} INFO - Filling up the DagBag from /home/airflow/.local/lib/python3.6/site-packages/airflow/example_dags/example_xcom.py
[2026-09-21 15:04:57,869] {scheduler_job.py:639} INFO - DAG(s) dict_keys(['example_xcom']) retrieved from /home/airflow/.local/lib/python3.6/site-packages/airflow/example_dags/example_xcom.py
[2026-09-21 15:04:57,896] {logging_mixin.py:104} INFO - [2026-09-21 15:04:57,895] {dag.py:1824} INFO - Sync 1 DAGs
[2026-09-21 15:04:57,919] {logging_mixin.py:104} INFO - [2026-09-21 15:04:57,919] {dag.py:2280} INFO - Setting next_dagrun for example_xcom to 2026-09-19 00:00:00+00:00
[2026-09-21 15:04:57,932] {scheduler_job.py:190} INFO - Processing /home/airflow/.local/lib/python3.6/site-packages/airflow/example_dags/example_xcom.py took 0.084 seconds
[2026-09-21 15:05:28,422] {scheduler_job.py:182} INFO - Started process (PID=700) to work on /home/airflow/.local/lib/python3.6/site-packages/airflow/example_dags/example_xcom.py
[2026-09-21 15:05:28,423] {scheduler_job.py:629} INFO - Processing file /home/airflow/.local/lib/python3.6/site-packages/airflow/example_dags/example_xcom.py for tasks to queue
[2026-09-21 15:05:28,424] {logging_mixin.py:104} INFO - [2026-09-21 15:05:28,424] {dagbag.py:451} INFO - Filling up the DagBag from /home/airflow/.local/lib/python3.6/site-packages/airflow/example_dags/example_xcom.py
[2026-09-21 15:05:28,444] {scheduler_job.py:639} INFO - DAG(s) dict_keys(['example_xcom']) retrieved from /home/airflow/.local/lib/python3.6/site-packages/airflow/example_dags/example_xcom.py
[2026-09-21 15:05:28,473] {logging_mixin.py:104} INFO - [2026-09-21 15:05:28,473] {dag.py:1824} INFO - Sync 1 DAGs
[2026-09-21 15:05:28,496] {logging_mixin.py:104} INFO - [2026-09-21 15:05:28,496] {dag.py:2280} INFO - Setting next_dagrun for example_xcom to 2026-09-19 00:00:00+00:00
[2026-09-21 15:05:28,514] {scheduler_job.py:190} INFO - Processing /home/airflow/.local/lib/python3.6/site-packages/airflow/example_dags/example_xcom.py took 0.096 seconds
[2026-09-21 15:05:58,855] {scheduler_job.py:182} INFO - Started process (PID=727) to work on /home/airflow/.local/lib/python3.6/site-packages/airflow/example_dags/example_xcom.py
[2026-09-21 15:05:58,856] {scheduler_job.py:629} INFO - Processing file /home/airflow/.local/lib/python3.6/site-packages/airflow/example_dags/example_xcom.py for tasks to queue
[2026-09-21 15:05:58,857] {logging_mixin.py:104} INFO - [2026-09-21 15:05:58,856] {dagbag.py:451} INFO - Filling up the DagBag from /home/airflow/.local/lib/python3.6/site-packages/airflow/example_dags/example_xcom.py
[2026-09-21 15:05:58,872] {scheduler_job.py:639} INFO - DAG(s) dict_keys(['example_xcom']) retrieved from /home/airflow/.local/lib/python3.6/site-packages/airflow/example_dags/example_xcom.py
[2026-09-21 15:05:58,907] {logging_mixin.py:104} INFO - [2026-09-21 15:05:58,907] {dag.py:1824} INFO - Sync 1 DAGs
[2026-09-21 15:05:58,937] {logging_mixin.py:104} INFO - [2026-09-21 15:05:58,937] {dag.py:2280} INFO - Setting next_dagrun for example_xcom to 2026-09-19 00:00:00+00:00
[2026-09-21 15:05:58,955] {scheduler_job.py:190} INFO - Processing /home/airflow/.local/lib/python3.6/site-packages/airflow/example_dags/example_xcom.py took 0.105 seconds
[2026-09-21 15:06:29,616] {scheduler_job.py:182} INFO - Started process (PID=752) to work on /home/airflow/.local/lib/python3.6/site-packages/airflow/example_dags/example_xcom.py
[2026-09-21 15:06:29,617] {scheduler_job.py:629} INFO - Processing file /home/airflow/.local/lib/python3.6/site-packages/airflow/example_dags/example_xcom.py for tasks to queue
[2026-09-21 15:06:29,618] {logging_mixin.py:104} INFO - [2026-09-21 15:06:29,618] {dagbag.py:451} INFO - Filling up the DagBag from /home/airflow/.local/lib/python3.6/site-packages/airflow/example_dags/example_xcom.py
[2026-09-21 15:06:29,637] {scheduler_job.py:639} INFO - DAG(s) dict_keys(['example_xcom']) retrieved from /home/airflow/.local/lib/python3.6/site-packages/airflow/example_dags/example_xcom.py
[2026-09-21 15:06:29,666] {logging_mixin.py:104} INFO - [2026-09-21 15:06:29,666] {dag.py:1824} INFO - Sync 1 DAGs
[2026-09-21 15:06:29,691] {logging_mixin.py:104} INFO - [2026-09-21 15:06:29,691] {dag.py:2280} INFO - Setting next_dagrun for example_xcom to 2026-09-19 00:00:00+00:00
[2026-09-21 15:06:29,707] {scheduler_job.py:190} INFO - Processing /home/airflow/.local/lib/python3.6/site-packages/airflow/example_dags/example_xcom.py took 0.095 seconds
[2026-09-21 15:06:59,801] {scheduler_job.py:182} INFO - Started process (PID=779) to work on /home/airflow/.local/lib/python3.6/site-packages/airflow/example_dags/example_xcom.py
[2026-09-21 15:06:59,802] {scheduler_job.py:629} INFO - Processing file /home/airflow/.local/lib/python3.6/site-packages/airflow/example_dags/example_xcom.py for tasks to queue
[2026-09-21 15:06:59,803] {logging_mixin.py:104} INFO - [2026-09-21 15:06:59,803] {dagbag.py:451} INFO - Filling up the DagBag from /home/airflow/.local/lib/python3.6/site-packages/airflow/example_dags/example_xcom.py
[2026-09-21 15:06:59,818] {scheduler_job.py:639} INFO - DAG(s) dict_keys(['example_xcom']) retrieved from /home/airflow/.local/lib/python3.6/site-packages/airflow/example_dags/example_xcom.py
[2026-09-21 15:06:59,842] {logging_mixin.py:104} INFO - [2026-09-21 15:06:59,842] {dag.py:1824} INFO - Sync 1 DAGs
[2026-09-21 15:06:59,863] {logging_mixin.py:104} INFO - [2026-09-21 15:06:59,863] {dag.py:2280} INFO - Setting next_dagrun for example_xcom to 2026-09-19 00:00:00+00:00
[2026-09-21 15:06:59,879] {scheduler_job.py:190} INFO - Processing /home/airflow/.local/lib/python3.6/site-packages/airflow/example_dags/example_xcom.py took 0.082 seconds
[2026-09-21 15:07:30,316] {scheduler_job.py:182} INFO - Started process (PID=806) to work on /home/airflow/.local/lib/python3.6/site-packages/airflow/example_dags/example_xcom.py
[2026-09-21 15:07:30,317] {scheduler_job.py:629} INFO - Processing file /home/airflow/.local/lib/python3.6/site-packages/airflow/example_dags/example_xcom.py for tasks to queue
[2026-09-21 15:07:30,318] {logging_mixin.py:104} INFO - [2026-09-21 15:07:30,317] {dagbag.py:451} INFO - Filling up the DagBag from /home/airflow/.local/lib/python3.6/site-packages/airflow/example_dags/example_xcom.py
[2026-09-21 15:07:30,333] {scheduler_job.py:639} INFO - DAG(s) dict_keys(['example_xcom']) retrieved from /home/airflow/.local/lib/python3.6/site-packages/airflow/example_dags/example_xcom.py
[2026-09-21 15:07:30,362] {logging_mixin.py:104} INFO - [2026-09-21 15:07:30,362] {dag.py:1824} INFO - Sync 1 DAGs
[2026-09-21 15:07:30,386] {logging_mixin.py:104} INFO - [2026-09-21 15:07:30,385] {dag.py:2280} INFO - Setting next_dagrun for example_xcom to 2026-09-19 00:00:00+00:00
[2026-09-21 15:07:30,397] {scheduler_job.py:190} INFO - Processing /home/airflow/.local/lib/python3.6/site-packages/airflow/example_dags/example_xcom.py took 0.086 seconds
[2026-09-21 15:08:01,721] {scheduler_job.py:182} INFO - Started process (PID=833) to work on /home/airflow/.local/lib/python3.6/site-packages/airflow/example_dags/example_xcom.py
[2026-09-21 15:08:01,723] {scheduler_job.py:629} INFO - Processing file /home/airflow/.local/lib/python3.6/site-packages/airflow/example_dags/example_xcom.py for tasks to queue
[2026-09-21 15:08:01,724] {logging_mixin.py:104} INFO - [2026-09-21 15:08:01,724] {dagbag.py:451} INFO - Filling up the DagBag from /home/airflow/.local/lib/python3.6/site-packages/airflow/example_dags/example_xcom.py
[2026-09-21 15:08:01,753] {scheduler_job.py:639} INFO - DAG(s) dict_keys(['example_xcom']) retrieved from /home/airflow/.local/lib/python3.6/site-packages/airflow/example_dags/example_xcom.py
[2026-09-21 15:08:01,810] {logging_mixin.py:104} INFO - [2026-09-21 15:08:01,809] {dag.py:1824} INFO - Sync 1 DAGs
[2026-09-21 15:08:01,860] {logging_mixin.py:104} INFO - [2026-09-21 15:08:01,860] {dag.py:2280} INFO - Setting next_dagrun for example_xcom to 2026-09-19 00:00:00+00:00
[2026-09-21 15:08:01,890] {scheduler_job.py:190} INFO - Processing /home/airflow/.local/lib/python3.6/site-packages/airflow/example_dags/example_xcom.py took 0.180 seconds
[2026-09-21 15:08:32,422] {scheduler_job.py:182} INFO - Started process (PID=862) to work on /home/airflow/.local/lib/python3.6/site-packages/airflow/example_dags/example_xcom.py
[2026-09-21 15:08:32,428] {scheduler_job.py:629} INFO - Processing file /home/airflow/.local/lib/python3.6/site-packages/airflow/example_dags/example_xcom.py for tasks to queue
[2026-09-21 15:08:32,432] {logging_mixin.py:104} INFO - [2026-09-21 15:08:32,432] {dagbag.py:451} INFO - Filling up the DagBag from /home/airflow/.local/lib/python3.6/site-packages/airflow/example_dags/example_xcom.py
[2026-09-21 15:08:32,468] {scheduler_job.py:639} INFO - DAG(s) dict_keys(['example_xcom']) retrieved from /home/airflow/.local/lib/python3.6/site-packages/airflow/example_dags/example_xcom.py
[2026-09-21 15:08:32,547] {logging_mixin.py:104} INFO - [2026-09-21 15:08:32,547] {dag.py:1824} INFO - Sync 1 DAGs
[2026-09-21 15:08:32,586] {logging_mixin.py:104} INFO - [2026-09-21 15:08:32,585] {dag.py:2280} INFO - Setting next_dagrun for example_xcom to 2026-09-19 00:00:00+00:00
[2026-09-21 15:08:32,622] {scheduler_job.py:190} INFO - Processing /home/airflow/.local/lib/python3.6/site-packages/airflow/example_dags/example_xcom.py took 0.213 seconds
[2026-09-21 15:09:02,956] {scheduler_job.py:182} INFO - Started process (PID=889) to work on /home/airflow/.local/lib/python3.6/site-packages/airflow/example_dags/example_xcom.py
[2026-09-21 15:09:02,961] {scheduler_job.py:629} INFO - Processing file /home/airflow/.local/lib/python3.6/site-packages/airflow/example_dags/example_xcom.py for tasks to queue
[2026-09-21 15:09:02,962] {logging_mixin.py:104} INFO - [2026-09-21 15:09:02,962] {dagbag.py:451} INFO - Filling up the DagBag from /home/airflow/.local/lib/python3.6/site-packages/airflow/example_dags/example_xcom.py
[2026-09-21 15:09:02,991] {scheduler_job.py:639} INFO - DAG(s) dict_keys(['example_xcom']) retrieved from /home/airflow/.local/lib/python3.6/site-packages/airflow/example_dags/example_xcom.py
[2026-09-21 15:09:03,082] {logging_mixin.py:104} INFO - [2026-09-21 15:09:03,081] {dag.py:1824} INFO - Sync 1 DAGs
[2026-09-21 15:09:03,138] {logging_mixin.py:104} INFO - [2026-09-21 15:09:03,138] {dag.py:2280} INFO - Setting next_dagrun for example_xcom to 2026-09-19 00:00:00+00:00
[2026-09-21 15:09:03,166] {scheduler_job.py:190} INFO - Processing /home/airflow/.local/lib/python3.6/site-packages/airflow/example_dags/example_xcom.py took 0.218 seconds
[2026-09-21 15:09:33,741] {scheduler_job.py:182} INFO - Started process (PID=914) to work on /home/airflow/.local/lib/python3.6/site-packages/airflow/example_dags/example_xcom.py
[2026-09-21 15:09:33,743] {scheduler_job.py:629} INFO - Processing file /home/airflow/.local/lib/python3.6/site-packages/airflow/example_dags/example_xcom.py for tasks to queue
[2026-09-21 15:09:33,744] {logging_mixin.py:104} INFO - [2026-09-21 15:09:33,744] {dagbag.py:451} INFO - Filling up the DagBag from /home/airflow/.local/lib/python3.6/site-packages/airflow/example_dags/example_xcom.py
[2026-09-21 15:09:33,782] {scheduler_job.py:639} INFO - DAG(s) dict_keys(['example_xcom']) retrieved from /home/airflow/.local/lib/python3.6/site-packages/airflow/example_dags/example_xcom.py
[2026-09-21 15:09:33,840] {logging_mixin.py:104} INFO - [2026-09-21 15:09:33,839] {dag.py:1824} INFO - Sync 1 DAGs
[2026-09-21 15:09:33,885] {logging_mixin.py:104} INFO - [2026-09-21 15:09:33,885] {dag.py:2280} INFO - Setting next_dagrun for example_xcom to 2026-09-19 00:00:00+00:00
[2026-09-21 15:09:33,922] {scheduler_job.py:190} INFO - Processing /home/airflow/.local/lib/python3.6/site-packages/airflow/example_dags/example_xcom.py took 0.188 seconds
[2026-09-21 15:10:04,771] {scheduler_job.py:182} INFO - Started process (PID=941) to work on /home/airflow/.local/lib/python3.6/site-packages/airflow/example_dags/example_xcom.py
[2026-09-21 15:10:04,772] {scheduler_job.py:629} INFO - Processing file /home/airflow/.local/lib/python3.6/site-packages/airflow/example_dags/example_xcom.py for tasks to queue
[2026-09-21 15:10:04,774] {logging_mixin.py:104} INFO - [2026-09-21 15:10:04,773] {dagbag.py:451} INFO - Filling up the DagBag from /home/airflow/.local/lib/python3.6/site-packages/airflow/example_dags/example_xcom.py
[2026-09-21 15:10:04,800] {scheduler_job.py:639} INFO - DAG(s) dict_keys(['example_xcom']) retrieved from /home/airflow/.local/lib/python3.6/site-packages/airflow/example_dags/example_xcom.py
[2026-09-21 15:10:04,843] {logging_mixin.py:104} INFO - [2026-09-21 15:10:04,843] {dag.py:1824} INFO - Sync 1 DAGs
[2026-09-21 15:10:04,871] {logging_mixin.py:104} INFO - [2026-09-21 15:10:04,871] {dag.py:2280} INFO - Setting next_dagrun for example_xcom to 2026-09-19 00:00:00+00:00
[2026-09-21 15:10:04,903] {scheduler_job.py:190} INFO - Processing /home/airflow/.local/lib/python3.6/site-packages/airflow/example_dags/example_xcom.py took 0.138 seconds
