[2026-09-21 14:53:12,670] {scheduler_job.py:182} INFO - Started process (PID=33) to work on /home/airflow/.local/lib/python3.6/site-packages/airflow/example_dags/example_kubernetes_executor_config.py
[2026-09-21 14:53:12,671] {scheduler_job.py:629} INFO - Processing file /home/airflow/.local/lib/python3.6/site-packages/airflow/example_dags/example_kubernetes_executor_config.py for tasks to queue
[2026-09-21 14:53:12,673] {logging_mixin.py:104} INFO - [2026-09-21 14:53:12,673] {dagbag.py:451} INFO - Filling up the DagBag from /home/airflow/.local/lib/python3.6/site-packages/airflow/example_dags/example_kubernetes_executor_config.py
[2026-09-21 14:53:12,701] {scheduler_job.py:639} INFO - DAG(s) dict_keys(['example_kubernetes_executor_config']) retrieved from /home/airflow/.local/lib/python3.6/site-packages/airflow/example_dags/example_kubernetes_executor_config.py
[2026-09-21 14:53:12,744] {logging_mixin.py:104} INFO - [2026-09-21 14:53:12,744] {dag.py:1824} INFO - Sync 1 DAGs
[2026-09-21 14:53:12,764] {logging_mixin.py:104} INFO - [2026-09-21 14:53:12,764] {dag.py:1843} INFO - Creating ORM DAG for example_kubernetes_executor_config
[2026-09-21 14:53:12,773] {logging_mixin.py:104} INFO - [2026-09-21 14:53:12,773] {dag.py:2280} INFO - Setting next_dagrun for example_kubernetes_executor_config to None
[2026-09-21 14:53:12,803] {scheduler_job.py:190} INFO - Processing /home/airflow/.local/lib/python3.6/site-packages/airflow/example_dags/example_kubernetes_executor_config.py took 0.138 seconds
[2026-09-21 14:53:43,488] {scheduler_job.py:182} INFO - Started process (PID=60) to work on /home/airflow/.local/lib/python3.6/site-packages/airflow/example_dags/example_kubernetes_executor_config.py
[2026-09-21 14:53:43,490] {scheduler_job.py:629} INFO - Processing file /home/airflow/.local/lib/python3.6/site-packages/airflow/example_dags/example_kubernetes_executor_config.py for tasks to queue
[2026-09-21 14:53:43,491] {logging_mixin.py:104} INFO - [2026-09-21 14:53:43,490] {dagbag.py:451} INFO - Filling up the DagBag from /home/airflow/.local/lib/python3.6/site-packages/airflow/example_dags/example_kubernetes_executor_config.py
[2026-09-21 14:53:43,512] {scheduler_job.py:639} INFO - DAG(s) dict_keys(['example_kubernetes_executor_config']) retrieved from /home/airflow/.local/lib/python3.6/site-packages/airflow/example_dags/example_kubernetes_executor_config.py
[2026-09-21 14:53:43,546] {logging_mixin.py:104} INFO - [2026-09-21 14:53:43,546] {dag.py:1824} INFO - Sync 1 DAGs
[2026-09-21 14:53:43,569] {logging_mixin.py:104} INFO - [2026-09-21 14:53:43,569] {dag.py:2280} INFO - Setting next_dagrun for example_kubernetes_executor_config to None
[2026-09-21 14:53:43,585] {scheduler_job.py:190} INFO - Processing /home/airflow/.local/lib/python3.6/site-packages/airflow/example_dags/example_kubernetes_executor_config.py took 0.101 seconds
[2026-09-21 14:54:14,576] {scheduler_job.py:182} INFO - Started process (PID=89) to work on /home/airflow/.local/lib/python3.6/site-packages/airflow/example_dags/example_kubernetes_executor_config.py
[2026-09-21 14:54:14,578] {scheduler_job.py:629} INFO - Processing file /home/airflow/.local/lib/python3.6/site-packages/airflow/example_dags/example_kubernetes_executor_config.py for tasks to queue
[2026-09-21 14:54:14,579] {logging_mixin.py:104} INFO - [2026-09-21 14:54:14,579] {dagbag.py:451} INFO - Filling up the DagBag from /home/airflow/.local/lib/python3.6/site-packages/airflow/example_dags/example_kubernetes_executor_config.py
[2026-09-21 14:54:14,599] {scheduler_job.py:639} INFO - DAG(s) dict_keys(['example_kubernetes_executor_config']) retrieved from /home/airflow/.local/lib/python3.6/site-packages/airflow/example_dags/example_kubernetes_executor_config.py
[2026-09-21 14:54:14,636] {logging_mixin.py:104} INFO - [2026-09-21 14:54:14,636] {dag.py:1824} INFO - Sync 1 DAGs
[2026-09-21 14:54:14,661] {logging_mixin.py:104} INFO - [2026-09-21 14:54:14,660] {dag.py:2280} INFO - Setting next_dagrun for example_kubernetes_executor_config to None
[2026-09-21 14:54:14,680] {scheduler_job.py:190} INFO - Processing /home/airflow/.local/lib/python3.6/site-packages/airflow/example_dags/example_kubernetes_executor_config.py took 0.108 seconds
[2026-09-21 14:54:44,767] {scheduler_job.py:182} INFO - Started process (PID=116) to work on /home/airflow/.local/lib/python3.6/site-packages/airflow/example_dags/example_kubernetes_executor_config.py
[2026-09-21 14:54:44,768] {scheduler_job.py:629} INFO - Processing file /home/airflow/.local/lib/python3.6/site-packages/airflow/example_dags/example_kubernetes_executor_config.py for tasks to queue
[2026-09-21 14:54:44,769] {logging_mixin.py:104} INFO - [2026-09-21 14:54:44,769] {dagbag.py:451} INFO - Filling up the DagBag from /home/airflow/.local/lib/python3.6/site-packages/airflow/example_dags/example_kubernetes_executor_config.py
[2026-09-21 14:54:44,786] {scheduler_job.py:639} INFO - DAG(s) dict_keys(['example_kubernetes_executor_config']) retrieved from /home/airflow/.local/lib/python3.6/site-packages/airflow/example_dags/example_kubernetes_executor_config.py
[2026-09-21 14:54:44,810] {logging_mixin.py:104} INFO - [2026-09-21 14:54:44,810] {dag.py:1824} INFO - Sync 1 DAGs
[2026-09-21 14:54:44,829] {logging_mixin.py:104} INFO - [2026-09-21 14:54:44,829] {dag.py:2280} INFO - Setting next_dagrun for example_kubernetes_executor_config to None
[2026-09-21 14:54:44,841] {scheduler_job.py:190} INFO - Processing /home/airflow/.local/lib/python3.6/site-packages/airflow/example_dags/example_kubernetes_executor_config.py took 0.077 seconds
[2026-09-21 14:55:15,836] {scheduler_job.py:182} INFO - Started process (PID=144) to work on /home/airflow/.local/lib/python3.6/site-packages/airflow/example_dags/example_kubernetes_executor_config.py
[2026-09-21 14:55:15,837] {scheduler_job.py:629} INFO - Processing file /home/airflow/.local/lib/python3.6/site-packages/airflow/example_dags/example_kubernetes_executor_config.py for tasks to queue
[2026-09-21 14:55:15,838] {logging_mixin.py:104} INFO - [2026-09-21 14:55:15,838] {dagbag.py:451} INFO - Filling up the DagBag from /home/airflow/.local/lib/python3.6/site-packages/airflow/example_dags/example_kubernetes_executor_config.py
[2026-09-21 14:55:15,856] {scheduler_job.py:639} INFO - DAG(s) dict_keys(['example_kubernetes_executor_config']) retrieved from /home/airflow/.local/lib/python3.6/site-packages/airflow/example_dags/example_kubernetes_executor_config.py
[2026-09-21 14:55:15,883] {logging_mixin.py:104} INFO - [2026-09-21 14:55:15,882] {dag.py:1824} INFO - Sync 1 DAGs
[2026-09-21 14:55:15,902] {logging_mixin.py:104} INFO - [2026-09-21 14:55:15,902] {dag.py:2280} INFO - Setting next_dagrun for example_kubernetes_executor_config to None
[2026-09-21 14:55:15,919] {scheduler_job.py:190} INFO - Processing /home/airflow/.local/lib/python3.6/site-packages/airflow/example_dags/example_kubernetes_executor_config.py took 0.086 seconds
[2026-09-21 14:55:46,492] {scheduler_job.py:182} INFO - Started process (PID=171) to work on /home/airflow/.local/lib/python3.6/site-packages/airflow/example_dags/example_kubernetes_executor_config.py
[2026-09-21 14:55:46,493] {scheduler_job.py:629} INFO - Processing file /home/airflow/.local/lib/python3.6/site-packages/airflow/example_dags/example_kubernetes_executor_config.py for tasks to queue
[2026-09-21 14:55:46,494] {logging_mixin.py:104} INFO - [2026-09-21 14:55:46,494] {dagbag.py:451} INFO - Filling up the DagBag from /home/airflow/.local/lib/python3.6/site-packages/airflow/example_dags/example_kubernetes_executor_config.py
[2026-09-21 14:55:46,512] {scheduler_job.py:639} INFO - DAG(s) dict_keys(['example_kubernetes_executor_config']) retrieved from /home/airflow/.local/lib/python3.6/site-packages/airflow/example_dags/example_kubernetes_executor_config.py
[2026-09-21 14:55:46,539] {logging_mixin.py:104} INFO - [2026-09-21 14:55:46,538] {dag.py:1824} INFO - Sync 1 DAGs
[2026-09-21 14:55:46,559] {logging_mixin.py:104} INFO - [2026-09-21 14:55:46,559] {dag.py:2280} INFO - Setting next_dagrun for example_kubernetes_executor_config to None
[2026-09-21 14:55:46,575] {scheduler_job.py:190} INFO - Processing /home/airflow/.local/lib/python3.6/site-packages/airflow/example_dags/example_kubernetes_executor_config.py took 0.087 seconds
[2026-09-21 14:56:17,119] {scheduler_job.py:182} INFO - Started process (PID=198) to work on /home/airflow/.local/lib/python3.6/site-packages/airflow/example_dags/example_kubernetes_executor_config.py
[2026-09-21 14:56:17,121] {scheduler_job.py:629} INFO - Processing file /home/airflow/.local/lib/python3.6/site-packages/airflow/example_dags/example_kubernetes_executor_config.py for tasks to queue
[2026-09-21 14:56:17,122] {logging_mixin.py:104} INFO - [2026-09-21 14:56:17,122] {dagbag.py:451} INFO - Filling up the DagBag from /home/airflow/.local/lib/python3.6/site-packages/airflow/example_dags/example_kubernetes_executor_config.py
[2026-09-21 14:56:17,146] {scheduler_job.py:639} INFO - DAG(s) dict_keys(['example_kubernetes_executor_config']) retrieved from /home/airflow/.local/lib/python3.6/site-packages/airflow/example_dags/example_kubernetes_executor_config.py
[2026-09-21 14:56:17,180] {logging_mixin.py:104} INFO - [2026-09-21 14:56:17,179] {dag.py:1824} INFO - Sync 1 DAGs
[2026-09-21 14:56:17,204] {logging_mixin.py:104} INFO - [2026-09-21 14:56:17,204] {dag.py:2280} INFO - Setting next_dagrun for example_kubernetes_executor_config to None
[2026-09-21 14:56:17,224] {scheduler_job.py:190} INFO - Processing /home/airflow/.local/lib/python3.6/site-packages/airflow/example_dags/example_kubernetes_executor_config.py took 0.109 seconds
[2026-09-21 14:56:48,052] {scheduler_job.py:182} INFO - Started process (PID=225) to work on /home/airflow/.local/lib/python3.6/site-packages/airflow/example_dags/example_kubernetes_executor_config.py
[2026-09-21 14:56:48,053] {scheduler_job.py:629} INFO - Processing file /home/airflow/.local/lib/python3.6/site-packages/airflow/example_dags/example_kubernetes_executor_config.py for tasks to queue
[2026-09-21 14:56:48,054] {logging_mixin.py:104} INFO - [2026-09-21 14:56:48,054] {dagbag.py:451} INFO - Filling up the DagBag from /home/airflow/.local/lib/python3.6/site-packages/airflow/example_dags/example_kubernetes_executor_config.py
[2026-09-21 14:56:48,072] {scheduler_job.py:639} INFO - DAG(s) dict_keys(['example_kubernetes_executor_config']) retrieved from /home/airflow/.local/lib/python3.6/site-packages/airflow/example_dags/example_kubernetes_executor_config.py
[2026-09-21 14:56:48,098] {logging_mixin.py:104} INFO - [2026-09-21 14:56:48,098] {dag.py:1824} INFO - Sync 1 DAGs
[2026-09-21 14:56:48,117] {logging_mixin.py:104} INFO - [2026-09-21 14:56:48,116] {dag.py:2280} INFO - Setting next_dagrun for example_kubernetes_executor_config to None
[2026-09-21 14:56:48,135] {scheduler_job.py:190} INFO - Processing /home/airflow/.local/lib/python3.6/site-packages/airflow/example_dags/example_kubernetes_executor_config.py took 0.087 seconds
[2026-09-21 14:57:18,814] {scheduler_job.py:182} INFO - Started process (PID=252) to work on /home/airflow/.local/lib/python3.6/site-packages/airflow/example_dags/example_kubernetes_executor_config.py
[2026-09-21 14:57:18,816] {scheduler_job.py:629} INFO - Processing file /home/airflow/.local/lib/python3.6/site-packages/airflow/example_dags/example_kubernetes_executor_config.py for tasks to queue
[2026-09-21 14:57:18,817] {logging_mixin.py:104} INFO - [2026-09-21 14:57:18,817] {dagbag.py:451} INFO - Filling up the DagBag from /home/airflow/.local/lib/python3.6/site-packages/airflow/example_dags/example_kubernetes_executor_config.py
[2026-09-21 14:57:18,838] {scheduler_job.py:639} INFO - DAG(s) dict_keys(['example_kubernetes_executor_config']) retrieved from /home/airflow/.local/lib/python3.6/site-packages/airflow/example_dags/example_kubernetes_executor_config.py
[2026-09-21 14:57:18,875] {logging_mixin.py:104} INFO - [2026-09-21 14:57:18,875] {dag.py:1824} INFO - Sync 1 DAGs
[2026-09-21 14:57:18,903] {logging_mixin.py:104} INFO - [2026-09-21 14:57:18,903] {dag.py:2280} INFO - Setting next_dagrun for example_kubernetes_executor_config to None
[2026-09-21 14:57:18,929] {scheduler_job.py:190} INFO - Processing /home/airflow/.local/lib/python3.6/site-packages/airflow/example_dags/example_kubernetes_executor_config.py took 0.120 seconds
[2026-09-21 14:57:49,082] {scheduler_job.py:182} INFO - Started process (PID=279) to work on /home/airflow/.local/lib/python3.6/site-packages/airflow/example_dags/example_kubernetes_executor_config.py
[2026-09-21 14:57:49,083] {scheduler_job.py:629} INFO - Processing file /home/airflow/.local/lib/python3.6/site-packages/airflow/example_dags/example_kubernetes_executor_config.py for tasks to queue
[2026-09-21 14:57:49,084] {logging_mixin.py:104} INFO - [2026-09-21 14:57:49,084] {dagbag.py:451} INFO - Filling up the DagBag from /home/airflow/.local/lib/python3.6/site-packages/airflow/example_dags/example_kubernetes_executor_config.py
[2026-09-21 14:57:49,105] {scheduler_job.py:639} INFO - DAG(s) dict_keys(['example_kubernetes_executor_config']) retrieved from /home/airflow/.local/lib/python3.6/site-packages/airflow/example_dags/example_kubernetes_executor_config.py
[2026-09-21 14:57:49,145] {logging_mixin.py:104} INFO - [2026-09-21 14:57:49,144] {dag.py:1824} INFO - Sync 1 DAGs
[2026-09-21 14:57:49,169] {logging_mixin.py:104} INFO - [2026-09-21 14:57:49,169] {dag.py:2280} INFO - Setting next_dagrun for example_kubernetes_executor_config to None
[2026-09-21 14:57:49,187] {scheduler_job.py:190} INFO - Processing /home/airflow/.local/lib/python3.6/site-packages/airflow/example_dags/example_kubernetes_executor_config.py took 0.111 seconds
[2026-09-21 14:58:19,457] {scheduler_job.py:182} INFO - Started process (PID=306) to work on /home/airflow/.local/lib/python3.6/site-packages/airflow/example_dags/example_kubernetes_executor_config.py
[2026-09-21 14:58:19,458] {scheduler_job.py:629} INFO - Processing file /home/airflow/.local/lib/python3.6/site-packages/airflow/example_dags/example_kubernetes_executor_config.py for tasks to queue
[2026-09-21 14:58:19,459] {logging_mixin.py:104} INFO - [2026-09-21 14:58:19,458] {dagbag.py:451} INFO - Filling up the DagBag from /home/airflow/.local/lib/python3.6/site-packages/airflow/example_dags/example_kubernetes_executor_config.py
[2026-09-21 14:58:19,476] {scheduler_job.py:639} INFO - DAG(s) dict_keys(['example_kubernetes_executor_config']) retrieved from /home/airflow/.local/lib/python3.6/site-packages/airflow/example_dags/example_kubernetes_executor_config.py
[2026-09-21 14:58:19,502] {logging_mixin.py:104} INFO - [2026-09-21 14:58:19,502] {dag.py:1824} INFO - Sync 1 DAGs
[2026-09-21 14:58:19,520] {logging_mixin.py:104} INFO - [2026-09-21 14:58:19,520] {dag.py:2280} INFO - Setting next_dagrun for example_kubernetes_executor_config to None
[2026-09-21 14:58:19,535] {scheduler_job.py:190} INFO - Processing /home/airflow/.local/lib/python3.6/site-packages/airflow/example_dags/example_kubernetes_executor_config.py took 0.082 seconds
[2026-09-21 14:58:49,618] {scheduler_job.py:182} INFO - Started process (PID=333) to work on /home/airflow/.local/lib/python3.6/site-packages/airflow/example_dags/example_kubernetes_executor_config.py
[2026-09-21 14:58:49,620] {scheduler_job.py:629} INFO - Processing file /home/airflow/.local/lib/python3.6/site-packages/airflow/example_dags/example_kubernetes_executor_config.py for tasks to queue
[2026-09-21 14:58:49,621] {logging_mixin.py:104} INFO - [2026-09-21 14:58:49,621] {dagbag.py:451} INFO - Filling up the DagBag from /home/airflow/.local/lib/python3.6/site-packages/airflow/example_dags/example_kubernetes_executor_config.py
[2026-09-21 14:58:49,638] {scheduler_job.py:639} INFO - DAG(s) dict_keys(['example_kubernetes_executor_config']) retrieved from /home/airflow/.local/lib/python3.6/site-packages/airflow/example_dags/example_kubernetes_executor_config.py
[2026-09-21 14:58:49,669] {logging_mixin.py:104} INFO - [2026-09-21 14:58:49,669] {dag.py:1824} INFO - Sync 1 DAGs
[2026-09-21 14:58:49,688] {logging_mixin.py:104} INFO - [2026-09-21 14:58:49,687] {dag.py:2280} INFO - Setting next_dagrun for example_kubernetes_executor_config to None
[2026-09-21 14:58:49,703] {scheduler_job.py:190} INFO - Processing /home/airflow/.local/lib/python3.6/site-packages/airflow/example_dags/example_kubernetes_executor_config.py took 0.089 seconds
[2026-09-21 14:59:19,880] {scheduler_job.py:182} INFO - Started process (PID=360) to work on /home/airflow/.local/lib/python3.6/site-packages/airflow/example_dags/example_kubernetes_executor_config.py
[2026-09-21 14:59:19,882] {scheduler_job.py:629} INFO - Processing file /home/airflow/.local/lib/python3.6/site-packages/airflow/example_dags/example_kubernetes_executor_config.py for tasks to queue
[2026-09-21 14:59:19,884] {logging_mixin.py:104} INFO - [2026-09-21 14:59:19,884] {dagbag.py:451} INFO - Filling up the DagBag from /home/airflow/.local/lib/python3.6/site-packages/airflow/example_dags/example_kubernetes_executor_config.py
[2026-09-21 14:59:19,906] {scheduler_job.py:639} INFO - DAG(s) dict_keys(['example_kubernetes_executor_config']) retrieved from /home/airflow/.local/lib/python3.6/site-packages/airflow/example_dags/example_kubernetes_executor_config.py
[2026-09-21 14:59:19,937] {logging_mixin.py:104} INFO - [2026-09-21 14:59:19,937] {dag.py:1824} INFO - Sync 1 DAGs
[2026-09-21 14:59:19,961] {logging_mixin.py:104} INFO - [2026-09-21 14:59:19,961] {dag.py:2280} INFO - Setting next_dagrun for example_kubernetes_executor_config to None
[2026-09-21 14:59:19,990] {scheduler_job.py:190} INFO - Processing /home/airflow/.local/lib/python3.6/site-packages/airflow/example_dags/example_kubernetes_executor_config.py took 0.114 seconds
[2026-09-21 14:59:50,776] {scheduler_job.py:182} INFO - Started process (PID=387) to work on /home/airflow/.local/lib/python3.6/site-packages/airflow/example_dags/example_kubernetes_executor_config.py
[2026-09-21 14:59:50,777] {scheduler_job.py:629} INFO - Processing file /home/airflow/.local/lib/python3.6/site-packages/airflow/example_dags/example_kubernetes_executor_config.py for tasks to queue
[2026-09-21 14:59:50,778] {logging_mixin.py:104} INFO - [2026-09-21 14:59:50,778] {dagbag.py:451} INFO - Filling up the DagBag from /home/airflow/.local/lib/python3.6/site-packages/airflow/example_dags/example_kubernetes_executor_config.py
[2026-09-21 14:59:50,796] {scheduler_job.py:639} INFO - DAG(s) dict_keys(['example_kubernetes_executor_config']) retrieved from /home/airflow/.local/lib/python3.6/site-packages/airflow/example_dags/example_kubernetes_executor_config.py
[2026-09-21 14:59:50,823] {logging_mixin.py:104} INFO - [2026-09-21 14:59:50,823] {dag.py:1824} INFO - Sync 1 DAGs
[2026-09-21 14:59:50,842] {logging_mixin.py:104} INFO - [2026-09-21 14:59:50,842] {dag.py:2280} INFO - Setting next_dagrun for example_kubernetes_executor_config to None
[2026-09-21 14:59:50,858] {scheduler_job.py:190} INFO - Processing /home/airflow/.local/lib/python3.6/site-packages/airflow/example_dags/example_kubernetes_executor_config.py took 0.087 seconds
[2026-09-21 15:00:20,986] {scheduler_job.py:182} INFO - Started process (PID=414) to work on /home/airflow/.local/lib/python3.6/site-packages/airflow/example_dags/example_kubernetes_executor_config.py
[2026-09-21 15:00:20,988] {scheduler_job.py:629} INFO - Processing file /home/airflow/.local/lib/python3.6/site-packages/airflow/example_dags/example_kubernetes_executor_config.py for tasks to queue
[2026-09-21 15:00:20,989] {logging_mixin.py:104} INFO - [2026-09-21 15:00:20,988] {dagbag.py:451} INFO - Filling up the DagBag from /home/airflow/.local/lib/python3.6/site-packages/airflow/example_dags/example_kubernetes_executor_config.py
[2026-09-21 15:00:21,011] {scheduler_job.py:639} INFO - DAG(s) dict_keys(['example_kubernetes_executor_config']) retrieved from /home/airflow/.local/lib/python3.6/site-packages/airflow/example_dags/example_kubernetes_executor_config.py
[2026-09-21 15:00:21,047] {logging_mixin.py:104} INFO - [2026-09-21 15:00:21,047] {dag.py:1824} INFO - Sync 1 DAGs
[2026-09-21 15:00:21,076] {logging_mixin.py:104} INFO - [2026-09-21 15:00:21,076] {dag.py:2280} INFO - Setting next_dagrun for example_kubernetes_executor_config to None
[2026-09-21 15:00:21,097] {scheduler_job.py:190} INFO - Processing /home/airflow/.local/lib/python3.6/site-packages/airflow/example_dags/example_kubernetes_executor_config.py took 0.115 seconds
[2026-09-21 15:00:51,219] {scheduler_job.py:182} INFO - Started process (PID=441) to work on /home/airflow/.local/lib/python3.6/site-packages/airflow/example_dags/example_kubernetes_executor_config.py
[2026-09-21 15:00:51,220] {scheduler_job.py:629} INFO - Processing file /home/airflow/.local/lib/python3.6/site-packages/airflow/example_dags/example_kubernetes_executor_config.py for tasks to queue
[2026-09-21 15:00:51,221] {logging_mixin.py:104} INFO - [2026-09-21 15:00:51,220] {dagbag.py:451} INFO - Filling up the DagBag from /home/airflow/.local/lib/python3.6/site-packages/airflow/example_dags/example_kubernetes_executor_config.py
[2026-09-21 15:00:51,240] {scheduler_job.py:639} INFO - DAG(s) dict_keys(['example_kubernetes_executor_config']) retrieved from /home/airflow/.local/lib/python3.6/site-packages/airflow/example_dags/example_kubernetes_executor_config.py
[2026-09-21 15:00:51,269] {logging_mixin.py:104} INFO - [2026-09-21 15:00:51,269] {dag.py:1824} INFO - Sync 1 DAGs
[2026-09-21 15:00:51,293] {logging_mixin.py:104} INFO - [2026-09-21 15:00:51,293] {dag.py:2280} INFO - Setting next_dagrun for example_kubernetes_executor_config to None
[2026-09-21 15:00:51,310] {scheduler_job.py:190} INFO - Processing /home/airflow/.local/lib/python3.6/site-packages/airflow/example_dags/example_kubernetes_executor_config.py took 0.095 seconds
[2026-09-21 15:01:21,644] {scheduler_job.py:182} INFO - Started process (PID=468) to work on /home/airflow/.local/lib/python3.6/site-packages/airflow/example_dags/example_kubernetes_executor_config.py
[2026-09-21 15:01:21,645] {scheduler_job.py:629} INFO - Processing file /home/airflow/.local/lib/python3.6/site-packages/airflow/example_dags/example_kubernetes_executor_config.py for tasks to queue
[2026-09-21 15:01:21,646] {logging_mixin.py:104} INFO - [2026-09-21 15:01:21,646] {dagbag.py:451} INFO - Filling up the DagBag from /home/airflow/.local/lib/python3.6/site-packages/airflow/example_dags/example_kubernetes_executor_config.py
[2026-09-21 15:01:21,665] {scheduler_job.py:639} INFO - DAG(s) dict_keys(['example_kubernetes_executor_config']) retrieved from /home/airflow/.local/lib/python3.6/site-packages/airflow/example_dags/example_kubernetes_executor_config.py
[2026-09-21 15:01:21,701] {logging_mixin.py:104} INFO - [2026-09-21 15:01:21,700] {dag.py:1824} INFO - Sync 1 DAGs
[2026-09-21 15:01:21,720] {logging_mixin.py:104} INFO - [2026-09-21 15:01:21,720] {dag.py:2280} INFO - Setting next_dagrun for example_kubernetes_executor_config to None
[2026-09-21 15:01:21,738] {scheduler_job.py:190} INFO - Processing /home/airflow/.local/lib/python3.6/site-packages/airflow/example_dags/example_kubernetes_executor_config.py took 0.098 seconds
[2026-09-21 15:01:52,145] {scheduler_job.py:182} INFO - Started process (PID=495) to work on /home/airflow/.local/lib/python3.6/site-packages/airflow/example_dags/example_kubernetes_executor_config.py
[2026-09-21 15:01:52,146] {scheduler_job.py:629} INFO - Processing file /home/airflow/.local/lib/python3.6/site-packages/airflow/example_dags/example_kubernetes_executor_config.py for tasks to queue
[2026-09-21 15:01:52,147] {logging_mixin.py:104} INFO - [2026-09-21 15:01:52,147] {dagbag.py:451} INFO - Filling up the DagBag from /home/airflow/.local/lib/python3.6/site-packages/airflow/example_dags/example_kubernetes_executor_config.py
[2026-09-21 15:01:52,170] {scheduler_job.py:639} INFO - DAG(s) dict_keys(['example_kubernetes_executor_config']) retrieved from /home/airflow/.local/lib/python3.6/site-packages/airflow/example_dags/example_kubernetes_executor_config.py
[2026-09-21 15:01:52,204] {logging_mixin.py:104} INFO - [2026-09-21 15:01:52,204] {dag.py:1824} INFO - Sync 1 DAGs
[2026-09-21 15:01:52,234] {logging_mixin.py:104} INFO - [2026-09-21 15:01:52,234] {dag.py:2280} INFO - Setting next_dagrun for example_kubernetes_executor_config to None
[2026-09-21 15:01:52,254] {scheduler_job.py:190} INFO - Processing /home/airflow/.local/lib/python3.6/site-packages/airflow/example_dags/example_kubernetes_executor_config.py took 0.113 seconds
[2026-09-21 15:02:22,930] {scheduler_job.py:182} INFO - Started process (PID=524) to work on /home/airflow/.local/lib/python3.6/site-packages/airflow/example_dags/example_kubernetes_executor_config.py
[2026-09-21 15:02:22,932] {scheduler_job.py:629} INFO - Processing file /home/airflow/.local/lib/python3.6/site-packages/airflow/example_dags/example_kubernetes_executor_config.py for tasks to queue
[2026-09-21 15:02:22,933] {logging_mixin.py:104} INFO - [2026-09-21 15:02:22,933] {dagbag.py:451} INFO - Filling up the DagBag from /home/airflow/.local/lib/python3.6/site-packages/airflow/example_dags/example_kubernetes_executor_config.py
[2026-09-21 15:02:22,961] {scheduler_job.py:639} INFO - DAG(s) dict_keys(['example_kubernetes_executor_config']) retrieved from /home/airflow/.local/lib/python3.6/site-packages/airflow/example_dags/example_kubernetes_executor_config.py
[2026-09-21 15:02:23,005] {logging_mixin.py:104} INFO - [2026-09-21 15:02:23,005] {dag.py:1824} INFO - Sync 1 DAGs
[2026-09-21 15:02:23,040] {logging_mixin.py:104} INFO - [2026-09-21 15:02:23,040] {dag.py:2280} INFO - Setting next_dagrun for example_kubernetes_executor_config to None
[2026-09-21 15:02:23,064] {scheduler_job.py:190} INFO - Processing /home/airflow/.local/lib/python3.6/site-packages/airflow/example_dags/example_kubernetes_executor_config.py took 0.140 seconds
[2026-09-21 15:02:53,743] {scheduler_job.py:182} INFO - Started process (PID=549) to work on /home/airflow/.local/lib/python3.6/site-packages/airflow/example_dags/example_kubernetes_executor_config.py
[2026-09-21 15:02:53,744] {scheduler_job.py:629} INFO - Processing file /home/airflow/.local/lib/python3.6/site-packages/airflow/example_dags/example_kubernetes_executor_config.py for tasks to queue
[2026-09-21 15:02:53,745] {logging_mixin.py:104} INFO - [2026-09-21 15:02:53,745] {dagbag.py:451} INFO - Filling up the DagBag from /home/airflow/.local/lib/python3.6/site-packages/airflow/example_dags/example_kubernetes_executor_config.py
[2026-09-21 15:02:53,766] {scheduler_job.py:639} INFO - DAG(s) dict_keys(['example_kubernetes_executor_config']) retrieved from /home/airflow/.local/lib/python3.6/site-packages/airflow/example_dags/example_kubernetes_executor_config.py
[2026-09-21 15:02:53,794] {logging_mixin.py:104} INFO - [2026-09-21 15:02:53,794] {dag.py:1824} INFO - Sync 1 DAGs
[2026-09-21 15:02:53,818] {logging_mixin.py:104} INFO - [2026-09-21 15:02:53,818] {dag.py:2280} INFO - Setting next_dagrun for example_kubernetes_executor_config to None
[2026-09-21 15:02:53,834] {scheduler_job.py:190} INFO - Processing /home/airflow/.local/lib/python3.6/site-packages/airflow/example_dags/example_kubernetes_executor_config.py took 0.095 seconds
[2026-09-21 15:03:23,863] {scheduler_job.py:182} INFO - Started process (PID=575) to work on /home/airflow/.local/lib/python3.6/site-packages/airflow/example_dags/example_kubernetes_executor_config.py
[2026-09-21 15:03:23,864] {scheduler_job.py:629} INFO - Processing file /home/airflow/.local/lib/python3.6/site-packages/airflow/example_dags/example_kubernetes_executor_config.py for tasks to queue
[2026-09-21 15:03:23,865] {logging_mixin.py:104} INFO - [2026-09-21 15:03:23,865] {dagbag.py:451} INFO - Filling up the DagBag from /home/airflow/.local/lib/python3.6/site-packages/airflow/example_dags/example_kubernetes_executor_config.py
[2026-09-21 15:03:23,885] {scheduler_job.py:639} INFO - DAG(s) dict_keys(['example_kubernetes_executor_config']) retrieved from /home/airflow/.local/lib/python3.6/site-packages/airflow/example_dags/example_kubernetes_executor_config.py
[2026-09-21 15:03:23,916] {logging_mixin.py:104} INFO - [2026-09-21 15:03:23,916] {dag.py:1824} INFO - Sync 1 DAGs
[2026-09-21 15:03:23,946] {logging_mixin.py:104} INFO - [2026-09-21 15:03:23,946] {dag.py:2280} INFO - Setting next_dagrun for example_kubernetes_executor_config to None
[2026-09-21 15:03:23,961] {scheduler_job.py:190} INFO - Processing /home/airflow/.local/lib/python3.6/site-packages/airflow/example_dags/example_kubernetes_executor_config.py took 0.103 seconds
[2026-09-21 15:03:55,035] {scheduler_job.py:182} INFO - Started process (PID=603) to work on /home/airflow/.local/lib/python3.6/site-packages/airflow/example_dags/example_kubernetes_executor_config.py
[2026-09-21 15:03:55,037] {scheduler_job.py:629} INFO - Processing file /home/airflow/.local/lib/python3.6/site-packages/airflow/example_dags/example_kubernetes_executor_config.py for tasks to queue
[2026-09-21 15:03:55,038] {logging_mixin.py:104} INFO - [2026-09-21 15:03:55,037] {dagbag.py:451} INFO - Filling up the DagBag from /home/airflow/.local/lib/python3.6/site-packages/airflow/example_dags/example_kubernetes_executor_config.py
[2026-09-21 15:03:55,064] {scheduler_job.py:639} INFO - DAG(s) dict_keys(['example_kubernetes_executor_config']) retrieved from /home/airflow/.local/lib/python3.6/site-packages/airflow/example_dags/example_kubernetes_executor_config.py
[2026-09-21 15:03:55,101] {logging_mixin.py:104} INFO - [2026-09-21 15:03:55,101] {dag.py:1824} INFO - Sync 1 DAGs
[2026-09-21 15:03:55,130] {logging_mixin.py:104} INFO - [2026-09-21 15:03:55,130] {dag.py:2280} INFO - Setting next_dagrun for example_kubernetes_executor_config to None
[2026-09-21 15:03:55,147] {scheduler_job.py:190} INFO - Processing /home/airflow/.local/lib/python3.6/site-packages/airflow/example_dags/example_kubernetes_executor_config.py took 0.116 seconds
[2026-09-21 15:04:25,680] {scheduler_job.py:182} INFO - Started process (PID=631) to work on /home/airflow/.local/lib/python3.6/site-packages/airflow/example_dags/example_kubernetes_executor_config.py
[2026-09-21 15:04:25,681] {scheduler_job.py:629} INFO - Processing file /home/airflow/.local/lib/python3.6/site-packages/airflow/example_dags/example_kubernetes_executor_config.py for tasks to queue
[2026-09-21 15:04:25,683] {logging_mixin.py:104} INFO - [2026-09-21 15:04:25,683] {dagbag.py:451} INFO - Filling up the DagBag from /home/airflow/.local/lib/python3.6/site-packages/airflow/example_dags/example_kubernetes_executor_config.py
[2026-09-21 15:04:25,702] {scheduler_job.py:639} INFO - DAG(s) dict_keys(['example_kubernetes_executor_config']) retrieved from /home/airflow/.local/lib/python3.6/site-packages/airflow/example_dags/example_kubernetes_executor_config.py
[2026-09-21 15:04:25,738] {logging_mixin.py:104} INFO - [2026-09-21 15:04:25,738] {dag.py:1824} INFO - Sync 1 DAGs
[2026-09-21 15:04:25,764] {logging_mixin.py:104} INFO - [2026-09-21 15:04:25,764] {dag.py:2280} INFO - Setting next_dagrun for example_kubernetes_executor_config to None
[2026-09-21 15:04:25,788] {scheduler_job.py:190} INFO - Processing /home/airflow/.local/lib/python3.6/site-packages/airflow/example_dags/example_kubernetes_executor_config.py took 0.112 seconds
[2026-09-21 15:04:56,159] {scheduler_job.py:182} INFO - Started process (PID=658) to work on /home/airflow/.local/lib/python3.6/site-packages/airflow/example_dags/example_kubernetes_executor_config.py
[2026-09-21 15:04:56,160] {scheduler_job.py:629} INFO - Processing file /home/airflow/.local/lib/python3.6/site-packages/airflow/example_dags/example_kubernetes_executor_config.py for tasks to queue
[2026-09-21 15:04:56,161] {logging_mixin.py:104} INFO - [2026-09-21 15:04:56,161] {dagbag.py:451} INFO - Filling up the DagBag from /home/airflow/.local/lib/python3.6/site-packages/airflow/example_dags/example_kubernetes_executor_config.py
[2026-09-21 15:04:56,179] {scheduler_job.py:639} INFO - DAG(s) dict_keys(['example_kubernetes_executor_config']) retrieved from /home/airflow/.local/lib/python3.6/site-packages/airflow/example_dags/example_kubernetes_executor_config.py
[2026-09-21 15:04:56,207] {logging_mixin.py:104} INFO - [2026-09-21 15:04:56,207] {dag.py:1824} INFO - Sync 1 DAGs
[2026-09-21 15:04:56,229] {logging_mixin.py:104} INFO - [2026-09-21 15:04:56,228] {dag.py:2280} INFO - Setting next_dagrun for example_kubernetes_executor_config to None
[2026-09-21 15:04:56,246] {scheduler_job.py:190} INFO - Processing /home/airflow/.local/lib/python3.6/site-packages/airflow/example_dags/example_kubernetes_executor_config.py took 0.092 seconds
[2026-09-21 15:05:26,402] {scheduler_job.py:182} INFO - Started process (PID=685) to work on /home/airflow/.local/lib/python3.6/site-packages/airflow/example_dags/example_kubernetes_executor_config.py
[2026-09-21 15:05:26,403] {scheduler_job.py:629} INFO - Processing file /home/airflow/.local/lib/python3.6/site-packages/airflow/example_dags/example_kubernetes_executor_config.py for tasks to queue
[2026-09-21 15:05:26,404] {logging_mixin.py:104} INFO - [2026-09-21 15:05:26,404] {dagbag.py:451} INFO - Filling up the DagBag from /home/airflow/.local/lib/python3.6/site-packages/airflow/example_dags/example_kubernetes_executor_config.py
[2026-09-21 15:05:26,424] {scheduler_job.py:639} INFO - DAG(s) dict_keys(['example_kubernetes_executor_config']) retrieved from /home/airflow/.local/lib/python3.6/site-packages/airflow/example_dags/example_kubernetes_executor_config.py
[2026-09-21 15:05:26,466] {logging_mixin.py:104} INFO - [2026-09-21 15:05:26,466] {dag.py:1824} INFO - Sync 1 DAGs
[2026-09-21 15:05:26,487] {logging_mixin.py:104} INFO - [2026-09-21 15:05:26,487] {dag.py:2280} INFO - Setting next_dagrun for example_kubernetes_executor_config to None
[2026-09-21 15:05:26,504] {scheduler_job.py:190} INFO - Processing /home/airflow/.local/lib/python3.6/site-packages/airflow/example_dags/example_kubernetes_executor_config.py took 0.107 seconds
[2026-09-21 15:05:56,619] {scheduler_job.py:182} INFO - Started process (PID=712) to work on /home/airflow/.local/lib/python3.6/site-packages/airflow/example_dags/example_kubernetes_executor_config.py
[2026-09-21 15:05:56,620] {scheduler_job.py:629} INFO - Processing file /home/airflow/.local/lib/python3.6/site-packages/airflow/example_dags/example_kubernetes_executor_config.py for tasks to queue
[2026-09-21 15:05:56,621] {logging_mixin.py:104} INFO - [2026-09-21 15:05:56,621] {dagbag.py:451} INFO - Filling up the DagBag from /home/airflow/.local/lib/python3.6/site-packages/airflow/example_dags/example_kubernetes_executor_config.py
[2026-09-21 15:05:56,641] {scheduler_job.py:639} INFO - DAG(s) dict_keys(['example_kubernetes_executor_config']) retrieved from /home/airflow/.local/lib/python3.6/site-packages/airflow/example_dags/example_kubernetes_executor_config.py
[2026-09-21 15:05:56,682] {logging_mixin.py:104} INFO - [2026-09-21 15:05:56,682] {dag.py:1824} INFO - Sync 1 DAGs
[2026-09-21 15:05:56,710] {logging_mixin.py:104} INFO - [2026-09-21 15:05:56,710] {dag.py:2280} INFO - Setting next_dagrun for example_kubernetes_executor_config to None
[2026-09-21 15:05:56,727] {scheduler_job.py:190} INFO - Processing /home/airflow/.local/lib/python3.6/site-packages/airflow/example_dags/example_kubernetes_executor_config.py took 0.112 seconds
[2026-09-21 15:06:26,859] {scheduler_job.py:182} INFO - Started process (PID=739) to work on /home/airflow/.local/lib/python3.6/site-packages/airflow/example_dags/example_kubernetes_executor_config.py
[2026-09-21 15:06:26,861] {scheduler_job.py:629} INFO - Processing file /home/airflow/.local/lib/python3.6/site-packages/airflow/example_dags/example_kubernetes_executor_config.py for tasks to queue
[2026-09-21 15:06:26,862] {logging_mixin.py:104} INFO - [2026-09-21 15:06:26,861] {dagbag.py:451} INFO - Filling up the DagBag from /home/airflow/.local/lib/python3.6/site-packages/airflow/example_dags/example_kubernetes_executor_config.py
[2026-09-21 15:06:26,886] {scheduler_job.py:639} INFO - DAG(s) dict_keys(['example_kubernetes_executor_config']) retrieved from /home/airflow/.local/lib/python3.6/site-packages/airflow/example_dags/example_kubernetes_executor_config.py
[2026-09-21 15:06:26,926] {logging_mixin.py:104} INFO - [2026-09-21 15:06:26,926] {dag.py:1824} INFO - Sync 1 DAGs
[2026-09-21 15:06:26,952] {logging_mixin.py:104} INFO - [2026-09-21 15:06:26,952] {dag.py:2280} INFO - Setting next_dagrun for example_kubernetes_executor_config to None
[2026-09-21 15:06:26,968] {scheduler_job.py:190} INFO - Processing /home/airflow/.local/lib/python3.6/site-packages/airflow/example_dags/example_kubernetes_executor_config.py took 0.113 seconds
[2026-09-21 15:06:57,149] {scheduler_job.py:182} INFO - Started process (PID=766) to work on /home/airflow/.local/lib/python3.6/site-packages/airflow/example_dags/example_kubernetes_executor_config.py
[2026-09-21 15:06:57,151] {scheduler_job.py:629} INFO - Processing file /home/airflow/.local/lib/python3.6/site-packages/airflow/example_dags/example_kubernetes_executor_config.py for tasks to queue
[2026-09-21 15:06:57,151] {logging_mixin.py:104} INFO - [2026-09-21 15:06:57,151] {dagbag.py:451} INFO - Filling up the DagBag from /home/airflow/.local/lib/python3.6/site-packages/airflow/example_dags/example_kubernetes_executor_config.py
[2026-09-21 15:06:57,173] {scheduler_job.py:639} INFO - DAG(s) dict_keys(['example_kubernetes_executor_config']) retrieved from /home/airflow/.local/lib/python3.6/site-packages/airflow/example_dags/example_kubernetes_executor_config.py
[2026-09-21 15:06:57,204] {logging_mixin.py:104} INFO - [2026-09-21 15:06:57,204] {dag.py:1824} INFO - Sync 1 DAGs
[2026-09-21 15:06:57,223] {logging_mixin.py:104} INFO - [2026-09-21 15:06:57,222] {dag.py:2280} INFO - Setting next_dagrun for example_kubernetes_executor_config to None
[2026-09-21 15:06:57,238] {scheduler_job.py:190} INFO - Processing /home/airflow/.local/lib/python3.6/site-packages/airflow/example_dags/example_kubernetes_executor_config.py took 0.092 seconds
[2026-09-21 15:07:27,411] {scheduler_job.py:182} INFO - Started process (PID=793) to work on /home/airflow/.local/lib/python3.6/site-packages/airflow/example_dags/example_kubernetes_executor_config.py
[2026-09-21 15:07:27,414] {scheduler_job.py:629} INFO - Processing file /home/airflow/.local/lib/python3.6/site-packages/airflow/example_dags/example_kubernetes_executor_config.py for tasks to queue
[2026-09-21 15:07:27,415] {logging_mixin.py:104} INFO - [2026-09-21 15:07:27,415] {dagbag.py:451} INFO - Filling up the DagBag from /home/airflow/.local/lib/python3.6/site-packages/airflow/example_dags/example_kubernetes_executor_config.py
[2026-09-21 15:07:27,446] {scheduler_job.py:639} INFO - DAG(s) dict_keys(['example_kubernetes_executor_config']) retrieved from /home/airflow/.local/lib/python3.6/site-packages/airflow/example_dags/example_kubernetes_executor_config.py
[2026-09-21 15:07:27,484] {logging_mixin.py:104} INFO - [2026-09-21 15:07:27,483] {dag.py:1824} INFO - Sync 1 DAGs
[2026-09-21 15:07:27,510] {logging_mixin.py:104} INFO - [2026-09-21 15:07:27,510] {dag.py:2280} INFO - Setting next_dagrun for example_kubernetes_executor_config to None
[2026-09-21 15:07:27,527] {scheduler_job.py:190} INFO - Processing /home/airflow/.local/lib/python3.6/site-packages/airflow/example_dags/example_kubernetes_executor_config.py took 0.123 seconds
[2026-09-21 15:07:58,249] {scheduler_job.py:182} INFO - Started process (PID=821) to work on /home/airflow/.local/lib/python3.6/site-packages/airflow/example_dags/example_kubernetes_executor_config.py
[2026-09-21 15:07:58,251] {scheduler_job.py:629} INFO - Processing file /home/airflow/.local/lib/python3.6/site-packages/airflow/example_dags/example_kubernetes_executor_config.py for tasks to queue
[2026-09-21 15:07:58,252] {logging_mixin.py:104} INFO - [2026-09-21 15:07:58,252] {dagbag.py:451} INFO - Filling up the DagBag from /home/airflow/.local/lib/python3.6/site-packages/airflow/example_dags/example_kubernetes_executor_config.py
[2026-09-21 15:07:58,287] {scheduler_job.py:639} INFO - DAG(s) dict_keys(['example_kubernetes_executor_config']) retrieved from /home/airflow/.local/lib/python3.6/site-packages/airflow/example_dags/example_kubernetes_executor_config.py
[2026-09-21 15:07:58,364] {logging_mixin.py:104} INFO - [2026-09-21 15:07:58,364] {dag.py:1824} INFO - Sync 1 DAGs
[2026-09-21 15:07:58,398] {logging_mixin.py:104} INFO - [2026-09-21 15:07:58,398] {dag.py:2280} INFO - Setting next_dagrun for example_kubernetes_executor_config to None
[2026-09-21 15:07:58,433] {scheduler_job.py:190} INFO - Processing /home/airflow/.local/lib/python3.6/site-packages/airflow/example_dags/example_kubernetes_executor_config.py took 0.208 seconds
[2026-09-21 15:08:28,705] {scheduler_job.py:182} INFO - Started process (PID=848) to work on /home/airflow/.local/lib/python3.6/site-packages/airflow/example_dags/example_kubernetes_executor_config.py
[2026-09-21 15:08:28,707] {scheduler_job.py:629} INFO - Processing file /home/airflow/.local/lib/python3.6/site-packages/airflow/example_dags/example_kubernetes_executor_config.py for tasks to queue
[2026-09-21 15:08:28,709] {logging_mixin.py:104} INFO - [2026-09-21 15:08:28,708] {dagbag.py:451} INFO - Filling up the DagBag from /home/airflow/.local/lib/python3.6/site-packages/airflow/example_dags/example_kubernetes_executor_config.py
[2026-09-21 15:08:28,794] {scheduler_job.py:639} INFO - DAG(s) dict_keys(['example_kubernetes_executor_config']) retrieved from /home/airflow/.local/lib/python3.6/site-packages/airflow/example_dags/example_kubernetes_executor_config.py
[2026-09-21 15:08:28,910] {logging_mixin.py:104} INFO - [2026-09-21 15:08:28,909] {dag.py:1824} INFO - Sync 1 DAGs
[2026-09-21 15:08:28,979] {logging_mixin.py:104} INFO - [2026-09-21 15:08:28,979] {dag.py:2280} INFO - Setting next_dagrun for example_kubernetes_executor_config to None
[2026-09-21 15:08:29,008] {scheduler_job.py:190} INFO - Processing /home/airflow/.local/lib/python3.6/site-packages/airflow/example_dags/example_kubernetes_executor_config.py took 0.312 seconds
[2026-09-21 15:08:59,138] {scheduler_job.py:182} INFO - Started process (PID=874) to work on /home/airflow/.local/lib/python3.6/site-packages/airflow/example_dags/example_kubernetes_executor_config.py
[2026-09-21 15:08:59,141] {scheduler_job.py:629} INFO - Processing file /home/airflow/.local/lib/python3.6/site-packages/airflow/example_dags/example_kubernetes_executor_config.py for tasks to queue
[2026-09-21 15:08:59,143] {logging_mixin.py:104} INFO - [2026-09-21 15:08:59,143] {dagbag.py:451} INFO - Filling up the DagBag from /home/airflow/.local/lib/python3.6/site-packages/airflow/example_dags/example_kubernetes_executor_config.py
[2026-09-21 15:08:59,181] {scheduler_job.py:639} INFO - DAG(s) dict_keys(['example_kubernetes_executor_config']) retrieved from /home/airflow/.local/lib/python3.6/site-packages/airflow/example_dags/example_kubernetes_executor_config.py
[2026-09-21 15:08:59,236] {logging_mixin.py:104} INFO - [2026-09-21 15:08:59,236] {dag.py:1824} INFO - Sync 1 DAGs
[2026-09-21 15:08:59,270] {logging_mixin.py:104} INFO - [2026-09-21 15:08:59,270] {dag.py:2280} INFO - Setting next_dagrun for example_kubernetes_executor_config to None
[2026-09-21 15:08:59,298] {scheduler_job.py:190} INFO - Processing /home/airflow/.local/lib/python3.6/site-packages/airflow/example_dags/example_kubernetes_executor_config.py took 0.166 seconds
[2026-09-21 15:09:30,244] {scheduler_job.py:182} INFO - Started process (PID=902) to work on /home/airflow/.local/lib/python3.6/site-packages/airflow/example_dags/example_kubernetes_executor_config.py
[2026-09-21 15:09:30,247] {scheduler_job.py:629} INFO - Processing file /home/airflow/.local/lib/python3.6/site-packages/airflow/example_dags/example_kubernetes_executor_config.py for tasks to queue
[2026-09-21 15:09:30,248] {logging_mixin.py:104} INFO - [2026-09-21 15:09:30,248] {dagbag.py:451} INFO - Filling up the DagBag from /home/airflow/.local/lib/python3.6/site-packages/airflow/example_dags/example_kubernetes_executor_config.py
[2026-09-21 15:09:30,280] {scheduler_job.py:639} INFO - DAG(s) dict_keys(['example_kubernetes_executor_config']) retrieved from /home/airflow/.local/lib/python3.6/site-packages/airflow/example_dags/example_kubernetes_executor_config.py
[2026-09-21 15:09:30,334] {logging_mixin.py:104} INFO - [2026-09-21 15:09:30,334] {dag.py:1824} INFO - Sync 1 DAGs
[2026-09-21 15:09:30,366] {logging_mixin.py:104} INFO - [2026-09-21 15:09:30,366] {dag.py:2280} INFO - Setting next_dagrun for example_kubernetes_executor_config to None
[2026-09-21 15:09:30,398] {scheduler_job.py:190} INFO - Processing /home/airflow/.local/lib/python3.6/site-packages/airflow/example_dags/example_kubernetes_executor_config.py took 0.160 seconds
[2026-09-21 15:10:00,477] {scheduler_job.py:182} INFO - Started process (PID=926) to work on /home/airflow/.local/lib/python3.6/site-packages/airflow/example_dags/example_kubernetes_executor_config.py
[2026-09-21 15:10:00,478] {scheduler_job.py:629} INFO - Processing file /home/airflow/.local/lib/python3.6/site-packages/airflow/example_dags/example_kubernetes_executor_config.py for tasks to queue
[2026-09-21 15:10:00,480] {logging_mixin.py:104} INFO - [2026-09-21 15:10:00,479] {dagbag.py:451} INFO - Filling up the DagBag from /home/airflow/.local/lib/python3.6/site-packages/airflow/example_dags/example_kubernetes_executor_config.py
[2026-09-21 15:10:00,511] {scheduler_job.py:639} INFO - DAG(s) dict_keys(['example_kubernetes_executor_config']) retrieved from /home/airflow/.local/lib/python3.6/site-packages/airflow/example_dags/example_kubernetes_executor_config.py
[2026-09-21 15:10:00,559] {logging_mixin.py:104} INFO - [2026-09-21 15:10:00,559] {dag.py:1824} INFO - Sync 1 DAGs
[2026-09-21 15:10:00,589] {logging_mixin.py:104} INFO - [2026-09-21 15:10:00,589] {dag.py:2280} INFO - Setting next_dagrun for example_kubernetes_executor_config to None
[2026-09-21 15:10:00,618] {scheduler_job.py:190} INFO - Processing /home/airflow/.local/lib/python3.6/site-packages/airflow/example_dags/example_kubernetes_executor_config.py took 0.147 seconds
[2026-09-21 15:10:30,699] {scheduler_job.py:182} INFO - Started process (PID=953) to work on /home/airflow/.local/lib/python3.6/site-packages/airflow/example_dags/example_kubernetes_executor_config.py
[2026-09-21 15:10:30,701] {scheduler_job.py:629} INFO - Processing file /home/airflow/.local/lib/python3.6/site-packages/airflow/example_dags/example_kubernetes_executor_config.py for tasks to queue
[2026-09-21 15:10:30,702] {logging_mixin.py:104} INFO - [2026-09-21 15:10:30,702] {dagbag.py:451} INFO - Filling up the DagBag from /home/airflow/.local/lib/python3.6/site-packages/airflow/example_dags/example_kubernetes_executor_config.py
[2026-09-21 15:10:30,733] {scheduler_job.py:639} INFO - DAG(s) dict_keys(['example_kubernetes_executor_config']) retrieved from /home/airflow/.local/lib/python3.6/site-packages/airflow/example_dags/example_kubernetes_executor_config.py
[2026-09-21 15:10:30,779] {logging_mixin.py:104} INFO - [2026-09-21 15:10:30,778] {dag.py:1824} INFO - Sync 1 DAGs
[2026-09-21 15:10:30,812] {logging_mixin.py:104} INFO - [2026-09-21 15:10:30,812] {dag.py:2280} INFO - Setting next_dagrun for example_kubernetes_executor_config to None
[2026-09-21 15:10:30,840] {scheduler_job.py:190} INFO - Processing /home/airflow/.local/lib/python3.6/site-packages/airflow/example_dags/example_kubernetes_executor_config.py took 0.149 seconds
