[2026-09-21 14:53:13,303] {scheduler_job.py:182} INFO - Started process (PID=40) to work on /home/airflow/.local/lib/python3.6/site-packages/airflow/example_dags/example_branch_python_dop_operator_3.py
[2026-09-21 14:53:13,306] {scheduler_job.py:629} INFO - Processing file /home/airflow/.local/lib/python3.6/site-packages/airflow/example_dags/example_branch_python_dop_operator_3.py for tasks to queue
[2026-09-21 14:53:13,307] {logging_mixin.py:104} INFO - [2026-09-21 14:53:13,307] {dagbag.py:451} INFO - Filling up the DagBag from /home/airflow/.local/lib/python3.6/site-packages/airflow/example_dags/example_branch_python_dop_operator_3.py
[2026-09-21 14:53:13,358] {scheduler_job.py:639} INFO - DAG(s) dict_keys(['example_branch_dop_operator_v3']) retrieved from /home/airflow/.local/lib/python3.6/site-packages/airflow/example_dags/example_branch_python_dop_operator_3.py
[2026-09-21 14:53:13,412] {logging_mixin.py:104} INFO - [2026-09-21 14:53:13,412] {dag.py:1824} INFO - Sync 1 DAGs
[2026-09-21 14:53:13,439] {logging_mixin.py:104} INFO - [2026-09-21 14:53:13,439] {dag.py:1843} INFO - Creating ORM DAG for example_branch_dop_operator_v3
[2026-09-21 14:53:13,508] {logging_mixin.py:104} INFO - [2026-09-21 14:53:13,508] {dag.py:2280} INFO - Setting next_dagrun for example_branch_dop_operator_v3 to 2026-09-19 00:00:00+00:00
[2026-09-21 14:53:13,544] {scheduler_job.py:190} INFO - Processing /home/airflow/.local/lib/python3.6/site-packages/airflow/example_dags/example_branch_python_dop_operator_3.py took 0.249 seconds
[2026-09-21 14:53:44,058] {scheduler_job.py:182} INFO - Started process (PID=68) to work on /home/airflow/.local/lib/python3.6/site-packages/airflow/example_dags/example_branch_python_dop_operator_3.py
[2026-09-21 14:53:44,059] {scheduler_job.py:629} INFO - Processing file /home/airflow/.local/lib/python3.6/site-packages/airflow/example_dags/example_branch_python_dop_operator_3.py for tasks to queue
[2026-09-21 14:53:44,060] {logging_mixin.py:104} INFO - [2026-09-21 14:53:44,060] {dagbag.py:451} INFO - Filling up the DagBag from /home/airflow/.local/lib/python3.6/site-packages/airflow/example_dags/example_branch_python_dop_operator_3.py
[2026-09-21 14:53:44,086] {scheduler_job.py:639} INFO - DAG(s) dict_keys(['example_branch_dop_operator_v3']) retrieved from /home/airflow/.local/lib/python3.6/site-packages/airflow/example_dags/example_branch_python_dop_operator_3.py
[2026-09-21 14:53:44,119] {logging_mixin.py:104} INFO - [2026-09-21 14:53:44,119] {dag.py:1824} INFO - Sync 1 DAGs
[2026-09-21 14:53:44,170] {logging_mixin.py:104} INFO - [2026-09-21 14:53:44,169] {dag.py:2280} INFO - Setting next_dagrun for example_branch_dop_operator_v3 to 2026-09-19 00:00:00+00:00
[2026-09-21 14:53:44,187] {scheduler_job.py:190} INFO - Processing /home/airflow/.local/lib/python3.6/site-packages/airflow/example_dags/example_branch_python_dop_operator_3.py took 0.133 seconds
[2026-09-21 14:54:14,964] {scheduler_job.py:182} INFO - Started process (PID=95) to work on /home/airflow/.local/lib/python3.6/site-packages/airflow/example_dags/example_branch_python_dop_operator_3.py
[2026-09-21 14:54:14,966] {scheduler_job.py:629} INFO - Processing file /home/airflow/.local/lib/python3.6/site-packages/airflow/example_dags/example_branch_python_dop_operator_3.py for tasks to queue
[2026-09-21 14:54:14,967] {logging_mixin.py:104} INFO - [2026-09-21 14:54:14,967] {dagbag.py:451} INFO - Filling up the DagBag from /home/airflow/.local/lib/python3.6/site-packages/airflow/example_dags/example_branch_python_dop_operator_3.py
[2026-09-21 14:54:14,989] {scheduler_job.py:639} INFO - DAG(s) dict_keys(['example_branch_dop_operator_v3']) retrieved from /home/airflow/.local/lib/python3.6/site-packages/airflow/example_dags/example_branch_python_dop_operator_3.py
[2026-09-21 14:54:15,019] {logging_mixin.py:104} INFO - [2026-09-21 14:54:15,018] {dag.py:1824} INFO - Sync 1 DAGs
[2026-09-21 14:54:15,076] {logging_mixin.py:104} INFO - [2026-09-21 14:54:15,076] {dag.py:2280} INFO - Setting next_dagrun for example_branch_dop_operator_v3 to 2026-09-19 00:00:00+00:00
[2026-09-21 14:54:15,094] {scheduler_job.py:190} INFO - Processing /home/airflow/.local/lib/python3.6/site-packages/airflow/example_dags/example_branch_python_dop_operator_3.py took 0.134 seconds
[2026-09-21 14:54:45,182] {scheduler_job.py:182} INFO - Started process (PID=122) to work on /home/airflow/.local/lib/python3.6/site-packages/airflow/example_dags/example_branch_python_dop_operator_3.py
[2026-09-21 14:54:45,183] {scheduler_job.py:629} INFO - Processing file /home/airflow/.local/lib/python3.6/site-packages/airflow/example_dags/example_branch_python_dop_operator_3.py for tasks to queue
[2026-09-21 14:54:45,184] {logging_mixin.py:104} INFO - [2026-09-21 14:54:45,183] {dagbag.py:451} INFO - Filling up the DagBag from /home/airflow/.local/lib/python3.6/site-packages/airflow/example_dags/example_branch_python_dop_operator_3.py
[2026-09-21 14:54:45,207] {scheduler_job.py:639} INFO - DAG(s) dict_keys(['example_branch_dop_operator_v3']) retrieved from /home/airflow/.local/lib/python3.6/site-packages/airflow/example_dags/example_branch_python_dop_operator_3.py
[2026-09-21 14:54:45,237] {logging_mixin.py:104} INFO - [2026-09-21 14:54:45,236] {dag.py:1824} INFO - Sync 1 DAGs
[2026-09-21 14:54:45,278] {logging_mixin.py:104} INFO - [2026-09-21 14:54:45,277] {dag.py:2280} INFO - Setting next_dagrun for example_branch_dop_operator_v3 to 2026-09-19 00:00:00+00:00
[2026-09-21 14:54:45,291] {scheduler_job.py:190} INFO - Processing /home/airflow/.local/lib/python3.6/site-packages/airflow/example_dags/example_branch_python_dop_operator_3.py took 0.113 seconds
[2026-09-21 14:55:16,237] {scheduler_job.py:182} INFO - Started process (PID=150) to work on /home/airflow/.local/lib/python3.6/site-packages/airflow/example_dags/example_branch_python_dop_operator_3.py
[2026-09-21 14:55:16,238] {scheduler_job.py:629} INFO - Processing file /home/airflow/.local/lib/python3.6/site-packages/airflow/example_dags/example_branch_python_dop_operator_3.py for tasks to queue
[2026-09-21 14:55:16,239] {logging_mixin.py:104} INFO - [2026-09-21 14:55:16,239] {dagbag.py:451} INFO - Filling up the DagBag from /home/airflow/.local/lib/python3.6/site-packages/airflow/example_dags/example_branch_python_dop_operator_3.py
[2026-09-21 14:55:16,258] {scheduler_job.py:639} INFO - DAG(s) dict_keys(['example_branch_dop_operator_v3']) retrieved from /home/airflow/.local/lib/python3.6/site-packages/airflow/example_dags/example_branch_python_dop_operator_3.py
[2026-09-21 14:55:16,282] {logging_mixin.py:104} INFO - [2026-09-21 14:55:16,282] {dag.py:1824} INFO - Sync 1 DAGs
[2026-09-21 14:55:16,319] {logging_mixin.py:104} INFO - [2026-09-21 14:55:16,319] {dag.py:2280} INFO - Setting next_dagrun for example_branch_dop_operator_v3 to 2026-09-19 00:00:00+00:00
[2026-09-21 14:55:16,332] {scheduler_job.py:190} INFO - Processing /home/airflow/.local/lib/python3.6/site-packages/airflow/example_dags/example_branch_python_dop_operator_3.py took 0.099 seconds
[2026-09-21 14:55:46,800] {scheduler_job.py:182} INFO - Started process (PID=177) to work on /home/airflow/.local/lib/python3.6/site-packages/airflow/example_dags/example_branch_python_dop_operator_3.py
[2026-09-21 14:55:46,801] {scheduler_job.py:629} INFO - Processing file /home/airflow/.local/lib/python3.6/site-packages/airflow/example_dags/example_branch_python_dop_operator_3.py for tasks to queue
[2026-09-21 14:55:46,802] {logging_mixin.py:104} INFO - [2026-09-21 14:55:46,802] {dagbag.py:451} INFO - Filling up the DagBag from /home/airflow/.local/lib/python3.6/site-packages/airflow/example_dags/example_branch_python_dop_operator_3.py
[2026-09-21 14:55:46,820] {scheduler_job.py:639} INFO - DAG(s) dict_keys(['example_branch_dop_operator_v3']) retrieved from /home/airflow/.local/lib/python3.6/site-packages/airflow/example_dags/example_branch_python_dop_operator_3.py
[2026-09-21 14:55:46,843] {logging_mixin.py:104} INFO - [2026-09-21 14:55:46,843] {dag.py:1824} INFO - Sync 1 DAGs
[2026-09-21 14:55:46,881] {logging_mixin.py:104} INFO - [2026-09-21 14:55:46,881] {dag.py:2280} INFO - Setting next_dagrun for example_branch_dop_operator_v3 to 2026-09-19 00:00:00+00:00
[2026-09-21 14:55:46,892] {scheduler_job.py:190} INFO - Processing /home/airflow/.local/lib/python3.6/site-packages/airflow/example_dags/example_branch_python_dop_operator_3.py took 0.096 seconds
[2026-09-21 14:56:17,624] {scheduler_job.py:182} INFO - Started process (PID=204) to work on /home/airflow/.local/lib/python3.6/site-packages/airflow/example_dags/example_branch_python_dop_operator_3.py
[2026-09-21 14:56:17,626] {scheduler_job.py:629} INFO - Processing file /home/airflow/.local/lib/python3.6/site-packages/airflow/example_dags/example_branch_python_dop_operator_3.py for tasks to queue
[2026-09-21 14:56:17,627] {logging_mixin.py:104} INFO - [2026-09-21 14:56:17,627] {dagbag.py:451} INFO - Filling up the DagBag from /home/airflow/.local/lib/python3.6/site-packages/airflow/example_dags/example_branch_python_dop_operator_3.py
[2026-09-21 14:56:17,651] {scheduler_job.py:639} INFO - DAG(s) dict_keys(['example_branch_dop_operator_v3']) retrieved from /home/airflow/.local/lib/python3.6/site-packages/airflow/example_dags/example_branch_python_dop_operator_3.py
[2026-09-21 14:56:17,689] {logging_mixin.py:104} INFO - [2026-09-21 14:56:17,689] {dag.py:1824} INFO - Sync 1 DAGs
[2026-09-21 14:56:17,758] {logging_mixin.py:104} INFO - [2026-09-21 14:56:17,758] {dag.py:2280} INFO - Setting next_dagrun for example_branch_dop_operator_v3 to 2026-09-19 00:00:00+00:00
[2026-09-21 14:56:17,784] {scheduler_job.py:190} INFO - Processing /home/airflow/.local/lib/python3.6/site-packages/airflow/example_dags/example_branch_python_dop_operator_3.py took 0.165 seconds
[2026-09-21 14:56:48,357] {scheduler_job.py:182} INFO - Started process (PID=231) to work on /home/airflow/.local/lib/python3.6/site-packages/airflow/example_dags/example_branch_python_dop_operator_3.py
[2026-09-21 14:56:48,358] {scheduler_job.py:629} INFO - Processing file /home/airflow/.local/lib/python3.6/site-packages/airflow/example_dags/example_branch_python_dop_operator_3.py for tasks to queue
[2026-09-21 14:56:48,359] {logging_mixin.py:104} INFO - [2026-09-21 14:56:48,359] {dagbag.py:451} INFO - Filling up the DagBag from /home/airflow/.local/lib/python3.6/site-packages/airflow/example_dags/example_branch_python_dop_operator_3.py
[2026-09-21 14:56:48,378] {scheduler_job.py:639} INFO - DAG(s) dict_keys(['example_branch_dop_operator_v3']) retrieved from /home/airflow/.local/lib/python3.6/site-packages/airflow/example_dags/example_branch_python_dop_operator_3.py
[2026-09-21 14:56:48,407] {logging_mixin.py:104} INFO - [2026-09-21 14:56:48,407] {dag.py:1824} INFO - Sync 1 DAGs
[2026-09-21 14:56:48,458] {logging_mixin.py:104} INFO - [2026-09-21 14:56:48,458] {dag.py:2280} INFO - Setting next_dagrun for example_branch_dop_operator_v3 to 2026-09-19 00:00:00+00:00
[2026-09-21 14:56:48,471] {scheduler_job.py:190} INFO - Processing /home/airflow/.local/lib/python3.6/site-packages/airflow/example_dags/example_branch_python_dop_operator_3.py took 0.118 seconds
[2026-09-21 14:57:19,237] {scheduler_job.py:182} INFO - Started process (PID=257) to work on /home/airflow/.local/lib/python3.6/site-packages/airflow/example_dags/example_branch_python_dop_operator_3.py
[2026-09-21 14:57:19,239] {scheduler_job.py:629} INFO - Processing file /home/airflow/.local/lib/python3.6/site-packages/airflow/example_dags/example_branch_python_dop_operator_3.py for tasks to queue
[2026-09-21 14:57:19,240] {logging_mixin.py:104} INFO - [2026-09-21 14:57:19,240] {dagbag.py:451} INFO - Filling up the DagBag from /home/airflow/.local/lib/python3.6/site-packages/airflow/example_dags/example_branch_python_dop_operator_3.py
[2026-09-21 14:57:19,261] {scheduler_job.py:639} INFO - DAG(s) dict_keys(['example_branch_dop_operator_v3']) retrieved from /home/airflow/.local/lib/python3.6/site-packages/airflow/example_dags/example_branch_python_dop_operator_3.py
[2026-09-21 14:57:19,287] {logging_mixin.py:104} INFO - [2026-09-21 14:57:19,287] {dag.py:1824} INFO - Sync 1 DAGs
[2026-09-21 14:57:19,336] {logging_mixin.py:104} INFO - [2026-09-21 14:57:19,336] {dag.py:2280} INFO - Setting next_dagrun for example_branch_dop_operator_v3 to 2026-09-19 00:00:00+00:00
[2026-09-21 14:57:19,356] {scheduler_job.py:190} INFO - Processing /home/airflow/.local/lib/python3.6/site-packages/airflow/example_dags/example_branch_python_dop_operator_3.py took 0.123 seconds
[2026-09-21 14:57:49,453] {scheduler_job.py:182} INFO - Started process (PID=284) to work on /home/airflow/.local/lib/python3.6/site-packages/airflow/example_dags/example_branch_python_dop_operator_3.py
[2026-09-21 14:57:49,454] {scheduler_job.py:629} INFO - Processing file /home/airflow/.local/lib/python3.6/site-packages/airflow/example_dags/example_branch_python_dop_operator_3.py for tasks to queue
[2026-09-21 14:57:49,455] {logging_mixin.py:104} INFO - [2026-09-21 14:57:49,455] {dagbag.py:451} INFO - Filling up the DagBag from /home/airflow/.local/lib/python3.6/site-packages/airflow/example_dags/example_branch_python_dop_operator_3.py
[2026-09-21 14:57:49,477] {scheduler_job.py:639} INFO - DAG(s) dict_keys(['example_branch_dop_operator_v3']) retrieved from /home/airflow/.local/lib/python3.6/site-packages/airflow/example_dags/example_branch_python_dop_operator_3.py
[2026-09-21 14:57:49,509] {logging_mixin.py:104} INFO - [2026-09-21 14:57:49,509] {dag.py:1824} INFO - Sync 1 DAGs
[2026-09-21 14:57:49,558] {logging_mixin.py:104} INFO - [2026-09-21 14:57:49,558] {dag.py:2280} INFO - Setting next_dagrun for example_branch_dop_operator_v3 to 2026-09-19 00:00:00+00:00
[2026-09-21 14:57:49,575] {scheduler_job.py:190} INFO - Processing /home/airflow/.local/lib/python3.6/site-packages/airflow/example_dags/example_branch_python_dop_operator_3.py took 0.128 seconds
[2026-09-21 14:58:19,753] {scheduler_job.py:182} INFO - Started process (PID=311) to work on /home/airflow/.local/lib/python3.6/site-packages/airflow/example_dags/example_branch_python_dop_operator_3.py
[2026-09-21 14:58:19,754] {scheduler_job.py:629} INFO - Processing file /home/airflow/.local/lib/python3.6/site-packages/airflow/example_dags/example_branch_python_dop_operator_3.py for tasks to queue
[2026-09-21 14:58:19,755] {logging_mixin.py:104} INFO - [2026-09-21 14:58:19,755] {dagbag.py:451} INFO - Filling up the DagBag from /home/airflow/.local/lib/python3.6/site-packages/airflow/example_dags/example_branch_python_dop_operator_3.py
[2026-09-21 14:58:19,772] {scheduler_job.py:639} INFO - DAG(s) dict_keys(['example_branch_dop_operator_v3']) retrieved from /home/airflow/.local/lib/python3.6/site-packages/airflow/example_dags/example_branch_python_dop_operator_3.py
[2026-09-21 14:58:19,795] {logging_mixin.py:104} INFO - [2026-09-21 14:58:19,795] {dag.py:1824} INFO - Sync 1 DAGs
[2026-09-21 14:58:19,831] {logging_mixin.py:104} INFO - [2026-09-21 14:58:19,831] {dag.py:2280} INFO - Setting next_dagrun for example_branch_dop_operator_v3 to 2026-09-19 00:00:00+00:00
[2026-09-21 14:58:19,846] {scheduler_job.py:190} INFO - Processing /home/airflow/.local/lib/python3.6/site-packages/airflow/example_dags/example_branch_python_dop_operator_3.py took 0.097 seconds
[2026-09-21 14:58:49,928] {scheduler_job.py:182} INFO - Started process (PID=338) to work on /home/airflow/.local/lib/python3.6/site-packages/airflow/example_dags/example_branch_python_dop_operator_3.py
[2026-09-21 14:58:49,930] {scheduler_job.py:629} INFO - Processing file /home/airflow/.local/lib/python3.6/site-packages/airflow/example_dags/example_branch_python_dop_operator_3.py for tasks to queue
[2026-09-21 14:58:49,931] {logging_mixin.py:104} INFO - [2026-09-21 14:58:49,931] {dagbag.py:451} INFO - Filling up the DagBag from /home/airflow/.local/lib/python3.6/site-packages/airflow/example_dags/example_branch_python_dop_operator_3.py
[2026-09-21 14:58:49,949] {scheduler_job.py:639} INFO - DAG(s) dict_keys(['example_branch_dop_operator_v3']) retrieved from /home/airflow/.local/lib/python3.6/site-packages/airflow/example_dags/example_branch_python_dop_operator_3.py
[2026-09-21 14:58:49,971] {logging_mixin.py:104} INFO - [2026-09-21 14:58:49,971] {dag.py:1824} INFO - Sync 1 DAGs
[2026-09-21 14:58:50,006] {logging_mixin.py:104} INFO - [2026-09-21 14:58:50,005] {dag.py:2280} INFO - Setting next_dagrun for example_branch_dop_operator_v3 to 2026-09-19 00:00:00+00:00
[2026-09-21 14:58:50,020] {scheduler_job.py:190} INFO - Processing /home/airflow/.local/lib/python3.6/site-packages/airflow/example_dags/example_branch_python_dop_operator_3.py took 0.095 seconds
[2026-09-21 14:59:20,387] {scheduler_job.py:182} INFO - Started process (PID=365) to work on /home/airflow/.local/lib/python3.6/site-packages/airflow/example_dags/example_branch_python_dop_operator_3.py
[2026-09-21 14:59:20,389] {scheduler_job.py:629} INFO - Processing file /home/airflow/.local/lib/python3.6/site-packages/airflow/example_dags/example_branch_python_dop_operator_3.py for tasks to queue
[2026-09-21 14:59:20,390] {logging_mixin.py:104} INFO - [2026-09-21 14:59:20,390] {dagbag.py:451} INFO - Filling up the DagBag from /home/airflow/.local/lib/python3.6/site-packages/airflow/example_dags/example_branch_python_dop_operator_3.py
[2026-09-21 14:59:20,419] {scheduler_job.py:639} INFO - DAG(s) dict_keys(['example_branch_dop_operator_v3']) retrieved from /home/airflow/.local/lib/python3.6/site-packages/airflow/example_dags/example_branch_python_dop_operator_3.py
[2026-09-21 14:59:20,464] {logging_mixin.py:104} INFO - [2026-09-21 14:59:20,464] {dag.py:1824} INFO - Sync 1 DAGs
[2026-09-21 14:59:20,536] {logging_mixin.py:104} INFO - [2026-09-21 14:59:20,535] {dag.py:2280} INFO - Setting next_dagrun for example_branch_dop_operator_v3 to 2026-09-19 00:00:00+00:00
[2026-09-21 14:59:20,559] {scheduler_job.py:190} INFO - Processing /home/airflow/.local/lib/python3.6/site-packages/airflow/example_dags/example_branch_python_dop_operator_3.py took 0.178 seconds
[2026-09-21 14:59:51,007] {scheduler_job.py:182} INFO - Started process (PID=392) to work on /home/airflow/.local/lib/python3.6/site-packages/airflow/example_dags/example_branch_python_dop_operator_3.py
[2026-09-21 14:59:51,008] {scheduler_job.py:629} INFO - Processing file /home/airflow/.local/lib/python3.6/site-packages/airflow/example_dags/example_branch_python_dop_operator_3.py for tasks to queue
[2026-09-21 14:59:51,009] {logging_mixin.py:104} INFO - [2026-09-21 14:59:51,008] {dagbag.py:451} INFO - Filling up the DagBag from /home/airflow/.local/lib/python3.6/site-packages/airflow/example_dags/example_branch_python_dop_operator_3.py
[2026-09-21 14:59:51,027] {scheduler_job.py:639} INFO - DAG(s) dict_keys(['example_branch_dop_operator_v3']) retrieved from /home/airflow/.local/lib/python3.6/site-packages/airflow/example_dags/example_branch_python_dop_operator_3.py
[2026-09-21 14:59:51,063] {logging_mixin.py:104} INFO - [2026-09-21 14:59:51,063] {dag.py:1824} INFO - Sync 1 DAGs
[2026-09-21 14:59:51,127] {logging_mixin.py:104} INFO - [2026-09-21 14:59:51,126] {dag.py:2280} INFO - Setting next_dagrun for example_branch_dop_operator_v3 to 2026-09-19 00:00:00+00:00
[2026-09-21 14:59:51,147] {scheduler_job.py:190} INFO - Processing /home/airflow/.local/lib/python3.6/site-packages/airflow/example_dags/example_branch_python_dop_operator_3.py took 0.145 seconds
[2026-09-21 15:00:21,326] {scheduler_job.py:182} INFO - Started process (PID=418) to work on /home/airflow/.local/lib/python3.6/site-packages/airflow/example_dags/example_branch_python_dop_operator_3.py
[2026-09-21 15:00:21,327] {scheduler_job.py:629} INFO - Processing file /home/airflow/.local/lib/python3.6/site-packages/airflow/example_dags/example_branch_python_dop_operator_3.py for tasks to queue
[2026-09-21 15:00:21,328] {logging_mixin.py:104} INFO - [2026-09-21 15:00:21,328] {dagbag.py:451} INFO - Filling up the DagBag from /home/airflow/.local/lib/python3.6/site-packages/airflow/example_dags/example_branch_python_dop_operator_3.py
[2026-09-21 15:00:21,346] {scheduler_job.py:639} INFO - DAG(s) dict_keys(['example_branch_dop_operator_v3']) retrieved from /home/airflow/.local/lib/python3.6/site-packages/airflow/example_dags/example_branch_python_dop_operator_3.py
[2026-09-21 15:00:21,371] {logging_mixin.py:104} INFO - [2026-09-21 15:00:21,371] {dag.py:1824} INFO - Sync 1 DAGs
[2026-09-21 15:00:21,408] {logging_mixin.py:104} INFO - [2026-09-21 15:00:21,408] {dag.py:2280} INFO - Setting next_dagrun for example_branch_dop_operator_v3 to 2026-09-19 00:00:00+00:00
[2026-09-21 15:00:21,423] {scheduler_job.py:190} INFO - Processing /home/airflow/.local/lib/python3.6/site-packages/airflow/example_dags/example_branch_python_dop_operator_3.py took 0.100 seconds
[2026-09-21 15:00:51,454] {scheduler_job.py:182} INFO - Started process (PID=445) to work on /home/airflow/.local/lib/python3.6/site-packages/airflow/example_dags/example_branch_python_dop_operator_3.py
[2026-09-21 15:00:51,455] {scheduler_job.py:629} INFO - Processing file /home/airflow/.local/lib/python3.6/site-packages/airflow/example_dags/example_branch_python_dop_operator_3.py for tasks to queue
[2026-09-21 15:00:51,456] {logging_mixin.py:104} INFO - [2026-09-21 15:00:51,456] {dagbag.py:451} INFO - Filling up the DagBag from /home/airflow/.local/lib/python3.6/site-packages/airflow/example_dags/example_branch_python_dop_operator_3.py
[2026-09-21 15:00:51,476] {scheduler_job.py:639} INFO - DAG(s) dict_keys(['example_branch_dop_operator_v3']) retrieved from /home/airflow/.local/lib/python3.6/site-packages/airflow/example_dags/example_branch_python_dop_operator_3.py
[2026-09-21 15:00:51,501] {logging_mixin.py:104} INFO - [2026-09-21 15:00:51,501] {dag.py:1824} INFO - Sync 1 DAGs
[2026-09-21 15:00:51,541] {logging_mixin.py:104} INFO - [2026-09-21 15:00:51,541] {dag.py:2280} INFO - Setting next_dagrun for example_branch_dop_operator_v3 to 2026-09-19 00:00:00+00:00
[2026-09-21 15:00:51,559] {scheduler_job.py:190} INFO - Processing /home/airflow/.local/lib/python3.6/site-packages/airflow/example_dags/example_branch_python_dop_operator_3.py took 0.109 seconds
[2026-09-21 15:01:21,896] {scheduler_job.py:182} INFO - Started process (PID=472) to work on /home/airflow/.local/lib/python3.6/site-packages/airflow/example_dags/example_branch_python_dop_operator_3.py
[2026-09-21 15:01:21,897] {scheduler_job.py:629} INFO - Processing file /home/airflow/.local/lib/python3.6/site-packages/airflow/example_dags/example_branch_python_dop_operator_3.py for tasks to queue
[2026-09-21 15:01:21,898] {logging_mixin.py:104} INFO - [2026-09-21 15:01:21,898] {dagbag.py:451} INFO - Filling up the DagBag from /home/airflow/.local/lib/python3.6/site-packages/airflow/example_dags/example_branch_python_dop_operator_3.py
[2026-09-21 15:01:21,920] {scheduler_job.py:639} INFO - DAG(s) dict_keys(['example_branch_dop_operator_v3']) retrieved from /home/airflow/.local/lib/python3.6/site-packages/airflow/example_dags/example_branch_python_dop_operator_3.py
[2026-09-21 15:01:21,948] {logging_mixin.py:104} INFO - [2026-09-21 15:01:21,948] {dag.py:1824} INFO - Sync 1 DAGs
[2026-09-21 15:01:21,998] {logging_mixin.py:104} INFO - [2026-09-21 15:01:21,998] {dag.py:2280} INFO - Setting next_dagrun for example_branch_dop_operator_v3 to 2026-09-19 00:00:00+00:00
[2026-09-21 15:01:22,015] {scheduler_job.py:190} INFO - Processing /home/airflow/.local/lib/python3.6/site-packages/airflow/example_dags/example_branch_python_dop_operator_3.py took 0.123 seconds
[2026-09-21 15:01:52,538] {scheduler_job.py:182} INFO - Started process (PID=500) to work on /home/airflow/.local/lib/python3.6/site-packages/airflow/example_dags/example_branch_python_dop_operator_3.py
[2026-09-21 15:01:52,540] {scheduler_job.py:629} INFO - Processing file /home/airflow/.local/lib/python3.6/site-packages/airflow/example_dags/example_branch_python_dop_operator_3.py for tasks to queue
[2026-09-21 15:01:52,540] {logging_mixin.py:104} INFO - [2026-09-21 15:01:52,540] {dagbag.py:451} INFO - Filling up the DagBag from /home/airflow/.local/lib/python3.6/site-packages/airflow/example_dags/example_branch_python_dop_operator_3.py
[2026-09-21 15:01:52,559] {scheduler_job.py:639} INFO - DAG(s) dict_keys(['example_branch_dop_operator_v3']) retrieved from /home/airflow/.local/lib/python3.6/site-packages/airflow/example_dags/example_branch_python_dop_operator_3.py
[2026-09-21 15:01:52,586] {logging_mixin.py:104} INFO - [2026-09-21 15:01:52,586] {dag.py:1824} INFO - Sync 1 DAGs
[2026-09-21 15:01:52,627] {logging_mixin.py:104} INFO - [2026-09-21 15:01:52,627] {dag.py:2280} INFO - Setting next_dagrun for example_branch_dop_operator_v3 to 2026-09-19 00:00:00+00:00
[2026-09-21 15:01:52,650] {scheduler_job.py:190} INFO - Processing /home/airflow/.local/lib/python3.6/site-packages/airflow/example_dags/example_branch_python_dop_operator_3.py took 0.117 seconds
[2026-09-21 15:02:23,247] {scheduler_job.py:182} INFO - Started process (PID=527) to work on /home/airflow/.local/lib/python3.6/site-packages/airflow/example_dags/example_branch_python_dop_operator_3.py
[2026-09-21 15:02:23,249] {scheduler_job.py:629} INFO - Processing file /home/airflow/.local/lib/python3.6/site-packages/airflow/example_dags/example_branch_python_dop_operator_3.py for tasks to queue
[2026-09-21 15:02:23,250] {logging_mixin.py:104} INFO - [2026-09-21 15:02:23,250] {dagbag.py:451} INFO - Filling up the DagBag from /home/airflow/.local/lib/python3.6/site-packages/airflow/example_dags/example_branch_python_dop_operator_3.py
[2026-09-21 15:02:23,279] {scheduler_job.py:639} INFO - DAG(s) dict_keys(['example_branch_dop_operator_v3']) retrieved from /home/airflow/.local/lib/python3.6/site-packages/airflow/example_dags/example_branch_python_dop_operator_3.py
[2026-09-21 15:02:23,317] {logging_mixin.py:104} INFO - [2026-09-21 15:02:23,316] {dag.py:1824} INFO - Sync 1 DAGs
[2026-09-21 15:02:23,379] {logging_mixin.py:104} INFO - [2026-09-21 15:02:23,379] {dag.py:2280} INFO - Setting next_dagrun for example_branch_dop_operator_v3 to 2026-09-19 00:00:00+00:00
[2026-09-21 15:02:23,403] {scheduler_job.py:190} INFO - Processing /home/airflow/.local/lib/python3.6/site-packages/airflow/example_dags/example_branch_python_dop_operator_3.py took 0.161 seconds
[2026-09-21 15:02:54,089] {scheduler_job.py:182} INFO - Started process (PID=555) to work on /home/airflow/.local/lib/python3.6/site-packages/airflow/example_dags/example_branch_python_dop_operator_3.py
[2026-09-21 15:02:54,091] {scheduler_job.py:629} INFO - Processing file /home/airflow/.local/lib/python3.6/site-packages/airflow/example_dags/example_branch_python_dop_operator_3.py for tasks to queue
[2026-09-21 15:02:54,091] {logging_mixin.py:104} INFO - [2026-09-21 15:02:54,091] {dagbag.py:451} INFO - Filling up the DagBag from /home/airflow/.local/lib/python3.6/site-packages/airflow/example_dags/example_branch_python_dop_operator_3.py
[2026-09-21 15:02:54,111] {scheduler_job.py:639} INFO - DAG(s) dict_keys(['example_branch_dop_operator_v3']) retrieved from /home/airflow/.local/lib/python3.6/site-packages/airflow/example_dags/example_branch_python_dop_operator_3.py
[2026-09-21 15:02:54,142] {logging_mixin.py:104} INFO - [2026-09-21 15:02:54,142] {dag.py:1824} INFO - Sync 1 DAGs
[2026-09-21 15:02:54,193] {logging_mixin.py:104} INFO - [2026-09-21 15:02:54,193] {dag.py:2280} INFO - Setting next_dagrun for example_branch_dop_operator_v3 to 2026-09-19 00:00:00+00:00
[2026-09-21 15:02:54,206] {scheduler_job.py:190} INFO - Processing /home/airflow/.local/lib/python3.6/site-packages/airflow/example_dags/example_branch_python_dop_operator_3.py took 0.120 seconds
[2026-09-21 15:03:24,516] {scheduler_job.py:182} INFO - Started process (PID=581) to work on /home/airflow/.local/lib/python3.6/site-packages/airflow/example_dags/example_branch_python_dop_operator_3.py
[2026-09-21 15:03:24,518] {scheduler_job.py:629} INFO - Processing file /home/airflow/.local/lib/python3.6/site-packages/airflow/example_dags/example_branch_python_dop_operator_3.py for tasks to queue
[2026-09-21 15:03:24,520] {logging_mixin.py:104} INFO - [2026-09-21 15:03:24,519] {dagbag.py:451} INFO - Filling up the DagBag from /home/airflow/.local/lib/python3.6/site-packages/airflow/example_dags/example_branch_python_dop_operator_3.py
[2026-09-21 15:03:24,562] {scheduler_job.py:639} INFO - DAG(s) dict_keys(['example_branch_dop_operator_v3']) retrieved from /home/airflow/.local/lib/python3.6/site-packages/airflow/example_dags/example_branch_python_dop_operator_3.py
[2026-09-21 15:03:24,607] {logging_mixin.py:104} INFO - [2026-09-21 15:03:24,607] {dag.py:1824} INFO - Sync 1 DAGs
[2026-09-21 15:03:24,692] {logging_mixin.py:104} INFO - [2026-09-21 15:03:24,692] {dag.py:2280} INFO - Setting next_dagrun for example_branch_dop_operator_v3 to 2026-09-19 00:00:00+00:00
[2026-09-21 15:03:24,714] {scheduler_job.py:190} INFO - Processing /home/airflow/.local/lib/python3.6/site-packages/airflow/example_dags/example_branch_python_dop_operator_3.py took 0.205 seconds
[2026-09-21 15:03:55,390] {scheduler_job.py:182} INFO - Started process (PID=608) to work on /home/airflow/.local/lib/python3.6/site-packages/airflow/example_dags/example_branch_python_dop_operator_3.py
[2026-09-21 15:03:55,392] {scheduler_job.py:629} INFO - Processing file /home/airflow/.local/lib/python3.6/site-packages/airflow/example_dags/example_branch_python_dop_operator_3.py for tasks to queue
[2026-09-21 15:03:55,393] {logging_mixin.py:104} INFO - [2026-09-21 15:03:55,393] {dagbag.py:451} INFO - Filling up the DagBag from /home/airflow/.local/lib/python3.6/site-packages/airflow/example_dags/example_branch_python_dop_operator_3.py
[2026-09-21 15:03:55,412] {scheduler_job.py:639} INFO - DAG(s) dict_keys(['example_branch_dop_operator_v3']) retrieved from /home/airflow/.local/lib/python3.6/site-packages/airflow/example_dags/example_branch_python_dop_operator_3.py
[2026-09-21 15:03:55,444] {logging_mixin.py:104} INFO - [2026-09-21 15:03:55,444] {dag.py:1824} INFO - Sync 1 DAGs
[2026-09-21 15:03:55,495] {logging_mixin.py:104} INFO - [2026-09-21 15:03:55,495] {dag.py:2280} INFO - Setting next_dagrun for example_branch_dop_operator_v3 to 2026-09-19 00:00:00+00:00
[2026-09-21 15:03:55,511] {scheduler_job.py:190} INFO - Processing /home/airflow/.local/lib/python3.6/site-packages/airflow/example_dags/example_branch_python_dop_operator_3.py took 0.125 seconds
[2026-09-21 15:04:26,109] {scheduler_job.py:182} INFO - Started process (PID=635) to work on /home/airflow/.local/lib/python3.6/site-packages/airflow/example_dags/example_branch_python_dop_operator_3.py
[2026-09-21 15:04:26,111] {scheduler_job.py:629} INFO - Processing file /home/airflow/.local/lib/python3.6/site-packages/airflow/example_dags/example_branch_python_dop_operator_3.py for tasks to queue
[2026-09-21 15:04:26,113] {logging_mixin.py:104} INFO - [2026-09-21 15:04:26,112] {dagbag.py:451} INFO - Filling up the DagBag from /home/airflow/.local/lib/python3.6/site-packages/airflow/example_dags/example_branch_python_dop_operator_3.py
[2026-09-21 15:04:26,138] {scheduler_job.py:639} INFO - DAG(s) dict_keys(['example_branch_dop_operator_v3']) retrieved from /home/airflow/.local/lib/python3.6/site-packages/airflow/example_dags/example_branch_python_dop_operator_3.py
[2026-09-21 15:04:26,175] {logging_mixin.py:104} INFO - [2026-09-21 15:04:26,175] {dag.py:1824} INFO - Sync 1 DAGs
[2026-09-21 15:04:26,240] {logging_mixin.py:104} INFO - [2026-09-21 15:04:26,240] {dag.py:2280} INFO - Setting next_dagrun for example_branch_dop_operator_v3 to 2026-09-19 00:00:00+00:00
[2026-09-21 15:04:26,259] {scheduler_job.py:190} INFO - Processing /home/airflow/.local/lib/python3.6/site-packages/airflow/example_dags/example_branch_python_dop_operator_3.py took 0.156 seconds
[2026-09-21 15:04:56,499] {scheduler_job.py:182} INFO - Started process (PID=663) to work on /home/airflow/.local/lib/python3.6/site-packages/airflow/example_dags/example_branch_python_dop_operator_3.py
[2026-09-21 15:04:56,501] {scheduler_job.py:629} INFO - Processing file /home/airflow/.local/lib/python3.6/site-packages/airflow/example_dags/example_branch_python_dop_operator_3.py for tasks to queue
[2026-09-21 15:04:56,502] {logging_mixin.py:104} INFO - [2026-09-21 15:04:56,501] {dagbag.py:451} INFO - Filling up the DagBag from /home/airflow/.local/lib/python3.6/site-packages/airflow/example_dags/example_branch_python_dop_operator_3.py
[2026-09-21 15:04:56,521] {scheduler_job.py:639} INFO - DAG(s) dict_keys(['example_branch_dop_operator_v3']) retrieved from /home/airflow/.local/lib/python3.6/site-packages/airflow/example_dags/example_branch_python_dop_operator_3.py
[2026-09-21 15:04:56,546] {logging_mixin.py:104} INFO - [2026-09-21 15:04:56,546] {dag.py:1824} INFO - Sync 1 DAGs
[2026-09-21 15:04:56,587] {logging_mixin.py:104} INFO - [2026-09-21 15:04:56,586] {dag.py:2280} INFO - Setting next_dagrun for example_branch_dop_operator_v3 to 2026-09-19 00:00:00+00:00
[2026-09-21 15:04:56,603] {scheduler_job.py:190} INFO - Processing /home/airflow/.local/lib/python3.6/site-packages/airflow/example_dags/example_branch_python_dop_operator_3.py took 0.107 seconds
[2026-09-21 15:05:26,638] {scheduler_job.py:182} INFO - Started process (PID=688) to work on /home/airflow/.local/lib/python3.6/site-packages/airflow/example_dags/example_branch_python_dop_operator_3.py
[2026-09-21 15:05:26,640] {scheduler_job.py:629} INFO - Processing file /home/airflow/.local/lib/python3.6/site-packages/airflow/example_dags/example_branch_python_dop_operator_3.py for tasks to queue
[2026-09-21 15:05:26,641] {logging_mixin.py:104} INFO - [2026-09-21 15:05:26,640] {dagbag.py:451} INFO - Filling up the DagBag from /home/airflow/.local/lib/python3.6/site-packages/airflow/example_dags/example_branch_python_dop_operator_3.py
[2026-09-21 15:05:26,661] {scheduler_job.py:639} INFO - DAG(s) dict_keys(['example_branch_dop_operator_v3']) retrieved from /home/airflow/.local/lib/python3.6/site-packages/airflow/example_dags/example_branch_python_dop_operator_3.py
[2026-09-21 15:05:26,688] {logging_mixin.py:104} INFO - [2026-09-21 15:05:26,688] {dag.py:1824} INFO - Sync 1 DAGs
[2026-09-21 15:05:26,734] {logging_mixin.py:104} INFO - [2026-09-21 15:05:26,733] {dag.py:2280} INFO - Setting next_dagrun for example_branch_dop_operator_v3 to 2026-09-19 00:00:00+00:00
[2026-09-21 15:05:26,749] {scheduler_job.py:190} INFO - Processing /home/airflow/.local/lib/python3.6/site-packages/airflow/example_dags/example_branch_python_dop_operator_3.py took 0.115 seconds
[2026-09-21 15:05:56,923] {scheduler_job.py:182} INFO - Started process (PID=715) to work on /home/airflow/.local/lib/python3.6/site-packages/airflow/example_dags/example_branch_python_dop_operator_3.py
[2026-09-21 15:05:56,925] {scheduler_job.py:629} INFO - Processing file /home/airflow/.local/lib/python3.6/site-packages/airflow/example_dags/example_branch_python_dop_operator_3.py for tasks to queue
[2026-09-21 15:05:56,928] {logging_mixin.py:104} INFO - [2026-09-21 15:05:56,928] {dagbag.py:451} INFO - Filling up the DagBag from /home/airflow/.local/lib/python3.6/site-packages/airflow/example_dags/example_branch_python_dop_operator_3.py
[2026-09-21 15:05:56,986] {scheduler_job.py:639} INFO - DAG(s) dict_keys(['example_branch_dop_operator_v3']) retrieved from /home/airflow/.local/lib/python3.6/site-packages/airflow/example_dags/example_branch_python_dop_operator_3.py
[2026-09-21 15:05:57,032] {logging_mixin.py:104} INFO - [2026-09-21 15:05:57,032] {dag.py:1824} INFO - Sync 1 DAGs
[2026-09-21 15:05:57,093] {logging_mixin.py:104} INFO - [2026-09-21 15:05:57,093] {dag.py:2280} INFO - Setting next_dagrun for example_branch_dop_operator_v3 to 2026-09-19 00:00:00+00:00
[2026-09-21 15:05:57,113] {scheduler_job.py:190} INFO - Processing /home/airflow/.local/lib/python3.6/site-packages/airflow/example_dags/example_branch_python_dop_operator_3.py took 0.204 seconds
[2026-09-21 15:06:28,015] {scheduler_job.py:182} INFO - Started process (PID=743) to work on /home/airflow/.local/lib/python3.6/site-packages/airflow/example_dags/example_branch_python_dop_operator_3.py
[2026-09-21 15:06:28,017] {scheduler_job.py:629} INFO - Processing file /home/airflow/.local/lib/python3.6/site-packages/airflow/example_dags/example_branch_python_dop_operator_3.py for tasks to queue
[2026-09-21 15:06:28,018] {logging_mixin.py:104} INFO - [2026-09-21 15:06:28,018] {dagbag.py:451} INFO - Filling up the DagBag from /home/airflow/.local/lib/python3.6/site-packages/airflow/example_dags/example_branch_python_dop_operator_3.py
[2026-09-21 15:06:28,039] {scheduler_job.py:639} INFO - DAG(s) dict_keys(['example_branch_dop_operator_v3']) retrieved from /home/airflow/.local/lib/python3.6/site-packages/airflow/example_dags/example_branch_python_dop_operator_3.py
[2026-09-21 15:06:28,066] {logging_mixin.py:104} INFO - [2026-09-21 15:06:28,066] {dag.py:1824} INFO - Sync 1 DAGs
[2026-09-21 15:06:28,115] {logging_mixin.py:104} INFO - [2026-09-21 15:06:28,115] {dag.py:2280} INFO - Setting next_dagrun for example_branch_dop_operator_v3 to 2026-09-19 00:00:00+00:00
[2026-09-21 15:06:28,132] {scheduler_job.py:190} INFO - Processing /home/airflow/.local/lib/python3.6/site-packages/airflow/example_dags/example_branch_python_dop_operator_3.py took 0.121 seconds
[2026-09-21 15:06:58,278] {scheduler_job.py:182} INFO - Started process (PID=769) to work on /home/airflow/.local/lib/python3.6/site-packages/airflow/example_dags/example_branch_python_dop_operator_3.py
[2026-09-21 15:06:58,279] {scheduler_job.py:629} INFO - Processing file /home/airflow/.local/lib/python3.6/site-packages/airflow/example_dags/example_branch_python_dop_operator_3.py for tasks to queue
[2026-09-21 15:06:58,280] {logging_mixin.py:104} INFO - [2026-09-21 15:06:58,280] {dagbag.py:451} INFO - Filling up the DagBag from /home/airflow/.local/lib/python3.6/site-packages/airflow/example_dags/example_branch_python_dop_operator_3.py
[2026-09-21 15:06:58,299] {scheduler_job.py:639} INFO - DAG(s) dict_keys(['example_branch_dop_operator_v3']) retrieved from /home/airflow/.local/lib/python3.6/site-packages/airflow/example_dags/example_branch_python_dop_operator_3.py
[2026-09-21 15:06:58,324] {logging_mixin.py:104} INFO - [2026-09-21 15:06:58,323] {dag.py:1824} INFO - Sync 1 DAGs
[2026-09-21 15:06:58,360] {logging_mixin.py:104} INFO - [2026-09-21 15:06:58,360] {dag.py:2280} INFO - Setting next_dagrun for example_branch_dop_operator_v3 to 2026-09-19 00:00:00+00:00
[2026-09-21 15:06:58,373] {scheduler_job.py:190} INFO - Processing /home/airflow/.local/lib/python3.6/site-packages/airflow/example_dags/example_branch_python_dop_operator_3.py took 0.098 seconds
[2026-09-21 15:07:28,679] {scheduler_job.py:182} INFO - Started process (PID=797) to work on /home/airflow/.local/lib/python3.6/site-packages/airflow/example_dags/example_branch_python_dop_operator_3.py
[2026-09-21 15:07:28,681] {scheduler_job.py:629} INFO - Processing file /home/airflow/.local/lib/python3.6/site-packages/airflow/example_dags/example_branch_python_dop_operator_3.py for tasks to queue
[2026-09-21 15:07:28,682] {logging_mixin.py:104} INFO - [2026-09-21 15:07:28,682] {dagbag.py:451} INFO - Filling up the DagBag from /home/airflow/.local/lib/python3.6/site-packages/airflow/example_dags/example_branch_python_dop_operator_3.py
[2026-09-21 15:07:28,716] {scheduler_job.py:639} INFO - DAG(s) dict_keys(['example_branch_dop_operator_v3']) retrieved from /home/airflow/.local/lib/python3.6/site-packages/airflow/example_dags/example_branch_python_dop_operator_3.py
[2026-09-21 15:07:28,762] {logging_mixin.py:104} INFO - [2026-09-21 15:07:28,762] {dag.py:1824} INFO - Sync 1 DAGs
[2026-09-21 15:07:28,830] {logging_mixin.py:104} INFO - [2026-09-21 15:07:28,829] {dag.py:2280} INFO - Setting next_dagrun for example_branch_dop_operator_v3 to 2026-09-19 00:00:00+00:00
[2026-09-21 15:07:28,851] {scheduler_job.py:190} INFO - Processing /home/airflow/.local/lib/python3.6/site-packages/airflow/example_dags/example_branch_python_dop_operator_3.py took 0.178 seconds
[2026-09-21 15:07:59,509] {scheduler_job.py:182} INFO - Started process (PID=824) to work on /home/airflow/.local/lib/python3.6/site-packages/airflow/example_dags/example_branch_python_dop_operator_3.py
[2026-09-21 15:07:59,511] {scheduler_job.py:629} INFO - Processing file /home/airflow/.local/lib/python3.6/site-packages/airflow/example_dags/example_branch_python_dop_operator_3.py for tasks to queue
[2026-09-21 15:07:59,513] {logging_mixin.py:104} INFO - [2026-09-21 15:07:59,512] {dagbag.py:451} INFO - Filling up the DagBag from /home/airflow/.local/lib/python3.6/site-packages/airflow/example_dags/example_branch_python_dop_operator_3.py
[2026-09-21 15:07:59,552] {scheduler_job.py:639} INFO - DAG(s) dict_keys(['example_branch_dop_operator_v3']) retrieved from /home/airflow/.local/lib/python3.6/site-packages/airflow/example_dags/example_branch_python_dop_operator_3.py
[2026-09-21 15:07:59,614] {logging_mixin.py:104} INFO - [2026-09-21 15:07:59,614] {dag.py:1824} INFO - Sync 1 DAGs
[2026-09-21 15:07:59,688] {logging_mixin.py:104} INFO - [2026-09-21 15:07:59,688] {dag.py:2280} INFO - Setting next_dagrun for example_branch_dop_operator_v3 to 2026-09-19 00:00:00+00:00
[2026-09-21 15:07:59,713] {scheduler_job.py:190} INFO - Processing /home/airflow/.local/lib/python3.6/site-packages/airflow/example_dags/example_branch_python_dop_operator_3.py took 0.213 seconds
[2026-09-21 15:08:30,129] {scheduler_job.py:182} INFO - Started process (PID=850) to work on /home/airflow/.local/lib/python3.6/site-packages/airflow/example_dags/example_branch_python_dop_operator_3.py
[2026-09-21 15:08:30,131] {scheduler_job.py:629} INFO - Processing file /home/airflow/.local/lib/python3.6/site-packages/airflow/example_dags/example_branch_python_dop_operator_3.py for tasks to queue
[2026-09-21 15:08:30,143] {logging_mixin.py:104} INFO - [2026-09-21 15:08:30,142] {dagbag.py:451} INFO - Filling up the DagBag from /home/airflow/.local/lib/python3.6/site-packages/airflow/example_dags/example_branch_python_dop_operator_3.py
[2026-09-21 15:08:30,283] {scheduler_job.py:639} INFO - DAG(s) dict_keys(['example_branch_dop_operator_v3']) retrieved from /home/airflow/.local/lib/python3.6/site-packages/airflow/example_dags/example_branch_python_dop_operator_3.py
[2026-09-21 15:08:30,385] {logging_mixin.py:104} INFO - [2026-09-21 15:08:30,385] {dag.py:1824} INFO - Sync 1 DAGs
[2026-09-21 15:08:30,602] {logging_mixin.py:104} INFO - [2026-09-21 15:08:30,600] {dag.py:2280} INFO - Setting next_dagrun for example_branch_dop_operator_v3 to 2026-09-19 00:00:00+00:00
[2026-09-21 15:08:30,681] {scheduler_job.py:190} INFO - Processing /home/airflow/.local/lib/python3.6/site-packages/airflow/example_dags/example_branch_python_dop_operator_3.py took 0.582 seconds
[2026-09-21 15:09:00,888] {scheduler_job.py:182} INFO - Started process (PID=878) to work on /home/airflow/.local/lib/python3.6/site-packages/airflow/example_dags/example_branch_python_dop_operator_3.py
[2026-09-21 15:09:00,897] {scheduler_job.py:629} INFO - Processing file /home/airflow/.local/lib/python3.6/site-packages/airflow/example_dags/example_branch_python_dop_operator_3.py for tasks to queue
[2026-09-21 15:09:00,903] {logging_mixin.py:104} INFO - [2026-09-21 15:09:00,898] {dagbag.py:451} INFO - Filling up the DagBag from /home/airflow/.local/lib/python3.6/site-packages/airflow/example_dags/example_branch_python_dop_operator_3.py
[2026-09-21 15:09:00,953] {scheduler_job.py:639} INFO - DAG(s) dict_keys(['example_branch_dop_operator_v3']) retrieved from /home/airflow/.local/lib/python3.6/site-packages/airflow/example_dags/example_branch_python_dop_operator_3.py
[2026-09-21 15:09:01,039] {logging_mixin.py:104} INFO - [2026-09-21 15:09:01,039] {dag.py:1824} INFO - Sync 1 DAGs
[2026-09-21 15:09:01,141] {logging_mixin.py:104} INFO - [2026-09-21 15:09:01,141] {dag.py:2280} INFO - Setting next_dagrun for example_branch_dop_operator_v3 to 2026-09-19 00:00:00+00:00
[2026-09-21 15:09:01,176] {scheduler_job.py:190} INFO - Processing /home/airflow/.local/lib/python3.6/site-packages/airflow/example_dags/example_branch_python_dop_operator_3.py took 0.314 seconds
[2026-09-21 15:09:31,462] {scheduler_job.py:182} INFO - Started process (PID=904) to work on /home/airflow/.local/lib/python3.6/site-packages/airflow/example_dags/example_branch_python_dop_operator_3.py
[2026-09-21 15:09:31,465] {scheduler_job.py:629} INFO - Processing file /home/airflow/.local/lib/python3.6/site-packages/airflow/example_dags/example_branch_python_dop_operator_3.py for tasks to queue
[2026-09-21 15:09:31,468] {logging_mixin.py:104} INFO - [2026-09-21 15:09:31,467] {dagbag.py:451} INFO - Filling up the DagBag from /home/airflow/.local/lib/python3.6/site-packages/airflow/example_dags/example_branch_python_dop_operator_3.py
[2026-09-21 15:09:31,504] {scheduler_job.py:639} INFO - DAG(s) dict_keys(['example_branch_dop_operator_v3']) retrieved from /home/airflow/.local/lib/python3.6/site-packages/airflow/example_dags/example_branch_python_dop_operator_3.py
[2026-09-21 15:09:31,549] {logging_mixin.py:104} INFO - [2026-09-21 15:09:31,549] {dag.py:1824} INFO - Sync 1 DAGs
[2026-09-21 15:09:31,621] {logging_mixin.py:104} INFO - [2026-09-21 15:09:31,621] {dag.py:2280} INFO - Setting next_dagrun for example_branch_dop_operator_v3 to 2026-09-19 00:00:00+00:00
[2026-09-21 15:09:31,644] {scheduler_job.py:190} INFO - Processing /home/airflow/.local/lib/python3.6/site-packages/airflow/example_dags/example_branch_python_dop_operator_3.py took 0.189 seconds
[2026-09-21 15:10:01,891] {scheduler_job.py:182} INFO - Started process (PID=931) to work on /home/airflow/.local/lib/python3.6/site-packages/airflow/example_dags/example_branch_python_dop_operator_3.py
[2026-09-21 15:10:01,893] {scheduler_job.py:629} INFO - Processing file /home/airflow/.local/lib/python3.6/site-packages/airflow/example_dags/example_branch_python_dop_operator_3.py for tasks to queue
[2026-09-21 15:10:01,894] {logging_mixin.py:104} INFO - [2026-09-21 15:10:01,894] {dagbag.py:451} INFO - Filling up the DagBag from /home/airflow/.local/lib/python3.6/site-packages/airflow/example_dags/example_branch_python_dop_operator_3.py
[2026-09-21 15:10:01,927] {scheduler_job.py:639} INFO - DAG(s) dict_keys(['example_branch_dop_operator_v3']) retrieved from /home/airflow/.local/lib/python3.6/site-packages/airflow/example_dags/example_branch_python_dop_operator_3.py
[2026-09-21 15:10:01,966] {logging_mixin.py:104} INFO - [2026-09-21 15:10:01,966] {dag.py:1824} INFO - Sync 1 DAGs
[2026-09-21 15:10:02,026] {logging_mixin.py:104} INFO - [2026-09-21 15:10:02,026] {dag.py:2280} INFO - Setting next_dagrun for example_branch_dop_operator_v3 to 2026-09-19 00:00:00+00:00
[2026-09-21 15:10:02,044] {scheduler_job.py:190} INFO - Processing /home/airflow/.local/lib/python3.6/site-packages/airflow/example_dags/example_branch_python_dop_operator_3.py took 0.159 seconds
[2026-09-21 15:10:32,320] {scheduler_job.py:182} INFO - Started process (PID=958) to work on /home/airflow/.local/lib/python3.6/site-packages/airflow/example_dags/example_branch_python_dop_operator_3.py
[2026-09-21 15:10:32,322] {scheduler_job.py:629} INFO - Processing file /home/airflow/.local/lib/python3.6/site-packages/airflow/example_dags/example_branch_python_dop_operator_3.py for tasks to queue
[2026-09-21 15:10:32,324] {logging_mixin.py:104} INFO - [2026-09-21 15:10:32,323] {dagbag.py:451} INFO - Filling up the DagBag from /home/airflow/.local/lib/python3.6/site-packages/airflow/example_dags/example_branch_python_dop_operator_3.py
[2026-09-21 15:10:32,354] {scheduler_job.py:639} INFO - DAG(s) dict_keys(['example_branch_dop_operator_v3']) retrieved from /home/airflow/.local/lib/python3.6/site-packages/airflow/example_dags/example_branch_python_dop_operator_3.py
[2026-09-21 15:10:32,393] {logging_mixin.py:104} INFO - [2026-09-21 15:10:32,393] {dag.py:1824} INFO - Sync 1 DAGs
[2026-09-21 15:10:32,459] {logging_mixin.py:104} INFO - [2026-09-21 15:10:32,459] {dag.py:2280} INFO - Setting next_dagrun for example_branch_dop_operator_v3 to 2026-09-19 00:00:00+00:00
[2026-09-21 15:10:32,486] {scheduler_job.py:190} INFO - Processing /home/airflow/.local/lib/python3.6/site-packages/airflow/example_dags/example_branch_python_dop_operator_3.py took 0.170 seconds
