[2026-09-21 14:53:14,802] {scheduler_job.py:182} INFO - Started process (PID=46) to work on /home/airflow/.local/lib/python3.6/site-packages/airflow/example_dags/example_latest_only.py
[2026-09-21 14:53:14,803] {scheduler_job.py:629} INFO - Processing file /home/airflow/.local/lib/python3.6/site-packages/airflow/example_dags/example_latest_only.py for tasks to queue
[2026-09-21 14:53:14,805] {logging_mixin.py:104} INFO - [2026-09-21 14:53:14,805] {dagbag.py:451} INFO - Filling up the DagBag from /home/airflow/.local/lib/python3.6/site-packages/airflow/example_dags/example_latest_only.py
[2026-09-21 14:53:14,827] {scheduler_job.py:639} INFO - DAG(s) dict_keys(['latest_only']) retrieved from /home/airflow/.local/lib/python3.6/site-packages/airflow/example_dags/example_latest_only.py
[2026-09-21 14:53:14,877] {logging_mixin.py:104} INFO - [2026-09-21 14:53:14,876] {dag.py:1824} INFO - Sync 1 DAGs
[2026-09-21 14:53:14,897] {logging_mixin.py:104} INFO - [2026-09-21 14:53:14,897] {dag.py:1843} INFO - Creating ORM DAG for latest_only
[2026-09-21 14:53:14,913] {logging_mixin.py:104} INFO - [2026-09-21 14:53:14,913] {dag.py:2280} INFO - Setting next_dagrun for latest_only to 2026-09-19 00:00:00+00:00
[2026-09-21 14:53:14,949] {scheduler_job.py:190} INFO - Processing /home/airflow/.local/lib/python3.6/site-packages/airflow/example_dags/example_latest_only.py took 0.153 seconds
[2026-09-21 14:53:45,346] {scheduler_job.py:182} INFO - Started process (PID=73) to work on /home/airflow/.local/lib/python3.6/site-packages/airflow/example_dags/example_latest_only.py
[2026-09-21 14:53:45,347] {scheduler_job.py:629} INFO - Processing file /home/airflow/.local/lib/python3.6/site-packages/airflow/example_dags/example_latest_only.py for tasks to queue
[2026-09-21 14:53:45,348] {logging_mixin.py:104} INFO - [2026-09-21 14:53:45,348] {dagbag.py:451} INFO - Filling up the DagBag from /home/airflow/.local/lib/python3.6/site-packages/airflow/example_dags/example_latest_only.py
[2026-09-21 14:53:45,362] {scheduler_job.py:639} INFO - DAG(s) dict_keys(['latest_only']) retrieved from /home/airflow/.local/lib/python3.6/site-packages/airflow/example_dags/example_latest_only.py
[2026-09-21 14:53:45,388] {logging_mixin.py:104} INFO - [2026-09-21 14:53:45,388] {dag.py:1824} INFO - Sync 1 DAGs
[2026-09-21 14:53:45,407] {logging_mixin.py:104} INFO - [2026-09-21 14:53:45,407] {dag.py:2280} INFO - Setting next_dagrun for latest_only to 2026-09-19 00:00:00+00:00
[2026-09-21 14:53:45,424] {scheduler_job.py:190} INFO - Processing /home/airflow/.local/lib/python3.6/site-packages/airflow/example_dags/example_latest_only.py took 0.083 seconds
[2026-09-21 14:54:16,530] {scheduler_job.py:182} INFO - Started process (PID=102) to work on /home/airflow/.local/lib/python3.6/site-packages/airflow/example_dags/example_latest_only.py
[2026-09-21 14:54:16,532] {scheduler_job.py:629} INFO - Processing file /home/airflow/.local/lib/python3.6/site-packages/airflow/example_dags/example_latest_only.py for tasks to queue
[2026-09-21 14:54:16,533] {logging_mixin.py:104} INFO - [2026-09-21 14:54:16,533] {dagbag.py:451} INFO - Filling up the DagBag from /home/airflow/.local/lib/python3.6/site-packages/airflow/example_dags/example_latest_only.py
[2026-09-21 14:54:16,547] {scheduler_job.py:639} INFO - DAG(s) dict_keys(['latest_only']) retrieved from /home/airflow/.local/lib/python3.6/site-packages/airflow/example_dags/example_latest_only.py
[2026-09-21 14:54:16,576] {logging_mixin.py:104} INFO - [2026-09-21 14:54:16,576] {dag.py:1824} INFO - Sync 1 DAGs
[2026-09-21 14:54:16,599] {logging_mixin.py:104} INFO - [2026-09-21 14:54:16,599] {dag.py:2280} INFO - Setting next_dagrun for latest_only to 2026-09-19 00:00:00+00:00
[2026-09-21 14:54:16,620] {scheduler_job.py:190} INFO - Processing /home/airflow/.local/lib/python3.6/site-packages/airflow/example_dags/example_latest_only.py took 0.095 seconds
[2026-09-21 14:54:46,644] {scheduler_job.py:182} INFO - Started process (PID=129) to work on /home/airflow/.local/lib/python3.6/site-packages/airflow/example_dags/example_latest_only.py
[2026-09-21 14:54:46,645] {scheduler_job.py:629} INFO - Processing file /home/airflow/.local/lib/python3.6/site-packages/airflow/example_dags/example_latest_only.py for tasks to queue
[2026-09-21 14:54:46,646] {logging_mixin.py:104} INFO - [2026-09-21 14:54:46,646] {dagbag.py:451} INFO - Filling up the DagBag from /home/airflow/.local/lib/python3.6/site-packages/airflow/example_dags/example_latest_only.py
[2026-09-21 14:54:46,658] {scheduler_job.py:639} INFO - DAG(s) dict_keys(['latest_only']) retrieved from /home/airflow/.local/lib/python3.6/site-packages/airflow/example_dags/example_latest_only.py
[2026-09-21 14:54:46,681] {logging_mixin.py:104} INFO - [2026-09-21 14:54:46,681] {dag.py:1824} INFO - Sync 1 DAGs
[2026-09-21 14:54:46,699] {logging_mixin.py:104} INFO - [2026-09-21 14:54:46,699] {dag.py:2280} INFO - Setting next_dagrun for latest_only to 2026-09-19 00:00:00+00:00
[2026-09-21 14:54:46,715] {scheduler_job.py:190} INFO - Processing /home/airflow/.local/lib/python3.6/site-packages/airflow/example_dags/example_latest_only.py took 0.075 seconds
[2026-09-21 14:55:17,558] {scheduler_job.py:182} INFO - Started process (PID=156) to work on /home/airflow/.local/lib/python3.6/site-packages/airflow/example_dags/example_latest_only.py
[2026-09-21 14:55:17,559] {scheduler_job.py:629} INFO - Processing file /home/airflow/.local/lib/python3.6/site-packages/airflow/example_dags/example_latest_only.py for tasks to queue
[2026-09-21 14:55:17,560] {logging_mixin.py:104} INFO - [2026-09-21 14:55:17,559] {dagbag.py:451} INFO - Filling up the DagBag from /home/airflow/.local/lib/python3.6/site-packages/airflow/example_dags/example_latest_only.py
[2026-09-21 14:55:17,574] {scheduler_job.py:639} INFO - DAG(s) dict_keys(['latest_only']) retrieved from /home/airflow/.local/lib/python3.6/site-packages/airflow/example_dags/example_latest_only.py
[2026-09-21 14:55:17,597] {logging_mixin.py:104} INFO - [2026-09-21 14:55:17,597] {dag.py:1824} INFO - Sync 1 DAGs
[2026-09-21 14:55:17,615] {logging_mixin.py:104} INFO - [2026-09-21 14:55:17,615] {dag.py:2280} INFO - Setting next_dagrun for latest_only to 2026-09-19 00:00:00+00:00
[2026-09-21 14:55:17,630] {scheduler_job.py:190} INFO - Processing /home/airflow/.local/lib/python3.6/site-packages/airflow/example_dags/example_latest_only.py took 0.076 seconds
[2026-09-21 14:55:48,124] {scheduler_job.py:182} INFO - Started process (PID=183) to work on /home/airflow/.local/lib/python3.6/site-packages/airflow/example_dags/example_latest_only.py
[2026-09-21 14:55:48,125] {scheduler_job.py:629} INFO - Processing file /home/airflow/.local/lib/python3.6/site-packages/airflow/example_dags/example_latest_only.py for tasks to queue
[2026-09-21 14:55:48,126] {logging_mixin.py:104} INFO - [2026-09-21 14:55:48,126] {dagbag.py:451} INFO - Filling up the DagBag from /home/airflow/.local/lib/python3.6/site-packages/airflow/example_dags/example_latest_only.py
[2026-09-21 14:55:48,139] {scheduler_job.py:639} INFO - DAG(s) dict_keys(['latest_only']) retrieved from /home/airflow/.local/lib/python3.6/site-packages/airflow/example_dags/example_latest_only.py
[2026-09-21 14:55:48,165] {logging_mixin.py:104} INFO - [2026-09-21 14:55:48,164] {dag.py:1824} INFO - Sync 1 DAGs
[2026-09-21 14:55:48,183] {logging_mixin.py:104} INFO - [2026-09-21 14:55:48,183] {dag.py:2280} INFO - Setting next_dagrun for latest_only to 2026-09-19 00:00:00+00:00
[2026-09-21 14:55:48,199] {scheduler_job.py:190} INFO - Processing /home/airflow/.local/lib/python3.6/site-packages/airflow/example_dags/example_latest_only.py took 0.079 seconds
[2026-09-21 14:56:19,016] {scheduler_job.py:182} INFO - Started process (PID=210) to work on /home/airflow/.local/lib/python3.6/site-packages/airflow/example_dags/example_latest_only.py
[2026-09-21 14:56:19,018] {scheduler_job.py:629} INFO - Processing file /home/airflow/.local/lib/python3.6/site-packages/airflow/example_dags/example_latest_only.py for tasks to queue
[2026-09-21 14:56:19,019] {logging_mixin.py:104} INFO - [2026-09-21 14:56:19,019] {dagbag.py:451} INFO - Filling up the DagBag from /home/airflow/.local/lib/python3.6/site-packages/airflow/example_dags/example_latest_only.py
[2026-09-21 14:56:19,037] {scheduler_job.py:639} INFO - DAG(s) dict_keys(['latest_only']) retrieved from /home/airflow/.local/lib/python3.6/site-packages/airflow/example_dags/example_latest_only.py
[2026-09-21 14:56:19,074] {logging_mixin.py:104} INFO - [2026-09-21 14:56:19,074] {dag.py:1824} INFO - Sync 1 DAGs
[2026-09-21 14:56:19,107] {logging_mixin.py:104} INFO - [2026-09-21 14:56:19,107] {dag.py:2280} INFO - Setting next_dagrun for latest_only to 2026-09-19 00:00:00+00:00
[2026-09-21 14:56:19,125] {scheduler_job.py:190} INFO - Processing /home/airflow/.local/lib/python3.6/site-packages/airflow/example_dags/example_latest_only.py took 0.113 seconds
[2026-09-21 14:56:49,799] {scheduler_job.py:182} INFO - Started process (PID=237) to work on /home/airflow/.local/lib/python3.6/site-packages/airflow/example_dags/example_latest_only.py
[2026-09-21 14:56:49,800] {scheduler_job.py:629} INFO - Processing file /home/airflow/.local/lib/python3.6/site-packages/airflow/example_dags/example_latest_only.py for tasks to queue
[2026-09-21 14:56:49,801] {logging_mixin.py:104} INFO - [2026-09-21 14:56:49,801] {dagbag.py:451} INFO - Filling up the DagBag from /home/airflow/.local/lib/python3.6/site-packages/airflow/example_dags/example_latest_only.py
[2026-09-21 14:56:49,815] {scheduler_job.py:639} INFO - DAG(s) dict_keys(['latest_only']) retrieved from /home/airflow/.local/lib/python3.6/site-packages/airflow/example_dags/example_latest_only.py
[2026-09-21 14:56:49,840] {logging_mixin.py:104} INFO - [2026-09-21 14:56:49,840] {dag.py:1824} INFO - Sync 1 DAGs
[2026-09-21 14:56:49,861] {logging_mixin.py:104} INFO - [2026-09-21 14:56:49,860] {dag.py:2280} INFO - Setting next_dagrun for latest_only to 2026-09-19 00:00:00+00:00
[2026-09-21 14:56:49,882] {scheduler_job.py:190} INFO - Processing /home/airflow/.local/lib/python3.6/site-packages/airflow/example_dags/example_latest_only.py took 0.087 seconds
[2026-09-21 14:57:20,860] {scheduler_job.py:182} INFO - Started process (PID=264) to work on /home/airflow/.local/lib/python3.6/site-packages/airflow/example_dags/example_latest_only.py
[2026-09-21 14:57:20,862] {scheduler_job.py:629} INFO - Processing file /home/airflow/.local/lib/python3.6/site-packages/airflow/example_dags/example_latest_only.py for tasks to queue
[2026-09-21 14:57:20,862] {logging_mixin.py:104} INFO - [2026-09-21 14:57:20,862] {dagbag.py:451} INFO - Filling up the DagBag from /home/airflow/.local/lib/python3.6/site-packages/airflow/example_dags/example_latest_only.py
[2026-09-21 14:57:20,876] {scheduler_job.py:639} INFO - DAG(s) dict_keys(['latest_only']) retrieved from /home/airflow/.local/lib/python3.6/site-packages/airflow/example_dags/example_latest_only.py
[2026-09-21 14:57:20,901] {logging_mixin.py:104} INFO - [2026-09-21 14:57:20,901] {dag.py:1824} INFO - Sync 1 DAGs
[2026-09-21 14:57:20,921] {logging_mixin.py:104} INFO - [2026-09-21 14:57:20,920] {dag.py:2280} INFO - Setting next_dagrun for latest_only to 2026-09-19 00:00:00+00:00
[2026-09-21 14:57:20,938] {scheduler_job.py:190} INFO - Processing /home/airflow/.local/lib/python3.6/site-packages/airflow/example_dags/example_latest_only.py took 0.083 seconds
[2026-09-21 14:57:51,091] {scheduler_job.py:182} INFO - Started process (PID=291) to work on /home/airflow/.local/lib/python3.6/site-packages/airflow/example_dags/example_latest_only.py
[2026-09-21 14:57:51,092] {scheduler_job.py:629} INFO - Processing file /home/airflow/.local/lib/python3.6/site-packages/airflow/example_dags/example_latest_only.py for tasks to queue
[2026-09-21 14:57:51,093] {logging_mixin.py:104} INFO - [2026-09-21 14:57:51,093] {dagbag.py:451} INFO - Filling up the DagBag from /home/airflow/.local/lib/python3.6/site-packages/airflow/example_dags/example_latest_only.py
[2026-09-21 14:57:51,108] {scheduler_job.py:639} INFO - DAG(s) dict_keys(['latest_only']) retrieved from /home/airflow/.local/lib/python3.6/site-packages/airflow/example_dags/example_latest_only.py
[2026-09-21 14:57:51,135] {logging_mixin.py:104} INFO - [2026-09-21 14:57:51,135] {dag.py:1824} INFO - Sync 1 DAGs
[2026-09-21 14:57:51,156] {logging_mixin.py:104} INFO - [2026-09-21 14:57:51,155] {dag.py:2280} INFO - Setting next_dagrun for latest_only to 2026-09-19 00:00:00+00:00
[2026-09-21 14:57:51,173] {scheduler_job.py:190} INFO - Processing /home/airflow/.local/lib/python3.6/site-packages/airflow/example_dags/example_latest_only.py took 0.086 seconds
[2026-09-21 14:58:21,271] {scheduler_job.py:182} INFO - Started process (PID=318) to work on /home/airflow/.local/lib/python3.6/site-packages/airflow/example_dags/example_latest_only.py
[2026-09-21 14:58:21,272] {scheduler_job.py:629} INFO - Processing file /home/airflow/.local/lib/python3.6/site-packages/airflow/example_dags/example_latest_only.py for tasks to queue
[2026-09-21 14:58:21,273] {logging_mixin.py:104} INFO - [2026-09-21 14:58:21,272] {dagbag.py:451} INFO - Filling up the DagBag from /home/airflow/.local/lib/python3.6/site-packages/airflow/example_dags/example_latest_only.py
[2026-09-21 14:58:21,285] {scheduler_job.py:639} INFO - DAG(s) dict_keys(['latest_only']) retrieved from /home/airflow/.local/lib/python3.6/site-packages/airflow/example_dags/example_latest_only.py
[2026-09-21 14:58:21,307] {logging_mixin.py:104} INFO - [2026-09-21 14:58:21,307] {dag.py:1824} INFO - Sync 1 DAGs
[2026-09-21 14:58:21,326] {logging_mixin.py:104} INFO - [2026-09-21 14:58:21,326] {dag.py:2280} INFO - Setting next_dagrun for latest_only to 2026-09-19 00:00:00+00:00
[2026-09-21 14:58:21,339] {scheduler_job.py:190} INFO - Processing /home/airflow/.local/lib/python3.6/site-packages/airflow/example_dags/example_latest_only.py took 0.072 seconds
[2026-09-21 14:58:51,505] {scheduler_job.py:182} INFO - Started process (PID=345) to work on /home/airflow/.local/lib/python3.6/site-packages/airflow/example_dags/example_latest_only.py
[2026-09-21 14:58:51,508] {scheduler_job.py:629} INFO - Processing file /home/airflow/.local/lib/python3.6/site-packages/airflow/example_dags/example_latest_only.py for tasks to queue
[2026-09-21 14:58:51,509] {logging_mixin.py:104} INFO - [2026-09-21 14:58:51,509] {dagbag.py:451} INFO - Filling up the DagBag from /home/airflow/.local/lib/python3.6/site-packages/airflow/example_dags/example_latest_only.py
[2026-09-21 14:58:51,529] {scheduler_job.py:639} INFO - DAG(s) dict_keys(['latest_only']) retrieved from /home/airflow/.local/lib/python3.6/site-packages/airflow/example_dags/example_latest_only.py
[2026-09-21 14:58:51,563] {logging_mixin.py:104} INFO - [2026-09-21 14:58:51,563] {dag.py:1824} INFO - Sync 1 DAGs
[2026-09-21 14:58:51,587] {logging_mixin.py:104} INFO - [2026-09-21 14:58:51,587] {dag.py:2280} INFO - Setting next_dagrun for latest_only to 2026-09-19 00:00:00+00:00
[2026-09-21 14:58:51,606] {scheduler_job.py:190} INFO - Processing /home/airflow/.local/lib/python3.6/site-packages/airflow/example_dags/example_latest_only.py took 0.106 seconds
[2026-09-21 14:59:21,992] {scheduler_job.py:182} INFO - Started process (PID=372) to work on /home/airflow/.local/lib/python3.6/site-packages/airflow/example_dags/example_latest_only.py
[2026-09-21 14:59:21,994] {scheduler_job.py:629} INFO - Processing file /home/airflow/.local/lib/python3.6/site-packages/airflow/example_dags/example_latest_only.py for tasks to queue
[2026-09-21 14:59:21,994] {logging_mixin.py:104} INFO - [2026-09-21 14:59:21,994] {dagbag.py:451} INFO - Filling up the DagBag from /home/airflow/.local/lib/python3.6/site-packages/airflow/example_dags/example_latest_only.py
[2026-09-21 14:59:22,008] {scheduler_job.py:639} INFO - DAG(s) dict_keys(['latest_only']) retrieved from /home/airflow/.local/lib/python3.6/site-packages/airflow/example_dags/example_latest_only.py
[2026-09-21 14:59:22,036] {logging_mixin.py:104} INFO - [2026-09-21 14:59:22,036] {dag.py:1824} INFO - Sync 1 DAGs
[2026-09-21 14:59:22,056] {logging_mixin.py:104} INFO - [2026-09-21 14:59:22,056] {dag.py:2280} INFO - Setting next_dagrun for latest_only to 2026-09-19 00:00:00+00:00
[2026-09-21 14:59:22,073] {scheduler_job.py:190} INFO - Processing /home/airflow/.local/lib/python3.6/site-packages/airflow/example_dags/example_latest_only.py took 0.084 seconds
[2026-09-21 14:59:52,336] {scheduler_job.py:182} INFO - Started process (PID=397) to work on /home/airflow/.local/lib/python3.6/site-packages/airflow/example_dags/example_latest_only.py
[2026-09-21 14:59:52,337] {scheduler_job.py:629} INFO - Processing file /home/airflow/.local/lib/python3.6/site-packages/airflow/example_dags/example_latest_only.py for tasks to queue
[2026-09-21 14:59:52,338] {logging_mixin.py:104} INFO - [2026-09-21 14:59:52,337] {dagbag.py:451} INFO - Filling up the DagBag from /home/airflow/.local/lib/python3.6/site-packages/airflow/example_dags/example_latest_only.py
[2026-09-21 14:59:52,351] {scheduler_job.py:639} INFO - DAG(s) dict_keys(['latest_only']) retrieved from /home/airflow/.local/lib/python3.6/site-packages/airflow/example_dags/example_latest_only.py
[2026-09-21 14:59:52,376] {logging_mixin.py:104} INFO - [2026-09-21 14:59:52,376] {dag.py:1824} INFO - Sync 1 DAGs
[2026-09-21 14:59:52,399] {logging_mixin.py:104} INFO - [2026-09-21 14:59:52,399] {dag.py:2280} INFO - Setting next_dagrun for latest_only to 2026-09-19 00:00:00+00:00
[2026-09-21 14:59:52,417] {scheduler_job.py:190} INFO - Processing /home/airflow/.local/lib/python3.6/site-packages/airflow/example_dags/example_latest_only.py took 0.086 seconds
[2026-09-21 15:00:22,647] {scheduler_job.py:182} INFO - Started process (PID=423) to work on /home/airflow/.local/lib/python3.6/site-packages/airflow/example_dags/example_latest_only.py
[2026-09-21 15:00:22,650] {scheduler_job.py:629} INFO - Processing file /home/airflow/.local/lib/python3.6/site-packages/airflow/example_dags/example_latest_only.py for tasks to queue
[2026-09-21 15:00:22,651] {logging_mixin.py:104} INFO - [2026-09-21 15:00:22,651] {dagbag.py:451} INFO - Filling up the DagBag from /home/airflow/.local/lib/python3.6/site-packages/airflow/example_dags/example_latest_only.py
[2026-09-21 15:00:22,673] {scheduler_job.py:639} INFO - DAG(s) dict_keys(['latest_only']) retrieved from /home/airflow/.local/lib/python3.6/site-packages/airflow/example_dags/example_latest_only.py
[2026-09-21 15:00:22,715] {logging_mixin.py:104} INFO - [2026-09-21 15:00:22,715] {dag.py:1824} INFO - Sync 1 DAGs
[2026-09-21 15:00:22,746] {logging_mixin.py:104} INFO - [2026-09-21 15:00:22,745] {dag.py:2280} INFO - Setting next_dagrun for latest_only to 2026-09-19 00:00:00+00:00
[2026-09-21 15:00:22,770] {scheduler_job.py:190} INFO - Processing /home/airflow/.local/lib/python3.6/site-packages/airflow/example_dags/example_latest_only.py took 0.128 seconds
[2026-09-21 15:00:52,811] {scheduler_job.py:182} INFO - Started process (PID=450) to work on /home/airflow/.local/lib/python3.6/site-packages/airflow/example_dags/example_latest_only.py
[2026-09-21 15:00:52,812] {scheduler_job.py:629} INFO - Processing file /home/airflow/.local/lib/python3.6/site-packages/airflow/example_dags/example_latest_only.py for tasks to queue
[2026-09-21 15:00:52,813] {logging_mixin.py:104} INFO - [2026-09-21 15:00:52,813] {dagbag.py:451} INFO - Filling up the DagBag from /home/airflow/.local/lib/python3.6/site-packages/airflow/example_dags/example_latest_only.py
[2026-09-21 15:00:52,827] {scheduler_job.py:639} INFO - DAG(s) dict_keys(['latest_only']) retrieved from /home/airflow/.local/lib/python3.6/site-packages/airflow/example_dags/example_latest_only.py
[2026-09-21 15:00:52,852] {logging_mixin.py:104} INFO - [2026-09-21 15:00:52,852] {dag.py:1824} INFO - Sync 1 DAGs
[2026-09-21 15:00:52,871] {logging_mixin.py:104} INFO - [2026-09-21 15:00:52,870] {dag.py:2280} INFO - Setting next_dagrun for latest_only to 2026-09-19 00:00:00+00:00
[2026-09-21 15:00:52,889] {scheduler_job.py:190} INFO - Processing /home/airflow/.local/lib/python3.6/site-packages/airflow/example_dags/example_latest_only.py took 0.082 seconds
[2026-09-21 15:01:23,237] {scheduler_job.py:182} INFO - Started process (PID=478) to work on /home/airflow/.local/lib/python3.6/site-packages/airflow/example_dags/example_latest_only.py
[2026-09-21 15:01:23,238] {scheduler_job.py:629} INFO - Processing file /home/airflow/.local/lib/python3.6/site-packages/airflow/example_dags/example_latest_only.py for tasks to queue
[2026-09-21 15:01:23,239] {logging_mixin.py:104} INFO - [2026-09-21 15:01:23,238] {dagbag.py:451} INFO - Filling up the DagBag from /home/airflow/.local/lib/python3.6/site-packages/airflow/example_dags/example_latest_only.py
[2026-09-21 15:01:23,253] {scheduler_job.py:639} INFO - DAG(s) dict_keys(['latest_only']) retrieved from /home/airflow/.local/lib/python3.6/site-packages/airflow/example_dags/example_latest_only.py
[2026-09-21 15:01:23,280] {logging_mixin.py:104} INFO - [2026-09-21 15:01:23,280] {dag.py:1824} INFO - Sync 1 DAGs
[2026-09-21 15:01:23,300] {logging_mixin.py:104} INFO - [2026-09-21 15:01:23,300] {dag.py:2280} INFO - Setting next_dagrun for latest_only to 2026-09-19 00:00:00+00:00
[2026-09-21 15:01:23,317] {scheduler_job.py:190} INFO - Processing /home/airflow/.local/lib/python3.6/site-packages/airflow/example_dags/example_latest_only.py took 0.084 seconds
[2026-09-21 15:01:53,843] {scheduler_job.py:182} INFO - Started process (PID=505) to work on /home/airflow/.local/lib/python3.6/site-packages/airflow/example_dags/example_latest_only.py
[2026-09-21 15:01:53,845] {scheduler_job.py:629} INFO - Processing file /home/airflow/.local/lib/python3.6/site-packages/airflow/example_dags/example_latest_only.py for tasks to queue
[2026-09-21 15:01:53,846] {logging_mixin.py:104} INFO - [2026-09-21 15:01:53,846] {dagbag.py:451} INFO - Filling up the DagBag from /home/airflow/.local/lib/python3.6/site-packages/airflow/example_dags/example_latest_only.py
[2026-09-21 15:01:53,860] {scheduler_job.py:639} INFO - DAG(s) dict_keys(['latest_only']) retrieved from /home/airflow/.local/lib/python3.6/site-packages/airflow/example_dags/example_latest_only.py
[2026-09-21 15:01:53,891] {logging_mixin.py:104} INFO - [2026-09-21 15:01:53,891] {dag.py:1824} INFO - Sync 1 DAGs
[2026-09-21 15:01:53,914] {logging_mixin.py:104} INFO - [2026-09-21 15:01:53,914] {dag.py:2280} INFO - Setting next_dagrun for latest_only to 2026-09-19 00:00:00+00:00
[2026-09-21 15:01:53,936] {scheduler_job.py:190} INFO - Processing /home/airflow/.local/lib/python3.6/site-packages/airflow/example_dags/example_latest_only.py took 0.098 seconds
[2026-09-21 15:02:24,578] {scheduler_job.py:182} INFO - Started process (PID=531) to work on /home/airflow/.local/lib/python3.6/site-packages/airflow/example_dags/example_latest_only.py
[2026-09-21 15:02:24,579] {scheduler_job.py:629} INFO - Processing file /home/airflow/.local/lib/python3.6/site-packages/airflow/example_dags/example_latest_only.py for tasks to queue
[2026-09-21 15:02:24,580] {logging_mixin.py:104} INFO - [2026-09-21 15:02:24,580] {dagbag.py:451} INFO - Filling up the DagBag from /home/airflow/.local/lib/python3.6/site-packages/airflow/example_dags/example_latest_only.py
[2026-09-21 15:02:24,594] {scheduler_job.py:639} INFO - DAG(s) dict_keys(['latest_only']) retrieved from /home/airflow/.local/lib/python3.6/site-packages/airflow/example_dags/example_latest_only.py
[2026-09-21 15:02:24,622] {logging_mixin.py:104} INFO - [2026-09-21 15:02:24,622] {dag.py:1824} INFO - Sync 1 DAGs
[2026-09-21 15:02:24,642] {logging_mixin.py:104} INFO - [2026-09-21 15:02:24,642] {dag.py:2280} INFO - Setting next_dagrun for latest_only to 2026-09-19 00:00:00+00:00
[2026-09-21 15:02:24,660] {scheduler_job.py:190} INFO - Processing /home/airflow/.local/lib/python3.6/site-packages/airflow/example_dags/example_latest_only.py took 0.086 seconds
[2026-09-21 15:02:55,307] {scheduler_job.py:182} INFO - Started process (PID=558) to work on /home/airflow/.local/lib/python3.6/site-packages/airflow/example_dags/example_latest_only.py
[2026-09-21 15:02:55,309] {scheduler_job.py:629} INFO - Processing file /home/airflow/.local/lib/python3.6/site-packages/airflow/example_dags/example_latest_only.py for tasks to queue
[2026-09-21 15:02:55,310] {logging_mixin.py:104} INFO - [2026-09-21 15:02:55,310] {dagbag.py:451} INFO - Filling up the DagBag from /home/airflow/.local/lib/python3.6/site-packages/airflow/example_dags/example_latest_only.py
[2026-09-21 15:02:55,324] {scheduler_job.py:639} INFO - DAG(s) dict_keys(['latest_only']) retrieved from /home/airflow/.local/lib/python3.6/site-packages/airflow/example_dags/example_latest_only.py
[2026-09-21 15:02:55,349] {logging_mixin.py:104} INFO - [2026-09-21 15:02:55,348] {dag.py:1824} INFO - Sync 1 DAGs
[2026-09-21 15:02:55,368] {logging_mixin.py:104} INFO - [2026-09-21 15:02:55,368] {dag.py:2280} INFO - Setting next_dagrun for latest_only to 2026-09-19 00:00:00+00:00
[2026-09-21 15:02:55,384] {scheduler_job.py:190} INFO - Processing /home/airflow/.local/lib/python3.6/site-packages/airflow/example_dags/example_latest_only.py took 0.082 seconds
[2026-09-21 15:03:25,910] {scheduler_job.py:182} INFO - Started process (PID=585) to work on /home/airflow/.local/lib/python3.6/site-packages/airflow/example_dags/example_latest_only.py
[2026-09-21 15:03:25,911] {scheduler_job.py:629} INFO - Processing file /home/airflow/.local/lib/python3.6/site-packages/airflow/example_dags/example_latest_only.py for tasks to queue
[2026-09-21 15:03:25,912] {logging_mixin.py:104} INFO - [2026-09-21 15:03:25,912] {dagbag.py:451} INFO - Filling up the DagBag from /home/airflow/.local/lib/python3.6/site-packages/airflow/example_dags/example_latest_only.py
[2026-09-21 15:03:25,927] {scheduler_job.py:639} INFO - DAG(s) dict_keys(['latest_only']) retrieved from /home/airflow/.local/lib/python3.6/site-packages/airflow/example_dags/example_latest_only.py
[2026-09-21 15:03:25,954] {logging_mixin.py:104} INFO - [2026-09-21 15:03:25,954] {dag.py:1824} INFO - Sync 1 DAGs
[2026-09-21 15:03:25,982] {logging_mixin.py:104} INFO - [2026-09-21 15:03:25,982] {dag.py:2280} INFO - Setting next_dagrun for latest_only to 2026-09-19 00:00:00+00:00
[2026-09-21 15:03:26,002] {scheduler_job.py:190} INFO - Processing /home/airflow/.local/lib/python3.6/site-packages/airflow/example_dags/example_latest_only.py took 0.096 seconds
[2026-09-21 15:03:56,659] {scheduler_job.py:182} INFO - Started process (PID=612) to work on /home/airflow/.local/lib/python3.6/site-packages/airflow/example_dags/example_latest_only.py
[2026-09-21 15:03:56,660] {scheduler_job.py:629} INFO - Processing file /home/airflow/.local/lib/python3.6/site-packages/airflow/example_dags/example_latest_only.py for tasks to queue
[2026-09-21 15:03:56,661] {logging_mixin.py:104} INFO - [2026-09-21 15:03:56,661] {dagbag.py:451} INFO - Filling up the DagBag from /home/airflow/.local/lib/python3.6/site-packages/airflow/example_dags/example_latest_only.py
[2026-09-21 15:03:56,675] {scheduler_job.py:639} INFO - DAG(s) dict_keys(['latest_only']) retrieved from /home/airflow/.local/lib/python3.6/site-packages/airflow/example_dags/example_latest_only.py
[2026-09-21 15:03:56,706] {logging_mixin.py:104} INFO - [2026-09-21 15:03:56,705] {dag.py:1824} INFO - Sync 1 DAGs
[2026-09-21 15:03:56,743] {logging_mixin.py:104} INFO - [2026-09-21 15:03:56,743] {dag.py:2280} INFO - Setting next_dagrun for latest_only to 2026-09-19 00:00:00+00:00
[2026-09-21 15:03:56,767] {scheduler_job.py:190} INFO - Processing /home/airflow/.local/lib/python3.6/site-packages/airflow/example_dags/example_latest_only.py took 0.113 seconds
[2026-09-21 15:04:27,415] {scheduler_job.py:182} INFO - Started process (PID=639) to work on /home/airflow/.local/lib/python3.6/site-packages/airflow/example_dags/example_latest_only.py
[2026-09-21 15:04:27,416] {scheduler_job.py:629} INFO - Processing file /home/airflow/.local/lib/python3.6/site-packages/airflow/example_dags/example_latest_only.py for tasks to queue
[2026-09-21 15:04:27,418] {logging_mixin.py:104} INFO - [2026-09-21 15:04:27,418] {dagbag.py:451} INFO - Filling up the DagBag from /home/airflow/.local/lib/python3.6/site-packages/airflow/example_dags/example_latest_only.py
[2026-09-21 15:04:27,436] {scheduler_job.py:639} INFO - DAG(s) dict_keys(['latest_only']) retrieved from /home/airflow/.local/lib/python3.6/site-packages/airflow/example_dags/example_latest_only.py
[2026-09-21 15:04:27,475] {logging_mixin.py:104} INFO - [2026-09-21 15:04:27,475] {dag.py:1824} INFO - Sync 1 DAGs
[2026-09-21 15:04:27,504] {logging_mixin.py:104} INFO - [2026-09-21 15:04:27,503] {dag.py:2280} INFO - Setting next_dagrun for latest_only to 2026-09-19 00:00:00+00:00
[2026-09-21 15:04:27,521] {scheduler_job.py:190} INFO - Processing /home/airflow/.local/lib/python3.6/site-packages/airflow/example_dags/example_latest_only.py took 0.111 seconds
[2026-09-21 15:04:57,635] {scheduler_job.py:182} INFO - Started process (PID=667) to work on /home/airflow/.local/lib/python3.6/site-packages/airflow/example_dags/example_latest_only.py
[2026-09-21 15:04:57,636] {scheduler_job.py:629} INFO - Processing file /home/airflow/.local/lib/python3.6/site-packages/airflow/example_dags/example_latest_only.py for tasks to queue
[2026-09-21 15:04:57,637] {logging_mixin.py:104} INFO - [2026-09-21 15:04:57,637] {dagbag.py:451} INFO - Filling up the DagBag from /home/airflow/.local/lib/python3.6/site-packages/airflow/example_dags/example_latest_only.py
[2026-09-21 15:04:57,650] {scheduler_job.py:639} INFO - DAG(s) dict_keys(['latest_only']) retrieved from /home/airflow/.local/lib/python3.6/site-packages/airflow/example_dags/example_latest_only.py
[2026-09-21 15:04:57,678] {logging_mixin.py:104} INFO - [2026-09-21 15:04:57,678] {dag.py:1824} INFO - Sync 1 DAGs
[2026-09-21 15:04:57,701] {logging_mixin.py:104} INFO - [2026-09-21 15:04:57,701] {dag.py:2280} INFO - Setting next_dagrun for latest_only to 2026-09-19 00:00:00+00:00
[2026-09-21 15:04:57,718] {scheduler_job.py:190} INFO - Processing /home/airflow/.local/lib/python3.6/site-packages/airflow/example_dags/example_latest_only.py took 0.087 seconds
[2026-09-21 15:05:28,129] {scheduler_job.py:182} INFO - Started process (PID=696) to work on /home/airflow/.local/lib/python3.6/site-packages/airflow/example_dags/example_latest_only.py
[2026-09-21 15:05:28,130] {scheduler_job.py:629} INFO - Processing file /home/airflow/.local/lib/python3.6/site-packages/airflow/example_dags/example_latest_only.py for tasks to queue
[2026-09-21 15:05:28,131] {logging_mixin.py:104} INFO - [2026-09-21 15:05:28,131] {dagbag.py:451} INFO - Filling up the DagBag from /home/airflow/.local/lib/python3.6/site-packages/airflow/example_dags/example_latest_only.py
[2026-09-21 15:05:28,144] {scheduler_job.py:639} INFO - DAG(s) dict_keys(['latest_only']) retrieved from /home/airflow/.local/lib/python3.6/site-packages/airflow/example_dags/example_latest_only.py
[2026-09-21 15:05:28,167] {logging_mixin.py:104} INFO - [2026-09-21 15:05:28,167] {dag.py:1824} INFO - Sync 1 DAGs
[2026-09-21 15:05:28,186] {logging_mixin.py:104} INFO - [2026-09-21 15:05:28,186] {dag.py:2280} INFO - Setting next_dagrun for latest_only to 2026-09-19 00:00:00+00:00
[2026-09-21 15:05:28,202] {scheduler_job.py:190} INFO - Processing /home/airflow/.local/lib/python3.6/site-packages/airflow/example_dags/example_latest_only.py took 0.076 seconds
[2026-09-21 15:05:58,375] {scheduler_job.py:182} INFO - Started process (PID=721) to work on /home/airflow/.local/lib/python3.6/site-packages/airflow/example_dags/example_latest_only.py
[2026-09-21 15:05:58,376] {scheduler_job.py:629} INFO - Processing file /home/airflow/.local/lib/python3.6/site-packages/airflow/example_dags/example_latest_only.py for tasks to queue
[2026-09-21 15:05:58,377] {logging_mixin.py:104} INFO - [2026-09-21 15:05:58,376] {dagbag.py:451} INFO - Filling up the DagBag from /home/airflow/.local/lib/python3.6/site-packages/airflow/example_dags/example_latest_only.py
[2026-09-21 15:05:58,389] {scheduler_job.py:639} INFO - DAG(s) dict_keys(['latest_only']) retrieved from /home/airflow/.local/lib/python3.6/site-packages/airflow/example_dags/example_latest_only.py
[2026-09-21 15:05:58,421] {logging_mixin.py:104} INFO - [2026-09-21 15:05:58,421] {dag.py:1824} INFO - Sync 1 DAGs
[2026-09-21 15:05:58,453] {logging_mixin.py:104} INFO - [2026-09-21 15:05:58,453] {dag.py:2280} INFO - Setting next_dagrun for latest_only to 2026-09-19 00:00:00+00:00
[2026-09-21 15:05:58,475] {scheduler_job.py:190} INFO - Processing /home/airflow/.local/lib/python3.6/site-packages/airflow/example_dags/example_latest_only.py took 0.104 seconds
[2026-09-21 15:06:29,334] {scheduler_job.py:182} INFO - Started process (PID=747) to work on /home/airflow/.local/lib/python3.6/site-packages/airflow/example_dags/example_latest_only.py
[2026-09-21 15:06:29,336] {scheduler_job.py:629} INFO - Processing file /home/airflow/.local/lib/python3.6/site-packages/airflow/example_dags/example_latest_only.py for tasks to queue
[2026-09-21 15:06:29,337] {logging_mixin.py:104} INFO - [2026-09-21 15:06:29,337] {dagbag.py:451} INFO - Filling up the DagBag from /home/airflow/.local/lib/python3.6/site-packages/airflow/example_dags/example_latest_only.py
[2026-09-21 15:06:29,354] {scheduler_job.py:639} INFO - DAG(s) dict_keys(['latest_only']) retrieved from /home/airflow/.local/lib/python3.6/site-packages/airflow/example_dags/example_latest_only.py
[2026-09-21 15:06:29,385] {logging_mixin.py:104} INFO - [2026-09-21 15:06:29,385] {dag.py:1824} INFO - Sync 1 DAGs
[2026-09-21 15:06:29,410] {logging_mixin.py:104} INFO - [2026-09-21 15:06:29,410] {dag.py:2280} INFO - Setting next_dagrun for latest_only to 2026-09-19 00:00:00+00:00
[2026-09-21 15:06:29,435] {scheduler_job.py:190} INFO - Processing /home/airflow/.local/lib/python3.6/site-packages/airflow/example_dags/example_latest_only.py took 0.106 seconds
[2026-09-21 15:06:59,508] {scheduler_job.py:182} INFO - Started process (PID=775) to work on /home/airflow/.local/lib/python3.6/site-packages/airflow/example_dags/example_latest_only.py
[2026-09-21 15:06:59,510] {scheduler_job.py:629} INFO - Processing file /home/airflow/.local/lib/python3.6/site-packages/airflow/example_dags/example_latest_only.py for tasks to queue
[2026-09-21 15:06:59,511] {logging_mixin.py:104} INFO - [2026-09-21 15:06:59,510] {dagbag.py:451} INFO - Filling up the DagBag from /home/airflow/.local/lib/python3.6/site-packages/airflow/example_dags/example_latest_only.py
[2026-09-21 15:06:59,523] {scheduler_job.py:639} INFO - DAG(s) dict_keys(['latest_only']) retrieved from /home/airflow/.local/lib/python3.6/site-packages/airflow/example_dags/example_latest_only.py
[2026-09-21 15:06:59,548] {logging_mixin.py:104} INFO - [2026-09-21 15:06:59,548] {dag.py:1824} INFO - Sync 1 DAGs
[2026-09-21 15:06:59,569] {logging_mixin.py:104} INFO - [2026-09-21 15:06:59,569] {dag.py:2280} INFO - Setting next_dagrun for latest_only to 2026-09-19 00:00:00+00:00
[2026-09-21 15:06:59,584] {scheduler_job.py:190} INFO - Processing /home/airflow/.local/lib/python3.6/site-packages/airflow/example_dags/example_latest_only.py took 0.081 seconds
[2026-09-21 15:07:30,072] {scheduler_job.py:182} INFO - Started process (PID=801) to work on /home/airflow/.local/lib/python3.6/site-packages/airflow/example_dags/example_latest_only.py
[2026-09-21 15:07:30,073] {scheduler_job.py:629} INFO - Processing file /home/airflow/.local/lib/python3.6/site-packages/airflow/example_dags/example_latest_only.py for tasks to queue
[2026-09-21 15:07:30,074] {logging_mixin.py:104} INFO - [2026-09-21 15:07:30,074] {dagbag.py:451} INFO - Filling up the DagBag from /home/airflow/.local/lib/python3.6/site-packages/airflow/example_dags/example_latest_only.py
[2026-09-21 15:07:30,086] {scheduler_job.py:639} INFO - DAG(s) dict_keys(['latest_only']) retrieved from /home/airflow/.local/lib/python3.6/site-packages/airflow/example_dags/example_latest_only.py
[2026-09-21 15:07:30,113] {logging_mixin.py:104} INFO - [2026-09-21 15:07:30,113] {dag.py:1824} INFO - Sync 1 DAGs
[2026-09-21 15:07:30,132] {logging_mixin.py:104} INFO - [2026-09-21 15:07:30,132] {dag.py:2280} INFO - Setting next_dagrun for latest_only to 2026-09-19 00:00:00+00:00
[2026-09-21 15:07:30,148] {scheduler_job.py:190} INFO - Processing /home/airflow/.local/lib/python3.6/site-packages/airflow/example_dags/example_latest_only.py took 0.081 seconds
[2026-09-21 15:08:01,017] {scheduler_job.py:182} INFO - Started process (PID=828) to work on /home/airflow/.local/lib/python3.6/site-packages/airflow/example_dags/example_latest_only.py
[2026-09-21 15:08:01,019] {scheduler_job.py:629} INFO - Processing file /home/airflow/.local/lib/python3.6/site-packages/airflow/example_dags/example_latest_only.py for tasks to queue
[2026-09-21 15:08:01,020] {logging_mixin.py:104} INFO - [2026-09-21 15:08:01,020] {dagbag.py:451} INFO - Filling up the DagBag from /home/airflow/.local/lib/python3.6/site-packages/airflow/example_dags/example_latest_only.py
[2026-09-21 15:08:01,042] {scheduler_job.py:639} INFO - DAG(s) dict_keys(['latest_only']) retrieved from /home/airflow/.local/lib/python3.6/site-packages/airflow/example_dags/example_latest_only.py
[2026-09-21 15:08:01,116] {logging_mixin.py:104} INFO - [2026-09-21 15:08:01,115] {dag.py:1824} INFO - Sync 1 DAGs
[2026-09-21 15:08:01,162] {logging_mixin.py:104} INFO - [2026-09-21 15:08:01,162] {dag.py:2280} INFO - Setting next_dagrun for latest_only to 2026-09-19 00:00:00+00:00
[2026-09-21 15:08:01,201] {scheduler_job.py:190} INFO - Processing /home/airflow/.local/lib/python3.6/site-packages/airflow/example_dags/example_latest_only.py took 0.189 seconds
[2026-09-21 15:08:31,283] {scheduler_job.py:182} INFO - Started process (PID=855) to work on /home/airflow/.local/lib/python3.6/site-packages/airflow/example_dags/example_latest_only.py
[2026-09-21 15:08:31,287] {scheduler_job.py:629} INFO - Processing file /home/airflow/.local/lib/python3.6/site-packages/airflow/example_dags/example_latest_only.py for tasks to queue
[2026-09-21 15:08:31,289] {logging_mixin.py:104} INFO - [2026-09-21 15:08:31,288] {dagbag.py:451} INFO - Filling up the DagBag from /home/airflow/.local/lib/python3.6/site-packages/airflow/example_dags/example_latest_only.py
[2026-09-21 15:08:31,309] {scheduler_job.py:639} INFO - DAG(s) dict_keys(['latest_only']) retrieved from /home/airflow/.local/lib/python3.6/site-packages/airflow/example_dags/example_latest_only.py
[2026-09-21 15:08:31,353] {logging_mixin.py:104} INFO - [2026-09-21 15:08:31,351] {dag.py:1824} INFO - Sync 1 DAGs
[2026-09-21 15:08:31,388] {logging_mixin.py:104} INFO - [2026-09-21 15:08:31,387] {dag.py:2280} INFO - Setting next_dagrun for latest_only to 2026-09-19 00:00:00+00:00
[2026-09-21 15:08:31,420] {scheduler_job.py:190} INFO - Processing /home/airflow/.local/lib/python3.6/site-packages/airflow/example_dags/example_latest_only.py took 0.143 seconds
[2026-09-21 15:09:01,560] {scheduler_job.py:182} INFO - Started process (PID=881) to work on /home/airflow/.local/lib/python3.6/site-packages/airflow/example_dags/example_latest_only.py
[2026-09-21 15:09:01,565] {scheduler_job.py:629} INFO - Processing file /home/airflow/.local/lib/python3.6/site-packages/airflow/example_dags/example_latest_only.py for tasks to queue
[2026-09-21 15:09:01,583] {logging_mixin.py:104} INFO - [2026-09-21 15:09:01,576] {dagbag.py:451} INFO - Filling up the DagBag from /home/airflow/.local/lib/python3.6/site-packages/airflow/example_dags/example_latest_only.py
[2026-09-21 15:09:01,625] {scheduler_job.py:639} INFO - DAG(s) dict_keys(['latest_only']) retrieved from /home/airflow/.local/lib/python3.6/site-packages/airflow/example_dags/example_latest_only.py
[2026-09-21 15:09:01,741] {logging_mixin.py:104} INFO - [2026-09-21 15:09:01,741] {dag.py:1824} INFO - Sync 1 DAGs
[2026-09-21 15:09:01,800] {logging_mixin.py:104} INFO - [2026-09-21 15:09:01,800] {dag.py:2280} INFO - Setting next_dagrun for latest_only to 2026-09-19 00:00:00+00:00
[2026-09-21 15:09:01,856] {scheduler_job.py:190} INFO - Processing /home/airflow/.local/lib/python3.6/site-packages/airflow/example_dags/example_latest_only.py took 0.331 seconds
[2026-09-21 15:09:32,813] {scheduler_job.py:182} INFO - Started process (PID=909) to work on /home/airflow/.local/lib/python3.6/site-packages/airflow/example_dags/example_latest_only.py
[2026-09-21 15:09:32,816] {scheduler_job.py:629} INFO - Processing file /home/airflow/.local/lib/python3.6/site-packages/airflow/example_dags/example_latest_only.py for tasks to queue
[2026-09-21 15:09:32,818] {logging_mixin.py:104} INFO - [2026-09-21 15:09:32,817] {dagbag.py:451} INFO - Filling up the DagBag from /home/airflow/.local/lib/python3.6/site-packages/airflow/example_dags/example_latest_only.py
[2026-09-21 15:09:32,846] {scheduler_job.py:639} INFO - DAG(s) dict_keys(['latest_only']) retrieved from /home/airflow/.local/lib/python3.6/site-packages/airflow/example_dags/example_latest_only.py
[2026-09-21 15:09:32,918] {logging_mixin.py:104} INFO - [2026-09-21 15:09:32,917] {dag.py:1824} INFO - Sync 1 DAGs
[2026-09-21 15:09:32,971] {logging_mixin.py:104} INFO - [2026-09-21 15:09:32,971] {dag.py:2280} INFO - Setting next_dagrun for latest_only to 2026-09-19 00:00:00+00:00
[2026-09-21 15:09:33,007] {scheduler_job.py:190} INFO - Processing /home/airflow/.local/lib/python3.6/site-packages/airflow/example_dags/example_latest_only.py took 0.200 seconds
[2026-09-21 15:10:03,249] {scheduler_job.py:182} INFO - Started process (PID=936) to work on /home/airflow/.local/lib/python3.6/site-packages/airflow/example_dags/example_latest_only.py
[2026-09-21 15:10:03,251] {scheduler_job.py:629} INFO - Processing file /home/airflow/.local/lib/python3.6/site-packages/airflow/example_dags/example_latest_only.py for tasks to queue
[2026-09-21 15:10:03,252] {logging_mixin.py:104} INFO - [2026-09-21 15:10:03,252] {dagbag.py:451} INFO - Filling up the DagBag from /home/airflow/.local/lib/python3.6/site-packages/airflow/example_dags/example_latest_only.py
[2026-09-21 15:10:03,272] {scheduler_job.py:639} INFO - DAG(s) dict_keys(['latest_only']) retrieved from /home/airflow/.local/lib/python3.6/site-packages/airflow/example_dags/example_latest_only.py
[2026-09-21 15:10:03,313] {logging_mixin.py:104} INFO - [2026-09-21 15:10:03,313] {dag.py:1824} INFO - Sync 1 DAGs
[2026-09-21 15:10:03,348] {logging_mixin.py:104} INFO - [2026-09-21 15:10:03,347] {dag.py:2280} INFO - Setting next_dagrun for latest_only to 2026-09-19 00:00:00+00:00
[2026-09-21 15:10:03,368] {scheduler_job.py:190} INFO - Processing /home/airflow/.local/lib/python3.6/site-packages/airflow/example_dags/example_latest_only.py took 0.123 seconds
[2026-09-21 15:10:34,561] {scheduler_job.py:182} INFO - Started process (PID=964) to work on /home/airflow/.local/lib/python3.6/site-packages/airflow/example_dags/example_latest_only.py
[2026-09-21 15:10:34,563] {scheduler_job.py:629} INFO - Processing file /home/airflow/.local/lib/python3.6/site-packages/airflow/example_dags/example_latest_only.py for tasks to queue
[2026-09-21 15:10:34,564] {logging_mixin.py:104} INFO - [2026-09-21 15:10:34,564] {dagbag.py:451} INFO - Filling up the DagBag from /home/airflow/.local/lib/python3.6/site-packages/airflow/example_dags/example_latest_only.py
[2026-09-21 15:10:34,585] {scheduler_job.py:639} INFO - DAG(s) dict_keys(['latest_only']) retrieved from /home/airflow/.local/lib/python3.6/site-packages/airflow/example_dags/example_latest_only.py
[2026-09-21 15:10:35,452] {logging_mixin.py:104} INFO - [2026-09-21 15:10:35,452] {process_utils.py:206} INFO - Waiting up to 5 seconds for processes to exit...
