[2026-09-21 14:53:13,779] {scheduler_job.py:182} INFO - Started process (PID=43) to work on /home/airflow/.local/lib/python3.6/site-packages/airflow/example_dags/example_xcomargs.py
[2026-09-21 14:53:13,781] {scheduler_job.py:629} INFO - Processing file /home/airflow/.local/lib/python3.6/site-packages/airflow/example_dags/example_xcomargs.py for tasks to queue
[2026-09-21 14:53:13,782] {logging_mixin.py:104} INFO - [2026-09-21 14:53:13,782] {dagbag.py:451} INFO - Filling up the DagBag from /home/airflow/.local/lib/python3.6/site-packages/airflow/example_dags/example_xcomargs.py
[2026-09-21 14:53:13,814] {scheduler_job.py:639} INFO - DAG(s) dict_keys(['example_xcom_args', 'example_xcom_args_with_operators']) retrieved from /home/airflow/.local/lib/python3.6/site-packages/airflow/example_dags/example_xcomargs.py
[2026-09-21 14:53:13,877] {logging_mixin.py:104} INFO - [2026-09-21 14:53:13,877] {dag.py:1824} INFO - Sync 2 DAGs
[2026-09-21 14:53:13,898] {logging_mixin.py:104} INFO - [2026-09-21 14:53:13,898] {dag.py:1843} INFO - Creating ORM DAG for example_xcom_args
[2026-09-21 14:53:13,899] {logging_mixin.py:104} INFO - [2026-09-21 14:53:13,899] {dag.py:1843} INFO - Creating ORM DAG for example_xcom_args_with_operators
[2026-09-21 14:53:13,909] {logging_mixin.py:104} INFO - [2026-09-21 14:53:13,909] {dag.py:2280} INFO - Setting next_dagrun for example_xcom_args to None
[2026-09-21 14:53:13,911] {logging_mixin.py:104} INFO - [2026-09-21 14:53:13,910] {dag.py:2280} INFO - Setting next_dagrun for example_xcom_args_with_operators to None
[2026-09-21 14:53:13,947] {scheduler_job.py:190} INFO - Processing /home/airflow/.local/lib/python3.6/site-packages/airflow/example_dags/example_xcomargs.py took 0.172 seconds
[2026-09-21 14:53:44,335] {scheduler_job.py:182} INFO - Started process (PID=71) to work on /home/airflow/.local/lib/python3.6/site-packages/airflow/example_dags/example_xcomargs.py
[2026-09-21 14:53:44,336] {scheduler_job.py:629} INFO - Processing file /home/airflow/.local/lib/python3.6/site-packages/airflow/example_dags/example_xcomargs.py for tasks to queue
[2026-09-21 14:53:44,337] {logging_mixin.py:104} INFO - [2026-09-21 14:53:44,337] {dagbag.py:451} INFO - Filling up the DagBag from /home/airflow/.local/lib/python3.6/site-packages/airflow/example_dags/example_xcomargs.py
[2026-09-21 14:53:44,357] {scheduler_job.py:639} INFO - DAG(s) dict_keys(['example_xcom_args', 'example_xcom_args_with_operators']) retrieved from /home/airflow/.local/lib/python3.6/site-packages/airflow/example_dags/example_xcomargs.py
[2026-09-21 14:53:44,393] {logging_mixin.py:104} INFO - [2026-09-21 14:53:44,393] {dag.py:1824} INFO - Sync 2 DAGs
[2026-09-21 14:53:44,414] {logging_mixin.py:104} INFO - [2026-09-21 14:53:44,414] {dag.py:2280} INFO - Setting next_dagrun for example_xcom_args to None
[2026-09-21 14:53:44,415] {logging_mixin.py:104} INFO - [2026-09-21 14:53:44,415] {dag.py:2280} INFO - Setting next_dagrun for example_xcom_args_with_operators to None
[2026-09-21 14:53:44,435] {scheduler_job.py:190} INFO - Processing /home/airflow/.local/lib/python3.6/site-packages/airflow/example_dags/example_xcomargs.py took 0.104 seconds
[2026-09-21 14:54:15,167] {scheduler_job.py:182} INFO - Started process (PID=98) to work on /home/airflow/.local/lib/python3.6/site-packages/airflow/example_dags/example_xcomargs.py
[2026-09-21 14:54:15,171] {scheduler_job.py:629} INFO - Processing file /home/airflow/.local/lib/python3.6/site-packages/airflow/example_dags/example_xcomargs.py for tasks to queue
[2026-09-21 14:54:15,172] {logging_mixin.py:104} INFO - [2026-09-21 14:54:15,172] {dagbag.py:451} INFO - Filling up the DagBag from /home/airflow/.local/lib/python3.6/site-packages/airflow/example_dags/example_xcomargs.py
[2026-09-21 14:54:15,198] {scheduler_job.py:639} INFO - DAG(s) dict_keys(['example_xcom_args', 'example_xcom_args_with_operators']) retrieved from /home/airflow/.local/lib/python3.6/site-packages/airflow/example_dags/example_xcomargs.py
[2026-09-21 14:54:15,240] {logging_mixin.py:104} INFO - [2026-09-21 14:54:15,240] {dag.py:1824} INFO - Sync 2 DAGs
[2026-09-21 14:54:15,263] {logging_mixin.py:104} INFO - [2026-09-21 14:54:15,263] {dag.py:2280} INFO - Setting next_dagrun for example_xcom_args to None
[2026-09-21 14:54:15,264] {logging_mixin.py:104} INFO - [2026-09-21 14:54:15,264] {dag.py:2280} INFO - Setting next_dagrun for example_xcom_args_with_operators to None
[2026-09-21 14:54:15,288] {scheduler_job.py:190} INFO - Processing /home/airflow/.local/lib/python3.6/site-packages/airflow/example_dags/example_xcomargs.py took 0.126 seconds
[2026-09-21 14:54:45,419] {scheduler_job.py:182} INFO - Started process (PID=125) to work on /home/airflow/.local/lib/python3.6/site-packages/airflow/example_dags/example_xcomargs.py
[2026-09-21 14:54:45,420] {scheduler_job.py:629} INFO - Processing file /home/airflow/.local/lib/python3.6/site-packages/airflow/example_dags/example_xcomargs.py for tasks to queue
[2026-09-21 14:54:45,421] {logging_mixin.py:104} INFO - [2026-09-21 14:54:45,421] {dagbag.py:451} INFO - Filling up the DagBag from /home/airflow/.local/lib/python3.6/site-packages/airflow/example_dags/example_xcomargs.py
[2026-09-21 14:54:45,439] {scheduler_job.py:639} INFO - DAG(s) dict_keys(['example_xcom_args', 'example_xcom_args_with_operators']) retrieved from /home/airflow/.local/lib/python3.6/site-packages/airflow/example_dags/example_xcomargs.py
[2026-09-21 14:54:45,475] {logging_mixin.py:104} INFO - [2026-09-21 14:54:45,475] {dag.py:1824} INFO - Sync 2 DAGs
[2026-09-21 14:54:45,498] {logging_mixin.py:104} INFO - [2026-09-21 14:54:45,498] {dag.py:2280} INFO - Setting next_dagrun for example_xcom_args to None
[2026-09-21 14:54:45,499] {logging_mixin.py:104} INFO - [2026-09-21 14:54:45,499] {dag.py:2280} INFO - Setting next_dagrun for example_xcom_args_with_operators to None
[2026-09-21 14:54:45,517] {scheduler_job.py:190} INFO - Processing /home/airflow/.local/lib/python3.6/site-packages/airflow/example_dags/example_xcomargs.py took 0.102 seconds
[2026-09-21 14:55:15,634] {scheduler_job.py:182} INFO - Started process (PID=141) to work on /home/airflow/.local/lib/python3.6/site-packages/airflow/example_dags/example_xcomargs.py
[2026-09-21 14:55:15,635] {scheduler_job.py:629} INFO - Processing file /home/airflow/.local/lib/python3.6/site-packages/airflow/example_dags/example_xcomargs.py for tasks to queue
[2026-09-21 14:55:15,636] {logging_mixin.py:104} INFO - [2026-09-21 14:55:15,636] {dagbag.py:451} INFO - Filling up the DagBag from /home/airflow/.local/lib/python3.6/site-packages/airflow/example_dags/example_xcomargs.py
[2026-09-21 14:55:15,654] {scheduler_job.py:639} INFO - DAG(s) dict_keys(['example_xcom_args', 'example_xcom_args_with_operators']) retrieved from /home/airflow/.local/lib/python3.6/site-packages/airflow/example_dags/example_xcomargs.py
[2026-09-21 14:55:15,685] {logging_mixin.py:104} INFO - [2026-09-21 14:55:15,685] {dag.py:1824} INFO - Sync 2 DAGs
[2026-09-21 14:55:15,703] {logging_mixin.py:104} INFO - [2026-09-21 14:55:15,703] {dag.py:2280} INFO - Setting next_dagrun for example_xcom_args to None
[2026-09-21 14:55:15,704] {logging_mixin.py:104} INFO - [2026-09-21 14:55:15,704] {dag.py:2280} INFO - Setting next_dagrun for example_xcom_args_with_operators to None
[2026-09-21 14:55:15,723] {scheduler_job.py:190} INFO - Processing /home/airflow/.local/lib/python3.6/site-packages/airflow/example_dags/example_xcomargs.py took 0.093 seconds
[2026-09-21 14:55:46,301] {scheduler_job.py:182} INFO - Started process (PID=168) to work on /home/airflow/.local/lib/python3.6/site-packages/airflow/example_dags/example_xcomargs.py
[2026-09-21 14:55:46,303] {scheduler_job.py:629} INFO - Processing file /home/airflow/.local/lib/python3.6/site-packages/airflow/example_dags/example_xcomargs.py for tasks to queue
[2026-09-21 14:55:46,304] {logging_mixin.py:104} INFO - [2026-09-21 14:55:46,304] {dagbag.py:451} INFO - Filling up the DagBag from /home/airflow/.local/lib/python3.6/site-packages/airflow/example_dags/example_xcomargs.py
[2026-09-21 14:55:46,323] {scheduler_job.py:639} INFO - DAG(s) dict_keys(['example_xcom_args', 'example_xcom_args_with_operators']) retrieved from /home/airflow/.local/lib/python3.6/site-packages/airflow/example_dags/example_xcomargs.py
[2026-09-21 14:55:46,355] {logging_mixin.py:104} INFO - [2026-09-21 14:55:46,355] {dag.py:1824} INFO - Sync 2 DAGs
[2026-09-21 14:55:46,374] {logging_mixin.py:104} INFO - [2026-09-21 14:55:46,374] {dag.py:2280} INFO - Setting next_dagrun for example_xcom_args to None
[2026-09-21 14:55:46,375] {logging_mixin.py:104} INFO - [2026-09-21 14:55:46,375] {dag.py:2280} INFO - Setting next_dagrun for example_xcom_args_with_operators to None
[2026-09-21 14:55:46,391] {scheduler_job.py:190} INFO - Processing /home/airflow/.local/lib/python3.6/site-packages/airflow/example_dags/example_xcomargs.py took 0.093 seconds
[2026-09-21 14:56:16,862] {scheduler_job.py:182} INFO - Started process (PID=195) to work on /home/airflow/.local/lib/python3.6/site-packages/airflow/example_dags/example_xcomargs.py
[2026-09-21 14:56:16,864] {scheduler_job.py:629} INFO - Processing file /home/airflow/.local/lib/python3.6/site-packages/airflow/example_dags/example_xcomargs.py for tasks to queue
[2026-09-21 14:56:16,865] {logging_mixin.py:104} INFO - [2026-09-21 14:56:16,865] {dagbag.py:451} INFO - Filling up the DagBag from /home/airflow/.local/lib/python3.6/site-packages/airflow/example_dags/example_xcomargs.py
[2026-09-21 14:56:16,891] {scheduler_job.py:639} INFO - DAG(s) dict_keys(['example_xcom_args', 'example_xcom_args_with_operators']) retrieved from /home/airflow/.local/lib/python3.6/site-packages/airflow/example_dags/example_xcomargs.py
[2026-09-21 14:56:16,936] {logging_mixin.py:104} INFO - [2026-09-21 14:56:16,936] {dag.py:1824} INFO - Sync 2 DAGs
[2026-09-21 14:56:16,962] {logging_mixin.py:104} INFO - [2026-09-21 14:56:16,961] {dag.py:2280} INFO - Setting next_dagrun for example_xcom_args to None
[2026-09-21 14:56:16,963] {logging_mixin.py:104} INFO - [2026-09-21 14:56:16,963] {dag.py:2280} INFO - Setting next_dagrun for example_xcom_args_with_operators to None
[2026-09-21 14:56:16,984] {scheduler_job.py:190} INFO - Processing /home/airflow/.local/lib/python3.6/site-packages/airflow/example_dags/example_xcomargs.py took 0.128 seconds
[2026-09-21 14:56:47,856] {scheduler_job.py:182} INFO - Started process (PID=222) to work on /home/airflow/.local/lib/python3.6/site-packages/airflow/example_dags/example_xcomargs.py
[2026-09-21 14:56:47,857] {scheduler_job.py:629} INFO - Processing file /home/airflow/.local/lib/python3.6/site-packages/airflow/example_dags/example_xcomargs.py for tasks to queue
[2026-09-21 14:56:47,858] {logging_mixin.py:104} INFO - [2026-09-21 14:56:47,858] {dagbag.py:451} INFO - Filling up the DagBag from /home/airflow/.local/lib/python3.6/site-packages/airflow/example_dags/example_xcomargs.py
[2026-09-21 14:56:47,881] {scheduler_job.py:639} INFO - DAG(s) dict_keys(['example_xcom_args', 'example_xcom_args_with_operators']) retrieved from /home/airflow/.local/lib/python3.6/site-packages/airflow/example_dags/example_xcomargs.py
[2026-09-21 14:56:47,914] {logging_mixin.py:104} INFO - [2026-09-21 14:56:47,914] {dag.py:1824} INFO - Sync 2 DAGs
[2026-09-21 14:56:47,935] {logging_mixin.py:104} INFO - [2026-09-21 14:56:47,934] {dag.py:2280} INFO - Setting next_dagrun for example_xcom_args to None
[2026-09-21 14:56:47,936] {logging_mixin.py:104} INFO - [2026-09-21 14:56:47,936] {dag.py:2280} INFO - Setting next_dagrun for example_xcom_args_with_operators to None
[2026-09-21 14:56:47,951] {scheduler_job.py:190} INFO - Processing /home/airflow/.local/lib/python3.6/site-packages/airflow/example_dags/example_xcomargs.py took 0.099 seconds
[2026-09-21 14:57:18,587] {scheduler_job.py:182} INFO - Started process (PID=249) to work on /home/airflow/.local/lib/python3.6/site-packages/airflow/example_dags/example_xcomargs.py
[2026-09-21 14:57:18,590] {scheduler_job.py:629} INFO - Processing file /home/airflow/.local/lib/python3.6/site-packages/airflow/example_dags/example_xcomargs.py for tasks to queue
[2026-09-21 14:57:18,591] {logging_mixin.py:104} INFO - [2026-09-21 14:57:18,591] {dagbag.py:451} INFO - Filling up the DagBag from /home/airflow/.local/lib/python3.6/site-packages/airflow/example_dags/example_xcomargs.py
[2026-09-21 14:57:18,613] {scheduler_job.py:639} INFO - DAG(s) dict_keys(['example_xcom_args', 'example_xcom_args_with_operators']) retrieved from /home/airflow/.local/lib/python3.6/site-packages/airflow/example_dags/example_xcomargs.py
[2026-09-21 14:57:18,654] {logging_mixin.py:104} INFO - [2026-09-21 14:57:18,653] {dag.py:1824} INFO - Sync 2 DAGs
[2026-09-21 14:57:18,677] {logging_mixin.py:104} INFO - [2026-09-21 14:57:18,677] {dag.py:2280} INFO - Setting next_dagrun for example_xcom_args to None
[2026-09-21 14:57:18,678] {logging_mixin.py:104} INFO - [2026-09-21 14:57:18,678] {dag.py:2280} INFO - Setting next_dagrun for example_xcom_args_with_operators to None
[2026-09-21 14:57:18,695] {scheduler_job.py:190} INFO - Processing /home/airflow/.local/lib/python3.6/site-packages/airflow/example_dags/example_xcomargs.py took 0.113 seconds
[2026-09-21 14:57:48,797] {scheduler_job.py:182} INFO - Started process (PID=276) to work on /home/airflow/.local/lib/python3.6/site-packages/airflow/example_dags/example_xcomargs.py
[2026-09-21 14:57:48,799] {scheduler_job.py:629} INFO - Processing file /home/airflow/.local/lib/python3.6/site-packages/airflow/example_dags/example_xcomargs.py for tasks to queue
[2026-09-21 14:57:48,801] {logging_mixin.py:104} INFO - [2026-09-21 14:57:48,800] {dagbag.py:451} INFO - Filling up the DagBag from /home/airflow/.local/lib/python3.6/site-packages/airflow/example_dags/example_xcomargs.py
[2026-09-21 14:57:48,824] {scheduler_job.py:639} INFO - DAG(s) dict_keys(['example_xcom_args', 'example_xcom_args_with_operators']) retrieved from /home/airflow/.local/lib/python3.6/site-packages/airflow/example_dags/example_xcomargs.py
[2026-09-21 14:57:48,870] {logging_mixin.py:104} INFO - [2026-09-21 14:57:48,870] {dag.py:1824} INFO - Sync 2 DAGs
[2026-09-21 14:57:48,895] {logging_mixin.py:104} INFO - [2026-09-21 14:57:48,895] {dag.py:2280} INFO - Setting next_dagrun for example_xcom_args to None
[2026-09-21 14:57:48,897] {logging_mixin.py:104} INFO - [2026-09-21 14:57:48,896] {dag.py:2280} INFO - Setting next_dagrun for example_xcom_args_with_operators to None
[2026-09-21 14:57:48,922] {scheduler_job.py:190} INFO - Processing /home/airflow/.local/lib/python3.6/site-packages/airflow/example_dags/example_xcomargs.py took 0.130 seconds
[2026-09-21 14:58:19,257] {scheduler_job.py:182} INFO - Started process (PID=303) to work on /home/airflow/.local/lib/python3.6/site-packages/airflow/example_dags/example_xcomargs.py
[2026-09-21 14:58:19,258] {scheduler_job.py:629} INFO - Processing file /home/airflow/.local/lib/python3.6/site-packages/airflow/example_dags/example_xcomargs.py for tasks to queue
[2026-09-21 14:58:19,259] {logging_mixin.py:104} INFO - [2026-09-21 14:58:19,259] {dagbag.py:451} INFO - Filling up the DagBag from /home/airflow/.local/lib/python3.6/site-packages/airflow/example_dags/example_xcomargs.py
[2026-09-21 14:58:19,279] {scheduler_job.py:639} INFO - DAG(s) dict_keys(['example_xcom_args', 'example_xcom_args_with_operators']) retrieved from /home/airflow/.local/lib/python3.6/site-packages/airflow/example_dags/example_xcomargs.py
[2026-09-21 14:58:19,314] {logging_mixin.py:104} INFO - [2026-09-21 14:58:19,314] {dag.py:1824} INFO - Sync 2 DAGs
[2026-09-21 14:58:19,333] {logging_mixin.py:104} INFO - [2026-09-21 14:58:19,333] {dag.py:2280} INFO - Setting next_dagrun for example_xcom_args to None
[2026-09-21 14:58:19,334] {logging_mixin.py:104} INFO - [2026-09-21 14:58:19,334] {dag.py:2280} INFO - Setting next_dagrun for example_xcom_args_with_operators to None
[2026-09-21 14:58:19,350] {scheduler_job.py:190} INFO - Processing /home/airflow/.local/lib/python3.6/site-packages/airflow/example_dags/example_xcomargs.py took 0.097 seconds
[2026-09-21 14:58:49,408] {scheduler_job.py:182} INFO - Started process (PID=330) to work on /home/airflow/.local/lib/python3.6/site-packages/airflow/example_dags/example_xcomargs.py
[2026-09-21 14:58:49,411] {scheduler_job.py:629} INFO - Processing file /home/airflow/.local/lib/python3.6/site-packages/airflow/example_dags/example_xcomargs.py for tasks to queue
[2026-09-21 14:58:49,412] {logging_mixin.py:104} INFO - [2026-09-21 14:58:49,411] {dagbag.py:451} INFO - Filling up the DagBag from /home/airflow/.local/lib/python3.6/site-packages/airflow/example_dags/example_xcomargs.py
[2026-09-21 14:58:49,430] {scheduler_job.py:639} INFO - DAG(s) dict_keys(['example_xcom_args', 'example_xcom_args_with_operators']) retrieved from /home/airflow/.local/lib/python3.6/site-packages/airflow/example_dags/example_xcomargs.py
[2026-09-21 14:58:49,469] {logging_mixin.py:104} INFO - [2026-09-21 14:58:49,469] {dag.py:1824} INFO - Sync 2 DAGs
[2026-09-21 14:58:49,491] {logging_mixin.py:104} INFO - [2026-09-21 14:58:49,490] {dag.py:2280} INFO - Setting next_dagrun for example_xcom_args to None
[2026-09-21 14:58:49,492] {logging_mixin.py:104} INFO - [2026-09-21 14:58:49,492] {dag.py:2280} INFO - Setting next_dagrun for example_xcom_args_with_operators to None
[2026-09-21 14:58:49,506] {scheduler_job.py:190} INFO - Processing /home/airflow/.local/lib/python3.6/site-packages/airflow/example_dags/example_xcomargs.py took 0.102 seconds
[2026-09-21 14:59:19,643] {scheduler_job.py:182} INFO - Started process (PID=357) to work on /home/airflow/.local/lib/python3.6/site-packages/airflow/example_dags/example_xcomargs.py
[2026-09-21 14:59:19,644] {scheduler_job.py:629} INFO - Processing file /home/airflow/.local/lib/python3.6/site-packages/airflow/example_dags/example_xcomargs.py for tasks to queue
[2026-09-21 14:59:19,645] {logging_mixin.py:104} INFO - [2026-09-21 14:59:19,644] {dagbag.py:451} INFO - Filling up the DagBag from /home/airflow/.local/lib/python3.6/site-packages/airflow/example_dags/example_xcomargs.py
[2026-09-21 14:59:19,667] {scheduler_job.py:639} INFO - DAG(s) dict_keys(['example_xcom_args', 'example_xcom_args_with_operators']) retrieved from /home/airflow/.local/lib/python3.6/site-packages/airflow/example_dags/example_xcomargs.py
[2026-09-21 14:59:19,707] {logging_mixin.py:104} INFO - [2026-09-21 14:59:19,707] {dag.py:1824} INFO - Sync 2 DAGs
[2026-09-21 14:59:19,730] {logging_mixin.py:104} INFO - [2026-09-21 14:59:19,730] {dag.py:2280} INFO - Setting next_dagrun for example_xcom_args to None
[2026-09-21 14:59:19,731] {logging_mixin.py:104} INFO - [2026-09-21 14:59:19,731] {dag.py:2280} INFO - Setting next_dagrun for example_xcom_args_with_operators to None
[2026-09-21 14:59:19,750] {scheduler_job.py:190} INFO - Processing /home/airflow/.local/lib/python3.6/site-packages/airflow/example_dags/example_xcomargs.py took 0.112 seconds
[2026-09-21 14:59:50,547] {scheduler_job.py:182} INFO - Started process (PID=384) to work on /home/airflow/.local/lib/python3.6/site-packages/airflow/example_dags/example_xcomargs.py
[2026-09-21 14:59:50,549] {scheduler_job.py:629} INFO - Processing file /home/airflow/.local/lib/python3.6/site-packages/airflow/example_dags/example_xcomargs.py for tasks to queue
[2026-09-21 14:59:50,550] {logging_mixin.py:104} INFO - [2026-09-21 14:59:50,549] {dagbag.py:451} INFO - Filling up the DagBag from /home/airflow/.local/lib/python3.6/site-packages/airflow/example_dags/example_xcomargs.py
[2026-09-21 14:59:50,573] {scheduler_job.py:639} INFO - DAG(s) dict_keys(['example_xcom_args', 'example_xcom_args_with_operators']) retrieved from /home/airflow/.local/lib/python3.6/site-packages/airflow/example_dags/example_xcomargs.py
[2026-09-21 14:59:50,621] {logging_mixin.py:104} INFO - [2026-09-21 14:59:50,621] {dag.py:1824} INFO - Sync 2 DAGs
[2026-09-21 14:59:50,644] {logging_mixin.py:104} INFO - [2026-09-21 14:59:50,644] {dag.py:2280} INFO - Setting next_dagrun for example_xcom_args to None
[2026-09-21 14:59:50,646] {logging_mixin.py:104} INFO - [2026-09-21 14:59:50,645] {dag.py:2280} INFO - Setting next_dagrun for example_xcom_args_with_operators to None
[2026-09-21 14:59:50,667] {scheduler_job.py:190} INFO - Processing /home/airflow/.local/lib/python3.6/site-packages/airflow/example_dags/example_xcomargs.py took 0.123 seconds
[2026-09-21 15:00:20,755] {scheduler_job.py:182} INFO - Started process (PID=411) to work on /home/airflow/.local/lib/python3.6/site-packages/airflow/example_dags/example_xcomargs.py
[2026-09-21 15:00:20,756] {scheduler_job.py:629} INFO - Processing file /home/airflow/.local/lib/python3.6/site-packages/airflow/example_dags/example_xcomargs.py for tasks to queue
[2026-09-21 15:00:20,757] {logging_mixin.py:104} INFO - [2026-09-21 15:00:20,757] {dagbag.py:451} INFO - Filling up the DagBag from /home/airflow/.local/lib/python3.6/site-packages/airflow/example_dags/example_xcomargs.py
[2026-09-21 15:00:20,776] {scheduler_job.py:639} INFO - DAG(s) dict_keys(['example_xcom_args', 'example_xcom_args_with_operators']) retrieved from /home/airflow/.local/lib/python3.6/site-packages/airflow/example_dags/example_xcomargs.py
[2026-09-21 15:00:20,816] {logging_mixin.py:104} INFO - [2026-09-21 15:00:20,816] {dag.py:1824} INFO - Sync 2 DAGs
[2026-09-21 15:00:20,836] {logging_mixin.py:104} INFO - [2026-09-21 15:00:20,836] {dag.py:2280} INFO - Setting next_dagrun for example_xcom_args to None
[2026-09-21 15:00:20,837] {logging_mixin.py:104} INFO - [2026-09-21 15:00:20,837] {dag.py:2280} INFO - Setting next_dagrun for example_xcom_args_with_operators to None
[2026-09-21 15:00:20,855] {scheduler_job.py:190} INFO - Processing /home/airflow/.local/lib/python3.6/site-packages/airflow/example_dags/example_xcomargs.py took 0.104 seconds
[2026-09-21 15:00:51,022] {scheduler_job.py:182} INFO - Started process (PID=438) to work on /home/airflow/.local/lib/python3.6/site-packages/airflow/example_dags/example_xcomargs.py
[2026-09-21 15:00:51,023] {scheduler_job.py:629} INFO - Processing file /home/airflow/.local/lib/python3.6/site-packages/airflow/example_dags/example_xcomargs.py for tasks to queue
[2026-09-21 15:00:51,024] {logging_mixin.py:104} INFO - [2026-09-21 15:00:51,024] {dagbag.py:451} INFO - Filling up the DagBag from /home/airflow/.local/lib/python3.6/site-packages/airflow/example_dags/example_xcomargs.py
[2026-09-21 15:00:51,045] {scheduler_job.py:639} INFO - DAG(s) dict_keys(['example_xcom_args', 'example_xcom_args_with_operators']) retrieved from /home/airflow/.local/lib/python3.6/site-packages/airflow/example_dags/example_xcomargs.py
[2026-09-21 15:00:51,080] {logging_mixin.py:104} INFO - [2026-09-21 15:00:51,080] {dag.py:1824} INFO - Sync 2 DAGs
[2026-09-21 15:00:51,099] {logging_mixin.py:104} INFO - [2026-09-21 15:00:51,099] {dag.py:2280} INFO - Setting next_dagrun for example_xcom_args to None
[2026-09-21 15:00:51,100] {logging_mixin.py:104} INFO - [2026-09-21 15:00:51,100] {dag.py:2280} INFO - Setting next_dagrun for example_xcom_args_with_operators to None
[2026-09-21 15:00:51,117] {scheduler_job.py:190} INFO - Processing /home/airflow/.local/lib/python3.6/site-packages/airflow/example_dags/example_xcomargs.py took 0.100 seconds
[2026-09-21 15:01:21,437] {scheduler_job.py:182} INFO - Started process (PID=465) to work on /home/airflow/.local/lib/python3.6/site-packages/airflow/example_dags/example_xcomargs.py
[2026-09-21 15:01:21,439] {scheduler_job.py:629} INFO - Processing file /home/airflow/.local/lib/python3.6/site-packages/airflow/example_dags/example_xcomargs.py for tasks to queue
[2026-09-21 15:01:21,439] {logging_mixin.py:104} INFO - [2026-09-21 15:01:21,439] {dagbag.py:451} INFO - Filling up the DagBag from /home/airflow/.local/lib/python3.6/site-packages/airflow/example_dags/example_xcomargs.py
[2026-09-21 15:01:21,459] {scheduler_job.py:639} INFO - DAG(s) dict_keys(['example_xcom_args', 'example_xcom_args_with_operators']) retrieved from /home/airflow/.local/lib/python3.6/site-packages/airflow/example_dags/example_xcomargs.py
[2026-09-21 15:01:21,490] {logging_mixin.py:104} INFO - [2026-09-21 15:01:21,490] {dag.py:1824} INFO - Sync 2 DAGs
[2026-09-21 15:01:21,510] {logging_mixin.py:104} INFO - [2026-09-21 15:01:21,510] {dag.py:2280} INFO - Setting next_dagrun for example_xcom_args to None
[2026-09-21 15:01:21,512] {logging_mixin.py:104} INFO - [2026-09-21 15:01:21,512] {dag.py:2280} INFO - Setting next_dagrun for example_xcom_args_with_operators to None
[2026-09-21 15:01:21,535] {scheduler_job.py:190} INFO - Processing /home/airflow/.local/lib/python3.6/site-packages/airflow/example_dags/example_xcomargs.py took 0.103 seconds
[2026-09-21 15:01:51,870] {scheduler_job.py:182} INFO - Started process (PID=492) to work on /home/airflow/.local/lib/python3.6/site-packages/airflow/example_dags/example_xcomargs.py
[2026-09-21 15:01:51,872] {scheduler_job.py:629} INFO - Processing file /home/airflow/.local/lib/python3.6/site-packages/airflow/example_dags/example_xcomargs.py for tasks to queue
[2026-09-21 15:01:51,873] {logging_mixin.py:104} INFO - [2026-09-21 15:01:51,873] {dagbag.py:451} INFO - Filling up the DagBag from /home/airflow/.local/lib/python3.6/site-packages/airflow/example_dags/example_xcomargs.py
[2026-09-21 15:01:51,904] {scheduler_job.py:639} INFO - DAG(s) dict_keys(['example_xcom_args', 'example_xcom_args_with_operators']) retrieved from /home/airflow/.local/lib/python3.6/site-packages/airflow/example_dags/example_xcomargs.py
[2026-09-21 15:01:51,957] {logging_mixin.py:104} INFO - [2026-09-21 15:01:51,957] {dag.py:1824} INFO - Sync 2 DAGs
[2026-09-21 15:01:51,986] {logging_mixin.py:104} INFO - [2026-09-21 15:01:51,985] {dag.py:2280} INFO - Setting next_dagrun for example_xcom_args to None
[2026-09-21 15:01:51,987] {logging_mixin.py:104} INFO - [2026-09-21 15:01:51,987] {dag.py:2280} INFO - Setting next_dagrun for example_xcom_args_with_operators to None
[2026-09-21 15:01:52,006] {scheduler_job.py:190} INFO - Processing /home/airflow/.local/lib/python3.6/site-packages/airflow/example_dags/example_xcomargs.py took 0.143 seconds
[2026-09-21 15:02:22,301] {scheduler_job.py:182} INFO - Started process (PID=519) to work on /home/airflow/.local/lib/python3.6/site-packages/airflow/example_dags/example_xcomargs.py
[2026-09-21 15:02:22,304] {scheduler_job.py:629} INFO - Processing file /home/airflow/.local/lib/python3.6/site-packages/airflow/example_dags/example_xcomargs.py for tasks to queue
[2026-09-21 15:02:22,306] {logging_mixin.py:104} INFO - [2026-09-21 15:02:22,306] {dagbag.py:451} INFO - Filling up the DagBag from /home/airflow/.local/lib/python3.6/site-packages/airflow/example_dags/example_xcomargs.py
[2026-09-21 15:02:22,343] {scheduler_job.py:639} INFO - DAG(s) dict_keys(['example_xcom_args', 'example_xcom_args_with_operators']) retrieved from /home/airflow/.local/lib/python3.6/site-packages/airflow/example_dags/example_xcomargs.py
[2026-09-21 15:02:22,414] {logging_mixin.py:104} INFO - [2026-09-21 15:02:22,413] {dag.py:1824} INFO - Sync 2 DAGs
[2026-09-21 15:02:22,459] {logging_mixin.py:104} INFO - [2026-09-21 15:02:22,458] {dag.py:2280} INFO - Setting next_dagrun for example_xcom_args to None
[2026-09-21 15:02:22,461] {logging_mixin.py:104} INFO - [2026-09-21 15:02:22,460] {dag.py:2280} INFO - Setting next_dagrun for example_xcom_args_with_operators to None
[2026-09-21 15:02:22,497] {scheduler_job.py:190} INFO - Processing /home/airflow/.local/lib/python3.6/site-packages/airflow/example_dags/example_xcomargs.py took 0.207 seconds
[2026-09-21 15:02:52,570] {scheduler_job.py:182} INFO - Started process (PID=546) to work on /home/airflow/.local/lib/python3.6/site-packages/airflow/example_dags/example_xcomargs.py
[2026-09-21 15:02:52,571] {scheduler_job.py:629} INFO - Processing file /home/airflow/.local/lib/python3.6/site-packages/airflow/example_dags/example_xcomargs.py for tasks to queue
[2026-09-21 15:02:52,572] {logging_mixin.py:104} INFO - [2026-09-21 15:02:52,572] {dagbag.py:451} INFO - Filling up the DagBag from /home/airflow/.local/lib/python3.6/site-packages/airflow/example_dags/example_xcomargs.py
[2026-09-21 15:02:52,591] {scheduler_job.py:639} INFO - DAG(s) dict_keys(['example_xcom_args', 'example_xcom_args_with_operators']) retrieved from /home/airflow/.local/lib/python3.6/site-packages/airflow/example_dags/example_xcomargs.py
[2026-09-21 15:02:52,623] {logging_mixin.py:104} INFO - [2026-09-21 15:02:52,623] {dag.py:1824} INFO - Sync 2 DAGs
[2026-09-21 15:02:52,642] {logging_mixin.py:104} INFO - [2026-09-21 15:02:52,642] {dag.py:2280} INFO - Setting next_dagrun for example_xcom_args to None
[2026-09-21 15:02:52,643] {logging_mixin.py:104} INFO - [2026-09-21 15:02:52,643] {dag.py:2280} INFO - Setting next_dagrun for example_xcom_args_with_operators to None
[2026-09-21 15:02:52,660] {scheduler_job.py:190} INFO - Processing /home/airflow/.local/lib/python3.6/site-packages/airflow/example_dags/example_xcomargs.py took 0.094 seconds
[2026-09-21 15:03:22,852] {scheduler_job.py:182} INFO - Started process (PID=573) to work on /home/airflow/.local/lib/python3.6/site-packages/airflow/example_dags/example_xcomargs.py
[2026-09-21 15:03:22,854] {scheduler_job.py:629} INFO - Processing file /home/airflow/.local/lib/python3.6/site-packages/airflow/example_dags/example_xcomargs.py for tasks to queue
[2026-09-21 15:03:22,855] {logging_mixin.py:104} INFO - [2026-09-21 15:03:22,855] {dagbag.py:451} INFO - Filling up the DagBag from /home/airflow/.local/lib/python3.6/site-packages/airflow/example_dags/example_xcomargs.py
[2026-09-21 15:03:22,892] {scheduler_job.py:639} INFO - DAG(s) dict_keys(['example_xcom_args', 'example_xcom_args_with_operators']) retrieved from /home/airflow/.local/lib/python3.6/site-packages/airflow/example_dags/example_xcomargs.py
[2026-09-21 15:03:22,963] {logging_mixin.py:104} INFO - [2026-09-21 15:03:22,963] {dag.py:1824} INFO - Sync 2 DAGs
[2026-09-21 15:03:23,000] {logging_mixin.py:104} INFO - [2026-09-21 15:03:23,000] {dag.py:2280} INFO - Setting next_dagrun for example_xcom_args to None
[2026-09-21 15:03:23,002] {logging_mixin.py:104} INFO - [2026-09-21 15:03:23,002] {dag.py:2280} INFO - Setting next_dagrun for example_xcom_args_with_operators to None
[2026-09-21 15:03:23,032] {scheduler_job.py:190} INFO - Processing /home/airflow/.local/lib/python3.6/site-packages/airflow/example_dags/example_xcomargs.py took 0.187 seconds
[2026-09-21 15:03:53,741] {scheduler_job.py:182} INFO - Started process (PID=600) to work on /home/airflow/.local/lib/python3.6/site-packages/airflow/example_dags/example_xcomargs.py
[2026-09-21 15:03:53,743] {scheduler_job.py:629} INFO - Processing file /home/airflow/.local/lib/python3.6/site-packages/airflow/example_dags/example_xcomargs.py for tasks to queue
[2026-09-21 15:03:53,745] {logging_mixin.py:104} INFO - [2026-09-21 15:03:53,744] {dagbag.py:451} INFO - Filling up the DagBag from /home/airflow/.local/lib/python3.6/site-packages/airflow/example_dags/example_xcomargs.py
[2026-09-21 15:03:53,777] {scheduler_job.py:639} INFO - DAG(s) dict_keys(['example_xcom_args', 'example_xcom_args_with_operators']) retrieved from /home/airflow/.local/lib/python3.6/site-packages/airflow/example_dags/example_xcomargs.py
[2026-09-21 15:03:53,830] {logging_mixin.py:104} INFO - [2026-09-21 15:03:53,829] {dag.py:1824} INFO - Sync 2 DAGs
[2026-09-21 15:03:53,868] {logging_mixin.py:104} INFO - [2026-09-21 15:03:53,868] {dag.py:2280} INFO - Setting next_dagrun for example_xcom_args to None
[2026-09-21 15:03:53,870] {logging_mixin.py:104} INFO - [2026-09-21 15:03:53,870] {dag.py:2280} INFO - Setting next_dagrun for example_xcom_args_with_operators to None
[2026-09-21 15:03:53,897] {scheduler_job.py:190} INFO - Processing /home/airflow/.local/lib/python3.6/site-packages/airflow/example_dags/example_xcomargs.py took 0.162 seconds
[2026-09-21 15:04:24,303] {scheduler_job.py:182} INFO - Started process (PID=627) to work on /home/airflow/.local/lib/python3.6/site-packages/airflow/example_dags/example_xcomargs.py
[2026-09-21 15:04:24,305] {scheduler_job.py:629} INFO - Processing file /home/airflow/.local/lib/python3.6/site-packages/airflow/example_dags/example_xcomargs.py for tasks to queue
[2026-09-21 15:04:24,306] {logging_mixin.py:104} INFO - [2026-09-21 15:04:24,306] {dagbag.py:451} INFO - Filling up the DagBag from /home/airflow/.local/lib/python3.6/site-packages/airflow/example_dags/example_xcomargs.py
[2026-09-21 15:04:24,325] {scheduler_job.py:639} INFO - DAG(s) dict_keys(['example_xcom_args', 'example_xcom_args_with_operators']) retrieved from /home/airflow/.local/lib/python3.6/site-packages/airflow/example_dags/example_xcomargs.py
[2026-09-21 15:04:24,359] {logging_mixin.py:104} INFO - [2026-09-21 15:04:24,359] {dag.py:1824} INFO - Sync 2 DAGs
[2026-09-21 15:04:24,383] {logging_mixin.py:104} INFO - [2026-09-21 15:04:24,383] {dag.py:2280} INFO - Setting next_dagrun for example_xcom_args to None
[2026-09-21 15:04:24,385] {logging_mixin.py:104} INFO - [2026-09-21 15:04:24,385] {dag.py:2280} INFO - Setting next_dagrun for example_xcom_args_with_operators to None
[2026-09-21 15:04:24,402] {scheduler_job.py:190} INFO - Processing /home/airflow/.local/lib/python3.6/site-packages/airflow/example_dags/example_xcomargs.py took 0.103 seconds
[2026-09-21 15:04:54,845] {scheduler_job.py:182} INFO - Started process (PID=654) to work on /home/airflow/.local/lib/python3.6/site-packages/airflow/example_dags/example_xcomargs.py
[2026-09-21 15:04:54,846] {scheduler_job.py:629} INFO - Processing file /home/airflow/.local/lib/python3.6/site-packages/airflow/example_dags/example_xcomargs.py for tasks to queue
[2026-09-21 15:04:54,847] {logging_mixin.py:104} INFO - [2026-09-21 15:04:54,847] {dagbag.py:451} INFO - Filling up the DagBag from /home/airflow/.local/lib/python3.6/site-packages/airflow/example_dags/example_xcomargs.py
[2026-09-21 15:04:54,868] {scheduler_job.py:639} INFO - DAG(s) dict_keys(['example_xcom_args', 'example_xcom_args_with_operators']) retrieved from /home/airflow/.local/lib/python3.6/site-packages/airflow/example_dags/example_xcomargs.py
[2026-09-21 15:04:54,913] {logging_mixin.py:104} INFO - [2026-09-21 15:04:54,913] {dag.py:1824} INFO - Sync 2 DAGs
[2026-09-21 15:04:54,937] {logging_mixin.py:104} INFO - [2026-09-21 15:04:54,936] {dag.py:2280} INFO - Setting next_dagrun for example_xcom_args to None
[2026-09-21 15:04:54,938] {logging_mixin.py:104} INFO - [2026-09-21 15:04:54,938] {dag.py:2280} INFO - Setting next_dagrun for example_xcom_args_with_operators to None
[2026-09-21 15:04:54,958] {scheduler_job.py:190} INFO - Processing /home/airflow/.local/lib/python3.6/site-packages/airflow/example_dags/example_xcomargs.py took 0.117 seconds
[2026-09-21 15:05:25,021] {scheduler_job.py:182} INFO - Started process (PID=681) to work on /home/airflow/.local/lib/python3.6/site-packages/airflow/example_dags/example_xcomargs.py
[2026-09-21 15:05:25,023] {scheduler_job.py:629} INFO - Processing file /home/airflow/.local/lib/python3.6/site-packages/airflow/example_dags/example_xcomargs.py for tasks to queue
[2026-09-21 15:05:25,024] {logging_mixin.py:104} INFO - [2026-09-21 15:05:25,024] {dagbag.py:451} INFO - Filling up the DagBag from /home/airflow/.local/lib/python3.6/site-packages/airflow/example_dags/example_xcomargs.py
[2026-09-21 15:05:25,055] {scheduler_job.py:639} INFO - DAG(s) dict_keys(['example_xcom_args', 'example_xcom_args_with_operators']) retrieved from /home/airflow/.local/lib/python3.6/site-packages/airflow/example_dags/example_xcomargs.py
[2026-09-21 15:05:25,109] {logging_mixin.py:104} INFO - [2026-09-21 15:05:25,108] {dag.py:1824} INFO - Sync 2 DAGs
[2026-09-21 15:05:25,135] {logging_mixin.py:104} INFO - [2026-09-21 15:05:25,135] {dag.py:2280} INFO - Setting next_dagrun for example_xcom_args to None
[2026-09-21 15:05:25,136] {logging_mixin.py:104} INFO - [2026-09-21 15:05:25,136] {dag.py:2280} INFO - Setting next_dagrun for example_xcom_args_with_operators to None
[2026-09-21 15:05:25,159] {scheduler_job.py:190} INFO - Processing /home/airflow/.local/lib/python3.6/site-packages/airflow/example_dags/example_xcomargs.py took 0.143 seconds
[2026-09-21 15:05:55,213] {scheduler_job.py:182} INFO - Started process (PID=708) to work on /home/airflow/.local/lib/python3.6/site-packages/airflow/example_dags/example_xcomargs.py
[2026-09-21 15:05:55,215] {scheduler_job.py:629} INFO - Processing file /home/airflow/.local/lib/python3.6/site-packages/airflow/example_dags/example_xcomargs.py for tasks to queue
[2026-09-21 15:05:55,216] {logging_mixin.py:104} INFO - [2026-09-21 15:05:55,216] {dagbag.py:451} INFO - Filling up the DagBag from /home/airflow/.local/lib/python3.6/site-packages/airflow/example_dags/example_xcomargs.py
[2026-09-21 15:05:55,247] {scheduler_job.py:639} INFO - DAG(s) dict_keys(['example_xcom_args', 'example_xcom_args_with_operators']) retrieved from /home/airflow/.local/lib/python3.6/site-packages/airflow/example_dags/example_xcomargs.py
[2026-09-21 15:05:55,328] {logging_mixin.py:104} INFO - [2026-09-21 15:05:55,327] {dag.py:1824} INFO - Sync 2 DAGs
[2026-09-21 15:05:55,363] {logging_mixin.py:104} INFO - [2026-09-21 15:05:55,362] {dag.py:2280} INFO - Setting next_dagrun for example_xcom_args to None
[2026-09-21 15:05:55,365] {logging_mixin.py:104} INFO - [2026-09-21 15:05:55,364] {dag.py:2280} INFO - Setting next_dagrun for example_xcom_args_with_operators to None
[2026-09-21 15:05:55,394] {scheduler_job.py:190} INFO - Processing /home/airflow/.local/lib/python3.6/site-packages/airflow/example_dags/example_xcomargs.py took 0.187 seconds
[2026-09-21 15:06:25,523] {scheduler_job.py:182} INFO - Started process (PID=735) to work on /home/airflow/.local/lib/python3.6/site-packages/airflow/example_dags/example_xcomargs.py
[2026-09-21 15:06:25,524] {scheduler_job.py:629} INFO - Processing file /home/airflow/.local/lib/python3.6/site-packages/airflow/example_dags/example_xcomargs.py for tasks to queue
[2026-09-21 15:06:25,525] {logging_mixin.py:104} INFO - [2026-09-21 15:06:25,525] {dagbag.py:451} INFO - Filling up the DagBag from /home/airflow/.local/lib/python3.6/site-packages/airflow/example_dags/example_xcomargs.py
[2026-09-21 15:06:25,546] {scheduler_job.py:639} INFO - DAG(s) dict_keys(['example_xcom_args', 'example_xcom_args_with_operators']) retrieved from /home/airflow/.local/lib/python3.6/site-packages/airflow/example_dags/example_xcomargs.py
[2026-09-21 15:06:25,585] {logging_mixin.py:104} INFO - [2026-09-21 15:06:25,584] {dag.py:1824} INFO - Sync 2 DAGs
[2026-09-21 15:06:25,606] {logging_mixin.py:104} INFO - [2026-09-21 15:06:25,606] {dag.py:2280} INFO - Setting next_dagrun for example_xcom_args to None
[2026-09-21 15:06:25,607] {logging_mixin.py:104} INFO - [2026-09-21 15:06:25,607] {dag.py:2280} INFO - Setting next_dagrun for example_xcom_args_with_operators to None
[2026-09-21 15:06:25,627] {scheduler_job.py:190} INFO - Processing /home/airflow/.local/lib/python3.6/site-packages/airflow/example_dags/example_xcomargs.py took 0.108 seconds
[2026-09-21 15:06:55,834] {scheduler_job.py:182} INFO - Started process (PID=762) to work on /home/airflow/.local/lib/python3.6/site-packages/airflow/example_dags/example_xcomargs.py
[2026-09-21 15:06:55,836] {scheduler_job.py:629} INFO - Processing file /home/airflow/.local/lib/python3.6/site-packages/airflow/example_dags/example_xcomargs.py for tasks to queue
[2026-09-21 15:06:55,836] {logging_mixin.py:104} INFO - [2026-09-21 15:06:55,836] {dagbag.py:451} INFO - Filling up the DagBag from /home/airflow/.local/lib/python3.6/site-packages/airflow/example_dags/example_xcomargs.py
[2026-09-21 15:06:55,854] {scheduler_job.py:639} INFO - DAG(s) dict_keys(['example_xcom_args', 'example_xcom_args_with_operators']) retrieved from /home/airflow/.local/lib/python3.6/site-packages/airflow/example_dags/example_xcomargs.py
[2026-09-21 15:06:55,900] {logging_mixin.py:104} INFO - [2026-09-21 15:06:55,899] {dag.py:1824} INFO - Sync 2 DAGs
[2026-09-21 15:06:55,921] {logging_mixin.py:104} INFO - [2026-09-21 15:06:55,921] {dag.py:2280} INFO - Setting next_dagrun for example_xcom_args to None
[2026-09-21 15:06:55,923] {logging_mixin.py:104} INFO - [2026-09-21 15:06:55,923] {dag.py:2280} INFO - Setting next_dagrun for example_xcom_args_with_operators to None
[2026-09-21 15:06:55,938] {scheduler_job.py:190} INFO - Processing /home/airflow/.local/lib/python3.6/site-packages/airflow/example_dags/example_xcomargs.py took 0.108 seconds
[2026-09-21 15:07:26,111] {scheduler_job.py:182} INFO - Started process (PID=789) to work on /home/airflow/.local/lib/python3.6/site-packages/airflow/example_dags/example_xcomargs.py
[2026-09-21 15:07:26,113] {scheduler_job.py:629} INFO - Processing file /home/airflow/.local/lib/python3.6/site-packages/airflow/example_dags/example_xcomargs.py for tasks to queue
[2026-09-21 15:07:26,113] {logging_mixin.py:104} INFO - [2026-09-21 15:07:26,113] {dagbag.py:451} INFO - Filling up the DagBag from /home/airflow/.local/lib/python3.6/site-packages/airflow/example_dags/example_xcomargs.py
[2026-09-21 15:07:26,132] {scheduler_job.py:639} INFO - DAG(s) dict_keys(['example_xcom_args', 'example_xcom_args_with_operators']) retrieved from /home/airflow/.local/lib/python3.6/site-packages/airflow/example_dags/example_xcomargs.py
[2026-09-21 15:07:26,167] {logging_mixin.py:104} INFO - [2026-09-21 15:07:26,167] {dag.py:1824} INFO - Sync 2 DAGs
[2026-09-21 15:07:26,186] {logging_mixin.py:104} INFO - [2026-09-21 15:07:26,186] {dag.py:2280} INFO - Setting next_dagrun for example_xcom_args to None
[2026-09-21 15:07:26,187] {logging_mixin.py:104} INFO - [2026-09-21 15:07:26,187] {dag.py:2280} INFO - Setting next_dagrun for example_xcom_args_with_operators to None
[2026-09-21 15:07:26,203] {scheduler_job.py:190} INFO - Processing /home/airflow/.local/lib/python3.6/site-packages/airflow/example_dags/example_xcomargs.py took 0.097 seconds
[2026-09-21 15:07:56,707] {scheduler_job.py:182} INFO - Started process (PID=816) to work on /home/airflow/.local/lib/python3.6/site-packages/airflow/example_dags/example_xcomargs.py
[2026-09-21 15:07:56,709] {scheduler_job.py:629} INFO - Processing file /home/airflow/.local/lib/python3.6/site-packages/airflow/example_dags/example_xcomargs.py for tasks to queue
[2026-09-21 15:07:56,710] {logging_mixin.py:104} INFO - [2026-09-21 15:07:56,710] {dagbag.py:451} INFO - Filling up the DagBag from /home/airflow/.local/lib/python3.6/site-packages/airflow/example_dags/example_xcomargs.py
[2026-09-21 15:07:56,745] {scheduler_job.py:639} INFO - DAG(s) dict_keys(['example_xcom_args', 'example_xcom_args_with_operators']) retrieved from /home/airflow/.local/lib/python3.6/site-packages/airflow/example_dags/example_xcomargs.py
[2026-09-21 15:07:56,804] {logging_mixin.py:104} INFO - [2026-09-21 15:07:56,803] {dag.py:1824} INFO - Sync 2 DAGs
[2026-09-21 15:07:56,839] {logging_mixin.py:104} INFO - [2026-09-21 15:07:56,838] {dag.py:2280} INFO - Setting next_dagrun for example_xcom_args to None
[2026-09-21 15:07:56,841] {logging_mixin.py:104} INFO - [2026-09-21 15:07:56,840] {dag.py:2280} INFO - Setting next_dagrun for example_xcom_args_with_operators to None
[2026-09-21 15:07:56,873] {scheduler_job.py:190} INFO - Processing /home/airflow/.local/lib/python3.6/site-packages/airflow/example_dags/example_xcomargs.py took 0.177 seconds
[2026-09-21 15:08:27,090] {scheduler_job.py:182} INFO - Started process (PID=843) to work on /home/airflow/.local/lib/python3.6/site-packages/airflow/example_dags/example_xcomargs.py
[2026-09-21 15:08:27,093] {scheduler_job.py:629} INFO - Processing file /home/airflow/.local/lib/python3.6/site-packages/airflow/example_dags/example_xcomargs.py for tasks to queue
[2026-09-21 15:08:27,095] {logging_mixin.py:104} INFO - [2026-09-21 15:08:27,094] {dagbag.py:451} INFO - Filling up the DagBag from /home/airflow/.local/lib/python3.6/site-packages/airflow/example_dags/example_xcomargs.py
[2026-09-21 15:08:27,132] {scheduler_job.py:639} INFO - DAG(s) dict_keys(['example_xcom_args', 'example_xcom_args_with_operators']) retrieved from /home/airflow/.local/lib/python3.6/site-packages/airflow/example_dags/example_xcomargs.py
[2026-09-21 15:08:27,221] {logging_mixin.py:104} INFO - [2026-09-21 15:08:27,221] {dag.py:1824} INFO - Sync 2 DAGs
[2026-09-21 15:08:27,259] {logging_mixin.py:104} INFO - [2026-09-21 15:08:27,259] {dag.py:2280} INFO - Setting next_dagrun for example_xcom_args to None
[2026-09-21 15:08:27,261] {logging_mixin.py:104} INFO - [2026-09-21 15:08:27,261] {dag.py:2280} INFO - Setting next_dagrun for example_xcom_args_with_operators to None
[2026-09-21 15:08:27,292] {scheduler_job.py:190} INFO - Processing /home/airflow/.local/lib/python3.6/site-packages/airflow/example_dags/example_xcomargs.py took 0.210 seconds
[2026-09-21 15:08:57,511] {scheduler_job.py:182} INFO - Started process (PID=870) to work on /home/airflow/.local/lib/python3.6/site-packages/airflow/example_dags/example_xcomargs.py
[2026-09-21 15:08:57,513] {scheduler_job.py:629} INFO - Processing file /home/airflow/.local/lib/python3.6/site-packages/airflow/example_dags/example_xcomargs.py for tasks to queue
[2026-09-21 15:08:57,514] {logging_mixin.py:104} INFO - [2026-09-21 15:08:57,514] {dagbag.py:451} INFO - Filling up the DagBag from /home/airflow/.local/lib/python3.6/site-packages/airflow/example_dags/example_xcomargs.py
[2026-09-21 15:08:57,551] {scheduler_job.py:639} INFO - DAG(s) dict_keys(['example_xcom_args', 'example_xcom_args_with_operators']) retrieved from /home/airflow/.local/lib/python3.6/site-packages/airflow/example_dags/example_xcomargs.py
[2026-09-21 15:08:57,621] {logging_mixin.py:104} INFO - [2026-09-21 15:08:57,621] {dag.py:1824} INFO - Sync 2 DAGs
[2026-09-21 15:08:57,657] {logging_mixin.py:104} INFO - [2026-09-21 15:08:57,657] {dag.py:2280} INFO - Setting next_dagrun for example_xcom_args to None
[2026-09-21 15:08:57,660] {logging_mixin.py:104} INFO - [2026-09-21 15:08:57,660] {dag.py:2280} INFO - Setting next_dagrun for example_xcom_args_with_operators to None
[2026-09-21 15:08:57,693] {scheduler_job.py:190} INFO - Processing /home/airflow/.local/lib/python3.6/site-packages/airflow/example_dags/example_xcomargs.py took 0.189 seconds
[2026-09-21 15:09:27,780] {scheduler_job.py:182} INFO - Started process (PID=897) to work on /home/airflow/.local/lib/python3.6/site-packages/airflow/example_dags/example_xcomargs.py
[2026-09-21 15:09:27,783] {scheduler_job.py:629} INFO - Processing file /home/airflow/.local/lib/python3.6/site-packages/airflow/example_dags/example_xcomargs.py for tasks to queue
[2026-09-21 15:09:27,784] {logging_mixin.py:104} INFO - [2026-09-21 15:09:27,784] {dagbag.py:451} INFO - Filling up the DagBag from /home/airflow/.local/lib/python3.6/site-packages/airflow/example_dags/example_xcomargs.py
[2026-09-21 15:09:27,832] {scheduler_job.py:639} INFO - DAG(s) dict_keys(['example_xcom_args', 'example_xcom_args_with_operators']) retrieved from /home/airflow/.local/lib/python3.6/site-packages/airflow/example_dags/example_xcomargs.py
[2026-09-21 15:09:27,919] {logging_mixin.py:104} INFO - [2026-09-21 15:09:27,919] {dag.py:1824} INFO - Sync 2 DAGs
[2026-09-21 15:09:27,953] {logging_mixin.py:104} INFO - [2026-09-21 15:09:27,953] {dag.py:2280} INFO - Setting next_dagrun for example_xcom_args to None
[2026-09-21 15:09:27,955] {logging_mixin.py:104} INFO - [2026-09-21 15:09:27,955] {dag.py:2280} INFO - Setting next_dagrun for example_xcom_args_with_operators to None
[2026-09-21 15:09:27,987] {scheduler_job.py:190} INFO - Processing /home/airflow/.local/lib/python3.6/site-packages/airflow/example_dags/example_xcomargs.py took 0.217 seconds
[2026-09-21 15:09:58,292] {scheduler_job.py:182} INFO - Started process (PID=924) to work on /home/airflow/.local/lib/python3.6/site-packages/airflow/example_dags/example_xcomargs.py
[2026-09-21 15:09:58,294] {scheduler_job.py:629} INFO - Processing file /home/airflow/.local/lib/python3.6/site-packages/airflow/example_dags/example_xcomargs.py for tasks to queue
[2026-09-21 15:09:58,295] {logging_mixin.py:104} INFO - [2026-09-21 15:09:58,295] {dagbag.py:451} INFO - Filling up the DagBag from /home/airflow/.local/lib/python3.6/site-packages/airflow/example_dags/example_xcomargs.py
[2026-09-21 15:09:58,324] {scheduler_job.py:639} INFO - DAG(s) dict_keys(['example_xcom_args', 'example_xcom_args_with_operators']) retrieved from /home/airflow/.local/lib/python3.6/site-packages/airflow/example_dags/example_xcomargs.py
[2026-09-21 15:09:58,381] {logging_mixin.py:104} INFO - [2026-09-21 15:09:58,381] {dag.py:1824} INFO - Sync 2 DAGs
[2026-09-21 15:09:58,409] {logging_mixin.py:104} INFO - [2026-09-21 15:09:58,409] {dag.py:2280} INFO - Setting next_dagrun for example_xcom_args to None
[2026-09-21 15:09:58,411] {logging_mixin.py:104} INFO - [2026-09-21 15:09:58,410] {dag.py:2280} INFO - Setting next_dagrun for example_xcom_args_with_operators to None
[2026-09-21 15:09:58,436] {scheduler_job.py:190} INFO - Processing /home/airflow/.local/lib/python3.6/site-packages/airflow/example_dags/example_xcomargs.py took 0.149 seconds
[2026-09-21 15:10:28,516] {scheduler_job.py:182} INFO - Started process (PID=951) to work on /home/airflow/.local/lib/python3.6/site-packages/airflow/example_dags/example_xcomargs.py
[2026-09-21 15:10:28,518] {scheduler_job.py:629} INFO - Processing file /home/airflow/.local/lib/python3.6/site-packages/airflow/example_dags/example_xcomargs.py for tasks to queue
[2026-09-21 15:10:28,519] {logging_mixin.py:104} INFO - [2026-09-21 15:10:28,519] {dagbag.py:451} INFO - Filling up the DagBag from /home/airflow/.local/lib/python3.6/site-packages/airflow/example_dags/example_xcomargs.py
[2026-09-21 15:10:28,549] {scheduler_job.py:639} INFO - DAG(s) dict_keys(['example_xcom_args', 'example_xcom_args_with_operators']) retrieved from /home/airflow/.local/lib/python3.6/site-packages/airflow/example_dags/example_xcomargs.py
[2026-09-21 15:10:28,601] {logging_mixin.py:104} INFO - [2026-09-21 15:10:28,601] {dag.py:1824} INFO - Sync 2 DAGs
[2026-09-21 15:10:28,630] {logging_mixin.py:104} INFO - [2026-09-21 15:10:28,630] {dag.py:2280} INFO - Setting next_dagrun for example_xcom_args to None
[2026-09-21 15:10:28,632] {logging_mixin.py:104} INFO - [2026-09-21 15:10:28,632] {dag.py:2280} INFO - Setting next_dagrun for example_xcom_args_with_operators to None
[2026-09-21 15:10:28,655] {scheduler_job.py:190} INFO - Processing /home/airflow/.local/lib/python3.6/site-packages/airflow/example_dags/example_xcomargs.py took 0.144 seconds
