[2026-09-21 14:53:13,582] {scheduler_job.py:182} INFO - Started process (PID=42) to work on /home/airflow/.local/lib/python3.6/site-packages/airflow/example_dags/example_short_circuit_operator.py
[2026-09-21 14:53:13,585] {scheduler_job.py:629} INFO - Processing file /home/airflow/.local/lib/python3.6/site-packages/airflow/example_dags/example_short_circuit_operator.py for tasks to queue
[2026-09-21 14:53:13,586] {logging_mixin.py:104} INFO - [2026-09-21 14:53:13,586] {dagbag.py:451} INFO - Filling up the DagBag from /home/airflow/.local/lib/python3.6/site-packages/airflow/example_dags/example_short_circuit_operator.py
[2026-09-21 14:53:13,616] {scheduler_job.py:639} INFO - DAG(s) dict_keys(['example_short_circuit_operator']) retrieved from /home/airflow/.local/lib/python3.6/site-packages/airflow/example_dags/example_short_circuit_operator.py
[2026-09-21 14:53:13,686] {logging_mixin.py:104} INFO - [2026-09-21 14:53:13,686] {dag.py:1824} INFO - Sync 1 DAGs
[2026-09-21 14:53:13,707] {logging_mixin.py:104} INFO - [2026-09-21 14:53:13,706] {dag.py:1843} INFO - Creating ORM DAG for example_short_circuit_operator
[2026-09-21 14:53:13,718] {logging_mixin.py:104} INFO - [2026-09-21 14:53:13,718] {dag.py:2280} INFO - Setting next_dagrun for example_short_circuit_operator to 2026-09-19 00:00:00+00:00
[2026-09-21 14:53:13,752] {scheduler_job.py:190} INFO - Processing /home/airflow/.local/lib/python3.6/site-packages/airflow/example_dags/example_short_circuit_operator.py took 0.177 seconds
[2026-09-21 14:53:43,988] {scheduler_job.py:182} INFO - Started process (PID=67) to work on /home/airflow/.local/lib/python3.6/site-packages/airflow/example_dags/example_short_circuit_operator.py
[2026-09-21 14:53:43,989] {scheduler_job.py:629} INFO - Processing file /home/airflow/.local/lib/python3.6/site-packages/airflow/example_dags/example_short_circuit_operator.py for tasks to queue
[2026-09-21 14:53:43,990] {logging_mixin.py:104} INFO - [2026-09-21 14:53:43,990] {dagbag.py:451} INFO - Filling up the DagBag from /home/airflow/.local/lib/python3.6/site-packages/airflow/example_dags/example_short_circuit_operator.py
[2026-09-21 14:53:44,010] {scheduler_job.py:639} INFO - DAG(s) dict_keys(['example_short_circuit_operator']) retrieved from /home/airflow/.local/lib/python3.6/site-packages/airflow/example_dags/example_short_circuit_operator.py
[2026-09-21 14:53:44,045] {logging_mixin.py:104} INFO - [2026-09-21 14:53:44,044] {dag.py:1824} INFO - Sync 1 DAGs
[2026-09-21 14:53:44,068] {logging_mixin.py:104} INFO - [2026-09-21 14:53:44,067] {dag.py:2280} INFO - Setting next_dagrun for example_short_circuit_operator to 2026-09-19 00:00:00+00:00
[2026-09-21 14:53:44,082] {scheduler_job.py:190} INFO - Processing /home/airflow/.local/lib/python3.6/site-packages/airflow/example_dags/example_short_circuit_operator.py took 0.098 seconds
[2026-09-21 14:54:14,415] {scheduler_job.py:182} INFO - Started process (PID=86) to work on /home/airflow/.local/lib/python3.6/site-packages/airflow/example_dags/example_short_circuit_operator.py
[2026-09-21 14:54:14,417] {scheduler_job.py:629} INFO - Processing file /home/airflow/.local/lib/python3.6/site-packages/airflow/example_dags/example_short_circuit_operator.py for tasks to queue
[2026-09-21 14:54:14,418] {logging_mixin.py:104} INFO - [2026-09-21 14:54:14,418] {dagbag.py:451} INFO - Filling up the DagBag from /home/airflow/.local/lib/python3.6/site-packages/airflow/example_dags/example_short_circuit_operator.py
[2026-09-21 14:54:14,441] {scheduler_job.py:639} INFO - DAG(s) dict_keys(['example_short_circuit_operator']) retrieved from /home/airflow/.local/lib/python3.6/site-packages/airflow/example_dags/example_short_circuit_operator.py
[2026-09-21 14:54:14,471] {logging_mixin.py:104} INFO - [2026-09-21 14:54:14,471] {dag.py:1824} INFO - Sync 1 DAGs
[2026-09-21 14:54:14,496] {logging_mixin.py:104} INFO - [2026-09-21 14:54:14,495] {dag.py:2280} INFO - Setting next_dagrun for example_short_circuit_operator to 2026-09-19 00:00:00+00:00
[2026-09-21 14:54:14,515] {scheduler_job.py:190} INFO - Processing /home/airflow/.local/lib/python3.6/site-packages/airflow/example_dags/example_short_circuit_operator.py took 0.106 seconds
[2026-09-21 14:54:44,555] {scheduler_job.py:182} INFO - Started process (PID=113) to work on /home/airflow/.local/lib/python3.6/site-packages/airflow/example_dags/example_short_circuit_operator.py
[2026-09-21 14:54:44,556] {scheduler_job.py:629} INFO - Processing file /home/airflow/.local/lib/python3.6/site-packages/airflow/example_dags/example_short_circuit_operator.py for tasks to queue
[2026-09-21 14:54:44,557] {logging_mixin.py:104} INFO - [2026-09-21 14:54:44,557] {dagbag.py:451} INFO - Filling up the DagBag from /home/airflow/.local/lib/python3.6/site-packages/airflow/example_dags/example_short_circuit_operator.py
[2026-09-21 14:54:44,580] {scheduler_job.py:639} INFO - DAG(s) dict_keys(['example_short_circuit_operator']) retrieved from /home/airflow/.local/lib/python3.6/site-packages/airflow/example_dags/example_short_circuit_operator.py
[2026-09-21 14:54:44,609] {logging_mixin.py:104} INFO - [2026-09-21 14:54:44,609] {dag.py:1824} INFO - Sync 1 DAGs
[2026-09-21 14:54:44,632] {logging_mixin.py:104} INFO - [2026-09-21 14:54:44,632] {dag.py:2280} INFO - Setting next_dagrun for example_short_circuit_operator to 2026-09-19 00:00:00+00:00
[2026-09-21 14:54:44,645] {scheduler_job.py:190} INFO - Processing /home/airflow/.local/lib/python3.6/site-packages/airflow/example_dags/example_short_circuit_operator.py took 0.095 seconds
[2026-09-21 14:55:15,629] {scheduler_job.py:182} INFO - Started process (PID=140) to work on /home/airflow/.local/lib/python3.6/site-packages/airflow/example_dags/example_short_circuit_operator.py
[2026-09-21 14:55:15,631] {scheduler_job.py:629} INFO - Processing file /home/airflow/.local/lib/python3.6/site-packages/airflow/example_dags/example_short_circuit_operator.py for tasks to queue
[2026-09-21 14:55:15,631] {logging_mixin.py:104} INFO - [2026-09-21 14:55:15,631] {dagbag.py:451} INFO - Filling up the DagBag from /home/airflow/.local/lib/python3.6/site-packages/airflow/example_dags/example_short_circuit_operator.py
[2026-09-21 14:55:15,647] {scheduler_job.py:639} INFO - DAG(s) dict_keys(['example_short_circuit_operator']) retrieved from /home/airflow/.local/lib/python3.6/site-packages/airflow/example_dags/example_short_circuit_operator.py
[2026-09-21 14:55:15,672] {logging_mixin.py:104} INFO - [2026-09-21 14:55:15,672] {dag.py:1824} INFO - Sync 1 DAGs
[2026-09-21 14:55:15,690] {logging_mixin.py:104} INFO - [2026-09-21 14:55:15,690] {dag.py:2280} INFO - Setting next_dagrun for example_short_circuit_operator to 2026-09-19 00:00:00+00:00
[2026-09-21 14:55:15,706] {scheduler_job.py:190} INFO - Processing /home/airflow/.local/lib/python3.6/site-packages/airflow/example_dags/example_short_circuit_operator.py took 0.081 seconds
[2026-09-21 14:55:46,296] {scheduler_job.py:182} INFO - Started process (PID=167) to work on /home/airflow/.local/lib/python3.6/site-packages/airflow/example_dags/example_short_circuit_operator.py
[2026-09-21 14:55:46,297] {scheduler_job.py:629} INFO - Processing file /home/airflow/.local/lib/python3.6/site-packages/airflow/example_dags/example_short_circuit_operator.py for tasks to queue
[2026-09-21 14:55:46,298] {logging_mixin.py:104} INFO - [2026-09-21 14:55:46,298] {dagbag.py:451} INFO - Filling up the DagBag from /home/airflow/.local/lib/python3.6/site-packages/airflow/example_dags/example_short_circuit_operator.py
[2026-09-21 14:55:46,315] {scheduler_job.py:639} INFO - DAG(s) dict_keys(['example_short_circuit_operator']) retrieved from /home/airflow/.local/lib/python3.6/site-packages/airflow/example_dags/example_short_circuit_operator.py
[2026-09-21 14:55:46,340] {logging_mixin.py:104} INFO - [2026-09-21 14:55:46,339] {dag.py:1824} INFO - Sync 1 DAGs
[2026-09-21 14:55:46,358] {logging_mixin.py:104} INFO - [2026-09-21 14:55:46,358] {dag.py:2280} INFO - Setting next_dagrun for example_short_circuit_operator to 2026-09-19 00:00:00+00:00
[2026-09-21 14:55:46,373] {scheduler_job.py:190} INFO - Processing /home/airflow/.local/lib/python3.6/site-packages/airflow/example_dags/example_short_circuit_operator.py took 0.081 seconds
[2026-09-21 14:56:16,855] {scheduler_job.py:182} INFO - Started process (PID=194) to work on /home/airflow/.local/lib/python3.6/site-packages/airflow/example_dags/example_short_circuit_operator.py
[2026-09-21 14:56:16,856] {scheduler_job.py:629} INFO - Processing file /home/airflow/.local/lib/python3.6/site-packages/airflow/example_dags/example_short_circuit_operator.py for tasks to queue
[2026-09-21 14:56:16,857] {logging_mixin.py:104} INFO - [2026-09-21 14:56:16,857] {dagbag.py:451} INFO - Filling up the DagBag from /home/airflow/.local/lib/python3.6/site-packages/airflow/example_dags/example_short_circuit_operator.py
[2026-09-21 14:56:16,880] {scheduler_job.py:639} INFO - DAG(s) dict_keys(['example_short_circuit_operator']) retrieved from /home/airflow/.local/lib/python3.6/site-packages/airflow/example_dags/example_short_circuit_operator.py
[2026-09-21 14:56:16,913] {logging_mixin.py:104} INFO - [2026-09-21 14:56:16,913] {dag.py:1824} INFO - Sync 1 DAGs
[2026-09-21 14:56:16,939] {logging_mixin.py:104} INFO - [2026-09-21 14:56:16,939] {dag.py:2280} INFO - Setting next_dagrun for example_short_circuit_operator to 2026-09-19 00:00:00+00:00
[2026-09-21 14:56:16,960] {scheduler_job.py:190} INFO - Processing /home/airflow/.local/lib/python3.6/site-packages/airflow/example_dags/example_short_circuit_operator.py took 0.109 seconds
[2026-09-21 14:56:47,850] {scheduler_job.py:182} INFO - Started process (PID=221) to work on /home/airflow/.local/lib/python3.6/site-packages/airflow/example_dags/example_short_circuit_operator.py
[2026-09-21 14:56:47,851] {scheduler_job.py:629} INFO - Processing file /home/airflow/.local/lib/python3.6/site-packages/airflow/example_dags/example_short_circuit_operator.py for tasks to queue
[2026-09-21 14:56:47,852] {logging_mixin.py:104} INFO - [2026-09-21 14:56:47,852] {dagbag.py:451} INFO - Filling up the DagBag from /home/airflow/.local/lib/python3.6/site-packages/airflow/example_dags/example_short_circuit_operator.py
[2026-09-21 14:56:47,870] {scheduler_job.py:639} INFO - DAG(s) dict_keys(['example_short_circuit_operator']) retrieved from /home/airflow/.local/lib/python3.6/site-packages/airflow/example_dags/example_short_circuit_operator.py
[2026-09-21 14:56:47,895] {logging_mixin.py:104} INFO - [2026-09-21 14:56:47,895] {dag.py:1824} INFO - Sync 1 DAGs
[2026-09-21 14:56:47,915] {logging_mixin.py:104} INFO - [2026-09-21 14:56:47,915] {dag.py:2280} INFO - Setting next_dagrun for example_short_circuit_operator to 2026-09-19 00:00:00+00:00
[2026-09-21 14:56:47,932] {scheduler_job.py:190} INFO - Processing /home/airflow/.local/lib/python3.6/site-packages/airflow/example_dags/example_short_circuit_operator.py took 0.086 seconds
[2026-09-21 14:57:18,581] {scheduler_job.py:182} INFO - Started process (PID=248) to work on /home/airflow/.local/lib/python3.6/site-packages/airflow/example_dags/example_short_circuit_operator.py
[2026-09-21 14:57:18,583] {scheduler_job.py:629} INFO - Processing file /home/airflow/.local/lib/python3.6/site-packages/airflow/example_dags/example_short_circuit_operator.py for tasks to queue
[2026-09-21 14:57:18,584] {logging_mixin.py:104} INFO - [2026-09-21 14:57:18,584] {dagbag.py:451} INFO - Filling up the DagBag from /home/airflow/.local/lib/python3.6/site-packages/airflow/example_dags/example_short_circuit_operator.py
[2026-09-21 14:57:18,602] {scheduler_job.py:639} INFO - DAG(s) dict_keys(['example_short_circuit_operator']) retrieved from /home/airflow/.local/lib/python3.6/site-packages/airflow/example_dags/example_short_circuit_operator.py
[2026-09-21 14:57:18,631] {logging_mixin.py:104} INFO - [2026-09-21 14:57:18,631] {dag.py:1824} INFO - Sync 1 DAGs
[2026-09-21 14:57:18,654] {logging_mixin.py:104} INFO - [2026-09-21 14:57:18,654] {dag.py:2280} INFO - Setting next_dagrun for example_short_circuit_operator to 2026-09-19 00:00:00+00:00
[2026-09-21 14:57:18,674] {scheduler_job.py:190} INFO - Processing /home/airflow/.local/lib/python3.6/site-packages/airflow/example_dags/example_short_circuit_operator.py took 0.097 seconds
[2026-09-21 14:57:48,790] {scheduler_job.py:182} INFO - Started process (PID=275) to work on /home/airflow/.local/lib/python3.6/site-packages/airflow/example_dags/example_short_circuit_operator.py
[2026-09-21 14:57:48,791] {scheduler_job.py:629} INFO - Processing file /home/airflow/.local/lib/python3.6/site-packages/airflow/example_dags/example_short_circuit_operator.py for tasks to queue
[2026-09-21 14:57:48,792] {logging_mixin.py:104} INFO - [2026-09-21 14:57:48,792] {dagbag.py:451} INFO - Filling up the DagBag from /home/airflow/.local/lib/python3.6/site-packages/airflow/example_dags/example_short_circuit_operator.py
[2026-09-21 14:57:48,810] {scheduler_job.py:639} INFO - DAG(s) dict_keys(['example_short_circuit_operator']) retrieved from /home/airflow/.local/lib/python3.6/site-packages/airflow/example_dags/example_short_circuit_operator.py
[2026-09-21 14:57:48,843] {logging_mixin.py:104} INFO - [2026-09-21 14:57:48,842] {dag.py:1824} INFO - Sync 1 DAGs
[2026-09-21 14:57:48,872] {logging_mixin.py:104} INFO - [2026-09-21 14:57:48,872] {dag.py:2280} INFO - Setting next_dagrun for example_short_circuit_operator to 2026-09-19 00:00:00+00:00
[2026-09-21 14:57:48,897] {scheduler_job.py:190} INFO - Processing /home/airflow/.local/lib/python3.6/site-packages/airflow/example_dags/example_short_circuit_operator.py took 0.111 seconds
[2026-09-21 14:58:19,252] {scheduler_job.py:182} INFO - Started process (PID=302) to work on /home/airflow/.local/lib/python3.6/site-packages/airflow/example_dags/example_short_circuit_operator.py
[2026-09-21 14:58:19,253] {scheduler_job.py:629} INFO - Processing file /home/airflow/.local/lib/python3.6/site-packages/airflow/example_dags/example_short_circuit_operator.py for tasks to queue
[2026-09-21 14:58:19,254] {logging_mixin.py:104} INFO - [2026-09-21 14:58:19,253] {dagbag.py:451} INFO - Filling up the DagBag from /home/airflow/.local/lib/python3.6/site-packages/airflow/example_dags/example_short_circuit_operator.py
[2026-09-21 14:58:19,271] {scheduler_job.py:639} INFO - DAG(s) dict_keys(['example_short_circuit_operator']) retrieved from /home/airflow/.local/lib/python3.6/site-packages/airflow/example_dags/example_short_circuit_operator.py
[2026-09-21 14:58:19,298] {logging_mixin.py:104} INFO - [2026-09-21 14:58:19,298] {dag.py:1824} INFO - Sync 1 DAGs
[2026-09-21 14:58:19,319] {logging_mixin.py:104} INFO - [2026-09-21 14:58:19,319] {dag.py:2280} INFO - Setting next_dagrun for example_short_circuit_operator to 2026-09-19 00:00:00+00:00
[2026-09-21 14:58:19,334] {scheduler_job.py:190} INFO - Processing /home/airflow/.local/lib/python3.6/site-packages/airflow/example_dags/example_short_circuit_operator.py took 0.086 seconds
[2026-09-21 14:58:49,402] {scheduler_job.py:182} INFO - Started process (PID=329) to work on /home/airflow/.local/lib/python3.6/site-packages/airflow/example_dags/example_short_circuit_operator.py
[2026-09-21 14:58:49,404] {scheduler_job.py:629} INFO - Processing file /home/airflow/.local/lib/python3.6/site-packages/airflow/example_dags/example_short_circuit_operator.py for tasks to queue
[2026-09-21 14:58:49,405] {logging_mixin.py:104} INFO - [2026-09-21 14:58:49,405] {dagbag.py:451} INFO - Filling up the DagBag from /home/airflow/.local/lib/python3.6/site-packages/airflow/example_dags/example_short_circuit_operator.py
[2026-09-21 14:58:49,422] {scheduler_job.py:639} INFO - DAG(s) dict_keys(['example_short_circuit_operator']) retrieved from /home/airflow/.local/lib/python3.6/site-packages/airflow/example_dags/example_short_circuit_operator.py
[2026-09-21 14:58:49,449] {logging_mixin.py:104} INFO - [2026-09-21 14:58:49,448] {dag.py:1824} INFO - Sync 1 DAGs
[2026-09-21 14:58:49,476] {logging_mixin.py:104} INFO - [2026-09-21 14:58:49,476] {dag.py:2280} INFO - Setting next_dagrun for example_short_circuit_operator to 2026-09-19 00:00:00+00:00
[2026-09-21 14:58:49,494] {scheduler_job.py:190} INFO - Processing /home/airflow/.local/lib/python3.6/site-packages/airflow/example_dags/example_short_circuit_operator.py took 0.097 seconds
[2026-09-21 14:59:19,637] {scheduler_job.py:182} INFO - Started process (PID=356) to work on /home/airflow/.local/lib/python3.6/site-packages/airflow/example_dags/example_short_circuit_operator.py
[2026-09-21 14:59:19,639] {scheduler_job.py:629} INFO - Processing file /home/airflow/.local/lib/python3.6/site-packages/airflow/example_dags/example_short_circuit_operator.py for tasks to queue
[2026-09-21 14:59:19,640] {logging_mixin.py:104} INFO - [2026-09-21 14:59:19,639] {dagbag.py:451} INFO - Filling up the DagBag from /home/airflow/.local/lib/python3.6/site-packages/airflow/example_dags/example_short_circuit_operator.py
[2026-09-21 14:59:19,659] {scheduler_job.py:639} INFO - DAG(s) dict_keys(['example_short_circuit_operator']) retrieved from /home/airflow/.local/lib/python3.6/site-packages/airflow/example_dags/example_short_circuit_operator.py
[2026-09-21 14:59:19,689] {logging_mixin.py:104} INFO - [2026-09-21 14:59:19,689] {dag.py:1824} INFO - Sync 1 DAGs
[2026-09-21 14:59:19,710] {logging_mixin.py:104} INFO - [2026-09-21 14:59:19,710] {dag.py:2280} INFO - Setting next_dagrun for example_short_circuit_operator to 2026-09-19 00:00:00+00:00
[2026-09-21 14:59:19,729] {scheduler_job.py:190} INFO - Processing /home/airflow/.local/lib/python3.6/site-packages/airflow/example_dags/example_short_circuit_operator.py took 0.097 seconds
[2026-09-21 14:59:50,542] {scheduler_job.py:182} INFO - Started process (PID=383) to work on /home/airflow/.local/lib/python3.6/site-packages/airflow/example_dags/example_short_circuit_operator.py
[2026-09-21 14:59:50,544] {scheduler_job.py:629} INFO - Processing file /home/airflow/.local/lib/python3.6/site-packages/airflow/example_dags/example_short_circuit_operator.py for tasks to queue
[2026-09-21 14:59:50,544] {logging_mixin.py:104} INFO - [2026-09-21 14:59:50,544] {dagbag.py:451} INFO - Filling up the DagBag from /home/airflow/.local/lib/python3.6/site-packages/airflow/example_dags/example_short_circuit_operator.py
[2026-09-21 14:59:50,564] {scheduler_job.py:639} INFO - DAG(s) dict_keys(['example_short_circuit_operator']) retrieved from /home/airflow/.local/lib/python3.6/site-packages/airflow/example_dags/example_short_circuit_operator.py
[2026-09-21 14:59:50,600] {logging_mixin.py:104} INFO - [2026-09-21 14:59:50,600] {dag.py:1824} INFO - Sync 1 DAGs
[2026-09-21 14:59:50,628] {logging_mixin.py:104} INFO - [2026-09-21 14:59:50,628] {dag.py:2280} INFO - Setting next_dagrun for example_short_circuit_operator to 2026-09-19 00:00:00+00:00
[2026-09-21 14:59:50,640] {scheduler_job.py:190} INFO - Processing /home/airflow/.local/lib/python3.6/site-packages/airflow/example_dags/example_short_circuit_operator.py took 0.103 seconds
[2026-09-21 15:00:20,750] {scheduler_job.py:182} INFO - Started process (PID=410) to work on /home/airflow/.local/lib/python3.6/site-packages/airflow/example_dags/example_short_circuit_operator.py
[2026-09-21 15:00:20,752] {scheduler_job.py:629} INFO - Processing file /home/airflow/.local/lib/python3.6/site-packages/airflow/example_dags/example_short_circuit_operator.py for tasks to queue
[2026-09-21 15:00:20,752] {logging_mixin.py:104} INFO - [2026-09-21 15:00:20,752] {dagbag.py:451} INFO - Filling up the DagBag from /home/airflow/.local/lib/python3.6/site-packages/airflow/example_dags/example_short_circuit_operator.py
[2026-09-21 15:00:20,769] {scheduler_job.py:639} INFO - DAG(s) dict_keys(['example_short_circuit_operator']) retrieved from /home/airflow/.local/lib/python3.6/site-packages/airflow/example_dags/example_short_circuit_operator.py
[2026-09-21 15:00:20,798] {logging_mixin.py:104} INFO - [2026-09-21 15:00:20,798] {dag.py:1824} INFO - Sync 1 DAGs
[2026-09-21 15:00:20,823] {logging_mixin.py:104} INFO - [2026-09-21 15:00:20,823] {dag.py:2280} INFO - Setting next_dagrun for example_short_circuit_operator to 2026-09-19 00:00:00+00:00
[2026-09-21 15:00:20,837] {scheduler_job.py:190} INFO - Processing /home/airflow/.local/lib/python3.6/site-packages/airflow/example_dags/example_short_circuit_operator.py took 0.091 seconds
[2026-09-21 15:00:51,016] {scheduler_job.py:182} INFO - Started process (PID=437) to work on /home/airflow/.local/lib/python3.6/site-packages/airflow/example_dags/example_short_circuit_operator.py
[2026-09-21 15:00:51,018] {scheduler_job.py:629} INFO - Processing file /home/airflow/.local/lib/python3.6/site-packages/airflow/example_dags/example_short_circuit_operator.py for tasks to queue
[2026-09-21 15:00:51,019] {logging_mixin.py:104} INFO - [2026-09-21 15:00:51,018] {dagbag.py:451} INFO - Filling up the DagBag from /home/airflow/.local/lib/python3.6/site-packages/airflow/example_dags/example_short_circuit_operator.py
[2026-09-21 15:00:51,037] {scheduler_job.py:639} INFO - DAG(s) dict_keys(['example_short_circuit_operator']) retrieved from /home/airflow/.local/lib/python3.6/site-packages/airflow/example_dags/example_short_circuit_operator.py
[2026-09-21 15:00:51,065] {logging_mixin.py:104} INFO - [2026-09-21 15:00:51,065] {dag.py:1824} INFO - Sync 1 DAGs
[2026-09-21 15:00:51,084] {logging_mixin.py:104} INFO - [2026-09-21 15:00:51,084] {dag.py:2280} INFO - Setting next_dagrun for example_short_circuit_operator to 2026-09-19 00:00:00+00:00
[2026-09-21 15:00:51,100] {scheduler_job.py:190} INFO - Processing /home/airflow/.local/lib/python3.6/site-packages/airflow/example_dags/example_short_circuit_operator.py took 0.088 seconds
[2026-09-21 15:01:21,431] {scheduler_job.py:182} INFO - Started process (PID=464) to work on /home/airflow/.local/lib/python3.6/site-packages/airflow/example_dags/example_short_circuit_operator.py
[2026-09-21 15:01:21,433] {scheduler_job.py:629} INFO - Processing file /home/airflow/.local/lib/python3.6/site-packages/airflow/example_dags/example_short_circuit_operator.py for tasks to queue
[2026-09-21 15:01:21,434] {logging_mixin.py:104} INFO - [2026-09-21 15:01:21,434] {dagbag.py:451} INFO - Filling up the DagBag from /home/airflow/.local/lib/python3.6/site-packages/airflow/example_dags/example_short_circuit_operator.py
[2026-09-21 15:01:21,452] {scheduler_job.py:639} INFO - DAG(s) dict_keys(['example_short_circuit_operator']) retrieved from /home/airflow/.local/lib/python3.6/site-packages/airflow/example_dags/example_short_circuit_operator.py
[2026-09-21 15:01:21,478] {logging_mixin.py:104} INFO - [2026-09-21 15:01:21,477] {dag.py:1824} INFO - Sync 1 DAGs
[2026-09-21 15:01:21,497] {logging_mixin.py:104} INFO - [2026-09-21 15:01:21,497] {dag.py:2280} INFO - Setting next_dagrun for example_short_circuit_operator to 2026-09-19 00:00:00+00:00
[2026-09-21 15:01:21,514] {scheduler_job.py:190} INFO - Processing /home/airflow/.local/lib/python3.6/site-packages/airflow/example_dags/example_short_circuit_operator.py took 0.088 seconds
[2026-09-21 15:01:51,861] {scheduler_job.py:182} INFO - Started process (PID=491) to work on /home/airflow/.local/lib/python3.6/site-packages/airflow/example_dags/example_short_circuit_operator.py
[2026-09-21 15:01:51,862] {scheduler_job.py:629} INFO - Processing file /home/airflow/.local/lib/python3.6/site-packages/airflow/example_dags/example_short_circuit_operator.py for tasks to queue
[2026-09-21 15:01:51,864] {logging_mixin.py:104} INFO - [2026-09-21 15:01:51,863] {dagbag.py:451} INFO - Filling up the DagBag from /home/airflow/.local/lib/python3.6/site-packages/airflow/example_dags/example_short_circuit_operator.py
[2026-09-21 15:01:51,892] {scheduler_job.py:639} INFO - DAG(s) dict_keys(['example_short_circuit_operator']) retrieved from /home/airflow/.local/lib/python3.6/site-packages/airflow/example_dags/example_short_circuit_operator.py
[2026-09-21 15:01:51,936] {logging_mixin.py:104} INFO - [2026-09-21 15:01:51,936] {dag.py:1824} INFO - Sync 1 DAGs
[2026-09-21 15:01:51,964] {logging_mixin.py:104} INFO - [2026-09-21 15:01:51,964] {dag.py:2280} INFO - Setting next_dagrun for example_short_circuit_operator to 2026-09-19 00:00:00+00:00
[2026-09-21 15:01:51,986] {scheduler_job.py:190} INFO - Processing /home/airflow/.local/lib/python3.6/site-packages/airflow/example_dags/example_short_circuit_operator.py took 0.130 seconds
[2026-09-21 15:02:22,255] {scheduler_job.py:182} INFO - Started process (PID=518) to work on /home/airflow/.local/lib/python3.6/site-packages/airflow/example_dags/example_short_circuit_operator.py
[2026-09-21 15:02:22,261] {scheduler_job.py:629} INFO - Processing file /home/airflow/.local/lib/python3.6/site-packages/airflow/example_dags/example_short_circuit_operator.py for tasks to queue
[2026-09-21 15:02:22,262] {logging_mixin.py:104} INFO - [2026-09-21 15:02:22,262] {dagbag.py:451} INFO - Filling up the DagBag from /home/airflow/.local/lib/python3.6/site-packages/airflow/example_dags/example_short_circuit_operator.py
[2026-09-21 15:02:22,311] {scheduler_job.py:639} INFO - DAG(s) dict_keys(['example_short_circuit_operator']) retrieved from /home/airflow/.local/lib/python3.6/site-packages/airflow/example_dags/example_short_circuit_operator.py
[2026-09-21 15:02:22,376] {logging_mixin.py:104} INFO - [2026-09-21 15:02:22,375] {dag.py:1824} INFO - Sync 1 DAGs
[2026-09-21 15:02:22,418] {logging_mixin.py:104} INFO - [2026-09-21 15:02:22,418] {dag.py:2280} INFO - Setting next_dagrun for example_short_circuit_operator to 2026-09-19 00:00:00+00:00
[2026-09-21 15:02:22,453] {scheduler_job.py:190} INFO - Processing /home/airflow/.local/lib/python3.6/site-packages/airflow/example_dags/example_short_circuit_operator.py took 0.205 seconds
[2026-09-21 15:02:52,513] {scheduler_job.py:182} INFO - Started process (PID=545) to work on /home/airflow/.local/lib/python3.6/site-packages/airflow/example_dags/example_short_circuit_operator.py
[2026-09-21 15:02:52,514] {scheduler_job.py:629} INFO - Processing file /home/airflow/.local/lib/python3.6/site-packages/airflow/example_dags/example_short_circuit_operator.py for tasks to queue
[2026-09-21 15:02:52,515] {logging_mixin.py:104} INFO - [2026-09-21 15:02:52,514] {dagbag.py:451} INFO - Filling up the DagBag from /home/airflow/.local/lib/python3.6/site-packages/airflow/example_dags/example_short_circuit_operator.py
[2026-09-21 15:02:52,531] {scheduler_job.py:639} INFO - DAG(s) dict_keys(['example_short_circuit_operator']) retrieved from /home/airflow/.local/lib/python3.6/site-packages/airflow/example_dags/example_short_circuit_operator.py
[2026-09-21 15:02:52,560] {logging_mixin.py:104} INFO - [2026-09-21 15:02:52,559] {dag.py:1824} INFO - Sync 1 DAGs
[2026-09-21 15:02:52,581] {logging_mixin.py:104} INFO - [2026-09-21 15:02:52,581] {dag.py:2280} INFO - Setting next_dagrun for example_short_circuit_operator to 2026-09-19 00:00:00+00:00
[2026-09-21 15:02:52,595] {scheduler_job.py:190} INFO - Processing /home/airflow/.local/lib/python3.6/site-packages/airflow/example_dags/example_short_circuit_operator.py took 0.086 seconds
[2026-09-21 15:03:22,661] {scheduler_job.py:182} INFO - Started process (PID=572) to work on /home/airflow/.local/lib/python3.6/site-packages/airflow/example_dags/example_short_circuit_operator.py
[2026-09-21 15:03:22,663] {scheduler_job.py:629} INFO - Processing file /home/airflow/.local/lib/python3.6/site-packages/airflow/example_dags/example_short_circuit_operator.py for tasks to queue
[2026-09-21 15:03:22,664] {logging_mixin.py:104} INFO - [2026-09-21 15:03:22,664] {dagbag.py:451} INFO - Filling up the DagBag from /home/airflow/.local/lib/python3.6/site-packages/airflow/example_dags/example_short_circuit_operator.py
[2026-09-21 15:03:22,696] {scheduler_job.py:639} INFO - DAG(s) dict_keys(['example_short_circuit_operator']) retrieved from /home/airflow/.local/lib/python3.6/site-packages/airflow/example_dags/example_short_circuit_operator.py
[2026-09-21 15:03:22,741] {logging_mixin.py:104} INFO - [2026-09-21 15:03:22,741] {dag.py:1824} INFO - Sync 1 DAGs
[2026-09-21 15:03:22,780] {logging_mixin.py:104} INFO - [2026-09-21 15:03:22,780] {dag.py:2280} INFO - Setting next_dagrun for example_short_circuit_operator to 2026-09-19 00:00:00+00:00
[2026-09-21 15:03:22,804] {scheduler_job.py:190} INFO - Processing /home/airflow/.local/lib/python3.6/site-packages/airflow/example_dags/example_short_circuit_operator.py took 0.151 seconds
[2026-09-21 15:03:53,732] {scheduler_job.py:182} INFO - Started process (PID=599) to work on /home/airflow/.local/lib/python3.6/site-packages/airflow/example_dags/example_short_circuit_operator.py
[2026-09-21 15:03:53,734] {scheduler_job.py:629} INFO - Processing file /home/airflow/.local/lib/python3.6/site-packages/airflow/example_dags/example_short_circuit_operator.py for tasks to queue
[2026-09-21 15:03:53,735] {logging_mixin.py:104} INFO - [2026-09-21 15:03:53,735] {dagbag.py:451} INFO - Filling up the DagBag from /home/airflow/.local/lib/python3.6/site-packages/airflow/example_dags/example_short_circuit_operator.py
[2026-09-21 15:03:53,764] {scheduler_job.py:639} INFO - DAG(s) dict_keys(['example_short_circuit_operator']) retrieved from /home/airflow/.local/lib/python3.6/site-packages/airflow/example_dags/example_short_circuit_operator.py
[2026-09-21 15:03:53,810] {logging_mixin.py:104} INFO - [2026-09-21 15:03:53,810] {dag.py:1824} INFO - Sync 1 DAGs
[2026-09-21 15:03:53,841] {logging_mixin.py:104} INFO - [2026-09-21 15:03:53,840] {dag.py:2280} INFO - Setting next_dagrun for example_short_circuit_operator to 2026-09-19 00:00:00+00:00
[2026-09-21 15:03:53,865] {scheduler_job.py:190} INFO - Processing /home/airflow/.local/lib/python3.6/site-packages/airflow/example_dags/example_short_circuit_operator.py took 0.138 seconds
[2026-09-21 15:04:24,298] {scheduler_job.py:182} INFO - Started process (PID=626) to work on /home/airflow/.local/lib/python3.6/site-packages/airflow/example_dags/example_short_circuit_operator.py
[2026-09-21 15:04:24,300] {scheduler_job.py:629} INFO - Processing file /home/airflow/.local/lib/python3.6/site-packages/airflow/example_dags/example_short_circuit_operator.py for tasks to queue
[2026-09-21 15:04:24,301] {logging_mixin.py:104} INFO - [2026-09-21 15:04:24,301] {dagbag.py:451} INFO - Filling up the DagBag from /home/airflow/.local/lib/python3.6/site-packages/airflow/example_dags/example_short_circuit_operator.py
[2026-09-21 15:04:24,318] {scheduler_job.py:639} INFO - DAG(s) dict_keys(['example_short_circuit_operator']) retrieved from /home/airflow/.local/lib/python3.6/site-packages/airflow/example_dags/example_short_circuit_operator.py
[2026-09-21 15:04:24,345] {logging_mixin.py:104} INFO - [2026-09-21 15:04:24,345] {dag.py:1824} INFO - Sync 1 DAGs
[2026-09-21 15:04:24,366] {logging_mixin.py:104} INFO - [2026-09-21 15:04:24,366] {dag.py:2280} INFO - Setting next_dagrun for example_short_circuit_operator to 2026-09-19 00:00:00+00:00
[2026-09-21 15:04:24,381] {scheduler_job.py:190} INFO - Processing /home/airflow/.local/lib/python3.6/site-packages/airflow/example_dags/example_short_circuit_operator.py took 0.087 seconds
[2026-09-21 15:04:54,840] {scheduler_job.py:182} INFO - Started process (PID=653) to work on /home/airflow/.local/lib/python3.6/site-packages/airflow/example_dags/example_short_circuit_operator.py
[2026-09-21 15:04:54,841] {scheduler_job.py:629} INFO - Processing file /home/airflow/.local/lib/python3.6/site-packages/airflow/example_dags/example_short_circuit_operator.py for tasks to queue
[2026-09-21 15:04:54,842] {logging_mixin.py:104} INFO - [2026-09-21 15:04:54,842] {dagbag.py:451} INFO - Filling up the DagBag from /home/airflow/.local/lib/python3.6/site-packages/airflow/example_dags/example_short_circuit_operator.py
[2026-09-21 15:04:54,860] {scheduler_job.py:639} INFO - DAG(s) dict_keys(['example_short_circuit_operator']) retrieved from /home/airflow/.local/lib/python3.6/site-packages/airflow/example_dags/example_short_circuit_operator.py
[2026-09-21 15:04:54,890] {logging_mixin.py:104} INFO - [2026-09-21 15:04:54,889] {dag.py:1824} INFO - Sync 1 DAGs
[2026-09-21 15:04:54,920] {logging_mixin.py:104} INFO - [2026-09-21 15:04:54,920] {dag.py:2280} INFO - Setting next_dagrun for example_short_circuit_operator to 2026-09-19 00:00:00+00:00
[2026-09-21 15:04:54,938] {scheduler_job.py:190} INFO - Processing /home/airflow/.local/lib/python3.6/site-packages/airflow/example_dags/example_short_circuit_operator.py took 0.103 seconds
[2026-09-21 15:05:25,014] {scheduler_job.py:182} INFO - Started process (PID=680) to work on /home/airflow/.local/lib/python3.6/site-packages/airflow/example_dags/example_short_circuit_operator.py
[2026-09-21 15:05:25,016] {scheduler_job.py:629} INFO - Processing file /home/airflow/.local/lib/python3.6/site-packages/airflow/example_dags/example_short_circuit_operator.py for tasks to queue
[2026-09-21 15:05:25,017] {logging_mixin.py:104} INFO - [2026-09-21 15:05:25,017] {dagbag.py:451} INFO - Filling up the DagBag from /home/airflow/.local/lib/python3.6/site-packages/airflow/example_dags/example_short_circuit_operator.py
[2026-09-21 15:05:25,044] {scheduler_job.py:639} INFO - DAG(s) dict_keys(['example_short_circuit_operator']) retrieved from /home/airflow/.local/lib/python3.6/site-packages/airflow/example_dags/example_short_circuit_operator.py
[2026-09-21 15:05:25,083] {logging_mixin.py:104} INFO - [2026-09-21 15:05:25,083] {dag.py:1824} INFO - Sync 1 DAGs
[2026-09-21 15:05:25,115] {logging_mixin.py:104} INFO - [2026-09-21 15:05:25,114] {dag.py:2280} INFO - Setting next_dagrun for example_short_circuit_operator to 2026-09-19 00:00:00+00:00
[2026-09-21 15:05:25,138] {scheduler_job.py:190} INFO - Processing /home/airflow/.local/lib/python3.6/site-packages/airflow/example_dags/example_short_circuit_operator.py took 0.130 seconds
[2026-09-21 15:05:55,202] {scheduler_job.py:182} INFO - Started process (PID=707) to work on /home/airflow/.local/lib/python3.6/site-packages/airflow/example_dags/example_short_circuit_operator.py
[2026-09-21 15:05:55,205] {scheduler_job.py:629} INFO - Processing file /home/airflow/.local/lib/python3.6/site-packages/airflow/example_dags/example_short_circuit_operator.py for tasks to queue
[2026-09-21 15:05:55,206] {logging_mixin.py:104} INFO - [2026-09-21 15:05:55,206] {dagbag.py:451} INFO - Filling up the DagBag from /home/airflow/.local/lib/python3.6/site-packages/airflow/example_dags/example_short_circuit_operator.py
[2026-09-21 15:05:55,237] {scheduler_job.py:639} INFO - DAG(s) dict_keys(['example_short_circuit_operator']) retrieved from /home/airflow/.local/lib/python3.6/site-packages/airflow/example_dags/example_short_circuit_operator.py
[2026-09-21 15:05:55,286] {logging_mixin.py:104} INFO - [2026-09-21 15:05:55,285] {dag.py:1824} INFO - Sync 1 DAGs
[2026-09-21 15:05:55,328] {logging_mixin.py:104} INFO - [2026-09-21 15:05:55,328] {dag.py:2280} INFO - Setting next_dagrun for example_short_circuit_operator to 2026-09-19 00:00:00+00:00
[2026-09-21 15:05:55,360] {scheduler_job.py:190} INFO - Processing /home/airflow/.local/lib/python3.6/site-packages/airflow/example_dags/example_short_circuit_operator.py took 0.164 seconds
[2026-09-21 15:06:25,408] {scheduler_job.py:182} INFO - Started process (PID=734) to work on /home/airflow/.local/lib/python3.6/site-packages/airflow/example_dags/example_short_circuit_operator.py
[2026-09-21 15:06:25,410] {scheduler_job.py:629} INFO - Processing file /home/airflow/.local/lib/python3.6/site-packages/airflow/example_dags/example_short_circuit_operator.py for tasks to queue
[2026-09-21 15:06:25,411] {logging_mixin.py:104} INFO - [2026-09-21 15:06:25,411] {dagbag.py:451} INFO - Filling up the DagBag from /home/airflow/.local/lib/python3.6/site-packages/airflow/example_dags/example_short_circuit_operator.py
[2026-09-21 15:06:25,430] {scheduler_job.py:639} INFO - DAG(s) dict_keys(['example_short_circuit_operator']) retrieved from /home/airflow/.local/lib/python3.6/site-packages/airflow/example_dags/example_short_circuit_operator.py
[2026-09-21 15:06:25,461] {logging_mixin.py:104} INFO - [2026-09-21 15:06:25,461] {dag.py:1824} INFO - Sync 1 DAGs
[2026-09-21 15:06:25,485] {logging_mixin.py:104} INFO - [2026-09-21 15:06:25,485] {dag.py:2280} INFO - Setting next_dagrun for example_short_circuit_operator to 2026-09-19 00:00:00+00:00
[2026-09-21 15:06:25,501] {scheduler_job.py:190} INFO - Processing /home/airflow/.local/lib/python3.6/site-packages/airflow/example_dags/example_short_circuit_operator.py took 0.098 seconds
[2026-09-21 15:06:55,831] {scheduler_job.py:182} INFO - Started process (PID=761) to work on /home/airflow/.local/lib/python3.6/site-packages/airflow/example_dags/example_short_circuit_operator.py
[2026-09-21 15:06:55,833] {scheduler_job.py:629} INFO - Processing file /home/airflow/.local/lib/python3.6/site-packages/airflow/example_dags/example_short_circuit_operator.py for tasks to queue
[2026-09-21 15:06:55,834] {logging_mixin.py:104} INFO - [2026-09-21 15:06:55,834] {dagbag.py:451} INFO - Filling up the DagBag from /home/airflow/.local/lib/python3.6/site-packages/airflow/example_dags/example_short_circuit_operator.py
[2026-09-21 15:06:55,851] {scheduler_job.py:639} INFO - DAG(s) dict_keys(['example_short_circuit_operator']) retrieved from /home/airflow/.local/lib/python3.6/site-packages/airflow/example_dags/example_short_circuit_operator.py
[2026-09-21 15:06:55,888] {logging_mixin.py:104} INFO - [2026-09-21 15:06:55,888] {dag.py:1824} INFO - Sync 1 DAGs
[2026-09-21 15:06:55,912] {logging_mixin.py:104} INFO - [2026-09-21 15:06:55,911] {dag.py:2280} INFO - Setting next_dagrun for example_short_circuit_operator to 2026-09-19 00:00:00+00:00
[2026-09-21 15:06:55,930] {scheduler_job.py:190} INFO - Processing /home/airflow/.local/lib/python3.6/site-packages/airflow/example_dags/example_short_circuit_operator.py took 0.104 seconds
[2026-09-21 15:07:26,106] {scheduler_job.py:182} INFO - Started process (PID=788) to work on /home/airflow/.local/lib/python3.6/site-packages/airflow/example_dags/example_short_circuit_operator.py
[2026-09-21 15:07:26,108] {scheduler_job.py:629} INFO - Processing file /home/airflow/.local/lib/python3.6/site-packages/airflow/example_dags/example_short_circuit_operator.py for tasks to queue
[2026-09-21 15:07:26,109] {logging_mixin.py:104} INFO - [2026-09-21 15:07:26,109] {dagbag.py:451} INFO - Filling up the DagBag from /home/airflow/.local/lib/python3.6/site-packages/airflow/example_dags/example_short_circuit_operator.py
[2026-09-21 15:07:26,125] {scheduler_job.py:639} INFO - DAG(s) dict_keys(['example_short_circuit_operator']) retrieved from /home/airflow/.local/lib/python3.6/site-packages/airflow/example_dags/example_short_circuit_operator.py
[2026-09-21 15:07:26,154] {logging_mixin.py:104} INFO - [2026-09-21 15:07:26,154] {dag.py:1824} INFO - Sync 1 DAGs
[2026-09-21 15:07:26,173] {logging_mixin.py:104} INFO - [2026-09-21 15:07:26,173] {dag.py:2280} INFO - Setting next_dagrun for example_short_circuit_operator to 2026-09-19 00:00:00+00:00
[2026-09-21 15:07:26,188] {scheduler_job.py:190} INFO - Processing /home/airflow/.local/lib/python3.6/site-packages/airflow/example_dags/example_short_circuit_operator.py took 0.086 seconds
[2026-09-21 15:07:56,688] {scheduler_job.py:182} INFO - Started process (PID=815) to work on /home/airflow/.local/lib/python3.6/site-packages/airflow/example_dags/example_short_circuit_operator.py
[2026-09-21 15:07:56,690] {scheduler_job.py:629} INFO - Processing file /home/airflow/.local/lib/python3.6/site-packages/airflow/example_dags/example_short_circuit_operator.py for tasks to queue
[2026-09-21 15:07:56,691] {logging_mixin.py:104} INFO - [2026-09-21 15:07:56,691] {dagbag.py:451} INFO - Filling up the DagBag from /home/airflow/.local/lib/python3.6/site-packages/airflow/example_dags/example_short_circuit_operator.py
[2026-09-21 15:07:56,714] {scheduler_job.py:639} INFO - DAG(s) dict_keys(['example_short_circuit_operator']) retrieved from /home/airflow/.local/lib/python3.6/site-packages/airflow/example_dags/example_short_circuit_operator.py
[2026-09-21 15:07:56,769] {logging_mixin.py:104} INFO - [2026-09-21 15:07:56,768] {dag.py:1824} INFO - Sync 1 DAGs
[2026-09-21 15:07:56,804] {logging_mixin.py:104} INFO - [2026-09-21 15:07:56,804] {dag.py:2280} INFO - Setting next_dagrun for example_short_circuit_operator to 2026-09-19 00:00:00+00:00
[2026-09-21 15:07:56,837] {scheduler_job.py:190} INFO - Processing /home/airflow/.local/lib/python3.6/site-packages/airflow/example_dags/example_short_circuit_operator.py took 0.154 seconds
[2026-09-21 15:08:26,898] {scheduler_job.py:182} INFO - Started process (PID=842) to work on /home/airflow/.local/lib/python3.6/site-packages/airflow/example_dags/example_short_circuit_operator.py
[2026-09-21 15:08:26,900] {scheduler_job.py:629} INFO - Processing file /home/airflow/.local/lib/python3.6/site-packages/airflow/example_dags/example_short_circuit_operator.py for tasks to queue
[2026-09-21 15:08:26,901] {logging_mixin.py:104} INFO - [2026-09-21 15:08:26,901] {dagbag.py:451} INFO - Filling up the DagBag from /home/airflow/.local/lib/python3.6/site-packages/airflow/example_dags/example_short_circuit_operator.py
[2026-09-21 15:08:26,933] {scheduler_job.py:639} INFO - DAG(s) dict_keys(['example_short_circuit_operator']) retrieved from /home/airflow/.local/lib/python3.6/site-packages/airflow/example_dags/example_short_circuit_operator.py
[2026-09-21 15:08:26,987] {logging_mixin.py:104} INFO - [2026-09-21 15:08:26,987] {dag.py:1824} INFO - Sync 1 DAGs
[2026-09-21 15:08:27,022] {logging_mixin.py:104} INFO - [2026-09-21 15:08:27,021] {dag.py:2280} INFO - Setting next_dagrun for example_short_circuit_operator to 2026-09-19 00:00:00+00:00
[2026-09-21 15:08:27,044] {scheduler_job.py:190} INFO - Processing /home/airflow/.local/lib/python3.6/site-packages/airflow/example_dags/example_short_circuit_operator.py took 0.152 seconds
[2026-09-21 15:08:57,246] {scheduler_job.py:182} INFO - Started process (PID=869) to work on /home/airflow/.local/lib/python3.6/site-packages/airflow/example_dags/example_short_circuit_operator.py
[2026-09-21 15:08:57,248] {scheduler_job.py:629} INFO - Processing file /home/airflow/.local/lib/python3.6/site-packages/airflow/example_dags/example_short_circuit_operator.py for tasks to queue
[2026-09-21 15:08:57,249] {logging_mixin.py:104} INFO - [2026-09-21 15:08:57,249] {dagbag.py:451} INFO - Filling up the DagBag from /home/airflow/.local/lib/python3.6/site-packages/airflow/example_dags/example_short_circuit_operator.py
[2026-09-21 15:08:57,287] {scheduler_job.py:639} INFO - DAG(s) dict_keys(['example_short_circuit_operator']) retrieved from /home/airflow/.local/lib/python3.6/site-packages/airflow/example_dags/example_short_circuit_operator.py
[2026-09-21 15:08:57,348] {logging_mixin.py:104} INFO - [2026-09-21 15:08:57,347] {dag.py:1824} INFO - Sync 1 DAGs
[2026-09-21 15:08:57,412] {logging_mixin.py:104} INFO - [2026-09-21 15:08:57,412] {dag.py:2280} INFO - Setting next_dagrun for example_short_circuit_operator to 2026-09-19 00:00:00+00:00
[2026-09-21 15:08:57,442] {scheduler_job.py:190} INFO - Processing /home/airflow/.local/lib/python3.6/site-packages/airflow/example_dags/example_short_circuit_operator.py took 0.207 seconds
[2026-09-21 15:09:27,692] {scheduler_job.py:182} INFO - Started process (PID=896) to work on /home/airflow/.local/lib/python3.6/site-packages/airflow/example_dags/example_short_circuit_operator.py
[2026-09-21 15:09:27,695] {scheduler_job.py:629} INFO - Processing file /home/airflow/.local/lib/python3.6/site-packages/airflow/example_dags/example_short_circuit_operator.py for tasks to queue
[2026-09-21 15:09:27,696] {logging_mixin.py:104} INFO - [2026-09-21 15:09:27,696] {dagbag.py:451} INFO - Filling up the DagBag from /home/airflow/.local/lib/python3.6/site-packages/airflow/example_dags/example_short_circuit_operator.py
[2026-09-21 15:09:27,724] {scheduler_job.py:639} INFO - DAG(s) dict_keys(['example_short_circuit_operator']) retrieved from /home/airflow/.local/lib/python3.6/site-packages/airflow/example_dags/example_short_circuit_operator.py
[2026-09-21 15:09:27,763] {logging_mixin.py:104} INFO - [2026-09-21 15:09:27,763] {dag.py:1824} INFO - Sync 1 DAGs
[2026-09-21 15:09:27,797] {logging_mixin.py:104} INFO - [2026-09-21 15:09:27,797] {dag.py:2280} INFO - Setting next_dagrun for example_short_circuit_operator to 2026-09-19 00:00:00+00:00
[2026-09-21 15:09:27,829] {scheduler_job.py:190} INFO - Processing /home/airflow/.local/lib/python3.6/site-packages/airflow/example_dags/example_short_circuit_operator.py took 0.143 seconds
[2026-09-21 15:09:58,285] {scheduler_job.py:182} INFO - Started process (PID=923) to work on /home/airflow/.local/lib/python3.6/site-packages/airflow/example_dags/example_short_circuit_operator.py
[2026-09-21 15:09:58,286] {scheduler_job.py:629} INFO - Processing file /home/airflow/.local/lib/python3.6/site-packages/airflow/example_dags/example_short_circuit_operator.py for tasks to queue
[2026-09-21 15:09:58,287] {logging_mixin.py:104} INFO - [2026-09-21 15:09:58,287] {dagbag.py:451} INFO - Filling up the DagBag from /home/airflow/.local/lib/python3.6/site-packages/airflow/example_dags/example_short_circuit_operator.py
[2026-09-21 15:09:58,314] {scheduler_job.py:639} INFO - DAG(s) dict_keys(['example_short_circuit_operator']) retrieved from /home/airflow/.local/lib/python3.6/site-packages/airflow/example_dags/example_short_circuit_operator.py
[2026-09-21 15:09:58,351] {logging_mixin.py:104} INFO - [2026-09-21 15:09:58,351] {dag.py:1824} INFO - Sync 1 DAGs
[2026-09-21 15:09:58,383] {logging_mixin.py:104} INFO - [2026-09-21 15:09:58,382] {dag.py:2280} INFO - Setting next_dagrun for example_short_circuit_operator to 2026-09-19 00:00:00+00:00
[2026-09-21 15:09:58,405] {scheduler_job.py:190} INFO - Processing /home/airflow/.local/lib/python3.6/site-packages/airflow/example_dags/example_short_circuit_operator.py took 0.125 seconds
[2026-09-21 15:10:28,509] {scheduler_job.py:182} INFO - Started process (PID=950) to work on /home/airflow/.local/lib/python3.6/site-packages/airflow/example_dags/example_short_circuit_operator.py
[2026-09-21 15:10:28,511] {scheduler_job.py:629} INFO - Processing file /home/airflow/.local/lib/python3.6/site-packages/airflow/example_dags/example_short_circuit_operator.py for tasks to queue
[2026-09-21 15:10:28,512] {logging_mixin.py:104} INFO - [2026-09-21 15:10:28,512] {dagbag.py:451} INFO - Filling up the DagBag from /home/airflow/.local/lib/python3.6/site-packages/airflow/example_dags/example_short_circuit_operator.py
[2026-09-21 15:10:28,538] {scheduler_job.py:639} INFO - DAG(s) dict_keys(['example_short_circuit_operator']) retrieved from /home/airflow/.local/lib/python3.6/site-packages/airflow/example_dags/example_short_circuit_operator.py
[2026-09-21 15:10:28,589] {logging_mixin.py:104} INFO - [2026-09-21 15:10:28,589] {dag.py:1824} INFO - Sync 1 DAGs
[2026-09-21 15:10:28,620] {logging_mixin.py:104} INFO - [2026-09-21 15:10:28,620] {dag.py:2280} INFO - Setting next_dagrun for example_short_circuit_operator to 2026-09-19 00:00:00+00:00
[2026-09-21 15:10:28,642] {scheduler_job.py:190} INFO - Processing /home/airflow/.local/lib/python3.6/site-packages/airflow/example_dags/example_short_circuit_operator.py took 0.139 seconds
