[2026-09-21 14:53:12,771] {scheduler_job.py:182} INFO - Started process (PID=34) to work on /home/airflow/.local/lib/python3.6/site-packages/airflow/example_dags/example_trigger_controller_dag.py
[2026-09-21 14:53:12,773] {scheduler_job.py:629} INFO - Processing file /home/airflow/.local/lib/python3.6/site-packages/airflow/example_dags/example_trigger_controller_dag.py for tasks to queue
[2026-09-21 14:53:12,774] {logging_mixin.py:104} INFO - [2026-09-21 14:53:12,774] {dagbag.py:451} INFO - Filling up the DagBag from /home/airflow/.local/lib/python3.6/site-packages/airflow/example_dags/example_trigger_controller_dag.py
[2026-09-21 14:53:12,795] {scheduler_job.py:639} INFO - DAG(s) dict_keys(['example_trigger_controller_dag']) retrieved from /home/airflow/.local/lib/python3.6/site-packages/airflow/example_dags/example_trigger_controller_dag.py
[2026-09-21 14:53:12,835] {logging_mixin.py:104} INFO - [2026-09-21 14:53:12,835] {dag.py:1824} INFO - Sync 1 DAGs
[2026-09-21 14:53:12,854] {logging_mixin.py:104} INFO - [2026-09-21 14:53:12,854] {dag.py:1843} INFO - Creating ORM DAG for example_trigger_controller_dag
[2026-09-21 14:53:12,865] {logging_mixin.py:104} INFO - [2026-09-21 14:53:12,865] {dag.py:2280} INFO - Setting next_dagrun for example_trigger_controller_dag to 2026-09-19 00:00:00+00:00
[2026-09-21 14:53:12,890] {scheduler_job.py:190} INFO - Processing /home/airflow/.local/lib/python3.6/site-packages/airflow/example_dags/example_trigger_controller_dag.py took 0.124 seconds
[2026-09-21 14:53:43,566] {scheduler_job.py:182} INFO - Started process (PID=61) to work on /home/airflow/.local/lib/python3.6/site-packages/airflow/example_dags/example_trigger_controller_dag.py
[2026-09-21 14:53:43,568] {scheduler_job.py:629} INFO - Processing file /home/airflow/.local/lib/python3.6/site-packages/airflow/example_dags/example_trigger_controller_dag.py for tasks to queue
[2026-09-21 14:53:43,569] {logging_mixin.py:104} INFO - [2026-09-21 14:53:43,568] {dagbag.py:451} INFO - Filling up the DagBag from /home/airflow/.local/lib/python3.6/site-packages/airflow/example_dags/example_trigger_controller_dag.py
[2026-09-21 14:53:43,585] {scheduler_job.py:639} INFO - DAG(s) dict_keys(['example_trigger_controller_dag']) retrieved from /home/airflow/.local/lib/python3.6/site-packages/airflow/example_dags/example_trigger_controller_dag.py
[2026-09-21 14:53:43,617] {logging_mixin.py:104} INFO - [2026-09-21 14:53:43,617] {dag.py:1824} INFO - Sync 1 DAGs
[2026-09-21 14:53:43,643] {logging_mixin.py:104} INFO - [2026-09-21 14:53:43,643] {dag.py:2280} INFO - Setting next_dagrun for example_trigger_controller_dag to 2026-09-19 00:00:00+00:00
[2026-09-21 14:53:43,665] {scheduler_job.py:190} INFO - Processing /home/airflow/.local/lib/python3.6/site-packages/airflow/example_dags/example_trigger_controller_dag.py took 0.104 seconds
[2026-09-21 14:54:14,664] {scheduler_job.py:182} INFO - Started process (PID=90) to work on /home/airflow/.local/lib/python3.6/site-packages/airflow/example_dags/example_trigger_controller_dag.py
[2026-09-21 14:54:14,666] {scheduler_job.py:629} INFO - Processing file /home/airflow/.local/lib/python3.6/site-packages/airflow/example_dags/example_trigger_controller_dag.py for tasks to queue
[2026-09-21 14:54:14,668] {logging_mixin.py:104} INFO - [2026-09-21 14:54:14,668] {dagbag.py:451} INFO - Filling up the DagBag from /home/airflow/.local/lib/python3.6/site-packages/airflow/example_dags/example_trigger_controller_dag.py
[2026-09-21 14:54:14,687] {scheduler_job.py:639} INFO - DAG(s) dict_keys(['example_trigger_controller_dag']) retrieved from /home/airflow/.local/lib/python3.6/site-packages/airflow/example_dags/example_trigger_controller_dag.py
[2026-09-21 14:54:14,718] {logging_mixin.py:104} INFO - [2026-09-21 14:54:14,717] {dag.py:1824} INFO - Sync 1 DAGs
[2026-09-21 14:54:14,743] {logging_mixin.py:104} INFO - [2026-09-21 14:54:14,742] {dag.py:2280} INFO - Setting next_dagrun for example_trigger_controller_dag to 2026-09-19 00:00:00+00:00
[2026-09-21 14:54:14,762] {scheduler_job.py:190} INFO - Processing /home/airflow/.local/lib/python3.6/site-packages/airflow/example_dags/example_trigger_controller_dag.py took 0.104 seconds
[2026-09-21 14:54:44,860] {scheduler_job.py:182} INFO - Started process (PID=117) to work on /home/airflow/.local/lib/python3.6/site-packages/airflow/example_dags/example_trigger_controller_dag.py
[2026-09-21 14:54:44,861] {scheduler_job.py:629} INFO - Processing file /home/airflow/.local/lib/python3.6/site-packages/airflow/example_dags/example_trigger_controller_dag.py for tasks to queue
[2026-09-21 14:54:44,862] {logging_mixin.py:104} INFO - [2026-09-21 14:54:44,861] {dagbag.py:451} INFO - Filling up the DagBag from /home/airflow/.local/lib/python3.6/site-packages/airflow/example_dags/example_trigger_controller_dag.py
[2026-09-21 14:54:44,875] {scheduler_job.py:639} INFO - DAG(s) dict_keys(['example_trigger_controller_dag']) retrieved from /home/airflow/.local/lib/python3.6/site-packages/airflow/example_dags/example_trigger_controller_dag.py
[2026-09-21 14:54:44,903] {logging_mixin.py:104} INFO - [2026-09-21 14:54:44,903] {dag.py:1824} INFO - Sync 1 DAGs
[2026-09-21 14:54:44,931] {logging_mixin.py:104} INFO - [2026-09-21 14:54:44,931] {dag.py:2280} INFO - Setting next_dagrun for example_trigger_controller_dag to 2026-09-19 00:00:00+00:00
[2026-09-21 14:54:44,951] {scheduler_job.py:190} INFO - Processing /home/airflow/.local/lib/python3.6/site-packages/airflow/example_dags/example_trigger_controller_dag.py took 0.096 seconds
[2026-09-21 14:55:15,849] {scheduler_job.py:182} INFO - Started process (PID=145) to work on /home/airflow/.local/lib/python3.6/site-packages/airflow/example_dags/example_trigger_controller_dag.py
[2026-09-21 14:55:15,850] {scheduler_job.py:629} INFO - Processing file /home/airflow/.local/lib/python3.6/site-packages/airflow/example_dags/example_trigger_controller_dag.py for tasks to queue
[2026-09-21 14:55:15,850] {logging_mixin.py:104} INFO - [2026-09-21 14:55:15,850] {dagbag.py:451} INFO - Filling up the DagBag from /home/airflow/.local/lib/python3.6/site-packages/airflow/example_dags/example_trigger_controller_dag.py
[2026-09-21 14:55:15,864] {scheduler_job.py:639} INFO - DAG(s) dict_keys(['example_trigger_controller_dag']) retrieved from /home/airflow/.local/lib/python3.6/site-packages/airflow/example_dags/example_trigger_controller_dag.py
[2026-09-21 14:55:15,888] {logging_mixin.py:104} INFO - [2026-09-21 14:55:15,887] {dag.py:1824} INFO - Sync 1 DAGs
[2026-09-21 14:55:15,907] {logging_mixin.py:104} INFO - [2026-09-21 14:55:15,907] {dag.py:2280} INFO - Setting next_dagrun for example_trigger_controller_dag to 2026-09-19 00:00:00+00:00
[2026-09-21 14:55:15,921] {scheduler_job.py:190} INFO - Processing /home/airflow/.local/lib/python3.6/site-packages/airflow/example_dags/example_trigger_controller_dag.py took 0.077 seconds
[2026-09-21 14:55:46,510] {scheduler_job.py:182} INFO - Started process (PID=172) to work on /home/airflow/.local/lib/python3.6/site-packages/airflow/example_dags/example_trigger_controller_dag.py
[2026-09-21 14:55:46,511] {scheduler_job.py:629} INFO - Processing file /home/airflow/.local/lib/python3.6/site-packages/airflow/example_dags/example_trigger_controller_dag.py for tasks to queue
[2026-09-21 14:55:46,512] {logging_mixin.py:104} INFO - [2026-09-21 14:55:46,511] {dagbag.py:451} INFO - Filling up the DagBag from /home/airflow/.local/lib/python3.6/site-packages/airflow/example_dags/example_trigger_controller_dag.py
[2026-09-21 14:55:46,525] {scheduler_job.py:639} INFO - DAG(s) dict_keys(['example_trigger_controller_dag']) retrieved from /home/airflow/.local/lib/python3.6/site-packages/airflow/example_dags/example_trigger_controller_dag.py
[2026-09-21 14:55:46,549] {logging_mixin.py:104} INFO - [2026-09-21 14:55:46,549] {dag.py:1824} INFO - Sync 1 DAGs
[2026-09-21 14:55:46,570] {logging_mixin.py:104} INFO - [2026-09-21 14:55:46,570] {dag.py:2280} INFO - Setting next_dagrun for example_trigger_controller_dag to 2026-09-19 00:00:00+00:00
[2026-09-21 14:55:46,583] {scheduler_job.py:190} INFO - Processing /home/airflow/.local/lib/python3.6/site-packages/airflow/example_dags/example_trigger_controller_dag.py took 0.078 seconds
[2026-09-21 14:56:17,141] {scheduler_job.py:182} INFO - Started process (PID=199) to work on /home/airflow/.local/lib/python3.6/site-packages/airflow/example_dags/example_trigger_controller_dag.py
[2026-09-21 14:56:17,142] {scheduler_job.py:629} INFO - Processing file /home/airflow/.local/lib/python3.6/site-packages/airflow/example_dags/example_trigger_controller_dag.py for tasks to queue
[2026-09-21 14:56:17,143] {logging_mixin.py:104} INFO - [2026-09-21 14:56:17,143] {dagbag.py:451} INFO - Filling up the DagBag from /home/airflow/.local/lib/python3.6/site-packages/airflow/example_dags/example_trigger_controller_dag.py
[2026-09-21 14:56:17,161] {scheduler_job.py:639} INFO - DAG(s) dict_keys(['example_trigger_controller_dag']) retrieved from /home/airflow/.local/lib/python3.6/site-packages/airflow/example_dags/example_trigger_controller_dag.py
[2026-09-21 14:56:17,192] {logging_mixin.py:104} INFO - [2026-09-21 14:56:17,192] {dag.py:1824} INFO - Sync 1 DAGs
[2026-09-21 14:56:17,219] {logging_mixin.py:104} INFO - [2026-09-21 14:56:17,218] {dag.py:2280} INFO - Setting next_dagrun for example_trigger_controller_dag to 2026-09-19 00:00:00+00:00
[2026-09-21 14:56:17,235] {scheduler_job.py:190} INFO - Processing /home/airflow/.local/lib/python3.6/site-packages/airflow/example_dags/example_trigger_controller_dag.py took 0.099 seconds
[2026-09-21 14:56:48,068] {scheduler_job.py:182} INFO - Started process (PID=226) to work on /home/airflow/.local/lib/python3.6/site-packages/airflow/example_dags/example_trigger_controller_dag.py
[2026-09-21 14:56:48,070] {scheduler_job.py:629} INFO - Processing file /home/airflow/.local/lib/python3.6/site-packages/airflow/example_dags/example_trigger_controller_dag.py for tasks to queue
[2026-09-21 14:56:48,070] {logging_mixin.py:104} INFO - [2026-09-21 14:56:48,070] {dagbag.py:451} INFO - Filling up the DagBag from /home/airflow/.local/lib/python3.6/site-packages/airflow/example_dags/example_trigger_controller_dag.py
[2026-09-21 14:56:48,084] {scheduler_job.py:639} INFO - DAG(s) dict_keys(['example_trigger_controller_dag']) retrieved from /home/airflow/.local/lib/python3.6/site-packages/airflow/example_dags/example_trigger_controller_dag.py
[2026-09-21 14:56:48,107] {logging_mixin.py:104} INFO - [2026-09-21 14:56:48,107] {dag.py:1824} INFO - Sync 1 DAGs
[2026-09-21 14:56:48,129] {logging_mixin.py:104} INFO - [2026-09-21 14:56:48,129] {dag.py:2280} INFO - Setting next_dagrun for example_trigger_controller_dag to 2026-09-19 00:00:00+00:00
[2026-09-21 14:56:48,143] {scheduler_job.py:190} INFO - Processing /home/airflow/.local/lib/python3.6/site-packages/airflow/example_dags/example_trigger_controller_dag.py took 0.079 seconds
[2026-09-21 14:57:18,831] {scheduler_job.py:182} INFO - Started process (PID=253) to work on /home/airflow/.local/lib/python3.6/site-packages/airflow/example_dags/example_trigger_controller_dag.py
[2026-09-21 14:57:18,834] {scheduler_job.py:629} INFO - Processing file /home/airflow/.local/lib/python3.6/site-packages/airflow/example_dags/example_trigger_controller_dag.py for tasks to queue
[2026-09-21 14:57:18,834] {logging_mixin.py:104} INFO - [2026-09-21 14:57:18,834] {dagbag.py:451} INFO - Filling up the DagBag from /home/airflow/.local/lib/python3.6/site-packages/airflow/example_dags/example_trigger_controller_dag.py
[2026-09-21 14:57:18,849] {scheduler_job.py:639} INFO - DAG(s) dict_keys(['example_trigger_controller_dag']) retrieved from /home/airflow/.local/lib/python3.6/site-packages/airflow/example_dags/example_trigger_controller_dag.py
[2026-09-21 14:57:18,888] {logging_mixin.py:104} INFO - [2026-09-21 14:57:18,887] {dag.py:1824} INFO - Sync 1 DAGs
[2026-09-21 14:57:18,920] {logging_mixin.py:104} INFO - [2026-09-21 14:57:18,919] {dag.py:2280} INFO - Setting next_dagrun for example_trigger_controller_dag to 2026-09-19 00:00:00+00:00
[2026-09-21 14:57:18,937] {scheduler_job.py:190} INFO - Processing /home/airflow/.local/lib/python3.6/site-packages/airflow/example_dags/example_trigger_controller_dag.py took 0.109 seconds
[2026-09-21 14:57:49,095] {scheduler_job.py:182} INFO - Started process (PID=280) to work on /home/airflow/.local/lib/python3.6/site-packages/airflow/example_dags/example_trigger_controller_dag.py
[2026-09-21 14:57:49,097] {scheduler_job.py:629} INFO - Processing file /home/airflow/.local/lib/python3.6/site-packages/airflow/example_dags/example_trigger_controller_dag.py for tasks to queue
[2026-09-21 14:57:49,099] {logging_mixin.py:104} INFO - [2026-09-21 14:57:49,099] {dagbag.py:451} INFO - Filling up the DagBag from /home/airflow/.local/lib/python3.6/site-packages/airflow/example_dags/example_trigger_controller_dag.py
[2026-09-21 14:57:49,120] {scheduler_job.py:639} INFO - DAG(s) dict_keys(['example_trigger_controller_dag']) retrieved from /home/airflow/.local/lib/python3.6/site-packages/airflow/example_dags/example_trigger_controller_dag.py
[2026-09-21 14:57:49,158] {logging_mixin.py:104} INFO - [2026-09-21 14:57:49,157] {dag.py:1824} INFO - Sync 1 DAGs
[2026-09-21 14:57:49,183] {logging_mixin.py:104} INFO - [2026-09-21 14:57:49,183] {dag.py:2280} INFO - Setting next_dagrun for example_trigger_controller_dag to 2026-09-19 00:00:00+00:00
[2026-09-21 14:57:49,199] {scheduler_job.py:190} INFO - Processing /home/airflow/.local/lib/python3.6/site-packages/airflow/example_dags/example_trigger_controller_dag.py took 0.110 seconds
[2026-09-21 14:58:19,467] {scheduler_job.py:182} INFO - Started process (PID=307) to work on /home/airflow/.local/lib/python3.6/site-packages/airflow/example_dags/example_trigger_controller_dag.py
[2026-09-21 14:58:19,468] {scheduler_job.py:629} INFO - Processing file /home/airflow/.local/lib/python3.6/site-packages/airflow/example_dags/example_trigger_controller_dag.py for tasks to queue
[2026-09-21 14:58:19,469] {logging_mixin.py:104} INFO - [2026-09-21 14:58:19,469] {dagbag.py:451} INFO - Filling up the DagBag from /home/airflow/.local/lib/python3.6/site-packages/airflow/example_dags/example_trigger_controller_dag.py
[2026-09-21 14:58:19,482] {scheduler_job.py:639} INFO - DAG(s) dict_keys(['example_trigger_controller_dag']) retrieved from /home/airflow/.local/lib/python3.6/site-packages/airflow/example_dags/example_trigger_controller_dag.py
[2026-09-21 14:58:19,505] {logging_mixin.py:104} INFO - [2026-09-21 14:58:19,505] {dag.py:1824} INFO - Sync 1 DAGs
[2026-09-21 14:58:19,523] {logging_mixin.py:104} INFO - [2026-09-21 14:58:19,523] {dag.py:2280} INFO - Setting next_dagrun for example_trigger_controller_dag to 2026-09-19 00:00:00+00:00
[2026-09-21 14:58:19,537] {scheduler_job.py:190} INFO - Processing /home/airflow/.local/lib/python3.6/site-packages/airflow/example_dags/example_trigger_controller_dag.py took 0.074 seconds
[2026-09-21 14:58:49,630] {scheduler_job.py:182} INFO - Started process (PID=334) to work on /home/airflow/.local/lib/python3.6/site-packages/airflow/example_dags/example_trigger_controller_dag.py
[2026-09-21 14:58:49,632] {scheduler_job.py:629} INFO - Processing file /home/airflow/.local/lib/python3.6/site-packages/airflow/example_dags/example_trigger_controller_dag.py for tasks to queue
[2026-09-21 14:58:49,633] {logging_mixin.py:104} INFO - [2026-09-21 14:58:49,633] {dagbag.py:451} INFO - Filling up the DagBag from /home/airflow/.local/lib/python3.6/site-packages/airflow/example_dags/example_trigger_controller_dag.py
[2026-09-21 14:58:49,646] {scheduler_job.py:639} INFO - DAG(s) dict_keys(['example_trigger_controller_dag']) retrieved from /home/airflow/.local/lib/python3.6/site-packages/airflow/example_dags/example_trigger_controller_dag.py
[2026-09-21 14:58:49,671] {logging_mixin.py:104} INFO - [2026-09-21 14:58:49,670] {dag.py:1824} INFO - Sync 1 DAGs
[2026-09-21 14:58:49,689] {logging_mixin.py:104} INFO - [2026-09-21 14:58:49,688] {dag.py:2280} INFO - Setting next_dagrun for example_trigger_controller_dag to 2026-09-19 00:00:00+00:00
[2026-09-21 14:58:49,705] {scheduler_job.py:190} INFO - Processing /home/airflow/.local/lib/python3.6/site-packages/airflow/example_dags/example_trigger_controller_dag.py took 0.079 seconds
[2026-09-21 14:59:19,897] {scheduler_job.py:182} INFO - Started process (PID=361) to work on /home/airflow/.local/lib/python3.6/site-packages/airflow/example_dags/example_trigger_controller_dag.py
[2026-09-21 14:59:19,899] {scheduler_job.py:629} INFO - Processing file /home/airflow/.local/lib/python3.6/site-packages/airflow/example_dags/example_trigger_controller_dag.py for tasks to queue
[2026-09-21 14:59:19,900] {logging_mixin.py:104} INFO - [2026-09-21 14:59:19,900] {dagbag.py:451} INFO - Filling up the DagBag from /home/airflow/.local/lib/python3.6/site-packages/airflow/example_dags/example_trigger_controller_dag.py
[2026-09-21 14:59:19,915] {scheduler_job.py:639} INFO - DAG(s) dict_keys(['example_trigger_controller_dag']) retrieved from /home/airflow/.local/lib/python3.6/site-packages/airflow/example_dags/example_trigger_controller_dag.py
[2026-09-21 14:59:19,946] {logging_mixin.py:104} INFO - [2026-09-21 14:59:19,946] {dag.py:1824} INFO - Sync 1 DAGs
[2026-09-21 14:59:19,978] {logging_mixin.py:104} INFO - [2026-09-21 14:59:19,978] {dag.py:2280} INFO - Setting next_dagrun for example_trigger_controller_dag to 2026-09-19 00:00:00+00:00
[2026-09-21 14:59:20,001] {scheduler_job.py:190} INFO - Processing /home/airflow/.local/lib/python3.6/site-packages/airflow/example_dags/example_trigger_controller_dag.py took 0.108 seconds
[2026-09-21 14:59:50,797] {scheduler_job.py:182} INFO - Started process (PID=388) to work on /home/airflow/.local/lib/python3.6/site-packages/airflow/example_dags/example_trigger_controller_dag.py
[2026-09-21 14:59:50,798] {scheduler_job.py:629} INFO - Processing file /home/airflow/.local/lib/python3.6/site-packages/airflow/example_dags/example_trigger_controller_dag.py for tasks to queue
[2026-09-21 14:59:50,799] {logging_mixin.py:104} INFO - [2026-09-21 14:59:50,799] {dagbag.py:451} INFO - Filling up the DagBag from /home/airflow/.local/lib/python3.6/site-packages/airflow/example_dags/example_trigger_controller_dag.py
[2026-09-21 14:59:50,812] {scheduler_job.py:639} INFO - DAG(s) dict_keys(['example_trigger_controller_dag']) retrieved from /home/airflow/.local/lib/python3.6/site-packages/airflow/example_dags/example_trigger_controller_dag.py
[2026-09-21 14:59:50,836] {logging_mixin.py:104} INFO - [2026-09-21 14:59:50,836] {dag.py:1824} INFO - Sync 1 DAGs
[2026-09-21 14:59:50,856] {logging_mixin.py:104} INFO - [2026-09-21 14:59:50,855] {dag.py:2280} INFO - Setting next_dagrun for example_trigger_controller_dag to 2026-09-19 00:00:00+00:00
[2026-09-21 14:59:50,869] {scheduler_job.py:190} INFO - Processing /home/airflow/.local/lib/python3.6/site-packages/airflow/example_dags/example_trigger_controller_dag.py took 0.076 seconds
[2026-09-21 15:00:20,995] {scheduler_job.py:182} INFO - Started process (PID=415) to work on /home/airflow/.local/lib/python3.6/site-packages/airflow/example_dags/example_trigger_controller_dag.py
[2026-09-21 15:00:20,997] {scheduler_job.py:629} INFO - Processing file /home/airflow/.local/lib/python3.6/site-packages/airflow/example_dags/example_trigger_controller_dag.py for tasks to queue
[2026-09-21 15:00:20,998] {logging_mixin.py:104} INFO - [2026-09-21 15:00:20,998] {dagbag.py:451} INFO - Filling up the DagBag from /home/airflow/.local/lib/python3.6/site-packages/airflow/example_dags/example_trigger_controller_dag.py
[2026-09-21 15:00:21,015] {scheduler_job.py:639} INFO - DAG(s) dict_keys(['example_trigger_controller_dag']) retrieved from /home/airflow/.local/lib/python3.6/site-packages/airflow/example_dags/example_trigger_controller_dag.py
[2026-09-21 15:00:21,047] {logging_mixin.py:104} INFO - [2026-09-21 15:00:21,047] {dag.py:1824} INFO - Sync 1 DAGs
[2026-09-21 15:00:21,077] {logging_mixin.py:104} INFO - [2026-09-21 15:00:21,076] {dag.py:2280} INFO - Setting next_dagrun for example_trigger_controller_dag to 2026-09-19 00:00:00+00:00
[2026-09-21 15:00:21,098] {scheduler_job.py:190} INFO - Processing /home/airflow/.local/lib/python3.6/site-packages/airflow/example_dags/example_trigger_controller_dag.py took 0.108 seconds
[2026-09-21 15:00:51,235] {scheduler_job.py:182} INFO - Started process (PID=442) to work on /home/airflow/.local/lib/python3.6/site-packages/airflow/example_dags/example_trigger_controller_dag.py
[2026-09-21 15:00:51,237] {scheduler_job.py:629} INFO - Processing file /home/airflow/.local/lib/python3.6/site-packages/airflow/example_dags/example_trigger_controller_dag.py for tasks to queue
[2026-09-21 15:00:51,238] {logging_mixin.py:104} INFO - [2026-09-21 15:00:51,237] {dagbag.py:451} INFO - Filling up the DagBag from /home/airflow/.local/lib/python3.6/site-packages/airflow/example_dags/example_trigger_controller_dag.py
[2026-09-21 15:00:51,254] {scheduler_job.py:639} INFO - DAG(s) dict_keys(['example_trigger_controller_dag']) retrieved from /home/airflow/.local/lib/python3.6/site-packages/airflow/example_dags/example_trigger_controller_dag.py
[2026-09-21 15:00:51,284] {logging_mixin.py:104} INFO - [2026-09-21 15:00:51,284] {dag.py:1824} INFO - Sync 1 DAGs
[2026-09-21 15:00:51,304] {logging_mixin.py:104} INFO - [2026-09-21 15:00:51,304] {dag.py:2280} INFO - Setting next_dagrun for example_trigger_controller_dag to 2026-09-19 00:00:00+00:00
[2026-09-21 15:00:51,318] {scheduler_job.py:190} INFO - Processing /home/airflow/.local/lib/python3.6/site-packages/airflow/example_dags/example_trigger_controller_dag.py took 0.087 seconds
[2026-09-21 15:01:21,662] {scheduler_job.py:182} INFO - Started process (PID=469) to work on /home/airflow/.local/lib/python3.6/site-packages/airflow/example_dags/example_trigger_controller_dag.py
[2026-09-21 15:01:21,663] {scheduler_job.py:629} INFO - Processing file /home/airflow/.local/lib/python3.6/site-packages/airflow/example_dags/example_trigger_controller_dag.py for tasks to queue
[2026-09-21 15:01:21,664] {logging_mixin.py:104} INFO - [2026-09-21 15:01:21,664] {dagbag.py:451} INFO - Filling up the DagBag from /home/airflow/.local/lib/python3.6/site-packages/airflow/example_dags/example_trigger_controller_dag.py
[2026-09-21 15:01:21,683] {scheduler_job.py:639} INFO - DAG(s) dict_keys(['example_trigger_controller_dag']) retrieved from /home/airflow/.local/lib/python3.6/site-packages/airflow/example_dags/example_trigger_controller_dag.py
[2026-09-21 15:01:21,709] {logging_mixin.py:104} INFO - [2026-09-21 15:01:21,708] {dag.py:1824} INFO - Sync 1 DAGs
[2026-09-21 15:01:21,729] {logging_mixin.py:104} INFO - [2026-09-21 15:01:21,728] {dag.py:2280} INFO - Setting next_dagrun for example_trigger_controller_dag to 2026-09-19 00:00:00+00:00
[2026-09-21 15:01:21,744] {scheduler_job.py:190} INFO - Processing /home/airflow/.local/lib/python3.6/site-packages/airflow/example_dags/example_trigger_controller_dag.py took 0.086 seconds
[2026-09-21 15:01:52,162] {scheduler_job.py:182} INFO - Started process (PID=496) to work on /home/airflow/.local/lib/python3.6/site-packages/airflow/example_dags/example_trigger_controller_dag.py
[2026-09-21 15:01:52,163] {scheduler_job.py:629} INFO - Processing file /home/airflow/.local/lib/python3.6/site-packages/airflow/example_dags/example_trigger_controller_dag.py for tasks to queue
[2026-09-21 15:01:52,164] {logging_mixin.py:104} INFO - [2026-09-21 15:01:52,164] {dagbag.py:451} INFO - Filling up the DagBag from /home/airflow/.local/lib/python3.6/site-packages/airflow/example_dags/example_trigger_controller_dag.py
[2026-09-21 15:01:52,180] {scheduler_job.py:639} INFO - DAG(s) dict_keys(['example_trigger_controller_dag']) retrieved from /home/airflow/.local/lib/python3.6/site-packages/airflow/example_dags/example_trigger_controller_dag.py
[2026-09-21 15:01:52,210] {logging_mixin.py:104} INFO - [2026-09-21 15:01:52,210] {dag.py:1824} INFO - Sync 1 DAGs
[2026-09-21 15:01:52,236] {logging_mixin.py:104} INFO - [2026-09-21 15:01:52,236] {dag.py:2280} INFO - Setting next_dagrun for example_trigger_controller_dag to 2026-09-19 00:00:00+00:00
[2026-09-21 15:01:52,256] {scheduler_job.py:190} INFO - Processing /home/airflow/.local/lib/python3.6/site-packages/airflow/example_dags/example_trigger_controller_dag.py took 0.099 seconds
[2026-09-21 15:02:23,108] {scheduler_job.py:182} INFO - Started process (PID=526) to work on /home/airflow/.local/lib/python3.6/site-packages/airflow/example_dags/example_trigger_controller_dag.py
[2026-09-21 15:02:23,110] {scheduler_job.py:629} INFO - Processing file /home/airflow/.local/lib/python3.6/site-packages/airflow/example_dags/example_trigger_controller_dag.py for tasks to queue
[2026-09-21 15:02:23,112] {logging_mixin.py:104} INFO - [2026-09-21 15:02:23,112] {dagbag.py:451} INFO - Filling up the DagBag from /home/airflow/.local/lib/python3.6/site-packages/airflow/example_dags/example_trigger_controller_dag.py
[2026-09-21 15:02:23,133] {scheduler_job.py:639} INFO - DAG(s) dict_keys(['example_trigger_controller_dag']) retrieved from /home/airflow/.local/lib/python3.6/site-packages/airflow/example_dags/example_trigger_controller_dag.py
[2026-09-21 15:02:23,166] {logging_mixin.py:104} INFO - [2026-09-21 15:02:23,166] {dag.py:1824} INFO - Sync 1 DAGs
[2026-09-21 15:02:23,196] {logging_mixin.py:104} INFO - [2026-09-21 15:02:23,196] {dag.py:2280} INFO - Setting next_dagrun for example_trigger_controller_dag to 2026-09-19 00:00:00+00:00
[2026-09-21 15:02:23,218] {scheduler_job.py:190} INFO - Processing /home/airflow/.local/lib/python3.6/site-packages/airflow/example_dags/example_trigger_controller_dag.py took 0.116 seconds
[2026-09-21 15:02:53,855] {scheduler_job.py:182} INFO - Started process (PID=550) to work on /home/airflow/.local/lib/python3.6/site-packages/airflow/example_dags/example_trigger_controller_dag.py
[2026-09-21 15:02:53,856] {scheduler_job.py:629} INFO - Processing file /home/airflow/.local/lib/python3.6/site-packages/airflow/example_dags/example_trigger_controller_dag.py for tasks to queue
[2026-09-21 15:02:53,857] {logging_mixin.py:104} INFO - [2026-09-21 15:02:53,857] {dagbag.py:451} INFO - Filling up the DagBag from /home/airflow/.local/lib/python3.6/site-packages/airflow/example_dags/example_trigger_controller_dag.py
[2026-09-21 15:02:53,871] {scheduler_job.py:639} INFO - DAG(s) dict_keys(['example_trigger_controller_dag']) retrieved from /home/airflow/.local/lib/python3.6/site-packages/airflow/example_dags/example_trigger_controller_dag.py
[2026-09-21 15:02:53,900] {logging_mixin.py:104} INFO - [2026-09-21 15:02:53,899] {dag.py:1824} INFO - Sync 1 DAGs
[2026-09-21 15:02:53,920] {logging_mixin.py:104} INFO - [2026-09-21 15:02:53,920] {dag.py:2280} INFO - Setting next_dagrun for example_trigger_controller_dag to 2026-09-19 00:00:00+00:00
[2026-09-21 15:02:53,937] {scheduler_job.py:190} INFO - Processing /home/airflow/.local/lib/python3.6/site-packages/airflow/example_dags/example_trigger_controller_dag.py took 0.086 seconds
[2026-09-21 15:03:24,104] {scheduler_job.py:182} INFO - Started process (PID=578) to work on /home/airflow/.local/lib/python3.6/site-packages/airflow/example_dags/example_trigger_controller_dag.py
[2026-09-21 15:03:24,106] {scheduler_job.py:629} INFO - Processing file /home/airflow/.local/lib/python3.6/site-packages/airflow/example_dags/example_trigger_controller_dag.py for tasks to queue
[2026-09-21 15:03:24,107] {logging_mixin.py:104} INFO - [2026-09-21 15:03:24,107] {dagbag.py:451} INFO - Filling up the DagBag from /home/airflow/.local/lib/python3.6/site-packages/airflow/example_dags/example_trigger_controller_dag.py
[2026-09-21 15:03:24,124] {scheduler_job.py:639} INFO - DAG(s) dict_keys(['example_trigger_controller_dag']) retrieved from /home/airflow/.local/lib/python3.6/site-packages/airflow/example_dags/example_trigger_controller_dag.py
[2026-09-21 15:03:24,153] {logging_mixin.py:104} INFO - [2026-09-21 15:03:24,153] {dag.py:1824} INFO - Sync 1 DAGs
[2026-09-21 15:03:24,180] {logging_mixin.py:104} INFO - [2026-09-21 15:03:24,179] {dag.py:2280} INFO - Setting next_dagrun for example_trigger_controller_dag to 2026-09-19 00:00:00+00:00
[2026-09-21 15:03:24,196] {scheduler_job.py:190} INFO - Processing /home/airflow/.local/lib/python3.6/site-packages/airflow/example_dags/example_trigger_controller_dag.py took 0.097 seconds
[2026-09-21 15:03:55,170] {scheduler_job.py:182} INFO - Started process (PID=604) to work on /home/airflow/.local/lib/python3.6/site-packages/airflow/example_dags/example_trigger_controller_dag.py
[2026-09-21 15:03:55,171] {scheduler_job.py:629} INFO - Processing file /home/airflow/.local/lib/python3.6/site-packages/airflow/example_dags/example_trigger_controller_dag.py for tasks to queue
[2026-09-21 15:03:55,172] {logging_mixin.py:104} INFO - [2026-09-21 15:03:55,172] {dagbag.py:451} INFO - Filling up the DagBag from /home/airflow/.local/lib/python3.6/site-packages/airflow/example_dags/example_trigger_controller_dag.py
[2026-09-21 15:03:55,187] {scheduler_job.py:639} INFO - DAG(s) dict_keys(['example_trigger_controller_dag']) retrieved from /home/airflow/.local/lib/python3.6/site-packages/airflow/example_dags/example_trigger_controller_dag.py
[2026-09-21 15:03:55,216] {logging_mixin.py:104} INFO - [2026-09-21 15:03:55,216] {dag.py:1824} INFO - Sync 1 DAGs
[2026-09-21 15:03:55,237] {logging_mixin.py:104} INFO - [2026-09-21 15:03:55,237] {dag.py:2280} INFO - Setting next_dagrun for example_trigger_controller_dag to 2026-09-19 00:00:00+00:00
[2026-09-21 15:03:55,257] {scheduler_job.py:190} INFO - Processing /home/airflow/.local/lib/python3.6/site-packages/airflow/example_dags/example_trigger_controller_dag.py took 0.091 seconds
[2026-09-21 15:04:25,813] {scheduler_job.py:182} INFO - Started process (PID=633) to work on /home/airflow/.local/lib/python3.6/site-packages/airflow/example_dags/example_trigger_controller_dag.py
[2026-09-21 15:04:25,816] {scheduler_job.py:629} INFO - Processing file /home/airflow/.local/lib/python3.6/site-packages/airflow/example_dags/example_trigger_controller_dag.py for tasks to queue
[2026-09-21 15:04:25,817] {logging_mixin.py:104} INFO - [2026-09-21 15:04:25,817] {dagbag.py:451} INFO - Filling up the DagBag from /home/airflow/.local/lib/python3.6/site-packages/airflow/example_dags/example_trigger_controller_dag.py
[2026-09-21 15:04:25,838] {scheduler_job.py:639} INFO - DAG(s) dict_keys(['example_trigger_controller_dag']) retrieved from /home/airflow/.local/lib/python3.6/site-packages/airflow/example_dags/example_trigger_controller_dag.py
[2026-09-21 15:04:25,879] {logging_mixin.py:104} INFO - [2026-09-21 15:04:25,878] {dag.py:1824} INFO - Sync 1 DAGs
[2026-09-21 15:04:25,917] {logging_mixin.py:104} INFO - [2026-09-21 15:04:25,917] {dag.py:2280} INFO - Setting next_dagrun for example_trigger_controller_dag to 2026-09-19 00:00:00+00:00
[2026-09-21 15:04:25,941] {scheduler_job.py:190} INFO - Processing /home/airflow/.local/lib/python3.6/site-packages/airflow/example_dags/example_trigger_controller_dag.py took 0.133 seconds
[2026-09-21 15:04:56,386] {scheduler_job.py:182} INFO - Started process (PID=661) to work on /home/airflow/.local/lib/python3.6/site-packages/airflow/example_dags/example_trigger_controller_dag.py
[2026-09-21 15:04:56,387] {scheduler_job.py:629} INFO - Processing file /home/airflow/.local/lib/python3.6/site-packages/airflow/example_dags/example_trigger_controller_dag.py for tasks to queue
[2026-09-21 15:04:56,388] {logging_mixin.py:104} INFO - [2026-09-21 15:04:56,388] {dagbag.py:451} INFO - Filling up the DagBag from /home/airflow/.local/lib/python3.6/site-packages/airflow/example_dags/example_trigger_controller_dag.py
[2026-09-21 15:04:56,401] {scheduler_job.py:639} INFO - DAG(s) dict_keys(['example_trigger_controller_dag']) retrieved from /home/airflow/.local/lib/python3.6/site-packages/airflow/example_dags/example_trigger_controller_dag.py
[2026-09-21 15:04:56,426] {logging_mixin.py:104} INFO - [2026-09-21 15:04:56,425] {dag.py:1824} INFO - Sync 1 DAGs
[2026-09-21 15:04:56,456] {logging_mixin.py:104} INFO - [2026-09-21 15:04:56,456] {dag.py:2280} INFO - Setting next_dagrun for example_trigger_controller_dag to 2026-09-19 00:00:00+00:00
[2026-09-21 15:04:56,476] {scheduler_job.py:190} INFO - Processing /home/airflow/.local/lib/python3.6/site-packages/airflow/example_dags/example_trigger_controller_dag.py took 0.094 seconds
[2026-09-21 15:05:26,643] {scheduler_job.py:182} INFO - Started process (PID=689) to work on /home/airflow/.local/lib/python3.6/site-packages/airflow/example_dags/example_trigger_controller_dag.py
[2026-09-21 15:05:26,644] {scheduler_job.py:629} INFO - Processing file /home/airflow/.local/lib/python3.6/site-packages/airflow/example_dags/example_trigger_controller_dag.py for tasks to queue
[2026-09-21 15:05:26,646] {logging_mixin.py:104} INFO - [2026-09-21 15:05:26,645] {dagbag.py:451} INFO - Filling up the DagBag from /home/airflow/.local/lib/python3.6/site-packages/airflow/example_dags/example_trigger_controller_dag.py
[2026-09-21 15:05:26,659] {scheduler_job.py:639} INFO - DAG(s) dict_keys(['example_trigger_controller_dag']) retrieved from /home/airflow/.local/lib/python3.6/site-packages/airflow/example_dags/example_trigger_controller_dag.py
[2026-09-21 15:05:26,687] {logging_mixin.py:104} INFO - [2026-09-21 15:05:26,687] {dag.py:1824} INFO - Sync 1 DAGs
[2026-09-21 15:05:26,711] {logging_mixin.py:104} INFO - [2026-09-21 15:05:26,711] {dag.py:2280} INFO - Setting next_dagrun for example_trigger_controller_dag to 2026-09-19 00:00:00+00:00
[2026-09-21 15:05:26,730] {scheduler_job.py:190} INFO - Processing /home/airflow/.local/lib/python3.6/site-packages/airflow/example_dags/example_trigger_controller_dag.py took 0.091 seconds
[2026-09-21 15:05:56,937] {scheduler_job.py:182} INFO - Started process (PID=716) to work on /home/airflow/.local/lib/python3.6/site-packages/airflow/example_dags/example_trigger_controller_dag.py
[2026-09-21 15:05:56,939] {scheduler_job.py:629} INFO - Processing file /home/airflow/.local/lib/python3.6/site-packages/airflow/example_dags/example_trigger_controller_dag.py for tasks to queue
[2026-09-21 15:05:56,943] {logging_mixin.py:104} INFO - [2026-09-21 15:05:56,943] {dagbag.py:451} INFO - Filling up the DagBag from /home/airflow/.local/lib/python3.6/site-packages/airflow/example_dags/example_trigger_controller_dag.py
[2026-09-21 15:05:56,984] {scheduler_job.py:639} INFO - DAG(s) dict_keys(['example_trigger_controller_dag']) retrieved from /home/airflow/.local/lib/python3.6/site-packages/airflow/example_dags/example_trigger_controller_dag.py
[2026-09-21 15:05:57,025] {logging_mixin.py:104} INFO - [2026-09-21 15:05:57,025] {dag.py:1824} INFO - Sync 1 DAGs
[2026-09-21 15:05:57,055] {logging_mixin.py:104} INFO - [2026-09-21 15:05:57,054] {dag.py:2280} INFO - Setting next_dagrun for example_trigger_controller_dag to 2026-09-19 00:00:00+00:00
[2026-09-21 15:05:57,078] {scheduler_job.py:190} INFO - Processing /home/airflow/.local/lib/python3.6/site-packages/airflow/example_dags/example_trigger_controller_dag.py took 0.151 seconds
[2026-09-21 15:06:28,122] {scheduler_job.py:182} INFO - Started process (PID=744) to work on /home/airflow/.local/lib/python3.6/site-packages/airflow/example_dags/example_trigger_controller_dag.py
[2026-09-21 15:06:28,123] {scheduler_job.py:629} INFO - Processing file /home/airflow/.local/lib/python3.6/site-packages/airflow/example_dags/example_trigger_controller_dag.py for tasks to queue
[2026-09-21 15:06:28,125] {logging_mixin.py:104} INFO - [2026-09-21 15:06:28,124] {dagbag.py:451} INFO - Filling up the DagBag from /home/airflow/.local/lib/python3.6/site-packages/airflow/example_dags/example_trigger_controller_dag.py
[2026-09-21 15:06:28,141] {scheduler_job.py:639} INFO - DAG(s) dict_keys(['example_trigger_controller_dag']) retrieved from /home/airflow/.local/lib/python3.6/site-packages/airflow/example_dags/example_trigger_controller_dag.py
[2026-09-21 15:06:28,170] {logging_mixin.py:104} INFO - [2026-09-21 15:06:28,170] {dag.py:1824} INFO - Sync 1 DAGs
[2026-09-21 15:06:28,195] {logging_mixin.py:104} INFO - [2026-09-21 15:06:28,194] {dag.py:2280} INFO - Setting next_dagrun for example_trigger_controller_dag to 2026-09-19 00:00:00+00:00
[2026-09-21 15:06:28,212] {scheduler_job.py:190} INFO - Processing /home/airflow/.local/lib/python3.6/site-packages/airflow/example_dags/example_trigger_controller_dag.py took 0.095 seconds
[2026-09-21 15:06:58,283] {scheduler_job.py:182} INFO - Started process (PID=770) to work on /home/airflow/.local/lib/python3.6/site-packages/airflow/example_dags/example_trigger_controller_dag.py
[2026-09-21 15:06:58,284] {scheduler_job.py:629} INFO - Processing file /home/airflow/.local/lib/python3.6/site-packages/airflow/example_dags/example_trigger_controller_dag.py for tasks to queue
[2026-09-21 15:06:58,285] {logging_mixin.py:104} INFO - [2026-09-21 15:06:58,285] {dagbag.py:451} INFO - Filling up the DagBag from /home/airflow/.local/lib/python3.6/site-packages/airflow/example_dags/example_trigger_controller_dag.py
[2026-09-21 15:06:58,298] {scheduler_job.py:639} INFO - DAG(s) dict_keys(['example_trigger_controller_dag']) retrieved from /home/airflow/.local/lib/python3.6/site-packages/airflow/example_dags/example_trigger_controller_dag.py
[2026-09-21 15:06:58,321] {logging_mixin.py:104} INFO - [2026-09-21 15:06:58,321] {dag.py:1824} INFO - Sync 1 DAGs
[2026-09-21 15:06:58,341] {logging_mixin.py:104} INFO - [2026-09-21 15:06:58,340] {dag.py:2280} INFO - Setting next_dagrun for example_trigger_controller_dag to 2026-09-19 00:00:00+00:00
[2026-09-21 15:06:58,356] {scheduler_job.py:190} INFO - Processing /home/airflow/.local/lib/python3.6/site-packages/airflow/example_dags/example_trigger_controller_dag.py took 0.077 seconds
[2026-09-21 15:07:28,841] {scheduler_job.py:182} INFO - Started process (PID=798) to work on /home/airflow/.local/lib/python3.6/site-packages/airflow/example_dags/example_trigger_controller_dag.py
[2026-09-21 15:07:28,843] {scheduler_job.py:629} INFO - Processing file /home/airflow/.local/lib/python3.6/site-packages/airflow/example_dags/example_trigger_controller_dag.py for tasks to queue
[2026-09-21 15:07:28,844] {logging_mixin.py:104} INFO - [2026-09-21 15:07:28,844] {dagbag.py:451} INFO - Filling up the DagBag from /home/airflow/.local/lib/python3.6/site-packages/airflow/example_dags/example_trigger_controller_dag.py
[2026-09-21 15:07:28,865] {scheduler_job.py:639} INFO - DAG(s) dict_keys(['example_trigger_controller_dag']) retrieved from /home/airflow/.local/lib/python3.6/site-packages/airflow/example_dags/example_trigger_controller_dag.py
[2026-09-21 15:07:28,907] {logging_mixin.py:104} INFO - [2026-09-21 15:07:28,907] {dag.py:1824} INFO - Sync 1 DAGs
[2026-09-21 15:07:28,938] {logging_mixin.py:104} INFO - [2026-09-21 15:07:28,937] {dag.py:2280} INFO - Setting next_dagrun for example_trigger_controller_dag to 2026-09-19 00:00:00+00:00
[2026-09-21 15:07:28,962] {scheduler_job.py:190} INFO - Processing /home/airflow/.local/lib/python3.6/site-packages/airflow/example_dags/example_trigger_controller_dag.py took 0.128 seconds
[2026-09-21 15:07:59,695] {scheduler_job.py:182} INFO - Started process (PID=825) to work on /home/airflow/.local/lib/python3.6/site-packages/airflow/example_dags/example_trigger_controller_dag.py
[2026-09-21 15:07:59,700] {scheduler_job.py:629} INFO - Processing file /home/airflow/.local/lib/python3.6/site-packages/airflow/example_dags/example_trigger_controller_dag.py for tasks to queue
[2026-09-21 15:07:59,702] {logging_mixin.py:104} INFO - [2026-09-21 15:07:59,702] {dagbag.py:451} INFO - Filling up the DagBag from /home/airflow/.local/lib/python3.6/site-packages/airflow/example_dags/example_trigger_controller_dag.py
[2026-09-21 15:07:59,725] {scheduler_job.py:639} INFO - DAG(s) dict_keys(['example_trigger_controller_dag']) retrieved from /home/airflow/.local/lib/python3.6/site-packages/airflow/example_dags/example_trigger_controller_dag.py
[2026-09-21 15:07:59,794] {logging_mixin.py:104} INFO - [2026-09-21 15:07:59,794] {dag.py:1824} INFO - Sync 1 DAGs
[2026-09-21 15:07:59,848] {logging_mixin.py:104} INFO - [2026-09-21 15:07:59,848] {dag.py:2280} INFO - Setting next_dagrun for example_trigger_controller_dag to 2026-09-19 00:00:00+00:00
[2026-09-21 15:07:59,873] {scheduler_job.py:190} INFO - Processing /home/airflow/.local/lib/python3.6/site-packages/airflow/example_dags/example_trigger_controller_dag.py took 0.188 seconds
[2026-09-21 15:08:30,099] {scheduler_job.py:182} INFO - Started process (PID=851) to work on /home/airflow/.local/lib/python3.6/site-packages/airflow/example_dags/example_trigger_controller_dag.py
[2026-09-21 15:08:30,102] {scheduler_job.py:629} INFO - Processing file /home/airflow/.local/lib/python3.6/site-packages/airflow/example_dags/example_trigger_controller_dag.py for tasks to queue
[2026-09-21 15:08:30,103] {logging_mixin.py:104} INFO - [2026-09-21 15:08:30,103] {dagbag.py:451} INFO - Filling up the DagBag from /home/airflow/.local/lib/python3.6/site-packages/airflow/example_dags/example_trigger_controller_dag.py
[2026-09-21 15:08:30,127] {scheduler_job.py:639} INFO - DAG(s) dict_keys(['example_trigger_controller_dag']) retrieved from /home/airflow/.local/lib/python3.6/site-packages/airflow/example_dags/example_trigger_controller_dag.py
[2026-09-21 15:08:30,239] {logging_mixin.py:104} INFO - [2026-09-21 15:08:30,239] {dag.py:1824} INFO - Sync 1 DAGs
[2026-09-21 15:08:30,316] {logging_mixin.py:104} INFO - [2026-09-21 15:08:30,316] {dag.py:2280} INFO - Setting next_dagrun for example_trigger_controller_dag to 2026-09-19 00:00:00+00:00
[2026-09-21 15:08:30,382] {scheduler_job.py:190} INFO - Processing /home/airflow/.local/lib/python3.6/site-packages/airflow/example_dags/example_trigger_controller_dag.py took 0.290 seconds
[2026-09-21 15:09:00,583] {scheduler_job.py:182} INFO - Started process (PID=877) to work on /home/airflow/.local/lib/python3.6/site-packages/airflow/example_dags/example_trigger_controller_dag.py
[2026-09-21 15:09:00,586] {scheduler_job.py:629} INFO - Processing file /home/airflow/.local/lib/python3.6/site-packages/airflow/example_dags/example_trigger_controller_dag.py for tasks to queue
[2026-09-21 15:09:00,592] {logging_mixin.py:104} INFO - [2026-09-21 15:09:00,591] {dagbag.py:451} INFO - Filling up the DagBag from /home/airflow/.local/lib/python3.6/site-packages/airflow/example_dags/example_trigger_controller_dag.py
[2026-09-21 15:09:00,644] {scheduler_job.py:639} INFO - DAG(s) dict_keys(['example_trigger_controller_dag']) retrieved from /home/airflow/.local/lib/python3.6/site-packages/airflow/example_dags/example_trigger_controller_dag.py
[2026-09-21 15:09:00,712] {logging_mixin.py:104} INFO - [2026-09-21 15:09:00,712] {dag.py:1824} INFO - Sync 1 DAGs
[2026-09-21 15:09:00,766] {logging_mixin.py:104} INFO - [2026-09-21 15:09:00,766] {dag.py:2280} INFO - Setting next_dagrun for example_trigger_controller_dag to 2026-09-19 00:00:00+00:00
[2026-09-21 15:09:00,797] {scheduler_job.py:190} INFO - Processing /home/airflow/.local/lib/python3.6/site-packages/airflow/example_dags/example_trigger_controller_dag.py took 0.232 seconds
[2026-09-21 15:09:31,471] {scheduler_job.py:182} INFO - Started process (PID=905) to work on /home/airflow/.local/lib/python3.6/site-packages/airflow/example_dags/example_trigger_controller_dag.py
[2026-09-21 15:09:31,473] {scheduler_job.py:629} INFO - Processing file /home/airflow/.local/lib/python3.6/site-packages/airflow/example_dags/example_trigger_controller_dag.py for tasks to queue
[2026-09-21 15:09:31,474] {logging_mixin.py:104} INFO - [2026-09-21 15:09:31,474] {dagbag.py:451} INFO - Filling up the DagBag from /home/airflow/.local/lib/python3.6/site-packages/airflow/example_dags/example_trigger_controller_dag.py
[2026-09-21 15:09:31,499] {scheduler_job.py:639} INFO - DAG(s) dict_keys(['example_trigger_controller_dag']) retrieved from /home/airflow/.local/lib/python3.6/site-packages/airflow/example_dags/example_trigger_controller_dag.py
[2026-09-21 15:09:31,542] {logging_mixin.py:104} INFO - [2026-09-21 15:09:31,542] {dag.py:1824} INFO - Sync 1 DAGs
[2026-09-21 15:09:31,574] {logging_mixin.py:104} INFO - [2026-09-21 15:09:31,574] {dag.py:2280} INFO - Setting next_dagrun for example_trigger_controller_dag to 2026-09-19 00:00:00+00:00
[2026-09-21 15:09:31,600] {scheduler_job.py:190} INFO - Processing /home/airflow/.local/lib/python3.6/site-packages/airflow/example_dags/example_trigger_controller_dag.py took 0.135 seconds
[2026-09-21 15:10:01,899] {scheduler_job.py:182} INFO - Started process (PID=932) to work on /home/airflow/.local/lib/python3.6/site-packages/airflow/example_dags/example_trigger_controller_dag.py
[2026-09-21 15:10:01,901] {scheduler_job.py:629} INFO - Processing file /home/airflow/.local/lib/python3.6/site-packages/airflow/example_dags/example_trigger_controller_dag.py for tasks to queue
[2026-09-21 15:10:01,902] {logging_mixin.py:104} INFO - [2026-09-21 15:10:01,902] {dagbag.py:451} INFO - Filling up the DagBag from /home/airflow/.local/lib/python3.6/site-packages/airflow/example_dags/example_trigger_controller_dag.py
[2026-09-21 15:10:01,925] {scheduler_job.py:639} INFO - DAG(s) dict_keys(['example_trigger_controller_dag']) retrieved from /home/airflow/.local/lib/python3.6/site-packages/airflow/example_dags/example_trigger_controller_dag.py
[2026-09-21 15:10:01,960] {logging_mixin.py:104} INFO - [2026-09-21 15:10:01,960] {dag.py:1824} INFO - Sync 1 DAGs
[2026-09-21 15:10:01,989] {logging_mixin.py:104} INFO - [2026-09-21 15:10:01,988] {dag.py:2280} INFO - Setting next_dagrun for example_trigger_controller_dag to 2026-09-19 00:00:00+00:00
[2026-09-21 15:10:02,010] {scheduler_job.py:190} INFO - Processing /home/airflow/.local/lib/python3.6/site-packages/airflow/example_dags/example_trigger_controller_dag.py took 0.117 seconds
[2026-09-21 15:10:32,331] {scheduler_job.py:182} INFO - Started process (PID=959) to work on /home/airflow/.local/lib/python3.6/site-packages/airflow/example_dags/example_trigger_controller_dag.py
[2026-09-21 15:10:32,333] {scheduler_job.py:629} INFO - Processing file /home/airflow/.local/lib/python3.6/site-packages/airflow/example_dags/example_trigger_controller_dag.py for tasks to queue
[2026-09-21 15:10:32,335] {logging_mixin.py:104} INFO - [2026-09-21 15:10:32,335] {dagbag.py:451} INFO - Filling up the DagBag from /home/airflow/.local/lib/python3.6/site-packages/airflow/example_dags/example_trigger_controller_dag.py
[2026-09-21 15:10:32,356] {scheduler_job.py:639} INFO - DAG(s) dict_keys(['example_trigger_controller_dag']) retrieved from /home/airflow/.local/lib/python3.6/site-packages/airflow/example_dags/example_trigger_controller_dag.py
[2026-09-21 15:10:32,396] {logging_mixin.py:104} INFO - [2026-09-21 15:10:32,396] {dag.py:1824} INFO - Sync 1 DAGs
[2026-09-21 15:10:32,427] {logging_mixin.py:104} INFO - [2026-09-21 15:10:32,427] {dag.py:2280} INFO - Setting next_dagrun for example_trigger_controller_dag to 2026-09-19 00:00:00+00:00
[2026-09-21 15:10:32,447] {scheduler_job.py:190} INFO - Processing /home/airflow/.local/lib/python3.6/site-packages/airflow/example_dags/example_trigger_controller_dag.py took 0.122 seconds
