[2026-09-21 14:53:15,217] {scheduler_job.py:182} INFO - Started process (PID=48) to work on /home/airflow/.local/lib/python3.6/site-packages/airflow/example_dags/tutorial.py
[2026-09-21 14:53:15,219] {scheduler_job.py:629} INFO - Processing file /home/airflow/.local/lib/python3.6/site-packages/airflow/example_dags/tutorial.py for tasks to queue
[2026-09-21 14:53:15,220] {logging_mixin.py:104} INFO - [2026-09-21 14:53:15,220] {dagbag.py:451} INFO - Filling up the DagBag from /home/airflow/.local/lib/python3.6/site-packages/airflow/example_dags/tutorial.py
[2026-09-21 14:53:15,238] {scheduler_job.py:639} INFO - DAG(s) dict_keys(['tutorial']) retrieved from /home/airflow/.local/lib/python3.6/site-packages/airflow/example_dags/tutorial.py
[2026-09-21 14:53:15,278] {logging_mixin.py:104} INFO - [2026-09-21 14:53:15,278] {dag.py:1824} INFO - Sync 1 DAGs
[2026-09-21 14:53:15,292] {logging_mixin.py:104} INFO - [2026-09-21 14:53:15,292] {dag.py:1843} INFO - Creating ORM DAG for tutorial
[2026-09-21 14:53:15,300] {logging_mixin.py:104} INFO - [2026-09-21 14:53:15,300] {dag.py:2280} INFO - Setting next_dagrun for tutorial to 2026-09-19 00:00:00+00:00
[2026-09-21 14:53:15,324] {scheduler_job.py:190} INFO - Processing /home/airflow/.local/lib/python3.6/site-packages/airflow/example_dags/tutorial.py took 0.113 seconds
[2026-09-21 14:53:45,446] {scheduler_job.py:182} INFO - Started process (PID=74) to work on /home/airflow/.local/lib/python3.6/site-packages/airflow/example_dags/tutorial.py
[2026-09-21 14:53:45,447] {scheduler_job.py:629} INFO - Processing file /home/airflow/.local/lib/python3.6/site-packages/airflow/example_dags/tutorial.py for tasks to queue
[2026-09-21 14:53:45,448] {logging_mixin.py:104} INFO - [2026-09-21 14:53:45,447] {dagbag.py:451} INFO - Filling up the DagBag from /home/airflow/.local/lib/python3.6/site-packages/airflow/example_dags/tutorial.py
[2026-09-21 14:53:45,460] {scheduler_job.py:639} INFO - DAG(s) dict_keys(['tutorial']) retrieved from /home/airflow/.local/lib/python3.6/site-packages/airflow/example_dags/tutorial.py
[2026-09-21 14:53:45,486] {logging_mixin.py:104} INFO - [2026-09-21 14:53:45,485] {dag.py:1824} INFO - Sync 1 DAGs
[2026-09-21 14:53:45,503] {logging_mixin.py:104} INFO - [2026-09-21 14:53:45,503] {dag.py:2280} INFO - Setting next_dagrun for tutorial to 2026-09-19 00:00:00+00:00
[2026-09-21 14:53:45,518] {scheduler_job.py:190} INFO - Processing /home/airflow/.local/lib/python3.6/site-packages/airflow/example_dags/tutorial.py took 0.076 seconds
[2026-09-21 14:54:16,414] {scheduler_job.py:182} INFO - Started process (PID=101) to work on /home/airflow/.local/lib/python3.6/site-packages/airflow/example_dags/tutorial.py
[2026-09-21 14:54:16,416] {scheduler_job.py:629} INFO - Processing file /home/airflow/.local/lib/python3.6/site-packages/airflow/example_dags/tutorial.py for tasks to queue
[2026-09-21 14:54:16,418] {logging_mixin.py:104} INFO - [2026-09-21 14:54:16,417] {dagbag.py:451} INFO - Filling up the DagBag from /home/airflow/.local/lib/python3.6/site-packages/airflow/example_dags/tutorial.py
[2026-09-21 14:54:16,433] {scheduler_job.py:639} INFO - DAG(s) dict_keys(['tutorial']) retrieved from /home/airflow/.local/lib/python3.6/site-packages/airflow/example_dags/tutorial.py
[2026-09-21 14:54:16,468] {logging_mixin.py:104} INFO - [2026-09-21 14:54:16,468] {dag.py:1824} INFO - Sync 1 DAGs
[2026-09-21 14:54:16,491] {logging_mixin.py:104} INFO - [2026-09-21 14:54:16,491] {dag.py:2280} INFO - Setting next_dagrun for tutorial to 2026-09-19 00:00:00+00:00
[2026-09-21 14:54:16,509] {scheduler_job.py:190} INFO - Processing /home/airflow/.local/lib/python3.6/site-packages/airflow/example_dags/tutorial.py took 0.100 seconds
[2026-09-21 14:54:46,550] {scheduler_job.py:182} INFO - Started process (PID=128) to work on /home/airflow/.local/lib/python3.6/site-packages/airflow/example_dags/tutorial.py
[2026-09-21 14:54:46,551] {scheduler_job.py:629} INFO - Processing file /home/airflow/.local/lib/python3.6/site-packages/airflow/example_dags/tutorial.py for tasks to queue
[2026-09-21 14:54:46,552] {logging_mixin.py:104} INFO - [2026-09-21 14:54:46,552] {dagbag.py:451} INFO - Filling up the DagBag from /home/airflow/.local/lib/python3.6/site-packages/airflow/example_dags/tutorial.py
[2026-09-21 14:54:46,565] {scheduler_job.py:639} INFO - DAG(s) dict_keys(['tutorial']) retrieved from /home/airflow/.local/lib/python3.6/site-packages/airflow/example_dags/tutorial.py
[2026-09-21 14:54:46,589] {logging_mixin.py:104} INFO - [2026-09-21 14:54:46,589] {dag.py:1824} INFO - Sync 1 DAGs
[2026-09-21 14:54:46,608] {logging_mixin.py:104} INFO - [2026-09-21 14:54:46,608] {dag.py:2280} INFO - Setting next_dagrun for tutorial to 2026-09-19 00:00:00+00:00
[2026-09-21 14:54:46,624] {scheduler_job.py:190} INFO - Processing /home/airflow/.local/lib/python3.6/site-packages/airflow/example_dags/tutorial.py took 0.078 seconds
[2026-09-21 14:55:17,468] {scheduler_job.py:182} INFO - Started process (PID=155) to work on /home/airflow/.local/lib/python3.6/site-packages/airflow/example_dags/tutorial.py
[2026-09-21 14:55:17,469] {scheduler_job.py:629} INFO - Processing file /home/airflow/.local/lib/python3.6/site-packages/airflow/example_dags/tutorial.py for tasks to queue
[2026-09-21 14:55:17,470] {logging_mixin.py:104} INFO - [2026-09-21 14:55:17,470] {dagbag.py:451} INFO - Filling up the DagBag from /home/airflow/.local/lib/python3.6/site-packages/airflow/example_dags/tutorial.py
[2026-09-21 14:55:17,481] {scheduler_job.py:639} INFO - DAG(s) dict_keys(['tutorial']) retrieved from /home/airflow/.local/lib/python3.6/site-packages/airflow/example_dags/tutorial.py
[2026-09-21 14:55:17,506] {logging_mixin.py:104} INFO - [2026-09-21 14:55:17,506] {dag.py:1824} INFO - Sync 1 DAGs
[2026-09-21 14:55:17,524] {logging_mixin.py:104} INFO - [2026-09-21 14:55:17,524] {dag.py:2280} INFO - Setting next_dagrun for tutorial to 2026-09-19 00:00:00+00:00
[2026-09-21 14:55:17,539] {scheduler_job.py:190} INFO - Processing /home/airflow/.local/lib/python3.6/site-packages/airflow/example_dags/tutorial.py took 0.075 seconds
[2026-09-21 14:55:48,033] {scheduler_job.py:182} INFO - Started process (PID=182) to work on /home/airflow/.local/lib/python3.6/site-packages/airflow/example_dags/tutorial.py
[2026-09-21 14:55:48,034] {scheduler_job.py:629} INFO - Processing file /home/airflow/.local/lib/python3.6/site-packages/airflow/example_dags/tutorial.py for tasks to queue
[2026-09-21 14:55:48,035] {logging_mixin.py:104} INFO - [2026-09-21 14:55:48,035] {dagbag.py:451} INFO - Filling up the DagBag from /home/airflow/.local/lib/python3.6/site-packages/airflow/example_dags/tutorial.py
[2026-09-21 14:55:48,047] {scheduler_job.py:639} INFO - DAG(s) dict_keys(['tutorial']) retrieved from /home/airflow/.local/lib/python3.6/site-packages/airflow/example_dags/tutorial.py
[2026-09-21 14:55:48,072] {logging_mixin.py:104} INFO - [2026-09-21 14:55:48,071] {dag.py:1824} INFO - Sync 1 DAGs
[2026-09-21 14:55:48,090] {logging_mixin.py:104} INFO - [2026-09-21 14:55:48,090] {dag.py:2280} INFO - Setting next_dagrun for tutorial to 2026-09-19 00:00:00+00:00
[2026-09-21 14:55:48,105] {scheduler_job.py:190} INFO - Processing /home/airflow/.local/lib/python3.6/site-packages/airflow/example_dags/tutorial.py took 0.076 seconds
[2026-09-21 14:56:19,007] {scheduler_job.py:182} INFO - Started process (PID=209) to work on /home/airflow/.local/lib/python3.6/site-packages/airflow/example_dags/tutorial.py
[2026-09-21 14:56:19,009] {scheduler_job.py:629} INFO - Processing file /home/airflow/.local/lib/python3.6/site-packages/airflow/example_dags/tutorial.py for tasks to queue
[2026-09-21 14:56:19,010] {logging_mixin.py:104} INFO - [2026-09-21 14:56:19,010] {dagbag.py:451} INFO - Filling up the DagBag from /home/airflow/.local/lib/python3.6/site-packages/airflow/example_dags/tutorial.py
[2026-09-21 14:56:19,025] {scheduler_job.py:639} INFO - DAG(s) dict_keys(['tutorial']) retrieved from /home/airflow/.local/lib/python3.6/site-packages/airflow/example_dags/tutorial.py
[2026-09-21 14:56:19,059] {logging_mixin.py:104} INFO - [2026-09-21 14:56:19,058] {dag.py:1824} INFO - Sync 1 DAGs
[2026-09-21 14:56:19,080] {logging_mixin.py:104} INFO - [2026-09-21 14:56:19,080] {dag.py:2280} INFO - Setting next_dagrun for tutorial to 2026-09-19 00:00:00+00:00
[2026-09-21 14:56:19,100] {scheduler_job.py:190} INFO - Processing /home/airflow/.local/lib/python3.6/site-packages/airflow/example_dags/tutorial.py took 0.098 seconds
[2026-09-21 14:56:49,704] {scheduler_job.py:182} INFO - Started process (PID=236) to work on /home/airflow/.local/lib/python3.6/site-packages/airflow/example_dags/tutorial.py
[2026-09-21 14:56:49,706] {scheduler_job.py:629} INFO - Processing file /home/airflow/.local/lib/python3.6/site-packages/airflow/example_dags/tutorial.py for tasks to queue
[2026-09-21 14:56:49,706] {logging_mixin.py:104} INFO - [2026-09-21 14:56:49,706] {dagbag.py:451} INFO - Filling up the DagBag from /home/airflow/.local/lib/python3.6/site-packages/airflow/example_dags/tutorial.py
[2026-09-21 14:56:49,718] {scheduler_job.py:639} INFO - DAG(s) dict_keys(['tutorial']) retrieved from /home/airflow/.local/lib/python3.6/site-packages/airflow/example_dags/tutorial.py
[2026-09-21 14:56:49,740] {logging_mixin.py:104} INFO - [2026-09-21 14:56:49,740] {dag.py:1824} INFO - Sync 1 DAGs
[2026-09-21 14:56:49,761] {logging_mixin.py:104} INFO - [2026-09-21 14:56:49,761] {dag.py:2280} INFO - Setting next_dagrun for tutorial to 2026-09-19 00:00:00+00:00
[2026-09-21 14:56:49,778] {scheduler_job.py:190} INFO - Processing /home/airflow/.local/lib/python3.6/site-packages/airflow/example_dags/tutorial.py took 0.078 seconds
[2026-09-21 14:57:20,752] {scheduler_job.py:182} INFO - Started process (PID=263) to work on /home/airflow/.local/lib/python3.6/site-packages/airflow/example_dags/tutorial.py
[2026-09-21 14:57:20,754] {scheduler_job.py:629} INFO - Processing file /home/airflow/.local/lib/python3.6/site-packages/airflow/example_dags/tutorial.py for tasks to queue
[2026-09-21 14:57:20,755] {logging_mixin.py:104} INFO - [2026-09-21 14:57:20,755] {dagbag.py:451} INFO - Filling up the DagBag from /home/airflow/.local/lib/python3.6/site-packages/airflow/example_dags/tutorial.py
[2026-09-21 14:57:20,769] {scheduler_job.py:639} INFO - DAG(s) dict_keys(['tutorial']) retrieved from /home/airflow/.local/lib/python3.6/site-packages/airflow/example_dags/tutorial.py
[2026-09-21 14:57:20,800] {logging_mixin.py:104} INFO - [2026-09-21 14:57:20,800] {dag.py:1824} INFO - Sync 1 DAGs
[2026-09-21 14:57:20,823] {logging_mixin.py:104} INFO - [2026-09-21 14:57:20,823] {dag.py:2280} INFO - Setting next_dagrun for tutorial to 2026-09-19 00:00:00+00:00
[2026-09-21 14:57:20,838] {scheduler_job.py:190} INFO - Processing /home/airflow/.local/lib/python3.6/site-packages/airflow/example_dags/tutorial.py took 0.090 seconds
[2026-09-21 14:57:50,977] {scheduler_job.py:182} INFO - Started process (PID=290) to work on /home/airflow/.local/lib/python3.6/site-packages/airflow/example_dags/tutorial.py
[2026-09-21 14:57:50,978] {scheduler_job.py:629} INFO - Processing file /home/airflow/.local/lib/python3.6/site-packages/airflow/example_dags/tutorial.py for tasks to queue
[2026-09-21 14:57:50,979] {logging_mixin.py:104} INFO - [2026-09-21 14:57:50,979] {dagbag.py:451} INFO - Filling up the DagBag from /home/airflow/.local/lib/python3.6/site-packages/airflow/example_dags/tutorial.py
[2026-09-21 14:57:50,993] {scheduler_job.py:639} INFO - DAG(s) dict_keys(['tutorial']) retrieved from /home/airflow/.local/lib/python3.6/site-packages/airflow/example_dags/tutorial.py
[2026-09-21 14:57:51,029] {logging_mixin.py:104} INFO - [2026-09-21 14:57:51,029] {dag.py:1824} INFO - Sync 1 DAGs
[2026-09-21 14:57:51,052] {logging_mixin.py:104} INFO - [2026-09-21 14:57:51,052] {dag.py:2280} INFO - Setting next_dagrun for tutorial to 2026-09-19 00:00:00+00:00
[2026-09-21 14:57:51,068] {scheduler_job.py:190} INFO - Processing /home/airflow/.local/lib/python3.6/site-packages/airflow/example_dags/tutorial.py took 0.096 seconds
[2026-09-21 14:58:21,183] {scheduler_job.py:182} INFO - Started process (PID=317) to work on /home/airflow/.local/lib/python3.6/site-packages/airflow/example_dags/tutorial.py
[2026-09-21 14:58:21,184] {scheduler_job.py:629} INFO - Processing file /home/airflow/.local/lib/python3.6/site-packages/airflow/example_dags/tutorial.py for tasks to queue
[2026-09-21 14:58:21,184] {logging_mixin.py:104} INFO - [2026-09-21 14:58:21,184] {dagbag.py:451} INFO - Filling up the DagBag from /home/airflow/.local/lib/python3.6/site-packages/airflow/example_dags/tutorial.py
[2026-09-21 14:58:21,196] {scheduler_job.py:639} INFO - DAG(s) dict_keys(['tutorial']) retrieved from /home/airflow/.local/lib/python3.6/site-packages/airflow/example_dags/tutorial.py
[2026-09-21 14:58:21,219] {logging_mixin.py:104} INFO - [2026-09-21 14:58:21,219] {dag.py:1824} INFO - Sync 1 DAGs
[2026-09-21 14:58:21,238] {logging_mixin.py:104} INFO - [2026-09-21 14:58:21,238] {dag.py:2280} INFO - Setting next_dagrun for tutorial to 2026-09-19 00:00:00+00:00
[2026-09-21 14:58:21,253] {scheduler_job.py:190} INFO - Processing /home/airflow/.local/lib/python3.6/site-packages/airflow/example_dags/tutorial.py took 0.074 seconds
[2026-09-21 14:58:51,391] {scheduler_job.py:182} INFO - Started process (PID=344) to work on /home/airflow/.local/lib/python3.6/site-packages/airflow/example_dags/tutorial.py
[2026-09-21 14:58:51,394] {scheduler_job.py:629} INFO - Processing file /home/airflow/.local/lib/python3.6/site-packages/airflow/example_dags/tutorial.py for tasks to queue
[2026-09-21 14:58:51,395] {logging_mixin.py:104} INFO - [2026-09-21 14:58:51,395] {dagbag.py:451} INFO - Filling up the DagBag from /home/airflow/.local/lib/python3.6/site-packages/airflow/example_dags/tutorial.py
[2026-09-21 14:58:51,406] {scheduler_job.py:639} INFO - DAG(s) dict_keys(['tutorial']) retrieved from /home/airflow/.local/lib/python3.6/site-packages/airflow/example_dags/tutorial.py
[2026-09-21 14:58:51,434] {logging_mixin.py:104} INFO - [2026-09-21 14:58:51,434] {dag.py:1824} INFO - Sync 1 DAGs
[2026-09-21 14:58:51,456] {logging_mixin.py:104} INFO - [2026-09-21 14:58:51,455] {dag.py:2280} INFO - Setting next_dagrun for tutorial to 2026-09-19 00:00:00+00:00
[2026-09-21 14:58:51,477] {scheduler_job.py:190} INFO - Processing /home/airflow/.local/lib/python3.6/site-packages/airflow/example_dags/tutorial.py took 0.089 seconds
[2026-09-21 14:59:21,888] {scheduler_job.py:182} INFO - Started process (PID=371) to work on /home/airflow/.local/lib/python3.6/site-packages/airflow/example_dags/tutorial.py
[2026-09-21 14:59:21,889] {scheduler_job.py:629} INFO - Processing file /home/airflow/.local/lib/python3.6/site-packages/airflow/example_dags/tutorial.py for tasks to queue
[2026-09-21 14:59:21,890] {logging_mixin.py:104} INFO - [2026-09-21 14:59:21,890] {dagbag.py:451} INFO - Filling up the DagBag from /home/airflow/.local/lib/python3.6/site-packages/airflow/example_dags/tutorial.py
[2026-09-21 14:59:21,904] {scheduler_job.py:639} INFO - DAG(s) dict_keys(['tutorial']) retrieved from /home/airflow/.local/lib/python3.6/site-packages/airflow/example_dags/tutorial.py
[2026-09-21 14:59:21,935] {logging_mixin.py:104} INFO - [2026-09-21 14:59:21,935] {dag.py:1824} INFO - Sync 1 DAGs
[2026-09-21 14:59:21,956] {logging_mixin.py:104} INFO - [2026-09-21 14:59:21,955] {dag.py:2280} INFO - Setting next_dagrun for tutorial to 2026-09-19 00:00:00+00:00
[2026-09-21 14:59:21,971] {scheduler_job.py:190} INFO - Processing /home/airflow/.local/lib/python3.6/site-packages/airflow/example_dags/tutorial.py took 0.088 seconds
[2026-09-21 14:59:52,662] {scheduler_job.py:182} INFO - Started process (PID=401) to work on /home/airflow/.local/lib/python3.6/site-packages/airflow/example_dags/tutorial.py
[2026-09-21 14:59:52,663] {scheduler_job.py:629} INFO - Processing file /home/airflow/.local/lib/python3.6/site-packages/airflow/example_dags/tutorial.py for tasks to queue
[2026-09-21 14:59:52,664] {logging_mixin.py:104} INFO - [2026-09-21 14:59:52,664] {dagbag.py:451} INFO - Filling up the DagBag from /home/airflow/.local/lib/python3.6/site-packages/airflow/example_dags/tutorial.py
[2026-09-21 14:59:52,677] {scheduler_job.py:639} INFO - DAG(s) dict_keys(['tutorial']) retrieved from /home/airflow/.local/lib/python3.6/site-packages/airflow/example_dags/tutorial.py
[2026-09-21 14:59:52,704] {logging_mixin.py:104} INFO - [2026-09-21 14:59:52,704] {dag.py:1824} INFO - Sync 1 DAGs
[2026-09-21 14:59:52,724] {logging_mixin.py:104} INFO - [2026-09-21 14:59:52,724] {dag.py:2280} INFO - Setting next_dagrun for tutorial to 2026-09-19 00:00:00+00:00
[2026-09-21 14:59:52,743] {scheduler_job.py:190} INFO - Processing /home/airflow/.local/lib/python3.6/site-packages/airflow/example_dags/tutorial.py took 0.086 seconds
[2026-09-21 15:00:23,002] {scheduler_job.py:182} INFO - Started process (PID=428) to work on /home/airflow/.local/lib/python3.6/site-packages/airflow/example_dags/tutorial.py
[2026-09-21 15:00:23,004] {scheduler_job.py:629} INFO - Processing file /home/airflow/.local/lib/python3.6/site-packages/airflow/example_dags/tutorial.py for tasks to queue
[2026-09-21 15:00:23,005] {logging_mixin.py:104} INFO - [2026-09-21 15:00:23,005] {dagbag.py:451} INFO - Filling up the DagBag from /home/airflow/.local/lib/python3.6/site-packages/airflow/example_dags/tutorial.py
[2026-09-21 15:00:23,024] {scheduler_job.py:639} INFO - DAG(s) dict_keys(['tutorial']) retrieved from /home/airflow/.local/lib/python3.6/site-packages/airflow/example_dags/tutorial.py
[2026-09-21 15:00:23,060] {logging_mixin.py:104} INFO - [2026-09-21 15:00:23,060] {dag.py:1824} INFO - Sync 1 DAGs
[2026-09-21 15:00:23,087] {logging_mixin.py:104} INFO - [2026-09-21 15:00:23,087] {dag.py:2280} INFO - Setting next_dagrun for tutorial to 2026-09-19 00:00:00+00:00
[2026-09-21 15:00:23,105] {scheduler_job.py:190} INFO - Processing /home/airflow/.local/lib/python3.6/site-packages/airflow/example_dags/tutorial.py took 0.108 seconds
[2026-09-21 15:00:53,282] {scheduler_job.py:182} INFO - Started process (PID=455) to work on /home/airflow/.local/lib/python3.6/site-packages/airflow/example_dags/tutorial.py
[2026-09-21 15:00:53,283] {scheduler_job.py:629} INFO - Processing file /home/airflow/.local/lib/python3.6/site-packages/airflow/example_dags/tutorial.py for tasks to queue
[2026-09-21 15:00:53,285] {logging_mixin.py:104} INFO - [2026-09-21 15:00:53,284] {dagbag.py:451} INFO - Filling up the DagBag from /home/airflow/.local/lib/python3.6/site-packages/airflow/example_dags/tutorial.py
[2026-09-21 15:00:53,306] {scheduler_job.py:639} INFO - DAG(s) dict_keys(['tutorial']) retrieved from /home/airflow/.local/lib/python3.6/site-packages/airflow/example_dags/tutorial.py
[2026-09-21 15:00:53,354] {logging_mixin.py:104} INFO - [2026-09-21 15:00:53,354] {dag.py:1824} INFO - Sync 1 DAGs
[2026-09-21 15:00:53,395] {logging_mixin.py:104} INFO - [2026-09-21 15:00:53,394] {dag.py:2280} INFO - Setting next_dagrun for tutorial to 2026-09-19 00:00:00+00:00
[2026-09-21 15:00:53,416] {scheduler_job.py:190} INFO - Processing /home/airflow/.local/lib/python3.6/site-packages/airflow/example_dags/tutorial.py took 0.140 seconds
[2026-09-21 15:01:23,545] {scheduler_job.py:182} INFO - Started process (PID=481) to work on /home/airflow/.local/lib/python3.6/site-packages/airflow/example_dags/tutorial.py
[2026-09-21 15:01:23,546] {scheduler_job.py:629} INFO - Processing file /home/airflow/.local/lib/python3.6/site-packages/airflow/example_dags/tutorial.py for tasks to queue
[2026-09-21 15:01:23,547] {logging_mixin.py:104} INFO - [2026-09-21 15:01:23,547] {dagbag.py:451} INFO - Filling up the DagBag from /home/airflow/.local/lib/python3.6/site-packages/airflow/example_dags/tutorial.py
[2026-09-21 15:01:23,565] {scheduler_job.py:639} INFO - DAG(s) dict_keys(['tutorial']) retrieved from /home/airflow/.local/lib/python3.6/site-packages/airflow/example_dags/tutorial.py
[2026-09-21 15:01:23,613] {logging_mixin.py:104} INFO - [2026-09-21 15:01:23,613] {dag.py:1824} INFO - Sync 1 DAGs
[2026-09-21 15:01:23,645] {logging_mixin.py:104} INFO - [2026-09-21 15:01:23,644] {dag.py:2280} INFO - Setting next_dagrun for tutorial to 2026-09-19 00:00:00+00:00
[2026-09-21 15:01:23,674] {scheduler_job.py:190} INFO - Processing /home/airflow/.local/lib/python3.6/site-packages/airflow/example_dags/tutorial.py took 0.133 seconds
[2026-09-21 15:01:54,177] {scheduler_job.py:182} INFO - Started process (PID=509) to work on /home/airflow/.local/lib/python3.6/site-packages/airflow/example_dags/tutorial.py
[2026-09-21 15:01:54,179] {scheduler_job.py:629} INFO - Processing file /home/airflow/.local/lib/python3.6/site-packages/airflow/example_dags/tutorial.py for tasks to queue
[2026-09-21 15:01:54,180] {logging_mixin.py:104} INFO - [2026-09-21 15:01:54,180] {dagbag.py:451} INFO - Filling up the DagBag from /home/airflow/.local/lib/python3.6/site-packages/airflow/example_dags/tutorial.py
[2026-09-21 15:01:54,194] {scheduler_job.py:639} INFO - DAG(s) dict_keys(['tutorial']) retrieved from /home/airflow/.local/lib/python3.6/site-packages/airflow/example_dags/tutorial.py
[2026-09-21 15:01:54,225] {logging_mixin.py:104} INFO - [2026-09-21 15:01:54,225] {dag.py:1824} INFO - Sync 1 DAGs
[2026-09-21 15:01:54,258] {logging_mixin.py:104} INFO - [2026-09-21 15:01:54,257] {dag.py:2280} INFO - Setting next_dagrun for tutorial to 2026-09-19 00:00:00+00:00
[2026-09-21 15:01:54,284] {scheduler_job.py:190} INFO - Processing /home/airflow/.local/lib/python3.6/site-packages/airflow/example_dags/tutorial.py took 0.111 seconds
[2026-09-21 15:02:24,684] {scheduler_job.py:182} INFO - Started process (PID=533) to work on /home/airflow/.local/lib/python3.6/site-packages/airflow/example_dags/tutorial.py
[2026-09-21 15:02:24,685] {scheduler_job.py:629} INFO - Processing file /home/airflow/.local/lib/python3.6/site-packages/airflow/example_dags/tutorial.py for tasks to queue
[2026-09-21 15:02:24,686] {logging_mixin.py:104} INFO - [2026-09-21 15:02:24,686] {dagbag.py:451} INFO - Filling up the DagBag from /home/airflow/.local/lib/python3.6/site-packages/airflow/example_dags/tutorial.py
[2026-09-21 15:02:24,700] {scheduler_job.py:639} INFO - DAG(s) dict_keys(['tutorial']) retrieved from /home/airflow/.local/lib/python3.6/site-packages/airflow/example_dags/tutorial.py
[2026-09-21 15:02:24,729] {logging_mixin.py:104} INFO - [2026-09-21 15:02:24,729] {dag.py:1824} INFO - Sync 1 DAGs
[2026-09-21 15:02:24,750] {logging_mixin.py:104} INFO - [2026-09-21 15:02:24,750] {dag.py:2280} INFO - Setting next_dagrun for tutorial to 2026-09-19 00:00:00+00:00
[2026-09-21 15:02:24,768] {scheduler_job.py:190} INFO - Processing /home/airflow/.local/lib/python3.6/site-packages/airflow/example_dags/tutorial.py took 0.089 seconds
[2026-09-21 15:02:55,403] {scheduler_job.py:182} INFO - Started process (PID=560) to work on /home/airflow/.local/lib/python3.6/site-packages/airflow/example_dags/tutorial.py
[2026-09-21 15:02:55,404] {scheduler_job.py:629} INFO - Processing file /home/airflow/.local/lib/python3.6/site-packages/airflow/example_dags/tutorial.py for tasks to queue
[2026-09-21 15:02:55,405] {logging_mixin.py:104} INFO - [2026-09-21 15:02:55,405] {dagbag.py:451} INFO - Filling up the DagBag from /home/airflow/.local/lib/python3.6/site-packages/airflow/example_dags/tutorial.py
[2026-09-21 15:02:55,418] {scheduler_job.py:639} INFO - DAG(s) dict_keys(['tutorial']) retrieved from /home/airflow/.local/lib/python3.6/site-packages/airflow/example_dags/tutorial.py
[2026-09-21 15:02:55,448] {logging_mixin.py:104} INFO - [2026-09-21 15:02:55,448] {dag.py:1824} INFO - Sync 1 DAGs
[2026-09-21 15:02:55,471] {logging_mixin.py:104} INFO - [2026-09-21 15:02:55,471] {dag.py:2280} INFO - Setting next_dagrun for tutorial to 2026-09-19 00:00:00+00:00
[2026-09-21 15:02:55,493] {scheduler_job.py:190} INFO - Processing /home/airflow/.local/lib/python3.6/site-packages/airflow/example_dags/tutorial.py took 0.094 seconds
[2026-09-21 15:03:26,026] {scheduler_job.py:182} INFO - Started process (PID=587) to work on /home/airflow/.local/lib/python3.6/site-packages/airflow/example_dags/tutorial.py
[2026-09-21 15:03:26,027] {scheduler_job.py:629} INFO - Processing file /home/airflow/.local/lib/python3.6/site-packages/airflow/example_dags/tutorial.py for tasks to queue
[2026-09-21 15:03:26,028] {logging_mixin.py:104} INFO - [2026-09-21 15:03:26,028] {dagbag.py:451} INFO - Filling up the DagBag from /home/airflow/.local/lib/python3.6/site-packages/airflow/example_dags/tutorial.py
[2026-09-21 15:03:26,043] {scheduler_job.py:639} INFO - DAG(s) dict_keys(['tutorial']) retrieved from /home/airflow/.local/lib/python3.6/site-packages/airflow/example_dags/tutorial.py
[2026-09-21 15:03:26,077] {logging_mixin.py:104} INFO - [2026-09-21 15:03:26,077] {dag.py:1824} INFO - Sync 1 DAGs
[2026-09-21 15:03:26,106] {logging_mixin.py:104} INFO - [2026-09-21 15:03:26,105] {dag.py:2280} INFO - Setting next_dagrun for tutorial to 2026-09-19 00:00:00+00:00
[2026-09-21 15:03:26,120] {scheduler_job.py:190} INFO - Processing /home/airflow/.local/lib/python3.6/site-packages/airflow/example_dags/tutorial.py took 0.100 seconds
[2026-09-21 15:03:56,796] {scheduler_job.py:182} INFO - Started process (PID=614) to work on /home/airflow/.local/lib/python3.6/site-packages/airflow/example_dags/tutorial.py
[2026-09-21 15:03:56,798] {scheduler_job.py:629} INFO - Processing file /home/airflow/.local/lib/python3.6/site-packages/airflow/example_dags/tutorial.py for tasks to queue
[2026-09-21 15:03:56,801] {logging_mixin.py:104} INFO - [2026-09-21 15:03:56,799] {dagbag.py:451} INFO - Filling up the DagBag from /home/airflow/.local/lib/python3.6/site-packages/airflow/example_dags/tutorial.py
[2026-09-21 15:03:56,818] {scheduler_job.py:639} INFO - DAG(s) dict_keys(['tutorial']) retrieved from /home/airflow/.local/lib/python3.6/site-packages/airflow/example_dags/tutorial.py
[2026-09-21 15:03:56,850] {logging_mixin.py:104} INFO - [2026-09-21 15:03:56,850] {dag.py:1824} INFO - Sync 1 DAGs
[2026-09-21 15:03:56,876] {logging_mixin.py:104} INFO - [2026-09-21 15:03:56,876] {dag.py:2280} INFO - Setting next_dagrun for tutorial to 2026-09-19 00:00:00+00:00
[2026-09-21 15:03:56,907] {scheduler_job.py:190} INFO - Processing /home/airflow/.local/lib/python3.6/site-packages/airflow/example_dags/tutorial.py took 0.118 seconds
[2026-09-21 15:04:27,545] {scheduler_job.py:182} INFO - Started process (PID=641) to work on /home/airflow/.local/lib/python3.6/site-packages/airflow/example_dags/tutorial.py
[2026-09-21 15:04:27,546] {scheduler_job.py:629} INFO - Processing file /home/airflow/.local/lib/python3.6/site-packages/airflow/example_dags/tutorial.py for tasks to queue
[2026-09-21 15:04:27,547] {logging_mixin.py:104} INFO - [2026-09-21 15:04:27,547] {dagbag.py:451} INFO - Filling up the DagBag from /home/airflow/.local/lib/python3.6/site-packages/airflow/example_dags/tutorial.py
[2026-09-21 15:04:27,559] {scheduler_job.py:639} INFO - DAG(s) dict_keys(['tutorial']) retrieved from /home/airflow/.local/lib/python3.6/site-packages/airflow/example_dags/tutorial.py
[2026-09-21 15:04:27,586] {logging_mixin.py:104} INFO - [2026-09-21 15:04:27,586] {dag.py:1824} INFO - Sync 1 DAGs
[2026-09-21 15:04:27,607] {logging_mixin.py:104} INFO - [2026-09-21 15:04:27,607] {dag.py:2280} INFO - Setting next_dagrun for tutorial to 2026-09-19 00:00:00+00:00
[2026-09-21 15:04:27,624] {scheduler_job.py:190} INFO - Processing /home/airflow/.local/lib/python3.6/site-packages/airflow/example_dags/tutorial.py took 0.083 seconds
[2026-09-21 15:04:57,738] {scheduler_job.py:182} INFO - Started process (PID=668) to work on /home/airflow/.local/lib/python3.6/site-packages/airflow/example_dags/tutorial.py
[2026-09-21 15:04:57,739] {scheduler_job.py:629} INFO - Processing file /home/airflow/.local/lib/python3.6/site-packages/airflow/example_dags/tutorial.py for tasks to queue
[2026-09-21 15:04:57,740] {logging_mixin.py:104} INFO - [2026-09-21 15:04:57,740] {dagbag.py:451} INFO - Filling up the DagBag from /home/airflow/.local/lib/python3.6/site-packages/airflow/example_dags/tutorial.py
[2026-09-21 15:04:57,755] {scheduler_job.py:639} INFO - DAG(s) dict_keys(['tutorial']) retrieved from /home/airflow/.local/lib/python3.6/site-packages/airflow/example_dags/tutorial.py
[2026-09-21 15:04:57,781] {logging_mixin.py:104} INFO - [2026-09-21 15:04:57,781] {dag.py:1824} INFO - Sync 1 DAGs
[2026-09-21 15:04:57,803] {logging_mixin.py:104} INFO - [2026-09-21 15:04:57,802] {dag.py:2280} INFO - Setting next_dagrun for tutorial to 2026-09-19 00:00:00+00:00
[2026-09-21 15:04:57,819] {scheduler_job.py:190} INFO - Processing /home/airflow/.local/lib/python3.6/site-packages/airflow/example_dags/tutorial.py took 0.086 seconds
[2026-09-21 15:05:28,034] {scheduler_job.py:182} INFO - Started process (PID=695) to work on /home/airflow/.local/lib/python3.6/site-packages/airflow/example_dags/tutorial.py
[2026-09-21 15:05:28,035] {scheduler_job.py:629} INFO - Processing file /home/airflow/.local/lib/python3.6/site-packages/airflow/example_dags/tutorial.py for tasks to queue
[2026-09-21 15:05:28,036] {logging_mixin.py:104} INFO - [2026-09-21 15:05:28,036] {dagbag.py:451} INFO - Filling up the DagBag from /home/airflow/.local/lib/python3.6/site-packages/airflow/example_dags/tutorial.py
[2026-09-21 15:05:28,049] {scheduler_job.py:639} INFO - DAG(s) dict_keys(['tutorial']) retrieved from /home/airflow/.local/lib/python3.6/site-packages/airflow/example_dags/tutorial.py
[2026-09-21 15:05:28,076] {logging_mixin.py:104} INFO - [2026-09-21 15:05:28,076] {dag.py:1824} INFO - Sync 1 DAGs
[2026-09-21 15:05:28,098] {logging_mixin.py:104} INFO - [2026-09-21 15:05:28,098] {dag.py:2280} INFO - Setting next_dagrun for tutorial to 2026-09-19 00:00:00+00:00
[2026-09-21 15:05:28,110] {scheduler_job.py:190} INFO - Processing /home/airflow/.local/lib/python3.6/site-packages/airflow/example_dags/tutorial.py took 0.080 seconds
[2026-09-21 15:05:58,632] {scheduler_job.py:182} INFO - Started process (PID=724) to work on /home/airflow/.local/lib/python3.6/site-packages/airflow/example_dags/tutorial.py
[2026-09-21 15:05:58,634] {scheduler_job.py:629} INFO - Processing file /home/airflow/.local/lib/python3.6/site-packages/airflow/example_dags/tutorial.py for tasks to queue
[2026-09-21 15:05:58,635] {logging_mixin.py:104} INFO - [2026-09-21 15:05:58,635] {dagbag.py:451} INFO - Filling up the DagBag from /home/airflow/.local/lib/python3.6/site-packages/airflow/example_dags/tutorial.py
[2026-09-21 15:05:58,649] {scheduler_job.py:639} INFO - DAG(s) dict_keys(['tutorial']) retrieved from /home/airflow/.local/lib/python3.6/site-packages/airflow/example_dags/tutorial.py
[2026-09-21 15:05:58,676] {logging_mixin.py:104} INFO - [2026-09-21 15:05:58,676] {dag.py:1824} INFO - Sync 1 DAGs
[2026-09-21 15:05:58,702] {logging_mixin.py:104} INFO - [2026-09-21 15:05:58,702] {dag.py:2280} INFO - Setting next_dagrun for tutorial to 2026-09-19 00:00:00+00:00
[2026-09-21 15:05:58,715] {scheduler_job.py:190} INFO - Processing /home/airflow/.local/lib/python3.6/site-packages/airflow/example_dags/tutorial.py took 0.087 seconds
[2026-09-21 15:06:29,464] {scheduler_job.py:182} INFO - Started process (PID=749) to work on /home/airflow/.local/lib/python3.6/site-packages/airflow/example_dags/tutorial.py
[2026-09-21 15:06:29,466] {scheduler_job.py:629} INFO - Processing file /home/airflow/.local/lib/python3.6/site-packages/airflow/example_dags/tutorial.py for tasks to queue
[2026-09-21 15:06:29,466] {logging_mixin.py:104} INFO - [2026-09-21 15:06:29,466] {dagbag.py:451} INFO - Filling up the DagBag from /home/airflow/.local/lib/python3.6/site-packages/airflow/example_dags/tutorial.py
[2026-09-21 15:06:29,481] {scheduler_job.py:639} INFO - DAG(s) dict_keys(['tutorial']) retrieved from /home/airflow/.local/lib/python3.6/site-packages/airflow/example_dags/tutorial.py
[2026-09-21 15:06:29,511] {logging_mixin.py:104} INFO - [2026-09-21 15:06:29,510] {dag.py:1824} INFO - Sync 1 DAGs
[2026-09-21 15:06:29,537] {logging_mixin.py:104} INFO - [2026-09-21 15:06:29,536] {dag.py:2280} INFO - Setting next_dagrun for tutorial to 2026-09-19 00:00:00+00:00
[2026-09-21 15:06:29,555] {scheduler_job.py:190} INFO - Processing /home/airflow/.local/lib/python3.6/site-packages/airflow/example_dags/tutorial.py took 0.096 seconds
[2026-09-21 15:06:59,606] {scheduler_job.py:182} INFO - Started process (PID=776) to work on /home/airflow/.local/lib/python3.6/site-packages/airflow/example_dags/tutorial.py
[2026-09-21 15:06:59,608] {scheduler_job.py:629} INFO - Processing file /home/airflow/.local/lib/python3.6/site-packages/airflow/example_dags/tutorial.py for tasks to queue
[2026-09-21 15:06:59,609] {logging_mixin.py:104} INFO - [2026-09-21 15:06:59,609] {dagbag.py:451} INFO - Filling up the DagBag from /home/airflow/.local/lib/python3.6/site-packages/airflow/example_dags/tutorial.py
[2026-09-21 15:06:59,621] {scheduler_job.py:639} INFO - DAG(s) dict_keys(['tutorial']) retrieved from /home/airflow/.local/lib/python3.6/site-packages/airflow/example_dags/tutorial.py
[2026-09-21 15:06:59,645] {logging_mixin.py:104} INFO - [2026-09-21 15:06:59,645] {dag.py:1824} INFO - Sync 1 DAGs
[2026-09-21 15:06:59,667] {logging_mixin.py:104} INFO - [2026-09-21 15:06:59,667] {dag.py:2280} INFO - Setting next_dagrun for tutorial to 2026-09-19 00:00:00+00:00
[2026-09-21 15:06:59,685] {scheduler_job.py:190} INFO - Processing /home/airflow/.local/lib/python3.6/site-packages/airflow/example_dags/tutorial.py took 0.085 seconds
[2026-09-21 15:07:30,167] {scheduler_job.py:182} INFO - Started process (PID=803) to work on /home/airflow/.local/lib/python3.6/site-packages/airflow/example_dags/tutorial.py
[2026-09-21 15:07:30,169] {scheduler_job.py:629} INFO - Processing file /home/airflow/.local/lib/python3.6/site-packages/airflow/example_dags/tutorial.py for tasks to queue
[2026-09-21 15:07:30,169] {logging_mixin.py:104} INFO - [2026-09-21 15:07:30,169] {dagbag.py:451} INFO - Filling up the DagBag from /home/airflow/.local/lib/python3.6/site-packages/airflow/example_dags/tutorial.py
[2026-09-21 15:07:30,182] {scheduler_job.py:639} INFO - DAG(s) dict_keys(['tutorial']) retrieved from /home/airflow/.local/lib/python3.6/site-packages/airflow/example_dags/tutorial.py
[2026-09-21 15:07:30,214] {logging_mixin.py:104} INFO - [2026-09-21 15:07:30,213] {dag.py:1824} INFO - Sync 1 DAGs
[2026-09-21 15:07:30,235] {logging_mixin.py:104} INFO - [2026-09-21 15:07:30,235] {dag.py:2280} INFO - Setting next_dagrun for tutorial to 2026-09-19 00:00:00+00:00
[2026-09-21 15:07:30,252] {scheduler_job.py:190} INFO - Processing /home/airflow/.local/lib/python3.6/site-packages/airflow/example_dags/tutorial.py took 0.089 seconds
[2026-09-21 15:08:01,300] {scheduler_job.py:182} INFO - Started process (PID=830) to work on /home/airflow/.local/lib/python3.6/site-packages/airflow/example_dags/tutorial.py
[2026-09-21 15:08:01,302] {scheduler_job.py:629} INFO - Processing file /home/airflow/.local/lib/python3.6/site-packages/airflow/example_dags/tutorial.py for tasks to queue
[2026-09-21 15:08:01,303] {logging_mixin.py:104} INFO - [2026-09-21 15:08:01,303] {dagbag.py:451} INFO - Filling up the DagBag from /home/airflow/.local/lib/python3.6/site-packages/airflow/example_dags/tutorial.py
[2026-09-21 15:08:01,324] {scheduler_job.py:639} INFO - DAG(s) dict_keys(['tutorial']) retrieved from /home/airflow/.local/lib/python3.6/site-packages/airflow/example_dags/tutorial.py
[2026-09-21 15:08:01,380] {logging_mixin.py:104} INFO - [2026-09-21 15:08:01,379] {dag.py:1824} INFO - Sync 1 DAGs
[2026-09-21 15:08:01,461] {logging_mixin.py:104} INFO - [2026-09-21 15:08:01,460] {dag.py:2280} INFO - Setting next_dagrun for tutorial to 2026-09-19 00:00:00+00:00
[2026-09-21 15:08:01,510] {scheduler_job.py:190} INFO - Processing /home/airflow/.local/lib/python3.6/site-packages/airflow/example_dags/tutorial.py took 0.215 seconds
[2026-09-21 15:08:31,801] {scheduler_job.py:182} INFO - Started process (PID=857) to work on /home/airflow/.local/lib/python3.6/site-packages/airflow/example_dags/tutorial.py
[2026-09-21 15:08:31,806] {scheduler_job.py:629} INFO - Processing file /home/airflow/.local/lib/python3.6/site-packages/airflow/example_dags/tutorial.py for tasks to queue
[2026-09-21 15:08:31,810] {logging_mixin.py:104} INFO - [2026-09-21 15:08:31,809] {dagbag.py:451} INFO - Filling up the DagBag from /home/airflow/.local/lib/python3.6/site-packages/airflow/example_dags/tutorial.py
[2026-09-21 15:08:31,831] {scheduler_job.py:639} INFO - DAG(s) dict_keys(['tutorial']) retrieved from /home/airflow/.local/lib/python3.6/site-packages/airflow/example_dags/tutorial.py
[2026-09-21 15:08:31,939] {logging_mixin.py:104} INFO - [2026-09-21 15:08:31,939] {dag.py:1824} INFO - Sync 1 DAGs
[2026-09-21 15:08:32,025] {logging_mixin.py:104} INFO - [2026-09-21 15:08:32,025] {dag.py:2280} INFO - Setting next_dagrun for tutorial to 2026-09-19 00:00:00+00:00
[2026-09-21 15:08:32,061] {scheduler_job.py:190} INFO - Processing /home/airflow/.local/lib/python3.6/site-packages/airflow/example_dags/tutorial.py took 0.282 seconds
[2026-09-21 15:09:02,233] {scheduler_job.py:182} INFO - Started process (PID=884) to work on /home/airflow/.local/lib/python3.6/site-packages/airflow/example_dags/tutorial.py
[2026-09-21 15:09:02,238] {scheduler_job.py:629} INFO - Processing file /home/airflow/.local/lib/python3.6/site-packages/airflow/example_dags/tutorial.py for tasks to queue
[2026-09-21 15:09:02,247] {logging_mixin.py:104} INFO - [2026-09-21 15:09:02,246] {dagbag.py:451} INFO - Filling up the DagBag from /home/airflow/.local/lib/python3.6/site-packages/airflow/example_dags/tutorial.py
[2026-09-21 15:09:02,299] {scheduler_job.py:639} INFO - DAG(s) dict_keys(['tutorial']) retrieved from /home/airflow/.local/lib/python3.6/site-packages/airflow/example_dags/tutorial.py
[2026-09-21 15:09:02,383] {logging_mixin.py:104} INFO - [2026-09-21 15:09:02,383] {dag.py:1824} INFO - Sync 1 DAGs
[2026-09-21 15:09:02,428] {logging_mixin.py:104} INFO - [2026-09-21 15:09:02,428] {dag.py:2280} INFO - Setting next_dagrun for tutorial to 2026-09-19 00:00:00+00:00
[2026-09-21 15:09:02,460] {scheduler_job.py:190} INFO - Processing /home/airflow/.local/lib/python3.6/site-packages/airflow/example_dags/tutorial.py took 0.240 seconds
[2026-09-21 15:09:33,275] {scheduler_job.py:182} INFO - Started process (PID=911) to work on /home/airflow/.local/lib/python3.6/site-packages/airflow/example_dags/tutorial.py
[2026-09-21 15:09:33,276] {scheduler_job.py:629} INFO - Processing file /home/airflow/.local/lib/python3.6/site-packages/airflow/example_dags/tutorial.py for tasks to queue
[2026-09-21 15:09:33,278] {logging_mixin.py:104} INFO - [2026-09-21 15:09:33,277] {dagbag.py:451} INFO - Filling up the DagBag from /home/airflow/.local/lib/python3.6/site-packages/airflow/example_dags/tutorial.py
[2026-09-21 15:09:33,302] {scheduler_job.py:639} INFO - DAG(s) dict_keys(['tutorial']) retrieved from /home/airflow/.local/lib/python3.6/site-packages/airflow/example_dags/tutorial.py
[2026-09-21 15:09:33,359] {logging_mixin.py:104} INFO - [2026-09-21 15:09:33,359] {dag.py:1824} INFO - Sync 1 DAGs
[2026-09-21 15:09:33,408] {logging_mixin.py:104} INFO - [2026-09-21 15:09:33,408] {dag.py:2280} INFO - Setting next_dagrun for tutorial to 2026-09-19 00:00:00+00:00
[2026-09-21 15:09:33,461] {scheduler_job.py:190} INFO - Processing /home/airflow/.local/lib/python3.6/site-packages/airflow/example_dags/tutorial.py took 0.193 seconds
[2026-09-21 15:10:03,574] {scheduler_job.py:182} INFO - Started process (PID=938) to work on /home/airflow/.local/lib/python3.6/site-packages/airflow/example_dags/tutorial.py
[2026-09-21 15:10:03,576] {scheduler_job.py:629} INFO - Processing file /home/airflow/.local/lib/python3.6/site-packages/airflow/example_dags/tutorial.py for tasks to queue
[2026-09-21 15:10:03,577] {logging_mixin.py:104} INFO - [2026-09-21 15:10:03,577] {dagbag.py:451} INFO - Filling up the DagBag from /home/airflow/.local/lib/python3.6/site-packages/airflow/example_dags/tutorial.py
[2026-09-21 15:10:03,599] {scheduler_job.py:639} INFO - DAG(s) dict_keys(['tutorial']) retrieved from /home/airflow/.local/lib/python3.6/site-packages/airflow/example_dags/tutorial.py
[2026-09-21 15:10:03,644] {logging_mixin.py:104} INFO - [2026-09-21 15:10:03,644] {dag.py:1824} INFO - Sync 1 DAGs
[2026-09-21 15:10:03,676] {logging_mixin.py:104} INFO - [2026-09-21 15:10:03,676] {dag.py:2280} INFO - Setting next_dagrun for tutorial to 2026-09-19 00:00:00+00:00
[2026-09-21 15:10:03,704] {scheduler_job.py:190} INFO - Processing /home/airflow/.local/lib/python3.6/site-packages/airflow/example_dags/tutorial.py took 0.135 seconds
[2026-09-21 15:10:34,911] {scheduler_job.py:182} INFO - Started process (PID=965) to work on /home/airflow/.local/lib/python3.6/site-packages/airflow/example_dags/tutorial.py
[2026-09-21 15:10:34,913] {scheduler_job.py:629} INFO - Processing file /home/airflow/.local/lib/python3.6/site-packages/airflow/example_dags/tutorial.py for tasks to queue
[2026-09-21 15:10:34,914] {logging_mixin.py:104} INFO - [2026-09-21 15:10:34,914] {dagbag.py:451} INFO - Filling up the DagBag from /home/airflow/.local/lib/python3.6/site-packages/airflow/example_dags/tutorial.py
[2026-09-21 15:10:34,935] {scheduler_job.py:639} INFO - DAG(s) dict_keys(['tutorial']) retrieved from /home/airflow/.local/lib/python3.6/site-packages/airflow/example_dags/tutorial.py
[2026-09-21 15:10:35,475] {logging_mixin.py:104} INFO - [2026-09-21 15:10:35,475] {process_utils.py:206} INFO - Waiting up to 5 seconds for processes to exit...
