[2026-09-21 14:53:16,041] {scheduler_job.py:182} INFO - Started process (PID=54) to work on /home/airflow/.local/lib/python3.6/site-packages/airflow/example_dags/tutorial_taskflow_api_etl.py
[2026-09-21 14:53:16,043] {scheduler_job.py:629} INFO - Processing file /home/airflow/.local/lib/python3.6/site-packages/airflow/example_dags/tutorial_taskflow_api_etl.py for tasks to queue
[2026-09-21 14:53:16,044] {logging_mixin.py:104} INFO - [2026-09-21 14:53:16,044] {dagbag.py:451} INFO - Filling up the DagBag from /home/airflow/.local/lib/python3.6/site-packages/airflow/example_dags/tutorial_taskflow_api_etl.py
[2026-09-21 14:53:16,072] {scheduler_job.py:639} INFO - DAG(s) dict_keys(['tutorial_taskflow_api_etl']) retrieved from /home/airflow/.local/lib/python3.6/site-packages/airflow/example_dags/tutorial_taskflow_api_etl.py
[2026-09-21 14:53:16,114] {logging_mixin.py:104} INFO - [2026-09-21 14:53:16,114] {dag.py:1824} INFO - Sync 1 DAGs
[2026-09-21 14:53:16,132] {logging_mixin.py:104} INFO - [2026-09-21 14:53:16,132] {dag.py:1843} INFO - Creating ORM DAG for tutorial_taskflow_api_etl
[2026-09-21 14:53:16,141] {logging_mixin.py:104} INFO - [2026-09-21 14:53:16,141] {dag.py:2280} INFO - Setting next_dagrun for tutorial_taskflow_api_etl to None
[2026-09-21 14:53:16,167] {scheduler_job.py:190} INFO - Processing /home/airflow/.local/lib/python3.6/site-packages/airflow/example_dags/tutorial_taskflow_api_etl.py took 0.131 seconds
[2026-09-21 14:53:47,201] {scheduler_job.py:182} INFO - Started process (PID=83) to work on /home/airflow/.local/lib/python3.6/site-packages/airflow/example_dags/tutorial_taskflow_api_etl.py
[2026-09-21 14:53:47,203] {scheduler_job.py:629} INFO - Processing file /home/airflow/.local/lib/python3.6/site-packages/airflow/example_dags/tutorial_taskflow_api_etl.py for tasks to queue
[2026-09-21 14:53:47,204] {logging_mixin.py:104} INFO - [2026-09-21 14:53:47,203] {dagbag.py:451} INFO - Filling up the DagBag from /home/airflow/.local/lib/python3.6/site-packages/airflow/example_dags/tutorial_taskflow_api_etl.py
[2026-09-21 14:53:47,222] {scheduler_job.py:639} INFO - DAG(s) dict_keys(['tutorial_taskflow_api_etl']) retrieved from /home/airflow/.local/lib/python3.6/site-packages/airflow/example_dags/tutorial_taskflow_api_etl.py
[2026-09-21 14:53:47,255] {logging_mixin.py:104} INFO - [2026-09-21 14:53:47,254] {dag.py:1824} INFO - Sync 1 DAGs
[2026-09-21 14:53:47,279] {logging_mixin.py:104} INFO - [2026-09-21 14:53:47,279] {dag.py:2280} INFO - Setting next_dagrun for tutorial_taskflow_api_etl to None
[2026-09-21 14:53:47,301] {scheduler_job.py:190} INFO - Processing /home/airflow/.local/lib/python3.6/site-packages/airflow/example_dags/tutorial_taskflow_api_etl.py took 0.103 seconds
[2026-09-21 14:54:18,206] {scheduler_job.py:182} INFO - Started process (PID=110) to work on /home/airflow/.local/lib/python3.6/site-packages/airflow/example_dags/tutorial_taskflow_api_etl.py
[2026-09-21 14:54:18,208] {scheduler_job.py:629} INFO - Processing file /home/airflow/.local/lib/python3.6/site-packages/airflow/example_dags/tutorial_taskflow_api_etl.py for tasks to queue
[2026-09-21 14:54:18,209] {logging_mixin.py:104} INFO - [2026-09-21 14:54:18,208] {dagbag.py:451} INFO - Filling up the DagBag from /home/airflow/.local/lib/python3.6/site-packages/airflow/example_dags/tutorial_taskflow_api_etl.py
[2026-09-21 14:54:18,229] {scheduler_job.py:639} INFO - DAG(s) dict_keys(['tutorial_taskflow_api_etl']) retrieved from /home/airflow/.local/lib/python3.6/site-packages/airflow/example_dags/tutorial_taskflow_api_etl.py
[2026-09-21 14:54:18,263] {logging_mixin.py:104} INFO - [2026-09-21 14:54:18,263] {dag.py:1824} INFO - Sync 1 DAGs
[2026-09-21 14:54:18,290] {logging_mixin.py:104} INFO - [2026-09-21 14:54:18,290] {dag.py:2280} INFO - Setting next_dagrun for tutorial_taskflow_api_etl to None
[2026-09-21 14:54:18,310] {scheduler_job.py:190} INFO - Processing /home/airflow/.local/lib/python3.6/site-packages/airflow/example_dags/tutorial_taskflow_api_etl.py took 0.111 seconds
[2026-09-21 14:54:49,285] {scheduler_job.py:182} INFO - Started process (PID=137) to work on /home/airflow/.local/lib/python3.6/site-packages/airflow/example_dags/tutorial_taskflow_api_etl.py
[2026-09-21 14:54:49,286] {scheduler_job.py:629} INFO - Processing file /home/airflow/.local/lib/python3.6/site-packages/airflow/example_dags/tutorial_taskflow_api_etl.py for tasks to queue
[2026-09-21 14:54:49,287] {logging_mixin.py:104} INFO - [2026-09-21 14:54:49,286] {dagbag.py:451} INFO - Filling up the DagBag from /home/airflow/.local/lib/python3.6/site-packages/airflow/example_dags/tutorial_taskflow_api_etl.py
[2026-09-21 14:54:49,302] {scheduler_job.py:639} INFO - DAG(s) dict_keys(['tutorial_taskflow_api_etl']) retrieved from /home/airflow/.local/lib/python3.6/site-packages/airflow/example_dags/tutorial_taskflow_api_etl.py
[2026-09-21 14:54:49,329] {logging_mixin.py:104} INFO - [2026-09-21 14:54:49,329] {dag.py:1824} INFO - Sync 1 DAGs
[2026-09-21 14:54:49,348] {logging_mixin.py:104} INFO - [2026-09-21 14:54:49,347] {dag.py:2280} INFO - Setting next_dagrun for tutorial_taskflow_api_etl to None
[2026-09-21 14:54:49,362] {scheduler_job.py:190} INFO - Processing /home/airflow/.local/lib/python3.6/site-packages/airflow/example_dags/tutorial_taskflow_api_etl.py took 0.081 seconds
[2026-09-21 14:55:19,981] {scheduler_job.py:182} INFO - Started process (PID=164) to work on /home/airflow/.local/lib/python3.6/site-packages/airflow/example_dags/tutorial_taskflow_api_etl.py
[2026-09-21 14:55:19,983] {scheduler_job.py:629} INFO - Processing file /home/airflow/.local/lib/python3.6/site-packages/airflow/example_dags/tutorial_taskflow_api_etl.py for tasks to queue
[2026-09-21 14:55:19,983] {logging_mixin.py:104} INFO - [2026-09-21 14:55:19,983] {dagbag.py:451} INFO - Filling up the DagBag from /home/airflow/.local/lib/python3.6/site-packages/airflow/example_dags/tutorial_taskflow_api_etl.py
[2026-09-21 14:55:19,998] {scheduler_job.py:639} INFO - DAG(s) dict_keys(['tutorial_taskflow_api_etl']) retrieved from /home/airflow/.local/lib/python3.6/site-packages/airflow/example_dags/tutorial_taskflow_api_etl.py
[2026-09-21 14:55:20,023] {logging_mixin.py:104} INFO - [2026-09-21 14:55:20,023] {dag.py:1824} INFO - Sync 1 DAGs
[2026-09-21 14:55:20,041] {logging_mixin.py:104} INFO - [2026-09-21 14:55:20,041] {dag.py:2280} INFO - Setting next_dagrun for tutorial_taskflow_api_etl to None
[2026-09-21 14:55:20,058] {scheduler_job.py:190} INFO - Processing /home/airflow/.local/lib/python3.6/site-packages/airflow/example_dags/tutorial_taskflow_api_etl.py took 0.080 seconds
[2026-09-21 14:55:50,549] {scheduler_job.py:182} INFO - Started process (PID=191) to work on /home/airflow/.local/lib/python3.6/site-packages/airflow/example_dags/tutorial_taskflow_api_etl.py
[2026-09-21 14:55:50,550] {scheduler_job.py:629} INFO - Processing file /home/airflow/.local/lib/python3.6/site-packages/airflow/example_dags/tutorial_taskflow_api_etl.py for tasks to queue
[2026-09-21 14:55:50,551] {logging_mixin.py:104} INFO - [2026-09-21 14:55:50,551] {dagbag.py:451} INFO - Filling up the DagBag from /home/airflow/.local/lib/python3.6/site-packages/airflow/example_dags/tutorial_taskflow_api_etl.py
[2026-09-21 14:55:50,566] {scheduler_job.py:639} INFO - DAG(s) dict_keys(['tutorial_taskflow_api_etl']) retrieved from /home/airflow/.local/lib/python3.6/site-packages/airflow/example_dags/tutorial_taskflow_api_etl.py
[2026-09-21 14:55:50,592] {logging_mixin.py:104} INFO - [2026-09-21 14:55:50,592] {dag.py:1824} INFO - Sync 1 DAGs
[2026-09-21 14:55:50,609] {logging_mixin.py:104} INFO - [2026-09-21 14:55:50,609] {dag.py:2280} INFO - Setting next_dagrun for tutorial_taskflow_api_etl to None
[2026-09-21 14:55:50,626] {scheduler_job.py:190} INFO - Processing /home/airflow/.local/lib/python3.6/site-packages/airflow/example_dags/tutorial_taskflow_api_etl.py took 0.080 seconds
[2026-09-21 14:56:21,547] {scheduler_job.py:182} INFO - Started process (PID=218) to work on /home/airflow/.local/lib/python3.6/site-packages/airflow/example_dags/tutorial_taskflow_api_etl.py
[2026-09-21 14:56:21,548] {scheduler_job.py:629} INFO - Processing file /home/airflow/.local/lib/python3.6/site-packages/airflow/example_dags/tutorial_taskflow_api_etl.py for tasks to queue
[2026-09-21 14:56:21,549] {logging_mixin.py:104} INFO - [2026-09-21 14:56:21,549] {dagbag.py:451} INFO - Filling up the DagBag from /home/airflow/.local/lib/python3.6/site-packages/airflow/example_dags/tutorial_taskflow_api_etl.py
[2026-09-21 14:56:21,564] {scheduler_job.py:639} INFO - DAG(s) dict_keys(['tutorial_taskflow_api_etl']) retrieved from /home/airflow/.local/lib/python3.6/site-packages/airflow/example_dags/tutorial_taskflow_api_etl.py
[2026-09-21 14:56:21,590] {logging_mixin.py:104} INFO - [2026-09-21 14:56:21,589] {dag.py:1824} INFO - Sync 1 DAGs
[2026-09-21 14:56:21,606] {logging_mixin.py:104} INFO - [2026-09-21 14:56:21,606] {dag.py:2280} INFO - Setting next_dagrun for tutorial_taskflow_api_etl to None
[2026-09-21 14:56:21,623] {scheduler_job.py:190} INFO - Processing /home/airflow/.local/lib/python3.6/site-packages/airflow/example_dags/tutorial_taskflow_api_etl.py took 0.080 seconds
[2026-09-21 14:56:52,255] {scheduler_job.py:182} INFO - Started process (PID=245) to work on /home/airflow/.local/lib/python3.6/site-packages/airflow/example_dags/tutorial_taskflow_api_etl.py
[2026-09-21 14:56:52,256] {scheduler_job.py:629} INFO - Processing file /home/airflow/.local/lib/python3.6/site-packages/airflow/example_dags/tutorial_taskflow_api_etl.py for tasks to queue
[2026-09-21 14:56:52,257] {logging_mixin.py:104} INFO - [2026-09-21 14:56:52,257] {dagbag.py:451} INFO - Filling up the DagBag from /home/airflow/.local/lib/python3.6/site-packages/airflow/example_dags/tutorial_taskflow_api_etl.py
[2026-09-21 14:56:52,272] {scheduler_job.py:639} INFO - DAG(s) dict_keys(['tutorial_taskflow_api_etl']) retrieved from /home/airflow/.local/lib/python3.6/site-packages/airflow/example_dags/tutorial_taskflow_api_etl.py
[2026-09-21 14:56:52,301] {logging_mixin.py:104} INFO - [2026-09-21 14:56:52,301] {dag.py:1824} INFO - Sync 1 DAGs
[2026-09-21 14:56:52,319] {logging_mixin.py:104} INFO - [2026-09-21 14:56:52,319] {dag.py:2280} INFO - Setting next_dagrun for tutorial_taskflow_api_etl to None
[2026-09-21 14:56:52,338] {scheduler_job.py:190} INFO - Processing /home/airflow/.local/lib/python3.6/site-packages/airflow/example_dags/tutorial_taskflow_api_etl.py took 0.086 seconds
[2026-09-21 14:57:22,429] {scheduler_job.py:182} INFO - Started process (PID=271) to work on /home/airflow/.local/lib/python3.6/site-packages/airflow/example_dags/tutorial_taskflow_api_etl.py
[2026-09-21 14:57:22,431] {scheduler_job.py:629} INFO - Processing file /home/airflow/.local/lib/python3.6/site-packages/airflow/example_dags/tutorial_taskflow_api_etl.py for tasks to queue
[2026-09-21 14:57:22,433] {logging_mixin.py:104} INFO - [2026-09-21 14:57:22,433] {dagbag.py:451} INFO - Filling up the DagBag from /home/airflow/.local/lib/python3.6/site-packages/airflow/example_dags/tutorial_taskflow_api_etl.py
[2026-09-21 14:57:22,450] {scheduler_job.py:639} INFO - DAG(s) dict_keys(['tutorial_taskflow_api_etl']) retrieved from /home/airflow/.local/lib/python3.6/site-packages/airflow/example_dags/tutorial_taskflow_api_etl.py
[2026-09-21 14:57:22,486] {logging_mixin.py:104} INFO - [2026-09-21 14:57:22,485] {dag.py:1824} INFO - Sync 1 DAGs
[2026-09-21 14:57:22,506] {logging_mixin.py:104} INFO - [2026-09-21 14:57:22,506] {dag.py:2280} INFO - Setting next_dagrun for tutorial_taskflow_api_etl to None
[2026-09-21 14:57:22,527] {scheduler_job.py:190} INFO - Processing /home/airflow/.local/lib/python3.6/site-packages/airflow/example_dags/tutorial_taskflow_api_etl.py took 0.103 seconds
[2026-09-21 14:57:52,555] {scheduler_job.py:182} INFO - Started process (PID=298) to work on /home/airflow/.local/lib/python3.6/site-packages/airflow/example_dags/tutorial_taskflow_api_etl.py
[2026-09-21 14:57:52,556] {scheduler_job.py:629} INFO - Processing file /home/airflow/.local/lib/python3.6/site-packages/airflow/example_dags/tutorial_taskflow_api_etl.py for tasks to queue
[2026-09-21 14:57:52,557] {logging_mixin.py:104} INFO - [2026-09-21 14:57:52,557] {dagbag.py:451} INFO - Filling up the DagBag from /home/airflow/.local/lib/python3.6/site-packages/airflow/example_dags/tutorial_taskflow_api_etl.py
[2026-09-21 14:57:52,575] {scheduler_job.py:639} INFO - DAG(s) dict_keys(['tutorial_taskflow_api_etl']) retrieved from /home/airflow/.local/lib/python3.6/site-packages/airflow/example_dags/tutorial_taskflow_api_etl.py
[2026-09-21 14:57:52,605] {logging_mixin.py:104} INFO - [2026-09-21 14:57:52,605] {dag.py:1824} INFO - Sync 1 DAGs
[2026-09-21 14:57:52,630] {logging_mixin.py:104} INFO - [2026-09-21 14:57:52,630] {dag.py:2280} INFO - Setting next_dagrun for tutorial_taskflow_api_etl to None
[2026-09-21 14:57:52,651] {scheduler_job.py:190} INFO - Processing /home/airflow/.local/lib/python3.6/site-packages/airflow/example_dags/tutorial_taskflow_api_etl.py took 0.101 seconds
[2026-09-21 14:58:22,673] {scheduler_job.py:182} INFO - Started process (PID=325) to work on /home/airflow/.local/lib/python3.6/site-packages/airflow/example_dags/tutorial_taskflow_api_etl.py
[2026-09-21 14:58:22,674] {scheduler_job.py:629} INFO - Processing file /home/airflow/.local/lib/python3.6/site-packages/airflow/example_dags/tutorial_taskflow_api_etl.py for tasks to queue
[2026-09-21 14:58:22,675] {logging_mixin.py:104} INFO - [2026-09-21 14:58:22,675] {dagbag.py:451} INFO - Filling up the DagBag from /home/airflow/.local/lib/python3.6/site-packages/airflow/example_dags/tutorial_taskflow_api_etl.py
[2026-09-21 14:58:22,691] {scheduler_job.py:639} INFO - DAG(s) dict_keys(['tutorial_taskflow_api_etl']) retrieved from /home/airflow/.local/lib/python3.6/site-packages/airflow/example_dags/tutorial_taskflow_api_etl.py
[2026-09-21 14:58:22,720] {logging_mixin.py:104} INFO - [2026-09-21 14:58:22,720] {dag.py:1824} INFO - Sync 1 DAGs
[2026-09-21 14:58:22,739] {logging_mixin.py:104} INFO - [2026-09-21 14:58:22,738] {dag.py:2280} INFO - Setting next_dagrun for tutorial_taskflow_api_etl to None
[2026-09-21 14:58:22,752] {scheduler_job.py:190} INFO - Processing /home/airflow/.local/lib/python3.6/site-packages/airflow/example_dags/tutorial_taskflow_api_etl.py took 0.083 seconds
[2026-09-21 14:58:52,987] {scheduler_job.py:182} INFO - Started process (PID=352) to work on /home/airflow/.local/lib/python3.6/site-packages/airflow/example_dags/tutorial_taskflow_api_etl.py
[2026-09-21 14:58:52,989] {scheduler_job.py:629} INFO - Processing file /home/airflow/.local/lib/python3.6/site-packages/airflow/example_dags/tutorial_taskflow_api_etl.py for tasks to queue
[2026-09-21 14:58:52,990] {logging_mixin.py:104} INFO - [2026-09-21 14:58:52,990] {dagbag.py:451} INFO - Filling up the DagBag from /home/airflow/.local/lib/python3.6/site-packages/airflow/example_dags/tutorial_taskflow_api_etl.py
[2026-09-21 14:58:53,005] {scheduler_job.py:639} INFO - DAG(s) dict_keys(['tutorial_taskflow_api_etl']) retrieved from /home/airflow/.local/lib/python3.6/site-packages/airflow/example_dags/tutorial_taskflow_api_etl.py
[2026-09-21 14:58:53,034] {logging_mixin.py:104} INFO - [2026-09-21 14:58:53,034] {dag.py:1824} INFO - Sync 1 DAGs
[2026-09-21 14:58:53,052] {logging_mixin.py:104} INFO - [2026-09-21 14:58:53,052] {dag.py:2280} INFO - Setting next_dagrun for tutorial_taskflow_api_etl to None
[2026-09-21 14:58:53,068] {scheduler_job.py:190} INFO - Processing /home/airflow/.local/lib/python3.6/site-packages/airflow/example_dags/tutorial_taskflow_api_etl.py took 0.085 seconds
[2026-09-21 14:59:23,443] {scheduler_job.py:182} INFO - Started process (PID=379) to work on /home/airflow/.local/lib/python3.6/site-packages/airflow/example_dags/tutorial_taskflow_api_etl.py
[2026-09-21 14:59:23,444] {scheduler_job.py:629} INFO - Processing file /home/airflow/.local/lib/python3.6/site-packages/airflow/example_dags/tutorial_taskflow_api_etl.py for tasks to queue
[2026-09-21 14:59:23,445] {logging_mixin.py:104} INFO - [2026-09-21 14:59:23,445] {dagbag.py:451} INFO - Filling up the DagBag from /home/airflow/.local/lib/python3.6/site-packages/airflow/example_dags/tutorial_taskflow_api_etl.py
[2026-09-21 14:59:23,463] {scheduler_job.py:639} INFO - DAG(s) dict_keys(['tutorial_taskflow_api_etl']) retrieved from /home/airflow/.local/lib/python3.6/site-packages/airflow/example_dags/tutorial_taskflow_api_etl.py
[2026-09-21 14:59:23,494] {logging_mixin.py:104} INFO - [2026-09-21 14:59:23,494] {dag.py:1824} INFO - Sync 1 DAGs
[2026-09-21 14:59:23,514] {logging_mixin.py:104} INFO - [2026-09-21 14:59:23,514] {dag.py:2280} INFO - Setting next_dagrun for tutorial_taskflow_api_etl to None
[2026-09-21 14:59:23,535] {scheduler_job.py:190} INFO - Processing /home/airflow/.local/lib/python3.6/site-packages/airflow/example_dags/tutorial_taskflow_api_etl.py took 0.095 seconds
[2026-09-21 14:59:53,913] {scheduler_job.py:182} INFO - Started process (PID=406) to work on /home/airflow/.local/lib/python3.6/site-packages/airflow/example_dags/tutorial_taskflow_api_etl.py
[2026-09-21 14:59:53,914] {scheduler_job.py:629} INFO - Processing file /home/airflow/.local/lib/python3.6/site-packages/airflow/example_dags/tutorial_taskflow_api_etl.py for tasks to queue
[2026-09-21 14:59:53,914] {logging_mixin.py:104} INFO - [2026-09-21 14:59:53,914] {dagbag.py:451} INFO - Filling up the DagBag from /home/airflow/.local/lib/python3.6/site-packages/airflow/example_dags/tutorial_taskflow_api_etl.py
[2026-09-21 14:59:53,930] {scheduler_job.py:639} INFO - DAG(s) dict_keys(['tutorial_taskflow_api_etl']) retrieved from /home/airflow/.local/lib/python3.6/site-packages/airflow/example_dags/tutorial_taskflow_api_etl.py
[2026-09-21 14:59:53,957] {logging_mixin.py:104} INFO - [2026-09-21 14:59:53,957] {dag.py:1824} INFO - Sync 1 DAGs
[2026-09-21 14:59:53,976] {logging_mixin.py:104} INFO - [2026-09-21 14:59:53,976] {dag.py:2280} INFO - Setting next_dagrun for tutorial_taskflow_api_etl to None
[2026-09-21 14:59:53,993] {scheduler_job.py:190} INFO - Processing /home/airflow/.local/lib/python3.6/site-packages/airflow/example_dags/tutorial_taskflow_api_etl.py took 0.084 seconds
[2026-09-21 15:00:24,330] {scheduler_job.py:182} INFO - Started process (PID=433) to work on /home/airflow/.local/lib/python3.6/site-packages/airflow/example_dags/tutorial_taskflow_api_etl.py
[2026-09-21 15:00:24,331] {scheduler_job.py:629} INFO - Processing file /home/airflow/.local/lib/python3.6/site-packages/airflow/example_dags/tutorial_taskflow_api_etl.py for tasks to queue
[2026-09-21 15:00:24,332] {logging_mixin.py:104} INFO - [2026-09-21 15:00:24,332] {dagbag.py:451} INFO - Filling up the DagBag from /home/airflow/.local/lib/python3.6/site-packages/airflow/example_dags/tutorial_taskflow_api_etl.py
[2026-09-21 15:00:24,348] {scheduler_job.py:639} INFO - DAG(s) dict_keys(['tutorial_taskflow_api_etl']) retrieved from /home/airflow/.local/lib/python3.6/site-packages/airflow/example_dags/tutorial_taskflow_api_etl.py
[2026-09-21 15:00:24,375] {logging_mixin.py:104} INFO - [2026-09-21 15:00:24,375] {dag.py:1824} INFO - Sync 1 DAGs
[2026-09-21 15:00:24,393] {logging_mixin.py:104} INFO - [2026-09-21 15:00:24,392] {dag.py:2280} INFO - Setting next_dagrun for tutorial_taskflow_api_etl to None
[2026-09-21 15:00:24,409] {scheduler_job.py:190} INFO - Processing /home/airflow/.local/lib/python3.6/site-packages/airflow/example_dags/tutorial_taskflow_api_etl.py took 0.083 seconds
[2026-09-21 15:00:54,703] {scheduler_job.py:182} INFO - Started process (PID=460) to work on /home/airflow/.local/lib/python3.6/site-packages/airflow/example_dags/tutorial_taskflow_api_etl.py
[2026-09-21 15:00:54,704] {scheduler_job.py:629} INFO - Processing file /home/airflow/.local/lib/python3.6/site-packages/airflow/example_dags/tutorial_taskflow_api_etl.py for tasks to queue
[2026-09-21 15:00:54,705] {logging_mixin.py:104} INFO - [2026-09-21 15:00:54,705] {dagbag.py:451} INFO - Filling up the DagBag from /home/airflow/.local/lib/python3.6/site-packages/airflow/example_dags/tutorial_taskflow_api_etl.py
[2026-09-21 15:00:54,721] {scheduler_job.py:639} INFO - DAG(s) dict_keys(['tutorial_taskflow_api_etl']) retrieved from /home/airflow/.local/lib/python3.6/site-packages/airflow/example_dags/tutorial_taskflow_api_etl.py
[2026-09-21 15:00:54,748] {logging_mixin.py:104} INFO - [2026-09-21 15:00:54,748] {dag.py:1824} INFO - Sync 1 DAGs
[2026-09-21 15:00:54,767] {logging_mixin.py:104} INFO - [2026-09-21 15:00:54,766] {dag.py:2280} INFO - Setting next_dagrun for tutorial_taskflow_api_etl to None
[2026-09-21 15:00:54,784] {scheduler_job.py:190} INFO - Processing /home/airflow/.local/lib/python3.6/site-packages/airflow/example_dags/tutorial_taskflow_api_etl.py took 0.085 seconds
[2026-09-21 15:01:25,051] {scheduler_job.py:182} INFO - Started process (PID=487) to work on /home/airflow/.local/lib/python3.6/site-packages/airflow/example_dags/tutorial_taskflow_api_etl.py
[2026-09-21 15:01:25,053] {scheduler_job.py:629} INFO - Processing file /home/airflow/.local/lib/python3.6/site-packages/airflow/example_dags/tutorial_taskflow_api_etl.py for tasks to queue
[2026-09-21 15:01:25,054] {logging_mixin.py:104} INFO - [2026-09-21 15:01:25,054] {dagbag.py:451} INFO - Filling up the DagBag from /home/airflow/.local/lib/python3.6/site-packages/airflow/example_dags/tutorial_taskflow_api_etl.py
[2026-09-21 15:01:25,080] {scheduler_job.py:639} INFO - DAG(s) dict_keys(['tutorial_taskflow_api_etl']) retrieved from /home/airflow/.local/lib/python3.6/site-packages/airflow/example_dags/tutorial_taskflow_api_etl.py
[2026-09-21 15:01:25,128] {logging_mixin.py:104} INFO - [2026-09-21 15:01:25,127] {dag.py:1824} INFO - Sync 1 DAGs
[2026-09-21 15:01:25,150] {logging_mixin.py:104} INFO - [2026-09-21 15:01:25,150] {dag.py:2280} INFO - Setting next_dagrun for tutorial_taskflow_api_etl to None
[2026-09-21 15:01:25,171] {scheduler_job.py:190} INFO - Processing /home/airflow/.local/lib/python3.6/site-packages/airflow/example_dags/tutorial_taskflow_api_etl.py took 0.125 seconds
[2026-09-21 15:01:55,517] {scheduler_job.py:182} INFO - Started process (PID=514) to work on /home/airflow/.local/lib/python3.6/site-packages/airflow/example_dags/tutorial_taskflow_api_etl.py
[2026-09-21 15:01:55,520] {scheduler_job.py:629} INFO - Processing file /home/airflow/.local/lib/python3.6/site-packages/airflow/example_dags/tutorial_taskflow_api_etl.py for tasks to queue
[2026-09-21 15:01:55,521] {logging_mixin.py:104} INFO - [2026-09-21 15:01:55,521] {dagbag.py:451} INFO - Filling up the DagBag from /home/airflow/.local/lib/python3.6/site-packages/airflow/example_dags/tutorial_taskflow_api_etl.py
[2026-09-21 15:01:55,541] {scheduler_job.py:639} INFO - DAG(s) dict_keys(['tutorial_taskflow_api_etl']) retrieved from /home/airflow/.local/lib/python3.6/site-packages/airflow/example_dags/tutorial_taskflow_api_etl.py
[2026-09-21 15:01:55,575] {logging_mixin.py:104} INFO - [2026-09-21 15:01:55,575] {dag.py:1824} INFO - Sync 1 DAGs
[2026-09-21 15:01:55,598] {logging_mixin.py:104} INFO - [2026-09-21 15:01:55,598] {dag.py:2280} INFO - Setting next_dagrun for tutorial_taskflow_api_etl to None
[2026-09-21 15:01:55,624] {scheduler_job.py:190} INFO - Processing /home/airflow/.local/lib/python3.6/site-packages/airflow/example_dags/tutorial_taskflow_api_etl.py took 0.113 seconds
[2026-09-21 15:02:26,190] {scheduler_job.py:182} INFO - Started process (PID=541) to work on /home/airflow/.local/lib/python3.6/site-packages/airflow/example_dags/tutorial_taskflow_api_etl.py
[2026-09-21 15:02:26,191] {scheduler_job.py:629} INFO - Processing file /home/airflow/.local/lib/python3.6/site-packages/airflow/example_dags/tutorial_taskflow_api_etl.py for tasks to queue
[2026-09-21 15:02:26,192] {logging_mixin.py:104} INFO - [2026-09-21 15:02:26,192] {dagbag.py:451} INFO - Filling up the DagBag from /home/airflow/.local/lib/python3.6/site-packages/airflow/example_dags/tutorial_taskflow_api_etl.py
[2026-09-21 15:02:26,210] {scheduler_job.py:639} INFO - DAG(s) dict_keys(['tutorial_taskflow_api_etl']) retrieved from /home/airflow/.local/lib/python3.6/site-packages/airflow/example_dags/tutorial_taskflow_api_etl.py
[2026-09-21 15:02:26,241] {logging_mixin.py:104} INFO - [2026-09-21 15:02:26,241] {dag.py:1824} INFO - Sync 1 DAGs
[2026-09-21 15:02:26,261] {logging_mixin.py:104} INFO - [2026-09-21 15:02:26,261] {dag.py:2280} INFO - Setting next_dagrun for tutorial_taskflow_api_etl to None
[2026-09-21 15:02:26,280] {scheduler_job.py:190} INFO - Processing /home/airflow/.local/lib/python3.6/site-packages/airflow/example_dags/tutorial_taskflow_api_etl.py took 0.094 seconds
[2026-09-21 15:02:56,929] {scheduler_job.py:182} INFO - Started process (PID=568) to work on /home/airflow/.local/lib/python3.6/site-packages/airflow/example_dags/tutorial_taskflow_api_etl.py
[2026-09-21 15:02:56,931] {scheduler_job.py:629} INFO - Processing file /home/airflow/.local/lib/python3.6/site-packages/airflow/example_dags/tutorial_taskflow_api_etl.py for tasks to queue
[2026-09-21 15:02:56,932] {logging_mixin.py:104} INFO - [2026-09-21 15:02:56,932] {dagbag.py:451} INFO - Filling up the DagBag from /home/airflow/.local/lib/python3.6/site-packages/airflow/example_dags/tutorial_taskflow_api_etl.py
[2026-09-21 15:02:56,950] {scheduler_job.py:639} INFO - DAG(s) dict_keys(['tutorial_taskflow_api_etl']) retrieved from /home/airflow/.local/lib/python3.6/site-packages/airflow/example_dags/tutorial_taskflow_api_etl.py
[2026-09-21 15:02:56,981] {logging_mixin.py:104} INFO - [2026-09-21 15:02:56,981] {dag.py:1824} INFO - Sync 1 DAGs
[2026-09-21 15:02:57,003] {logging_mixin.py:104} INFO - [2026-09-21 15:02:57,003] {dag.py:2280} INFO - Setting next_dagrun for tutorial_taskflow_api_etl to None
[2026-09-21 15:02:57,022] {scheduler_job.py:190} INFO - Processing /home/airflow/.local/lib/python3.6/site-packages/airflow/example_dags/tutorial_taskflow_api_etl.py took 0.097 seconds
[2026-09-21 15:03:27,498] {scheduler_job.py:182} INFO - Started process (PID=595) to work on /home/airflow/.local/lib/python3.6/site-packages/airflow/example_dags/tutorial_taskflow_api_etl.py
[2026-09-21 15:03:27,499] {scheduler_job.py:629} INFO - Processing file /home/airflow/.local/lib/python3.6/site-packages/airflow/example_dags/tutorial_taskflow_api_etl.py for tasks to queue
[2026-09-21 15:03:27,500] {logging_mixin.py:104} INFO - [2026-09-21 15:03:27,500] {dagbag.py:451} INFO - Filling up the DagBag from /home/airflow/.local/lib/python3.6/site-packages/airflow/example_dags/tutorial_taskflow_api_etl.py
[2026-09-21 15:03:27,518] {scheduler_job.py:639} INFO - DAG(s) dict_keys(['tutorial_taskflow_api_etl']) retrieved from /home/airflow/.local/lib/python3.6/site-packages/airflow/example_dags/tutorial_taskflow_api_etl.py
[2026-09-21 15:03:27,545] {logging_mixin.py:104} INFO - [2026-09-21 15:03:27,545] {dag.py:1824} INFO - Sync 1 DAGs
[2026-09-21 15:03:27,563] {logging_mixin.py:104} INFO - [2026-09-21 15:03:27,563] {dag.py:2280} INFO - Setting next_dagrun for tutorial_taskflow_api_etl to None
[2026-09-21 15:03:27,581] {scheduler_job.py:190} INFO - Processing /home/airflow/.local/lib/python3.6/site-packages/airflow/example_dags/tutorial_taskflow_api_etl.py took 0.087 seconds
[2026-09-21 15:03:58,318] {scheduler_job.py:182} INFO - Started process (PID=622) to work on /home/airflow/.local/lib/python3.6/site-packages/airflow/example_dags/tutorial_taskflow_api_etl.py
[2026-09-21 15:03:58,320] {scheduler_job.py:629} INFO - Processing file /home/airflow/.local/lib/python3.6/site-packages/airflow/example_dags/tutorial_taskflow_api_etl.py for tasks to queue
[2026-09-21 15:03:58,321] {logging_mixin.py:104} INFO - [2026-09-21 15:03:58,320] {dagbag.py:451} INFO - Filling up the DagBag from /home/airflow/.local/lib/python3.6/site-packages/airflow/example_dags/tutorial_taskflow_api_etl.py
[2026-09-21 15:03:58,338] {scheduler_job.py:639} INFO - DAG(s) dict_keys(['tutorial_taskflow_api_etl']) retrieved from /home/airflow/.local/lib/python3.6/site-packages/airflow/example_dags/tutorial_taskflow_api_etl.py
[2026-09-21 15:03:58,367] {logging_mixin.py:104} INFO - [2026-09-21 15:03:58,367] {dag.py:1824} INFO - Sync 1 DAGs
[2026-09-21 15:03:58,390] {logging_mixin.py:104} INFO - [2026-09-21 15:03:58,390] {dag.py:2280} INFO - Setting next_dagrun for tutorial_taskflow_api_etl to None
[2026-09-21 15:03:58,412] {scheduler_job.py:190} INFO - Processing /home/airflow/.local/lib/python3.6/site-packages/airflow/example_dags/tutorial_taskflow_api_etl.py took 0.097 seconds
[2026-09-21 15:04:28,987] {scheduler_job.py:182} INFO - Started process (PID=649) to work on /home/airflow/.local/lib/python3.6/site-packages/airflow/example_dags/tutorial_taskflow_api_etl.py
[2026-09-21 15:04:28,988] {scheduler_job.py:629} INFO - Processing file /home/airflow/.local/lib/python3.6/site-packages/airflow/example_dags/tutorial_taskflow_api_etl.py for tasks to queue
[2026-09-21 15:04:28,989] {logging_mixin.py:104} INFO - [2026-09-21 15:04:28,989] {dagbag.py:451} INFO - Filling up the DagBag from /home/airflow/.local/lib/python3.6/site-packages/airflow/example_dags/tutorial_taskflow_api_etl.py
[2026-09-21 15:04:29,009] {scheduler_job.py:639} INFO - DAG(s) dict_keys(['tutorial_taskflow_api_etl']) retrieved from /home/airflow/.local/lib/python3.6/site-packages/airflow/example_dags/tutorial_taskflow_api_etl.py
[2026-09-21 15:04:29,039] {logging_mixin.py:104} INFO - [2026-09-21 15:04:29,039] {dag.py:1824} INFO - Sync 1 DAGs
[2026-09-21 15:04:29,064] {logging_mixin.py:104} INFO - [2026-09-21 15:04:29,064] {dag.py:2280} INFO - Setting next_dagrun for tutorial_taskflow_api_etl to None
[2026-09-21 15:04:29,082] {scheduler_job.py:190} INFO - Processing /home/airflow/.local/lib/python3.6/site-packages/airflow/example_dags/tutorial_taskflow_api_etl.py took 0.100 seconds
[2026-09-21 15:04:59,248] {scheduler_job.py:182} INFO - Started process (PID=676) to work on /home/airflow/.local/lib/python3.6/site-packages/airflow/example_dags/tutorial_taskflow_api_etl.py
[2026-09-21 15:04:59,250] {scheduler_job.py:629} INFO - Processing file /home/airflow/.local/lib/python3.6/site-packages/airflow/example_dags/tutorial_taskflow_api_etl.py for tasks to queue
[2026-09-21 15:04:59,251] {logging_mixin.py:104} INFO - [2026-09-21 15:04:59,251] {dagbag.py:451} INFO - Filling up the DagBag from /home/airflow/.local/lib/python3.6/site-packages/airflow/example_dags/tutorial_taskflow_api_etl.py
[2026-09-21 15:04:59,278] {scheduler_job.py:639} INFO - DAG(s) dict_keys(['tutorial_taskflow_api_etl']) retrieved from /home/airflow/.local/lib/python3.6/site-packages/airflow/example_dags/tutorial_taskflow_api_etl.py
[2026-09-21 15:04:59,328] {logging_mixin.py:104} INFO - [2026-09-21 15:04:59,328] {dag.py:1824} INFO - Sync 1 DAGs
[2026-09-21 15:04:59,363] {logging_mixin.py:104} INFO - [2026-09-21 15:04:59,363] {dag.py:2280} INFO - Setting next_dagrun for tutorial_taskflow_api_etl to None
[2026-09-21 15:04:59,393] {scheduler_job.py:190} INFO - Processing /home/airflow/.local/lib/python3.6/site-packages/airflow/example_dags/tutorial_taskflow_api_etl.py took 0.151 seconds
[2026-09-21 15:05:29,616] {scheduler_job.py:182} INFO - Started process (PID=703) to work on /home/airflow/.local/lib/python3.6/site-packages/airflow/example_dags/tutorial_taskflow_api_etl.py
[2026-09-21 15:05:29,617] {scheduler_job.py:629} INFO - Processing file /home/airflow/.local/lib/python3.6/site-packages/airflow/example_dags/tutorial_taskflow_api_etl.py for tasks to queue
[2026-09-21 15:05:29,618] {logging_mixin.py:104} INFO - [2026-09-21 15:05:29,618] {dagbag.py:451} INFO - Filling up the DagBag from /home/airflow/.local/lib/python3.6/site-packages/airflow/example_dags/tutorial_taskflow_api_etl.py
[2026-09-21 15:05:29,643] {scheduler_job.py:639} INFO - DAG(s) dict_keys(['tutorial_taskflow_api_etl']) retrieved from /home/airflow/.local/lib/python3.6/site-packages/airflow/example_dags/tutorial_taskflow_api_etl.py
[2026-09-21 15:05:29,692] {logging_mixin.py:104} INFO - [2026-09-21 15:05:29,692] {dag.py:1824} INFO - Sync 1 DAGs
[2026-09-21 15:05:29,726] {logging_mixin.py:104} INFO - [2026-09-21 15:05:29,726] {dag.py:2280} INFO - Setting next_dagrun for tutorial_taskflow_api_etl to None
[2026-09-21 15:05:29,756] {scheduler_job.py:190} INFO - Processing /home/airflow/.local/lib/python3.6/site-packages/airflow/example_dags/tutorial_taskflow_api_etl.py took 0.146 seconds
[2026-09-21 15:06:00,093] {scheduler_job.py:182} INFO - Started process (PID=730) to work on /home/airflow/.local/lib/python3.6/site-packages/airflow/example_dags/tutorial_taskflow_api_etl.py
[2026-09-21 15:06:00,094] {scheduler_job.py:629} INFO - Processing file /home/airflow/.local/lib/python3.6/site-packages/airflow/example_dags/tutorial_taskflow_api_etl.py for tasks to queue
[2026-09-21 15:06:00,095] {logging_mixin.py:104} INFO - [2026-09-21 15:06:00,095] {dagbag.py:451} INFO - Filling up the DagBag from /home/airflow/.local/lib/python3.6/site-packages/airflow/example_dags/tutorial_taskflow_api_etl.py
[2026-09-21 15:06:00,112] {scheduler_job.py:639} INFO - DAG(s) dict_keys(['tutorial_taskflow_api_etl']) retrieved from /home/airflow/.local/lib/python3.6/site-packages/airflow/example_dags/tutorial_taskflow_api_etl.py
[2026-09-21 15:06:00,143] {logging_mixin.py:104} INFO - [2026-09-21 15:06:00,142] {dag.py:1824} INFO - Sync 1 DAGs
[2026-09-21 15:06:00,162] {logging_mixin.py:104} INFO - [2026-09-21 15:06:00,162] {dag.py:2280} INFO - Setting next_dagrun for tutorial_taskflow_api_etl to None
[2026-09-21 15:06:00,182] {scheduler_job.py:190} INFO - Processing /home/airflow/.local/lib/python3.6/site-packages/airflow/example_dags/tutorial_taskflow_api_etl.py took 0.093 seconds
[2026-09-21 15:06:31,008] {scheduler_job.py:182} INFO - Started process (PID=757) to work on /home/airflow/.local/lib/python3.6/site-packages/airflow/example_dags/tutorial_taskflow_api_etl.py
[2026-09-21 15:06:31,010] {scheduler_job.py:629} INFO - Processing file /home/airflow/.local/lib/python3.6/site-packages/airflow/example_dags/tutorial_taskflow_api_etl.py for tasks to queue
[2026-09-21 15:06:31,011] {logging_mixin.py:104} INFO - [2026-09-21 15:06:31,011] {dagbag.py:451} INFO - Filling up the DagBag from /home/airflow/.local/lib/python3.6/site-packages/airflow/example_dags/tutorial_taskflow_api_etl.py
[2026-09-21 15:06:31,040] {scheduler_job.py:639} INFO - DAG(s) dict_keys(['tutorial_taskflow_api_etl']) retrieved from /home/airflow/.local/lib/python3.6/site-packages/airflow/example_dags/tutorial_taskflow_api_etl.py
[2026-09-21 15:06:31,090] {logging_mixin.py:104} INFO - [2026-09-21 15:06:31,090] {dag.py:1824} INFO - Sync 1 DAGs
[2026-09-21 15:06:31,123] {logging_mixin.py:104} INFO - [2026-09-21 15:06:31,122] {dag.py:2280} INFO - Setting next_dagrun for tutorial_taskflow_api_etl to None
[2026-09-21 15:06:31,152] {scheduler_job.py:190} INFO - Processing /home/airflow/.local/lib/python3.6/site-packages/airflow/example_dags/tutorial_taskflow_api_etl.py took 0.151 seconds
[2026-09-21 15:07:02,114] {scheduler_job.py:182} INFO - Started process (PID=784) to work on /home/airflow/.local/lib/python3.6/site-packages/airflow/example_dags/tutorial_taskflow_api_etl.py
[2026-09-21 15:07:02,115] {scheduler_job.py:629} INFO - Processing file /home/airflow/.local/lib/python3.6/site-packages/airflow/example_dags/tutorial_taskflow_api_etl.py for tasks to queue
[2026-09-21 15:07:02,116] {logging_mixin.py:104} INFO - [2026-09-21 15:07:02,116] {dagbag.py:451} INFO - Filling up the DagBag from /home/airflow/.local/lib/python3.6/site-packages/airflow/example_dags/tutorial_taskflow_api_etl.py
[2026-09-21 15:07:02,132] {scheduler_job.py:639} INFO - DAG(s) dict_keys(['tutorial_taskflow_api_etl']) retrieved from /home/airflow/.local/lib/python3.6/site-packages/airflow/example_dags/tutorial_taskflow_api_etl.py
[2026-09-21 15:07:02,165] {logging_mixin.py:104} INFO - [2026-09-21 15:07:02,164] {dag.py:1824} INFO - Sync 1 DAGs
[2026-09-21 15:07:02,185] {logging_mixin.py:104} INFO - [2026-09-21 15:07:02,184] {dag.py:2280} INFO - Setting next_dagrun for tutorial_taskflow_api_etl to None
[2026-09-21 15:07:02,204] {scheduler_job.py:190} INFO - Processing /home/airflow/.local/lib/python3.6/site-packages/airflow/example_dags/tutorial_taskflow_api_etl.py took 0.094 seconds
[2026-09-21 15:07:32,645] {scheduler_job.py:182} INFO - Started process (PID=811) to work on /home/airflow/.local/lib/python3.6/site-packages/airflow/example_dags/tutorial_taskflow_api_etl.py
[2026-09-21 15:07:32,646] {scheduler_job.py:629} INFO - Processing file /home/airflow/.local/lib/python3.6/site-packages/airflow/example_dags/tutorial_taskflow_api_etl.py for tasks to queue
[2026-09-21 15:07:32,648] {logging_mixin.py:104} INFO - [2026-09-21 15:07:32,647] {dagbag.py:451} INFO - Filling up the DagBag from /home/airflow/.local/lib/python3.6/site-packages/airflow/example_dags/tutorial_taskflow_api_etl.py
[2026-09-21 15:07:32,681] {scheduler_job.py:639} INFO - DAG(s) dict_keys(['tutorial_taskflow_api_etl']) retrieved from /home/airflow/.local/lib/python3.6/site-packages/airflow/example_dags/tutorial_taskflow_api_etl.py
[2026-09-21 15:07:32,733] {logging_mixin.py:104} INFO - [2026-09-21 15:07:32,733] {dag.py:1824} INFO - Sync 1 DAGs
[2026-09-21 15:07:32,765] {logging_mixin.py:104} INFO - [2026-09-21 15:07:32,765] {dag.py:2280} INFO - Setting next_dagrun for tutorial_taskflow_api_etl to None
[2026-09-21 15:07:32,795] {scheduler_job.py:190} INFO - Processing /home/airflow/.local/lib/python3.6/site-packages/airflow/example_dags/tutorial_taskflow_api_etl.py took 0.157 seconds
[2026-09-21 15:08:03,253] {scheduler_job.py:182} INFO - Started process (PID=838) to work on /home/airflow/.local/lib/python3.6/site-packages/airflow/example_dags/tutorial_taskflow_api_etl.py
[2026-09-21 15:08:03,255] {scheduler_job.py:629} INFO - Processing file /home/airflow/.local/lib/python3.6/site-packages/airflow/example_dags/tutorial_taskflow_api_etl.py for tasks to queue
[2026-09-21 15:08:03,257] {logging_mixin.py:104} INFO - [2026-09-21 15:08:03,257] {dagbag.py:451} INFO - Filling up the DagBag from /home/airflow/.local/lib/python3.6/site-packages/airflow/example_dags/tutorial_taskflow_api_etl.py
[2026-09-21 15:08:03,285] {scheduler_job.py:639} INFO - DAG(s) dict_keys(['tutorial_taskflow_api_etl']) retrieved from /home/airflow/.local/lib/python3.6/site-packages/airflow/example_dags/tutorial_taskflow_api_etl.py
[2026-09-21 15:08:03,350] {logging_mixin.py:104} INFO - [2026-09-21 15:08:03,350] {dag.py:1824} INFO - Sync 1 DAGs
[2026-09-21 15:08:03,385] {logging_mixin.py:104} INFO - [2026-09-21 15:08:03,385] {dag.py:2280} INFO - Setting next_dagrun for tutorial_taskflow_api_etl to None
[2026-09-21 15:08:03,419] {scheduler_job.py:190} INFO - Processing /home/airflow/.local/lib/python3.6/site-packages/airflow/example_dags/tutorial_taskflow_api_etl.py took 0.172 seconds
[2026-09-21 15:08:33,832] {scheduler_job.py:182} INFO - Started process (PID=865) to work on /home/airflow/.local/lib/python3.6/site-packages/airflow/example_dags/tutorial_taskflow_api_etl.py
[2026-09-21 15:08:33,835] {scheduler_job.py:629} INFO - Processing file /home/airflow/.local/lib/python3.6/site-packages/airflow/example_dags/tutorial_taskflow_api_etl.py for tasks to queue
[2026-09-21 15:08:33,841] {logging_mixin.py:104} INFO - [2026-09-21 15:08:33,836] {dagbag.py:451} INFO - Filling up the DagBag from /home/airflow/.local/lib/python3.6/site-packages/airflow/example_dags/tutorial_taskflow_api_etl.py
[2026-09-21 15:08:33,899] {scheduler_job.py:639} INFO - DAG(s) dict_keys(['tutorial_taskflow_api_etl']) retrieved from /home/airflow/.local/lib/python3.6/site-packages/airflow/example_dags/tutorial_taskflow_api_etl.py
[2026-09-21 15:08:33,953] {logging_mixin.py:104} INFO - [2026-09-21 15:08:33,953] {dag.py:1824} INFO - Sync 1 DAGs
[2026-09-21 15:08:33,986] {logging_mixin.py:104} INFO - [2026-09-21 15:08:33,985] {dag.py:2280} INFO - Setting next_dagrun for tutorial_taskflow_api_etl to None
[2026-09-21 15:08:34,037] {scheduler_job.py:190} INFO - Processing /home/airflow/.local/lib/python3.6/site-packages/airflow/example_dags/tutorial_taskflow_api_etl.py took 0.212 seconds
[2026-09-21 15:09:04,410] {scheduler_job.py:182} INFO - Started process (PID=892) to work on /home/airflow/.local/lib/python3.6/site-packages/airflow/example_dags/tutorial_taskflow_api_etl.py
[2026-09-21 15:09:04,414] {scheduler_job.py:629} INFO - Processing file /home/airflow/.local/lib/python3.6/site-packages/airflow/example_dags/tutorial_taskflow_api_etl.py for tasks to queue
[2026-09-21 15:09:04,417] {logging_mixin.py:104} INFO - [2026-09-21 15:09:04,416] {dagbag.py:451} INFO - Filling up the DagBag from /home/airflow/.local/lib/python3.6/site-packages/airflow/example_dags/tutorial_taskflow_api_etl.py
[2026-09-21 15:09:04,482] {scheduler_job.py:639} INFO - DAG(s) dict_keys(['tutorial_taskflow_api_etl']) retrieved from /home/airflow/.local/lib/python3.6/site-packages/airflow/example_dags/tutorial_taskflow_api_etl.py
[2026-09-21 15:09:04,547] {logging_mixin.py:104} INFO - [2026-09-21 15:09:04,546] {dag.py:1824} INFO - Sync 1 DAGs
[2026-09-21 15:09:04,582] {logging_mixin.py:104} INFO - [2026-09-21 15:09:04,582] {dag.py:2280} INFO - Setting next_dagrun for tutorial_taskflow_api_etl to None
[2026-09-21 15:09:04,625] {scheduler_job.py:190} INFO - Processing /home/airflow/.local/lib/python3.6/site-packages/airflow/example_dags/tutorial_taskflow_api_etl.py took 0.230 seconds
[2026-09-21 15:09:35,279] {scheduler_job.py:182} INFO - Started process (PID=919) to work on /home/airflow/.local/lib/python3.6/site-packages/airflow/example_dags/tutorial_taskflow_api_etl.py
[2026-09-21 15:09:35,281] {scheduler_job.py:629} INFO - Processing file /home/airflow/.local/lib/python3.6/site-packages/airflow/example_dags/tutorial_taskflow_api_etl.py for tasks to queue
[2026-09-21 15:09:35,282] {logging_mixin.py:104} INFO - [2026-09-21 15:09:35,282] {dagbag.py:451} INFO - Filling up the DagBag from /home/airflow/.local/lib/python3.6/site-packages/airflow/example_dags/tutorial_taskflow_api_etl.py
[2026-09-21 15:09:35,313] {scheduler_job.py:639} INFO - DAG(s) dict_keys(['tutorial_taskflow_api_etl']) retrieved from /home/airflow/.local/lib/python3.6/site-packages/airflow/example_dags/tutorial_taskflow_api_etl.py
[2026-09-21 15:09:35,367] {logging_mixin.py:104} INFO - [2026-09-21 15:09:35,367] {dag.py:1824} INFO - Sync 1 DAGs
[2026-09-21 15:09:35,399] {logging_mixin.py:104} INFO - [2026-09-21 15:09:35,399] {dag.py:2280} INFO - Setting next_dagrun for tutorial_taskflow_api_etl to None
[2026-09-21 15:09:35,435] {scheduler_job.py:190} INFO - Processing /home/airflow/.local/lib/python3.6/site-packages/airflow/example_dags/tutorial_taskflow_api_etl.py took 0.163 seconds
[2026-09-21 15:10:05,505] {scheduler_job.py:182} INFO - Started process (PID=946) to work on /home/airflow/.local/lib/python3.6/site-packages/airflow/example_dags/tutorial_taskflow_api_etl.py
[2026-09-21 15:10:05,508] {scheduler_job.py:629} INFO - Processing file /home/airflow/.local/lib/python3.6/site-packages/airflow/example_dags/tutorial_taskflow_api_etl.py for tasks to queue
[2026-09-21 15:10:05,509] {logging_mixin.py:104} INFO - [2026-09-21 15:10:05,509] {dagbag.py:451} INFO - Filling up the DagBag from /home/airflow/.local/lib/python3.6/site-packages/airflow/example_dags/tutorial_taskflow_api_etl.py
[2026-09-21 15:10:05,539] {scheduler_job.py:639} INFO - DAG(s) dict_keys(['tutorial_taskflow_api_etl']) retrieved from /home/airflow/.local/lib/python3.6/site-packages/airflow/example_dags/tutorial_taskflow_api_etl.py
[2026-09-21 15:10:05,610] {logging_mixin.py:104} INFO - [2026-09-21 15:10:05,610] {dag.py:1824} INFO - Sync 1 DAGs
[2026-09-21 15:10:05,641] {logging_mixin.py:104} INFO - [2026-09-21 15:10:05,641] {dag.py:2280} INFO - Setting next_dagrun for tutorial_taskflow_api_etl to None
[2026-09-21 15:10:05,669] {scheduler_job.py:190} INFO - Processing /home/airflow/.local/lib/python3.6/site-packages/airflow/example_dags/tutorial_taskflow_api_etl.py took 0.170 seconds
