[2026-09-21 14:53:13,787] {scheduler_job.py:182} INFO - Started process (PID=44) to work on /home/airflow/.local/lib/python3.6/site-packages/airflow/example_dags/tutorial_etl_dag.py
[2026-09-21 14:53:13,789] {scheduler_job.py:629} INFO - Processing file /home/airflow/.local/lib/python3.6/site-packages/airflow/example_dags/tutorial_etl_dag.py for tasks to queue
[2026-09-21 14:53:13,790] {logging_mixin.py:104} INFO - [2026-09-21 14:53:13,790] {dagbag.py:451} INFO - Filling up the DagBag from /home/airflow/.local/lib/python3.6/site-packages/airflow/example_dags/tutorial_etl_dag.py
[2026-09-21 14:53:13,817] {scheduler_job.py:639} INFO - DAG(s) dict_keys(['tutorial_etl_dag']) retrieved from /home/airflow/.local/lib/python3.6/site-packages/airflow/example_dags/tutorial_etl_dag.py
[2026-09-21 14:53:13,873] {logging_mixin.py:104} INFO - [2026-09-21 14:53:13,872] {dag.py:1824} INFO - Sync 1 DAGs
[2026-09-21 14:53:13,902] {logging_mixin.py:104} INFO - [2026-09-21 14:53:13,901] {dag.py:1843} INFO - Creating ORM DAG for tutorial_etl_dag
[2026-09-21 14:53:13,916] {logging_mixin.py:104} INFO - [2026-09-21 14:53:13,915] {dag.py:2280} INFO - Setting next_dagrun for tutorial_etl_dag to None
[2026-09-21 14:53:13,951] {scheduler_job.py:190} INFO - Processing /home/airflow/.local/lib/python3.6/site-packages/airflow/example_dags/tutorial_etl_dag.py took 0.169 seconds
[2026-09-21 14:53:44,210] {scheduler_job.py:182} INFO - Started process (PID=70) to work on /home/airflow/.local/lib/python3.6/site-packages/airflow/example_dags/tutorial_etl_dag.py
[2026-09-21 14:53:44,212] {scheduler_job.py:629} INFO - Processing file /home/airflow/.local/lib/python3.6/site-packages/airflow/example_dags/tutorial_etl_dag.py for tasks to queue
[2026-09-21 14:53:44,213] {logging_mixin.py:104} INFO - [2026-09-21 14:53:44,212] {dagbag.py:451} INFO - Filling up the DagBag from /home/airflow/.local/lib/python3.6/site-packages/airflow/example_dags/tutorial_etl_dag.py
[2026-09-21 14:53:44,233] {scheduler_job.py:639} INFO - DAG(s) dict_keys(['tutorial_etl_dag']) retrieved from /home/airflow/.local/lib/python3.6/site-packages/airflow/example_dags/tutorial_etl_dag.py
[2026-09-21 14:53:44,266] {logging_mixin.py:104} INFO - [2026-09-21 14:53:44,266] {dag.py:1824} INFO - Sync 1 DAGs
[2026-09-21 14:53:44,295] {logging_mixin.py:104} INFO - [2026-09-21 14:53:44,295] {dag.py:2280} INFO - Setting next_dagrun for tutorial_etl_dag to None
[2026-09-21 14:53:44,314] {scheduler_job.py:190} INFO - Processing /home/airflow/.local/lib/python3.6/site-packages/airflow/example_dags/tutorial_etl_dag.py took 0.108 seconds
[2026-09-21 14:54:14,456] {scheduler_job.py:182} INFO - Started process (PID=87) to work on /home/airflow/.local/lib/python3.6/site-packages/airflow/example_dags/tutorial_etl_dag.py
[2026-09-21 14:54:14,459] {scheduler_job.py:629} INFO - Processing file /home/airflow/.local/lib/python3.6/site-packages/airflow/example_dags/tutorial_etl_dag.py for tasks to queue
[2026-09-21 14:54:14,460] {logging_mixin.py:104} INFO - [2026-09-21 14:54:14,460] {dagbag.py:451} INFO - Filling up the DagBag from /home/airflow/.local/lib/python3.6/site-packages/airflow/example_dags/tutorial_etl_dag.py
[2026-09-21 14:54:14,483] {scheduler_job.py:639} INFO - DAG(s) dict_keys(['tutorial_etl_dag']) retrieved from /home/airflow/.local/lib/python3.6/site-packages/airflow/example_dags/tutorial_etl_dag.py
[2026-09-21 14:54:14,514] {logging_mixin.py:104} INFO - [2026-09-21 14:54:14,514] {dag.py:1824} INFO - Sync 1 DAGs
[2026-09-21 14:54:14,540] {logging_mixin.py:104} INFO - [2026-09-21 14:54:14,540] {dag.py:2280} INFO - Setting next_dagrun for tutorial_etl_dag to None
[2026-09-21 14:54:14,554] {scheduler_job.py:190} INFO - Processing /home/airflow/.local/lib/python3.6/site-packages/airflow/example_dags/tutorial_etl_dag.py took 0.103 seconds
[2026-09-21 14:54:44,594] {scheduler_job.py:182} INFO - Started process (PID=114) to work on /home/airflow/.local/lib/python3.6/site-packages/airflow/example_dags/tutorial_etl_dag.py
[2026-09-21 14:54:44,596] {scheduler_job.py:629} INFO - Processing file /home/airflow/.local/lib/python3.6/site-packages/airflow/example_dags/tutorial_etl_dag.py for tasks to queue
[2026-09-21 14:54:44,597] {logging_mixin.py:104} INFO - [2026-09-21 14:54:44,597] {dagbag.py:451} INFO - Filling up the DagBag from /home/airflow/.local/lib/python3.6/site-packages/airflow/example_dags/tutorial_etl_dag.py
[2026-09-21 14:54:44,616] {scheduler_job.py:639} INFO - DAG(s) dict_keys(['tutorial_etl_dag']) retrieved from /home/airflow/.local/lib/python3.6/site-packages/airflow/example_dags/tutorial_etl_dag.py
[2026-09-21 14:54:44,643] {logging_mixin.py:104} INFO - [2026-09-21 14:54:44,643] {dag.py:1824} INFO - Sync 1 DAGs
[2026-09-21 14:54:44,664] {logging_mixin.py:104} INFO - [2026-09-21 14:54:44,664] {dag.py:2280} INFO - Setting next_dagrun for tutorial_etl_dag to None
[2026-09-21 14:54:44,678] {scheduler_job.py:190} INFO - Processing /home/airflow/.local/lib/python3.6/site-packages/airflow/example_dags/tutorial_etl_dag.py took 0.089 seconds
[2026-09-21 14:55:15,728] {scheduler_job.py:182} INFO - Started process (PID=142) to work on /home/airflow/.local/lib/python3.6/site-packages/airflow/example_dags/tutorial_etl_dag.py
[2026-09-21 14:55:15,730] {scheduler_job.py:629} INFO - Processing file /home/airflow/.local/lib/python3.6/site-packages/airflow/example_dags/tutorial_etl_dag.py for tasks to queue
[2026-09-21 14:55:15,731] {logging_mixin.py:104} INFO - [2026-09-21 14:55:15,731] {dagbag.py:451} INFO - Filling up the DagBag from /home/airflow/.local/lib/python3.6/site-packages/airflow/example_dags/tutorial_etl_dag.py
[2026-09-21 14:55:15,749] {scheduler_job.py:639} INFO - DAG(s) dict_keys(['tutorial_etl_dag']) retrieved from /home/airflow/.local/lib/python3.6/site-packages/airflow/example_dags/tutorial_etl_dag.py
[2026-09-21 14:55:15,778] {logging_mixin.py:104} INFO - [2026-09-21 14:55:15,778] {dag.py:1824} INFO - Sync 1 DAGs
[2026-09-21 14:55:15,800] {logging_mixin.py:104} INFO - [2026-09-21 14:55:15,800] {dag.py:2280} INFO - Setting next_dagrun for tutorial_etl_dag to None
[2026-09-21 14:55:15,816] {scheduler_job.py:190} INFO - Processing /home/airflow/.local/lib/python3.6/site-packages/airflow/example_dags/tutorial_etl_dag.py took 0.091 seconds
[2026-09-21 14:55:46,394] {scheduler_job.py:182} INFO - Started process (PID=169) to work on /home/airflow/.local/lib/python3.6/site-packages/airflow/example_dags/tutorial_etl_dag.py
[2026-09-21 14:55:46,395] {scheduler_job.py:629} INFO - Processing file /home/airflow/.local/lib/python3.6/site-packages/airflow/example_dags/tutorial_etl_dag.py for tasks to queue
[2026-09-21 14:55:46,396] {logging_mixin.py:104} INFO - [2026-09-21 14:55:46,395] {dagbag.py:451} INFO - Filling up the DagBag from /home/airflow/.local/lib/python3.6/site-packages/airflow/example_dags/tutorial_etl_dag.py
[2026-09-21 14:55:46,412] {scheduler_job.py:639} INFO - DAG(s) dict_keys(['tutorial_etl_dag']) retrieved from /home/airflow/.local/lib/python3.6/site-packages/airflow/example_dags/tutorial_etl_dag.py
[2026-09-21 14:55:46,440] {logging_mixin.py:104} INFO - [2026-09-21 14:55:46,440] {dag.py:1824} INFO - Sync 1 DAGs
[2026-09-21 14:55:46,460] {logging_mixin.py:104} INFO - [2026-09-21 14:55:46,460] {dag.py:2280} INFO - Setting next_dagrun for tutorial_etl_dag to None
[2026-09-21 14:55:46,472] {scheduler_job.py:190} INFO - Processing /home/airflow/.local/lib/python3.6/site-packages/airflow/example_dags/tutorial_etl_dag.py took 0.083 seconds
[2026-09-21 14:56:16,984] {scheduler_job.py:182} INFO - Started process (PID=196) to work on /home/airflow/.local/lib/python3.6/site-packages/airflow/example_dags/tutorial_etl_dag.py
[2026-09-21 14:56:16,986] {scheduler_job.py:629} INFO - Processing file /home/airflow/.local/lib/python3.6/site-packages/airflow/example_dags/tutorial_etl_dag.py for tasks to queue
[2026-09-21 14:56:16,986] {logging_mixin.py:104} INFO - [2026-09-21 14:56:16,986] {dagbag.py:451} INFO - Filling up the DagBag from /home/airflow/.local/lib/python3.6/site-packages/airflow/example_dags/tutorial_etl_dag.py
[2026-09-21 14:56:17,006] {scheduler_job.py:639} INFO - DAG(s) dict_keys(['tutorial_etl_dag']) retrieved from /home/airflow/.local/lib/python3.6/site-packages/airflow/example_dags/tutorial_etl_dag.py
[2026-09-21 14:56:17,038] {logging_mixin.py:104} INFO - [2026-09-21 14:56:17,038] {dag.py:1824} INFO - Sync 1 DAGs
[2026-09-21 14:56:17,070] {logging_mixin.py:104} INFO - [2026-09-21 14:56:17,069] {dag.py:2280} INFO - Setting next_dagrun for tutorial_etl_dag to None
[2026-09-21 14:56:17,092] {scheduler_job.py:190} INFO - Processing /home/airflow/.local/lib/python3.6/site-packages/airflow/example_dags/tutorial_etl_dag.py took 0.112 seconds
[2026-09-21 14:56:47,953] {scheduler_job.py:182} INFO - Started process (PID=223) to work on /home/airflow/.local/lib/python3.6/site-packages/airflow/example_dags/tutorial_etl_dag.py
[2026-09-21 14:56:47,954] {scheduler_job.py:629} INFO - Processing file /home/airflow/.local/lib/python3.6/site-packages/airflow/example_dags/tutorial_etl_dag.py for tasks to queue
[2026-09-21 14:56:47,955] {logging_mixin.py:104} INFO - [2026-09-21 14:56:47,955] {dagbag.py:451} INFO - Filling up the DagBag from /home/airflow/.local/lib/python3.6/site-packages/airflow/example_dags/tutorial_etl_dag.py
[2026-09-21 14:56:47,973] {scheduler_job.py:639} INFO - DAG(s) dict_keys(['tutorial_etl_dag']) retrieved from /home/airflow/.local/lib/python3.6/site-packages/airflow/example_dags/tutorial_etl_dag.py
[2026-09-21 14:56:47,998] {logging_mixin.py:104} INFO - [2026-09-21 14:56:47,998] {dag.py:1824} INFO - Sync 1 DAGs
[2026-09-21 14:56:48,017] {logging_mixin.py:104} INFO - [2026-09-21 14:56:48,017] {dag.py:2280} INFO - Setting next_dagrun for tutorial_etl_dag to None
[2026-09-21 14:56:48,032] {scheduler_job.py:190} INFO - Processing /home/airflow/.local/lib/python3.6/site-packages/airflow/example_dags/tutorial_etl_dag.py took 0.084 seconds
[2026-09-21 14:57:18,697] {scheduler_job.py:182} INFO - Started process (PID=250) to work on /home/airflow/.local/lib/python3.6/site-packages/airflow/example_dags/tutorial_etl_dag.py
[2026-09-21 14:57:18,699] {scheduler_job.py:629} INFO - Processing file /home/airflow/.local/lib/python3.6/site-packages/airflow/example_dags/tutorial_etl_dag.py for tasks to queue
[2026-09-21 14:57:18,700] {logging_mixin.py:104} INFO - [2026-09-21 14:57:18,700] {dagbag.py:451} INFO - Filling up the DagBag from /home/airflow/.local/lib/python3.6/site-packages/airflow/example_dags/tutorial_etl_dag.py
[2026-09-21 14:57:18,718] {scheduler_job.py:639} INFO - DAG(s) dict_keys(['tutorial_etl_dag']) retrieved from /home/airflow/.local/lib/python3.6/site-packages/airflow/example_dags/tutorial_etl_dag.py
[2026-09-21 14:57:18,746] {logging_mixin.py:104} INFO - [2026-09-21 14:57:18,745] {dag.py:1824} INFO - Sync 1 DAGs
[2026-09-21 14:57:18,769] {logging_mixin.py:104} INFO - [2026-09-21 14:57:18,769] {dag.py:2280} INFO - Setting next_dagrun for tutorial_etl_dag to None
[2026-09-21 14:57:18,788] {scheduler_job.py:190} INFO - Processing /home/airflow/.local/lib/python3.6/site-packages/airflow/example_dags/tutorial_etl_dag.py took 0.096 seconds
[2026-09-21 14:57:48,930] {scheduler_job.py:182} INFO - Started process (PID=277) to work on /home/airflow/.local/lib/python3.6/site-packages/airflow/example_dags/tutorial_etl_dag.py
[2026-09-21 14:57:48,932] {scheduler_job.py:629} INFO - Processing file /home/airflow/.local/lib/python3.6/site-packages/airflow/example_dags/tutorial_etl_dag.py for tasks to queue
[2026-09-21 14:57:48,934] {logging_mixin.py:104} INFO - [2026-09-21 14:57:48,934] {dagbag.py:451} INFO - Filling up the DagBag from /home/airflow/.local/lib/python3.6/site-packages/airflow/example_dags/tutorial_etl_dag.py
[2026-09-21 14:57:48,960] {scheduler_job.py:639} INFO - DAG(s) dict_keys(['tutorial_etl_dag']) retrieved from /home/airflow/.local/lib/python3.6/site-packages/airflow/example_dags/tutorial_etl_dag.py
[2026-09-21 14:57:48,991] {logging_mixin.py:104} INFO - [2026-09-21 14:57:48,991] {dag.py:1824} INFO - Sync 1 DAGs
[2026-09-21 14:57:49,022] {logging_mixin.py:104} INFO - [2026-09-21 14:57:49,022] {dag.py:2280} INFO - Setting next_dagrun for tutorial_etl_dag to None
[2026-09-21 14:57:49,050] {scheduler_job.py:190} INFO - Processing /home/airflow/.local/lib/python3.6/site-packages/airflow/example_dags/tutorial_etl_dag.py took 0.127 seconds
[2026-09-21 14:58:19,354] {scheduler_job.py:182} INFO - Started process (PID=304) to work on /home/airflow/.local/lib/python3.6/site-packages/airflow/example_dags/tutorial_etl_dag.py
[2026-09-21 14:58:19,355] {scheduler_job.py:629} INFO - Processing file /home/airflow/.local/lib/python3.6/site-packages/airflow/example_dags/tutorial_etl_dag.py for tasks to queue
[2026-09-21 14:58:19,356] {logging_mixin.py:104} INFO - [2026-09-21 14:58:19,356] {dagbag.py:451} INFO - Filling up the DagBag from /home/airflow/.local/lib/python3.6/site-packages/airflow/example_dags/tutorial_etl_dag.py
[2026-09-21 14:58:19,373] {scheduler_job.py:639} INFO - DAG(s) dict_keys(['tutorial_etl_dag']) retrieved from /home/airflow/.local/lib/python3.6/site-packages/airflow/example_dags/tutorial_etl_dag.py
[2026-09-21 14:58:19,398] {logging_mixin.py:104} INFO - [2026-09-21 14:58:19,397] {dag.py:1824} INFO - Sync 1 DAGs
[2026-09-21 14:58:19,417] {logging_mixin.py:104} INFO - [2026-09-21 14:58:19,417] {dag.py:2280} INFO - Setting next_dagrun for tutorial_etl_dag to None
[2026-09-21 14:58:19,433] {scheduler_job.py:190} INFO - Processing /home/airflow/.local/lib/python3.6/site-packages/airflow/example_dags/tutorial_etl_dag.py took 0.083 seconds
[2026-09-21 14:58:49,516] {scheduler_job.py:182} INFO - Started process (PID=331) to work on /home/airflow/.local/lib/python3.6/site-packages/airflow/example_dags/tutorial_etl_dag.py
[2026-09-21 14:58:49,518] {scheduler_job.py:629} INFO - Processing file /home/airflow/.local/lib/python3.6/site-packages/airflow/example_dags/tutorial_etl_dag.py for tasks to queue
[2026-09-21 14:58:49,518] {logging_mixin.py:104} INFO - [2026-09-21 14:58:49,518] {dagbag.py:451} INFO - Filling up the DagBag from /home/airflow/.local/lib/python3.6/site-packages/airflow/example_dags/tutorial_etl_dag.py
[2026-09-21 14:58:49,536] {scheduler_job.py:639} INFO - DAG(s) dict_keys(['tutorial_etl_dag']) retrieved from /home/airflow/.local/lib/python3.6/site-packages/airflow/example_dags/tutorial_etl_dag.py
[2026-09-21 14:58:49,565] {logging_mixin.py:104} INFO - [2026-09-21 14:58:49,565] {dag.py:1824} INFO - Sync 1 DAGs
[2026-09-21 14:58:49,585] {logging_mixin.py:104} INFO - [2026-09-21 14:58:49,585] {dag.py:2280} INFO - Setting next_dagrun for tutorial_etl_dag to None
[2026-09-21 14:58:49,598] {scheduler_job.py:190} INFO - Processing /home/airflow/.local/lib/python3.6/site-packages/airflow/example_dags/tutorial_etl_dag.py took 0.087 seconds
[2026-09-21 14:59:19,754] {scheduler_job.py:182} INFO - Started process (PID=358) to work on /home/airflow/.local/lib/python3.6/site-packages/airflow/example_dags/tutorial_etl_dag.py
[2026-09-21 14:59:19,756] {scheduler_job.py:629} INFO - Processing file /home/airflow/.local/lib/python3.6/site-packages/airflow/example_dags/tutorial_etl_dag.py for tasks to queue
[2026-09-21 14:59:19,756] {logging_mixin.py:104} INFO - [2026-09-21 14:59:19,756] {dagbag.py:451} INFO - Filling up the DagBag from /home/airflow/.local/lib/python3.6/site-packages/airflow/example_dags/tutorial_etl_dag.py
[2026-09-21 14:59:19,775] {scheduler_job.py:639} INFO - DAG(s) dict_keys(['tutorial_etl_dag']) retrieved from /home/airflow/.local/lib/python3.6/site-packages/airflow/example_dags/tutorial_etl_dag.py
[2026-09-21 14:59:19,808] {logging_mixin.py:104} INFO - [2026-09-21 14:59:19,807] {dag.py:1824} INFO - Sync 1 DAGs
[2026-09-21 14:59:19,833] {logging_mixin.py:104} INFO - [2026-09-21 14:59:19,833] {dag.py:2280} INFO - Setting next_dagrun for tutorial_etl_dag to None
[2026-09-21 14:59:19,853] {scheduler_job.py:190} INFO - Processing /home/airflow/.local/lib/python3.6/site-packages/airflow/example_dags/tutorial_etl_dag.py took 0.104 seconds
[2026-09-21 14:59:50,665] {scheduler_job.py:182} INFO - Started process (PID=385) to work on /home/airflow/.local/lib/python3.6/site-packages/airflow/example_dags/tutorial_etl_dag.py
[2026-09-21 14:59:50,666] {scheduler_job.py:629} INFO - Processing file /home/airflow/.local/lib/python3.6/site-packages/airflow/example_dags/tutorial_etl_dag.py for tasks to queue
[2026-09-21 14:59:50,667] {logging_mixin.py:104} INFO - [2026-09-21 14:59:50,667] {dagbag.py:451} INFO - Filling up the DagBag from /home/airflow/.local/lib/python3.6/site-packages/airflow/example_dags/tutorial_etl_dag.py
[2026-09-21 14:59:50,684] {scheduler_job.py:639} INFO - DAG(s) dict_keys(['tutorial_etl_dag']) retrieved from /home/airflow/.local/lib/python3.6/site-packages/airflow/example_dags/tutorial_etl_dag.py
[2026-09-21 14:59:50,711] {logging_mixin.py:104} INFO - [2026-09-21 14:59:50,710] {dag.py:1824} INFO - Sync 1 DAGs
[2026-09-21 14:59:50,733] {logging_mixin.py:104} INFO - [2026-09-21 14:59:50,733] {dag.py:2280} INFO - Setting next_dagrun for tutorial_etl_dag to None
[2026-09-21 14:59:50,755] {scheduler_job.py:190} INFO - Processing /home/airflow/.local/lib/python3.6/site-packages/airflow/example_dags/tutorial_etl_dag.py took 0.095 seconds
[2026-09-21 15:00:20,859] {scheduler_job.py:182} INFO - Started process (PID=412) to work on /home/airflow/.local/lib/python3.6/site-packages/airflow/example_dags/tutorial_etl_dag.py
[2026-09-21 15:00:20,861] {scheduler_job.py:629} INFO - Processing file /home/airflow/.local/lib/python3.6/site-packages/airflow/example_dags/tutorial_etl_dag.py for tasks to queue
[2026-09-21 15:00:20,862] {logging_mixin.py:104} INFO - [2026-09-21 15:00:20,862] {dagbag.py:451} INFO - Filling up the DagBag from /home/airflow/.local/lib/python3.6/site-packages/airflow/example_dags/tutorial_etl_dag.py
[2026-09-21 15:00:20,880] {scheduler_job.py:639} INFO - DAG(s) dict_keys(['tutorial_etl_dag']) retrieved from /home/airflow/.local/lib/python3.6/site-packages/airflow/example_dags/tutorial_etl_dag.py
[2026-09-21 15:00:20,913] {logging_mixin.py:104} INFO - [2026-09-21 15:00:20,913] {dag.py:1824} INFO - Sync 1 DAGs
[2026-09-21 15:00:20,943] {logging_mixin.py:104} INFO - [2026-09-21 15:00:20,942] {dag.py:2280} INFO - Setting next_dagrun for tutorial_etl_dag to None
[2026-09-21 15:00:20,966] {scheduler_job.py:190} INFO - Processing /home/airflow/.local/lib/python3.6/site-packages/airflow/example_dags/tutorial_etl_dag.py took 0.112 seconds
[2026-09-21 15:00:51,119] {scheduler_job.py:182} INFO - Started process (PID=439) to work on /home/airflow/.local/lib/python3.6/site-packages/airflow/example_dags/tutorial_etl_dag.py
[2026-09-21 15:00:51,120] {scheduler_job.py:629} INFO - Processing file /home/airflow/.local/lib/python3.6/site-packages/airflow/example_dags/tutorial_etl_dag.py for tasks to queue
[2026-09-21 15:00:51,121] {logging_mixin.py:104} INFO - [2026-09-21 15:00:51,121] {dagbag.py:451} INFO - Filling up the DagBag from /home/airflow/.local/lib/python3.6/site-packages/airflow/example_dags/tutorial_etl_dag.py
[2026-09-21 15:00:51,137] {scheduler_job.py:639} INFO - DAG(s) dict_keys(['tutorial_etl_dag']) retrieved from /home/airflow/.local/lib/python3.6/site-packages/airflow/example_dags/tutorial_etl_dag.py
[2026-09-21 15:00:51,163] {logging_mixin.py:104} INFO - [2026-09-21 15:00:51,163] {dag.py:1824} INFO - Sync 1 DAGs
[2026-09-21 15:00:51,182] {logging_mixin.py:104} INFO - [2026-09-21 15:00:51,182] {dag.py:2280} INFO - Setting next_dagrun for tutorial_etl_dag to None
[2026-09-21 15:00:51,199] {scheduler_job.py:190} INFO - Processing /home/airflow/.local/lib/python3.6/site-packages/airflow/example_dags/tutorial_etl_dag.py took 0.084 seconds
[2026-09-21 15:01:21,539] {scheduler_job.py:182} INFO - Started process (PID=466) to work on /home/airflow/.local/lib/python3.6/site-packages/airflow/example_dags/tutorial_etl_dag.py
[2026-09-21 15:01:21,541] {scheduler_job.py:629} INFO - Processing file /home/airflow/.local/lib/python3.6/site-packages/airflow/example_dags/tutorial_etl_dag.py for tasks to queue
[2026-09-21 15:01:21,541] {logging_mixin.py:104} INFO - [2026-09-21 15:01:21,541] {dagbag.py:451} INFO - Filling up the DagBag from /home/airflow/.local/lib/python3.6/site-packages/airflow/example_dags/tutorial_etl_dag.py
[2026-09-21 15:01:21,559] {scheduler_job.py:639} INFO - DAG(s) dict_keys(['tutorial_etl_dag']) retrieved from /home/airflow/.local/lib/python3.6/site-packages/airflow/example_dags/tutorial_etl_dag.py
[2026-09-21 15:01:21,585] {logging_mixin.py:104} INFO - [2026-09-21 15:01:21,585] {dag.py:1824} INFO - Sync 1 DAGs
[2026-09-21 15:01:21,606] {logging_mixin.py:104} INFO - [2026-09-21 15:01:21,606] {dag.py:2280} INFO - Setting next_dagrun for tutorial_etl_dag to None
[2026-09-21 15:01:21,624] {scheduler_job.py:190} INFO - Processing /home/airflow/.local/lib/python3.6/site-packages/airflow/example_dags/tutorial_etl_dag.py took 0.088 seconds
[2026-09-21 15:01:52,014] {scheduler_job.py:182} INFO - Started process (PID=493) to work on /home/airflow/.local/lib/python3.6/site-packages/airflow/example_dags/tutorial_etl_dag.py
[2026-09-21 15:01:52,016] {scheduler_job.py:629} INFO - Processing file /home/airflow/.local/lib/python3.6/site-packages/airflow/example_dags/tutorial_etl_dag.py for tasks to queue
[2026-09-21 15:01:52,018] {logging_mixin.py:104} INFO - [2026-09-21 15:01:52,018] {dagbag.py:451} INFO - Filling up the DagBag from /home/airflow/.local/lib/python3.6/site-packages/airflow/example_dags/tutorial_etl_dag.py
[2026-09-21 15:01:52,039] {scheduler_job.py:639} INFO - DAG(s) dict_keys(['tutorial_etl_dag']) retrieved from /home/airflow/.local/lib/python3.6/site-packages/airflow/example_dags/tutorial_etl_dag.py
[2026-09-21 15:01:52,075] {logging_mixin.py:104} INFO - [2026-09-21 15:01:52,074] {dag.py:1824} INFO - Sync 1 DAGs
[2026-09-21 15:01:52,102] {logging_mixin.py:104} INFO - [2026-09-21 15:01:52,102] {dag.py:2280} INFO - Setting next_dagrun for tutorial_etl_dag to None
[2026-09-21 15:01:52,121] {scheduler_job.py:190} INFO - Processing /home/airflow/.local/lib/python3.6/site-packages/airflow/example_dags/tutorial_etl_dag.py took 0.112 seconds
[2026-09-21 15:02:22,534] {scheduler_job.py:182} INFO - Started process (PID=520) to work on /home/airflow/.local/lib/python3.6/site-packages/airflow/example_dags/tutorial_etl_dag.py
[2026-09-21 15:02:22,536] {scheduler_job.py:629} INFO - Processing file /home/airflow/.local/lib/python3.6/site-packages/airflow/example_dags/tutorial_etl_dag.py for tasks to queue
[2026-09-21 15:02:22,538] {logging_mixin.py:104} INFO - [2026-09-21 15:02:22,538] {dagbag.py:451} INFO - Filling up the DagBag from /home/airflow/.local/lib/python3.6/site-packages/airflow/example_dags/tutorial_etl_dag.py
[2026-09-21 15:02:22,567] {scheduler_job.py:639} INFO - DAG(s) dict_keys(['tutorial_etl_dag']) retrieved from /home/airflow/.local/lib/python3.6/site-packages/airflow/example_dags/tutorial_etl_dag.py
[2026-09-21 15:02:22,619] {logging_mixin.py:104} INFO - [2026-09-21 15:02:22,619] {dag.py:1824} INFO - Sync 1 DAGs
[2026-09-21 15:02:22,657] {logging_mixin.py:104} INFO - [2026-09-21 15:02:22,657] {dag.py:2280} INFO - Setting next_dagrun for tutorial_etl_dag to None
[2026-09-21 15:02:22,682] {scheduler_job.py:190} INFO - Processing /home/airflow/.local/lib/python3.6/site-packages/airflow/example_dags/tutorial_etl_dag.py took 0.154 seconds
[2026-09-21 15:02:53,628] {scheduler_job.py:182} INFO - Started process (PID=547) to work on /home/airflow/.local/lib/python3.6/site-packages/airflow/example_dags/tutorial_etl_dag.py
[2026-09-21 15:02:53,630] {scheduler_job.py:629} INFO - Processing file /home/airflow/.local/lib/python3.6/site-packages/airflow/example_dags/tutorial_etl_dag.py for tasks to queue
[2026-09-21 15:02:53,631] {logging_mixin.py:104} INFO - [2026-09-21 15:02:53,631] {dagbag.py:451} INFO - Filling up the DagBag from /home/airflow/.local/lib/python3.6/site-packages/airflow/example_dags/tutorial_etl_dag.py
[2026-09-21 15:02:53,647] {scheduler_job.py:639} INFO - DAG(s) dict_keys(['tutorial_etl_dag']) retrieved from /home/airflow/.local/lib/python3.6/site-packages/airflow/example_dags/tutorial_etl_dag.py
[2026-09-21 15:02:53,674] {logging_mixin.py:104} INFO - [2026-09-21 15:02:53,674] {dag.py:1824} INFO - Sync 1 DAGs
[2026-09-21 15:02:53,698] {logging_mixin.py:104} INFO - [2026-09-21 15:02:53,698] {dag.py:2280} INFO - Setting next_dagrun for tutorial_etl_dag to None
[2026-09-21 15:02:53,720] {scheduler_job.py:190} INFO - Processing /home/airflow/.local/lib/python3.6/site-packages/airflow/example_dags/tutorial_etl_dag.py took 0.096 seconds
[2026-09-21 15:03:23,857] {scheduler_job.py:182} INFO - Started process (PID=574) to work on /home/airflow/.local/lib/python3.6/site-packages/airflow/example_dags/tutorial_etl_dag.py
[2026-09-21 15:03:23,858] {scheduler_job.py:629} INFO - Processing file /home/airflow/.local/lib/python3.6/site-packages/airflow/example_dags/tutorial_etl_dag.py for tasks to queue
[2026-09-21 15:03:23,859] {logging_mixin.py:104} INFO - [2026-09-21 15:03:23,859] {dagbag.py:451} INFO - Filling up the DagBag from /home/airflow/.local/lib/python3.6/site-packages/airflow/example_dags/tutorial_etl_dag.py
[2026-09-21 15:03:23,876] {scheduler_job.py:639} INFO - DAG(s) dict_keys(['tutorial_etl_dag']) retrieved from /home/airflow/.local/lib/python3.6/site-packages/airflow/example_dags/tutorial_etl_dag.py
[2026-09-21 15:03:23,904] {logging_mixin.py:104} INFO - [2026-09-21 15:03:23,904] {dag.py:1824} INFO - Sync 1 DAGs
[2026-09-21 15:03:23,930] {logging_mixin.py:104} INFO - [2026-09-21 15:03:23,930] {dag.py:2280} INFO - Setting next_dagrun for tutorial_etl_dag to None
[2026-09-21 15:03:23,956] {scheduler_job.py:190} INFO - Processing /home/airflow/.local/lib/python3.6/site-packages/airflow/example_dags/tutorial_etl_dag.py took 0.104 seconds
[2026-09-21 15:03:54,909] {scheduler_job.py:182} INFO - Started process (PID=601) to work on /home/airflow/.local/lib/python3.6/site-packages/airflow/example_dags/tutorial_etl_dag.py
[2026-09-21 15:03:54,911] {scheduler_job.py:629} INFO - Processing file /home/airflow/.local/lib/python3.6/site-packages/airflow/example_dags/tutorial_etl_dag.py for tasks to queue
[2026-09-21 15:03:54,912] {logging_mixin.py:104} INFO - [2026-09-21 15:03:54,911] {dagbag.py:451} INFO - Filling up the DagBag from /home/airflow/.local/lib/python3.6/site-packages/airflow/example_dags/tutorial_etl_dag.py
[2026-09-21 15:03:54,934] {scheduler_job.py:639} INFO - DAG(s) dict_keys(['tutorial_etl_dag']) retrieved from /home/airflow/.local/lib/python3.6/site-packages/airflow/example_dags/tutorial_etl_dag.py
[2026-09-21 15:03:54,967] {logging_mixin.py:104} INFO - [2026-09-21 15:03:54,966] {dag.py:1824} INFO - Sync 1 DAGs
[2026-09-21 15:03:54,989] {logging_mixin.py:104} INFO - [2026-09-21 15:03:54,989] {dag.py:2280} INFO - Setting next_dagrun for tutorial_etl_dag to None
[2026-09-21 15:03:55,011] {scheduler_job.py:190} INFO - Processing /home/airflow/.local/lib/python3.6/site-packages/airflow/example_dags/tutorial_etl_dag.py took 0.107 seconds
[2026-09-21 15:04:25,408] {scheduler_job.py:182} INFO - Started process (PID=628) to work on /home/airflow/.local/lib/python3.6/site-packages/airflow/example_dags/tutorial_etl_dag.py
[2026-09-21 15:04:25,410] {scheduler_job.py:629} INFO - Processing file /home/airflow/.local/lib/python3.6/site-packages/airflow/example_dags/tutorial_etl_dag.py for tasks to queue
[2026-09-21 15:04:25,411] {logging_mixin.py:104} INFO - [2026-09-21 15:04:25,411] {dagbag.py:451} INFO - Filling up the DagBag from /home/airflow/.local/lib/python3.6/site-packages/airflow/example_dags/tutorial_etl_dag.py
[2026-09-21 15:04:25,432] {scheduler_job.py:639} INFO - DAG(s) dict_keys(['tutorial_etl_dag']) retrieved from /home/airflow/.local/lib/python3.6/site-packages/airflow/example_dags/tutorial_etl_dag.py
[2026-09-21 15:04:25,463] {logging_mixin.py:104} INFO - [2026-09-21 15:04:25,463] {dag.py:1824} INFO - Sync 1 DAGs
[2026-09-21 15:04:25,490] {logging_mixin.py:104} INFO - [2026-09-21 15:04:25,490] {dag.py:2280} INFO - Setting next_dagrun for tutorial_etl_dag to None
[2026-09-21 15:04:25,509] {scheduler_job.py:190} INFO - Processing /home/airflow/.local/lib/python3.6/site-packages/airflow/example_dags/tutorial_etl_dag.py took 0.106 seconds
[2026-09-21 15:04:55,962] {scheduler_job.py:182} INFO - Started process (PID=655) to work on /home/airflow/.local/lib/python3.6/site-packages/airflow/example_dags/tutorial_etl_dag.py
[2026-09-21 15:04:55,964] {scheduler_job.py:629} INFO - Processing file /home/airflow/.local/lib/python3.6/site-packages/airflow/example_dags/tutorial_etl_dag.py for tasks to queue
[2026-09-21 15:04:55,964] {logging_mixin.py:104} INFO - [2026-09-21 15:04:55,964] {dagbag.py:451} INFO - Filling up the DagBag from /home/airflow/.local/lib/python3.6/site-packages/airflow/example_dags/tutorial_etl_dag.py
[2026-09-21 15:04:55,981] {scheduler_job.py:639} INFO - DAG(s) dict_keys(['tutorial_etl_dag']) retrieved from /home/airflow/.local/lib/python3.6/site-packages/airflow/example_dags/tutorial_etl_dag.py
[2026-09-21 15:04:56,007] {logging_mixin.py:104} INFO - [2026-09-21 15:04:56,006] {dag.py:1824} INFO - Sync 1 DAGs
[2026-09-21 15:04:56,028] {logging_mixin.py:104} INFO - [2026-09-21 15:04:56,028] {dag.py:2280} INFO - Setting next_dagrun for tutorial_etl_dag to None
[2026-09-21 15:04:56,043] {scheduler_job.py:190} INFO - Processing /home/airflow/.local/lib/python3.6/site-packages/airflow/example_dags/tutorial_etl_dag.py took 0.085 seconds
[2026-09-21 15:05:26,166] {scheduler_job.py:182} INFO - Started process (PID=682) to work on /home/airflow/.local/lib/python3.6/site-packages/airflow/example_dags/tutorial_etl_dag.py
[2026-09-21 15:05:26,167] {scheduler_job.py:629} INFO - Processing file /home/airflow/.local/lib/python3.6/site-packages/airflow/example_dags/tutorial_etl_dag.py for tasks to queue
[2026-09-21 15:05:26,168] {logging_mixin.py:104} INFO - [2026-09-21 15:05:26,168] {dagbag.py:451} INFO - Filling up the DagBag from /home/airflow/.local/lib/python3.6/site-packages/airflow/example_dags/tutorial_etl_dag.py
[2026-09-21 15:05:26,187] {scheduler_job.py:639} INFO - DAG(s) dict_keys(['tutorial_etl_dag']) retrieved from /home/airflow/.local/lib/python3.6/site-packages/airflow/example_dags/tutorial_etl_dag.py
[2026-09-21 15:05:26,219] {logging_mixin.py:104} INFO - [2026-09-21 15:05:26,219] {dag.py:1824} INFO - Sync 1 DAGs
[2026-09-21 15:05:26,243] {logging_mixin.py:104} INFO - [2026-09-21 15:05:26,243] {dag.py:2280} INFO - Setting next_dagrun for tutorial_etl_dag to None
[2026-09-21 15:05:26,264] {scheduler_job.py:190} INFO - Processing /home/airflow/.local/lib/python3.6/site-packages/airflow/example_dags/tutorial_etl_dag.py took 0.103 seconds
[2026-09-21 15:05:56,390] {scheduler_job.py:182} INFO - Started process (PID=709) to work on /home/airflow/.local/lib/python3.6/site-packages/airflow/example_dags/tutorial_etl_dag.py
[2026-09-21 15:05:56,391] {scheduler_job.py:629} INFO - Processing file /home/airflow/.local/lib/python3.6/site-packages/airflow/example_dags/tutorial_etl_dag.py for tasks to queue
[2026-09-21 15:05:56,392] {logging_mixin.py:104} INFO - [2026-09-21 15:05:56,392] {dagbag.py:451} INFO - Filling up the DagBag from /home/airflow/.local/lib/python3.6/site-packages/airflow/example_dags/tutorial_etl_dag.py
[2026-09-21 15:05:56,408] {scheduler_job.py:639} INFO - DAG(s) dict_keys(['tutorial_etl_dag']) retrieved from /home/airflow/.local/lib/python3.6/site-packages/airflow/example_dags/tutorial_etl_dag.py
[2026-09-21 15:05:56,441] {logging_mixin.py:104} INFO - [2026-09-21 15:05:56,441] {dag.py:1824} INFO - Sync 1 DAGs
[2026-09-21 15:05:56,464] {logging_mixin.py:104} INFO - [2026-09-21 15:05:56,463] {dag.py:2280} INFO - Setting next_dagrun for tutorial_etl_dag to None
[2026-09-21 15:05:56,483] {scheduler_job.py:190} INFO - Processing /home/airflow/.local/lib/python3.6/site-packages/airflow/example_dags/tutorial_etl_dag.py took 0.097 seconds
[2026-09-21 15:06:26,550] {scheduler_job.py:182} INFO - Started process (PID=736) to work on /home/airflow/.local/lib/python3.6/site-packages/airflow/example_dags/tutorial_etl_dag.py
[2026-09-21 15:06:26,552] {scheduler_job.py:629} INFO - Processing file /home/airflow/.local/lib/python3.6/site-packages/airflow/example_dags/tutorial_etl_dag.py for tasks to queue
[2026-09-21 15:06:26,553] {logging_mixin.py:104} INFO - [2026-09-21 15:06:26,553] {dagbag.py:451} INFO - Filling up the DagBag from /home/airflow/.local/lib/python3.6/site-packages/airflow/example_dags/tutorial_etl_dag.py
[2026-09-21 15:06:26,577] {scheduler_job.py:639} INFO - DAG(s) dict_keys(['tutorial_etl_dag']) retrieved from /home/airflow/.local/lib/python3.6/site-packages/airflow/example_dags/tutorial_etl_dag.py
[2026-09-21 15:06:26,615] {logging_mixin.py:104} INFO - [2026-09-21 15:06:26,615] {dag.py:1824} INFO - Sync 1 DAGs
[2026-09-21 15:06:26,647] {logging_mixin.py:104} INFO - [2026-09-21 15:06:26,647] {dag.py:2280} INFO - Setting next_dagrun for tutorial_etl_dag to None
[2026-09-21 15:06:26,668] {scheduler_job.py:190} INFO - Processing /home/airflow/.local/lib/python3.6/site-packages/airflow/example_dags/tutorial_etl_dag.py took 0.130 seconds
[2026-09-21 15:06:56,952] {scheduler_job.py:182} INFO - Started process (PID=763) to work on /home/airflow/.local/lib/python3.6/site-packages/airflow/example_dags/tutorial_etl_dag.py
[2026-09-21 15:06:56,953] {scheduler_job.py:629} INFO - Processing file /home/airflow/.local/lib/python3.6/site-packages/airflow/example_dags/tutorial_etl_dag.py for tasks to queue
[2026-09-21 15:06:56,953] {logging_mixin.py:104} INFO - [2026-09-21 15:06:56,953] {dagbag.py:451} INFO - Filling up the DagBag from /home/airflow/.local/lib/python3.6/site-packages/airflow/example_dags/tutorial_etl_dag.py
[2026-09-21 15:06:56,973] {scheduler_job.py:639} INFO - DAG(s) dict_keys(['tutorial_etl_dag']) retrieved from /home/airflow/.local/lib/python3.6/site-packages/airflow/example_dags/tutorial_etl_dag.py
[2026-09-21 15:06:56,999] {logging_mixin.py:104} INFO - [2026-09-21 15:06:56,999] {dag.py:1824} INFO - Sync 1 DAGs
[2026-09-21 15:06:57,020] {logging_mixin.py:104} INFO - [2026-09-21 15:06:57,020] {dag.py:2280} INFO - Setting next_dagrun for tutorial_etl_dag to None
[2026-09-21 15:06:57,032] {scheduler_job.py:190} INFO - Processing /home/airflow/.local/lib/python3.6/site-packages/airflow/example_dags/tutorial_etl_dag.py took 0.085 seconds
[2026-09-21 15:07:27,218] {scheduler_job.py:182} INFO - Started process (PID=790) to work on /home/airflow/.local/lib/python3.6/site-packages/airflow/example_dags/tutorial_etl_dag.py
[2026-09-21 15:07:27,221] {scheduler_job.py:629} INFO - Processing file /home/airflow/.local/lib/python3.6/site-packages/airflow/example_dags/tutorial_etl_dag.py for tasks to queue
[2026-09-21 15:07:27,223] {logging_mixin.py:104} INFO - [2026-09-21 15:07:27,223] {dagbag.py:451} INFO - Filling up the DagBag from /home/airflow/.local/lib/python3.6/site-packages/airflow/example_dags/tutorial_etl_dag.py
[2026-09-21 15:07:27,246] {scheduler_job.py:639} INFO - DAG(s) dict_keys(['tutorial_etl_dag']) retrieved from /home/airflow/.local/lib/python3.6/site-packages/airflow/example_dags/tutorial_etl_dag.py
[2026-09-21 15:07:27,286] {logging_mixin.py:104} INFO - [2026-09-21 15:07:27,286] {dag.py:1824} INFO - Sync 1 DAGs
[2026-09-21 15:07:27,319] {logging_mixin.py:104} INFO - [2026-09-21 15:07:27,319] {dag.py:2280} INFO - Setting next_dagrun for tutorial_etl_dag to None
[2026-09-21 15:07:27,345] {scheduler_job.py:190} INFO - Processing /home/airflow/.local/lib/python3.6/site-packages/airflow/example_dags/tutorial_etl_dag.py took 0.132 seconds
[2026-09-21 15:07:57,888] {scheduler_job.py:182} INFO - Started process (PID=817) to work on /home/airflow/.local/lib/python3.6/site-packages/airflow/example_dags/tutorial_etl_dag.py
[2026-09-21 15:07:57,890] {scheduler_job.py:629} INFO - Processing file /home/airflow/.local/lib/python3.6/site-packages/airflow/example_dags/tutorial_etl_dag.py for tasks to queue
[2026-09-21 15:07:57,891] {logging_mixin.py:104} INFO - [2026-09-21 15:07:57,891] {dagbag.py:451} INFO - Filling up the DagBag from /home/airflow/.local/lib/python3.6/site-packages/airflow/example_dags/tutorial_etl_dag.py
[2026-09-21 15:07:57,914] {scheduler_job.py:639} INFO - DAG(s) dict_keys(['tutorial_etl_dag']) retrieved from /home/airflow/.local/lib/python3.6/site-packages/airflow/example_dags/tutorial_etl_dag.py
[2026-09-21 15:07:57,958] {logging_mixin.py:104} INFO - [2026-09-21 15:07:57,958] {dag.py:1824} INFO - Sync 1 DAGs
[2026-09-21 15:07:57,988] {logging_mixin.py:104} INFO - [2026-09-21 15:07:57,987] {dag.py:2280} INFO - Setting next_dagrun for tutorial_etl_dag to None
[2026-09-21 15:07:58,015] {scheduler_job.py:190} INFO - Processing /home/airflow/.local/lib/python3.6/site-packages/airflow/example_dags/tutorial_etl_dag.py took 0.132 seconds
[2026-09-21 15:08:28,115] {scheduler_job.py:182} INFO - Started process (PID=844) to work on /home/airflow/.local/lib/python3.6/site-packages/airflow/example_dags/tutorial_etl_dag.py
[2026-09-21 15:08:28,119] {scheduler_job.py:629} INFO - Processing file /home/airflow/.local/lib/python3.6/site-packages/airflow/example_dags/tutorial_etl_dag.py for tasks to queue
[2026-09-21 15:08:28,122] {logging_mixin.py:104} INFO - [2026-09-21 15:08:28,120] {dagbag.py:451} INFO - Filling up the DagBag from /home/airflow/.local/lib/python3.6/site-packages/airflow/example_dags/tutorial_etl_dag.py
[2026-09-21 15:08:28,185] {scheduler_job.py:639} INFO - DAG(s) dict_keys(['tutorial_etl_dag']) retrieved from /home/airflow/.local/lib/python3.6/site-packages/airflow/example_dags/tutorial_etl_dag.py
[2026-09-21 15:08:28,277] {logging_mixin.py:104} INFO - [2026-09-21 15:08:28,276] {dag.py:1824} INFO - Sync 1 DAGs
[2026-09-21 15:08:28,317] {logging_mixin.py:104} INFO - [2026-09-21 15:08:28,317] {dag.py:2280} INFO - Setting next_dagrun for tutorial_etl_dag to None
[2026-09-21 15:08:28,363] {scheduler_job.py:190} INFO - Processing /home/airflow/.local/lib/python3.6/site-packages/airflow/example_dags/tutorial_etl_dag.py took 0.264 seconds
[2026-09-21 15:08:58,539] {scheduler_job.py:182} INFO - Started process (PID=871) to work on /home/airflow/.local/lib/python3.6/site-packages/airflow/example_dags/tutorial_etl_dag.py
[2026-09-21 15:08:58,543] {scheduler_job.py:629} INFO - Processing file /home/airflow/.local/lib/python3.6/site-packages/airflow/example_dags/tutorial_etl_dag.py for tasks to queue
[2026-09-21 15:08:58,544] {logging_mixin.py:104} INFO - [2026-09-21 15:08:58,544] {dagbag.py:451} INFO - Filling up the DagBag from /home/airflow/.local/lib/python3.6/site-packages/airflow/example_dags/tutorial_etl_dag.py
[2026-09-21 15:08:58,591] {scheduler_job.py:639} INFO - DAG(s) dict_keys(['tutorial_etl_dag']) retrieved from /home/airflow/.local/lib/python3.6/site-packages/airflow/example_dags/tutorial_etl_dag.py
[2026-09-21 15:08:58,632] {logging_mixin.py:104} INFO - [2026-09-21 15:08:58,632] {dag.py:1824} INFO - Sync 1 DAGs
[2026-09-21 15:08:58,663] {logging_mixin.py:104} INFO - [2026-09-21 15:08:58,663] {dag.py:2280} INFO - Setting next_dagrun for tutorial_etl_dag to None
[2026-09-21 15:08:58,687] {scheduler_job.py:190} INFO - Processing /home/airflow/.local/lib/python3.6/site-packages/airflow/example_dags/tutorial_etl_dag.py took 0.159 seconds
[2026-09-21 15:09:28,890] {scheduler_job.py:182} INFO - Started process (PID=898) to work on /home/airflow/.local/lib/python3.6/site-packages/airflow/example_dags/tutorial_etl_dag.py
[2026-09-21 15:09:28,893] {scheduler_job.py:629} INFO - Processing file /home/airflow/.local/lib/python3.6/site-packages/airflow/example_dags/tutorial_etl_dag.py for tasks to queue
[2026-09-21 15:09:28,895] {logging_mixin.py:104} INFO - [2026-09-21 15:09:28,894] {dagbag.py:451} INFO - Filling up the DagBag from /home/airflow/.local/lib/python3.6/site-packages/airflow/example_dags/tutorial_etl_dag.py
[2026-09-21 15:09:28,924] {scheduler_job.py:639} INFO - DAG(s) dict_keys(['tutorial_etl_dag']) retrieved from /home/airflow/.local/lib/python3.6/site-packages/airflow/example_dags/tutorial_etl_dag.py
[2026-09-21 15:09:28,969] {logging_mixin.py:104} INFO - [2026-09-21 15:09:28,969] {dag.py:1824} INFO - Sync 1 DAGs
[2026-09-21 15:09:29,008] {logging_mixin.py:104} INFO - [2026-09-21 15:09:29,008] {dag.py:2280} INFO - Setting next_dagrun for tutorial_etl_dag to None
[2026-09-21 15:09:29,039] {scheduler_job.py:190} INFO - Processing /home/airflow/.local/lib/python3.6/site-packages/airflow/example_dags/tutorial_etl_dag.py took 0.156 seconds
[2026-09-21 15:09:59,442] {scheduler_job.py:182} INFO - Started process (PID=925) to work on /home/airflow/.local/lib/python3.6/site-packages/airflow/example_dags/tutorial_etl_dag.py
[2026-09-21 15:09:59,444] {scheduler_job.py:629} INFO - Processing file /home/airflow/.local/lib/python3.6/site-packages/airflow/example_dags/tutorial_etl_dag.py for tasks to queue
[2026-09-21 15:09:59,445] {logging_mixin.py:104} INFO - [2026-09-21 15:09:59,445] {dagbag.py:451} INFO - Filling up the DagBag from /home/airflow/.local/lib/python3.6/site-packages/airflow/example_dags/tutorial_etl_dag.py
[2026-09-21 15:09:59,470] {scheduler_job.py:639} INFO - DAG(s) dict_keys(['tutorial_etl_dag']) retrieved from /home/airflow/.local/lib/python3.6/site-packages/airflow/example_dags/tutorial_etl_dag.py
[2026-09-21 15:09:59,508] {logging_mixin.py:104} INFO - [2026-09-21 15:09:59,507] {dag.py:1824} INFO - Sync 1 DAGs
[2026-09-21 15:09:59,539] {logging_mixin.py:104} INFO - [2026-09-21 15:09:59,539] {dag.py:2280} INFO - Setting next_dagrun for tutorial_etl_dag to None
[2026-09-21 15:09:59,563] {scheduler_job.py:190} INFO - Processing /home/airflow/.local/lib/python3.6/site-packages/airflow/example_dags/tutorial_etl_dag.py took 0.126 seconds
[2026-09-21 15:10:29,678] {scheduler_job.py:182} INFO - Started process (PID=952) to work on /home/airflow/.local/lib/python3.6/site-packages/airflow/example_dags/tutorial_etl_dag.py
[2026-09-21 15:10:29,680] {scheduler_job.py:629} INFO - Processing file /home/airflow/.local/lib/python3.6/site-packages/airflow/example_dags/tutorial_etl_dag.py for tasks to queue
[2026-09-21 15:10:29,681] {logging_mixin.py:104} INFO - [2026-09-21 15:10:29,681] {dagbag.py:451} INFO - Filling up the DagBag from /home/airflow/.local/lib/python3.6/site-packages/airflow/example_dags/tutorial_etl_dag.py
[2026-09-21 15:10:29,708] {scheduler_job.py:639} INFO - DAG(s) dict_keys(['tutorial_etl_dag']) retrieved from /home/airflow/.local/lib/python3.6/site-packages/airflow/example_dags/tutorial_etl_dag.py
[2026-09-21 15:10:29,749] {logging_mixin.py:104} INFO - [2026-09-21 15:10:29,749] {dag.py:1824} INFO - Sync 1 DAGs
[2026-09-21 15:10:29,780] {logging_mixin.py:104} INFO - [2026-09-21 15:10:29,780] {dag.py:2280} INFO - Setting next_dagrun for tutorial_etl_dag to None
[2026-09-21 15:10:29,807] {scheduler_job.py:190} INFO - Processing /home/airflow/.local/lib/python3.6/site-packages/airflow/example_dags/tutorial_etl_dag.py took 0.135 seconds
